GPU available: True (cuda), used: True
TPU available: False, using: 0 TPU cores
HPU available: False, using: 0 HPUs
/scratch/ddr8143/repos/dr_exp/.venv/lib/python3.12/site-packages/lightning/pytorch/trainer/connectors/logger_connector/logger_connector.py:76: Starting from v1.9.0, `tensorboardX` has been removed as a dependency of the `lightning.pytorch` package, due to potential conflicts with other packages in the ML ecosystem. For this reason, `logger=True` will use `CSVLogger` as the default logger, unless the `tensorboard` or `tensorboardX` packages are found. Please `pip install lightning[extra]` or one of them to enable TensorBoard support by default
LOCAL_RANK: 0 - CUDA_VISIBLE_DEVICES: [0]

  | Name      | Type             | Params | Mode 
-------------------------------------------------------
0 | model     | CifarResNet18    | 11.2 M | train
1 | criterion | CrossEntropyLoss | 0      | train
-------------------------------------------------------
11.2 M    Trainable params
0         Non-trainable params
11.2 M    Total params
44.696    Total estimated model params size (MB)
70        Modules in train mode
0         Modules in eval mode
SLURM auto-requeueing enabled. Setting signal handlers.
[SyncHandler] Failed to initialize Supabase: Supabase URL and key must be provided or set in environment
[SyncHandler] Sync disabled - files will remain in queue
[slurm61982157_gr043_gpu0_0] Sync disabled - Supabase not available
Sync: enabled (Supabase not available - queue only)
Starting worker slurm61982157_gr043_gpu0_0
Experiment: cluster_t0 at /scratch/ddr8143/logs/dcnn_workers
------------------------------------------------------------
[slurm61982157_gr043_gpu0_0] Worker started
[slurm61982157_gr043_gpu0_0] Sync thread started
[slurm61982157_gr043_gpu0_0] Heartbeat thread started
[slurm61982157_gr043_gpu0_0] No jobs available
[slurm61982157_gr043_gpu0_0] Claimed job 449d2721-d58f-4c5a-86d8-63287d7335cf (priority=200)
[slurm61982157_gr043_gpu0_0] Executing job 449d2721-d58f-4c5a-86d8-63287d7335cf with _target_=dr_exp.trainers.decon_trainer.train_classification
[slurm61982157_gr043_gpu0_0] Sync pending: 210 items
[slurm61982157_gr043_gpu0_0] Sync pending: 210 items
Epoch 0 | val_loss: 2.30377, val_acc: 0.09766
/scratch/ddr8143/repos/dr_exp/.venv/lib/python3.12/site-packages/torch/optim/lr_scheduler.py:198: UserWarning: The epoch parameter in `scheduler.step()` was not necessary and is being deprecated where possible. Please use `scheduler.step()` to step the scheduler. During the deprecation, if epoch is different from None, the closed form is used instead of the new chainable form, where available. Please open an issue if you are unable to replicate your use case: https://github.com/pytorch/pytorch/issues/new/choose.
  warnings.warn(EPOCH_DEPRECATION_WARNING, UserWarning)
`Trainer.fit` stopped: `max_epochs=50` reached.
GPU available: True (cuda), used: True
TPU available: False, using: 0 TPU cores
HPU available: False, using: 0 HPUs
LOCAL_RANK: 0 - CUDA_VISIBLE_DEVICES: [0]

  | Name      | Type             | Params | Mode 
-------------------------------------------------------
0 | model     | CifarResNet18    | 11.2 M | train
1 | criterion | CrossEntropyLoss | 0      | train
-------------------------------------------------------
11.2 M    Trainable params
0         Non-trainable params
11.2 M    Total params
44.696    Total estimated model params size (MB)
70        Modules in train mode
0         Modules in eval mode
SLURM auto-requeueing enabled. Setting signal handlers.
Epoch 0 | val_loss: 2.32140, val_acc: 0.10060
[slurm61982157_gr043_gpu0_0] Sync pending: 210 items
Epoch 1 | val_loss: 1.99677, val_acc: 0.26360, train_loss: 2.32160, train_acc: 0.10062
[slurm61982157_gr043_gpu0_0] Sync pending: 210 items
Epoch 2 | val_loss: 1.81625, val_acc: 0.38280, train_loss: 2.25770, train_acc: 0.14993
Epoch 3 | val_loss: 1.70938, val_acc: 0.42360, train_loss: 2.17401, train_acc: 0.20247
[slurm61982157_gr043_gpu0_0] Sync pending: 210 items
Epoch 4 | val_loss: 1.56102, val_acc: 0.48240, train_loss: 2.11752, train_acc: 0.24469
Epoch 5 | val_loss: 1.43299, val_acc: 0.56340, train_loss: 2.09129, train_acc: 0.26067
[slurm61982157_gr043_gpu0_0] Sync pending: 210 items
Epoch 6 | val_loss: 1.36838, val_acc: 0.53820, train_loss: 2.04691, train_acc: 0.30040
[slurm61982157_gr043_gpu0_0] Sync pending: 210 items
Epoch 7 | val_loss: 1.20952, val_acc: 0.59960, train_loss: 2.00336, train_acc: 0.31969
Epoch 8 | val_loss: 1.13452, val_acc: 0.63760, train_loss: 1.97377, train_acc: 0.33318
[slurm61982157_gr043_gpu0_0] Sync pending: 210 items
Epoch 9 | val_loss: 1.05768, val_acc: 0.70080, train_loss: 1.93746, train_acc: 0.35789
Epoch 10 | val_loss: 1.08776, val_acc: 0.68460, train_loss: 1.91578, train_acc: 0.38580
[slurm61982157_gr043_gpu0_0] Sync pending: 210 items
Epoch 11 | val_loss: 1.03870, val_acc: 0.70080, train_loss: 1.89182, train_acc: 0.39138
Epoch 12 | val_loss: 0.99328, val_acc: 0.73240, train_loss: 1.87199, train_acc: 0.38920
[slurm61982157_gr043_gpu0_0] Sync pending: 214 items
Epoch 13 | val_loss: 0.98146, val_acc: 0.73660, train_loss: 1.86978, train_acc: 0.42120
[slurm61982157_gr043_gpu0_0] Sync pending: 214 items
Epoch 14 | val_loss: 1.04203, val_acc: 0.70100, train_loss: 1.81511, train_acc: 0.43833
Epoch 15 | val_loss: 0.92230, val_acc: 0.76000, train_loss: 1.82997, train_acc: 0.43018
[slurm61982157_gr043_gpu0_0] Sync pending: 218 items
Epoch 16 | val_loss: 0.92555, val_acc: 0.76160, train_loss: 1.81630, train_acc: 0.44247
Epoch 17 | val_loss: 0.96300, val_acc: 0.73300, train_loss: 1.80324, train_acc: 0.44380
[slurm61982157_gr043_gpu0_0] Sync pending: 218 items
Epoch 18 | val_loss: 0.94626, val_acc: 0.74620, train_loss: 1.79983, train_acc: 0.44536
[slurm61982157_gr043_gpu0_0] Sync pending: 222 items
Epoch 19 | val_loss: 0.89395, val_acc: 0.77840, train_loss: 1.76989, train_acc: 0.45953
Epoch 20 | val_loss: 0.86772, val_acc: 0.77520, train_loss: 1.78658, train_acc: 0.44669
[slurm61982157_gr043_gpu0_0] Sync pending: 222 items
Epoch 21 | val_loss: 0.88205, val_acc: 0.79340, train_loss: 1.74597, train_acc: 0.44002
Epoch 22 | val_loss: 0.86673, val_acc: 0.78300, train_loss: 1.75624, train_acc: 0.46213
[slurm61982157_gr043_gpu0_0] Sync pending: 222 items
Epoch 23 | val_loss: 0.87374, val_acc: 0.79220, train_loss: 1.74921, train_acc: 0.47658
[slurm61982157_gr043_gpu0_0] Sync pending: 222 items
Epoch 24 | val_loss: 0.82318, val_acc: 0.81060, train_loss: 1.75749, train_acc: 0.47831
Epoch 25 | val_loss: 0.86326, val_acc: 0.79900, train_loss: 1.74732, train_acc: 0.46762
[slurm61982157_gr043_gpu0_0] Sync pending: 222 items
Epoch 26 | val_loss: 0.84749, val_acc: 0.79320, train_loss: 1.73583, train_acc: 0.47876
Epoch 27 | val_loss: 0.81108, val_acc: 0.80360, train_loss: 1.73234, train_acc: 0.47580
[slurm61982157_gr043_gpu0_0] Sync pending: 222 items
Epoch 28 | val_loss: 0.79293, val_acc: 0.82640, train_loss: 1.72885, train_acc: 0.48253
[slurm61982157_gr043_gpu0_0] Sync pending: 222 items
Epoch 29 | val_loss: 0.84037, val_acc: 0.81140, train_loss: 1.70930, train_acc: 0.48044
Epoch 30 | val_loss: 0.78981, val_acc: 0.82460, train_loss: 1.73224, train_acc: 0.49240
[slurm61982157_gr043_gpu0_0] Sync pending: 222 items
Epoch 31 | val_loss: 0.74817, val_acc: 0.83020, train_loss: 1.72895, train_acc: 0.48960
Epoch 32 | val_loss: 0.78391, val_acc: 0.82400, train_loss: 1.68740, train_acc: 0.47922
[slurm61982157_gr043_gpu0_0] Sync pending: 222 items
Epoch 33 | val_loss: 0.74184, val_acc: 0.83300, train_loss: 1.70707, train_acc: 0.48978
[slurm61982157_gr043_gpu0_0] Sync pending: 222 items
Epoch 34 | val_loss: 0.74584, val_acc: 0.83200, train_loss: 1.68941, train_acc: 0.51893
Epoch 35 | val_loss: 0.76967, val_acc: 0.83880, train_loss: 1.68983, train_acc: 0.47980
[slurm61982157_gr043_gpu0_0] Sync pending: 222 items
Epoch 36 | val_loss: 0.73165, val_acc: 0.84420, train_loss: 1.69190, train_acc: 0.50027
Epoch 37 | val_loss: 0.74761, val_acc: 0.84340, train_loss: 1.70573, train_acc: 0.47989
[slurm61982157_gr043_gpu0_0] Sync pending: 222 items
Epoch 38 | val_loss: 0.77326, val_acc: 0.84580, train_loss: 1.68088, train_acc: 0.50978
[slurm61982157_gr043_gpu0_0] Sync pending: 222 items
Epoch 39 | val_loss: 0.72828, val_acc: 0.84200, train_loss: 1.68372, train_acc: 0.50191
Epoch 40 | val_loss: 0.75729, val_acc: 0.84880, train_loss: 1.67868, train_acc: 0.49713
[slurm61982157_gr043_gpu0_0] Sync pending: 222 items
Epoch 41 | val_loss: 0.75666, val_acc: 0.84480, train_loss: 1.66587, train_acc: 0.51604
Epoch 42 | val_loss: 0.75723, val_acc: 0.84500, train_loss: 1.69805, train_acc: 0.50142
[slurm61982157_gr043_gpu0_0] Sync pending: 222 items
Epoch 43 | val_loss: 0.74326, val_acc: 0.84640, train_loss: 1.67648, train_acc: 0.49038
[slurm61982157_gr043_gpu0_0] Sync pending: 222 items
Epoch 44 | val_loss: 0.75200, val_acc: 0.84540, train_loss: 1.68449, train_acc: 0.52400
Epoch 45 | val_loss: 0.70218, val_acc: 0.84940, train_loss: 1.66282, train_acc: 0.50664
[slurm61982157_gr043_gpu0_0] Sync pending: 223 items
Epoch 46 | val_loss: 0.73963, val_acc: 0.84840, train_loss: 1.64294, train_acc: 0.54282
Epoch 47 | val_loss: 0.72735, val_acc: 0.85000, train_loss: 1.66838, train_acc: 0.49080
[slurm61982157_gr043_gpu0_0] Sync pending: 223 items
Epoch 48 | val_loss: 0.75109, val_acc: 0.84780, train_loss: 1.66503, train_acc: 0.51056
[slurm61982157_gr043_gpu0_0] Sync pending: 227 items
Epoch 49 | val_loss: 0.74019, val_acc: 0.85220, train_loss: 1.67671, train_acc: 0.52744
[slurm61982157_gr043_gpu0_0] Job 449d2721-d58f-4c5a-86d8-63287d7335cf completed successfully
[slurm61982157_gr043_gpu0_0] Claimed job 68d62e03-9d69-4008-9089-9c494ab9b89d (priority=240)
[slurm61982157_gr043_gpu0_0] Executing job 68d62e03-9d69-4008-9089-9c494ab9b89d with _target_=dr_exp.trainers.decon_trainer.train_classification
Epoch 0 | val_loss: 2.31047, val_acc: 0.11719
`Trainer.fit` stopped: `max_epochs=50` reached.
GPU available: True (cuda), used: True
TPU available: False, using: 0 TPU cores
HPU available: False, using: 0 HPUs
LOCAL_RANK: 0 - CUDA_VISIBLE_DEVICES: [0]

  | Name      | Type             | Params | Mode 
-------------------------------------------------------
0 | model     | CifarAlexNet     | 2.4 M  | train
1 | criterion | CrossEntropyLoss | 0      | train
-------------------------------------------------------
2.4 M     Trainable params
0         Non-trainable params
2.4 M     Total params
9.775     Total estimated model params size (MB)
24        Modules in train mode
0         Modules in eval mode
SLURM auto-requeueing enabled. Setting signal handlers.
Epoch 0 | val_loss: 2.30589, val_acc: 0.10600
[slurm61982157_gr043_gpu0_0] Sync pending: 231 items
Epoch 1 | val_loss: 1.63813, val_acc: 0.38300, train_loss: 2.31221, train_acc: 0.10291
Epoch 2 | val_loss: 1.38609, val_acc: 0.49120, train_loss: 1.88746, train_acc: 0.29358
[slurm61982157_gr043_gpu0_0] Sync pending: 231 items
Epoch 3 | val_loss: 1.10402, val_acc: 0.59980, train_loss: 1.48861, train_acc: 0.44616
Epoch 4 | val_loss: 1.20361, val_acc: 0.58380, train_loss: 1.23305, train_acc: 0.55551
[slurm61982157_gr043_gpu0_0] Sync pending: 235 items
Epoch 5 | val_loss: 0.90645, val_acc: 0.68980, train_loss: 1.04169, train_acc: 0.62802
Epoch 6 | val_loss: 0.76820, val_acc: 0.73680, train_loss: 0.88423, train_acc: 0.68653
[slurm61982157_gr043_gpu0_0] Sync pending: 235 items
Epoch 7 | val_loss: 0.70539, val_acc: 0.76320, train_loss: 0.75210, train_acc: 0.73671
[slurm61982157_gr043_gpu0_0] Sync pending: 239 items
Epoch 8 | val_loss: 0.74031, val_acc: 0.74660, train_loss: 0.66008, train_acc: 0.76858
Epoch 9 | val_loss: 0.55296, val_acc: 0.81420, train_loss: 0.58609, train_acc: 0.79653
[slurm61982157_gr043_gpu0_0] Sync pending: 239 items
Epoch 10 | val_loss: 0.60933, val_acc: 0.78800, train_loss: 0.53134, train_acc: 0.81582
Epoch 11 | val_loss: 0.56292, val_acc: 0.80800, train_loss: 0.48339, train_acc: 0.83053
[slurm61982157_gr043_gpu0_0] Sync pending: 239 items
Epoch 12 | val_loss: 0.50446, val_acc: 0.83040, train_loss: 0.44701, train_acc: 0.84276
Epoch 13 | val_loss: 0.55897, val_acc: 0.81580, train_loss: 0.40861, train_acc: 0.85731
[slurm61982157_gr043_gpu0_0] Sync pending: 239 items
Epoch 14 | val_loss: 0.52057, val_acc: 0.83220, train_loss: 0.37765, train_acc: 0.86800
Epoch 15 | val_loss: 0.53075, val_acc: 0.82660, train_loss: 0.34934, train_acc: 0.87751
[slurm61982157_gr043_gpu0_0] Sync pending: 243 items
Epoch 16 | val_loss: 0.49762, val_acc: 0.83900, train_loss: 0.32424, train_acc: 0.88631
Epoch 17 | val_loss: 0.47372, val_acc: 0.83800, train_loss: 0.30125, train_acc: 0.89411
[slurm61982157_gr043_gpu0_0] Sync pending: 243 items
Epoch 18 | val_loss: 0.45706, val_acc: 0.85240, train_loss: 0.27764, train_acc: 0.90342
[slurm61982157_gr043_gpu0_0] Sync pending: 243 items
Epoch 19 | val_loss: 0.47718, val_acc: 0.85280, train_loss: 0.25546, train_acc: 0.91191
Epoch 20 | val_loss: 0.50973, val_acc: 0.84460, train_loss: 0.24045, train_acc: 0.91638
[slurm61982157_gr043_gpu0_0] Sync pending: 243 items
Epoch 21 | val_loss: 0.44176, val_acc: 0.86180, train_loss: 0.21704, train_acc: 0.92431
Epoch 22 | val_loss: 0.42482, val_acc: 0.86760, train_loss: 0.19904, train_acc: 0.93200
[slurm61982157_gr043_gpu0_0] Sync pending: 243 items
Epoch 23 | val_loss: 0.45349, val_acc: 0.86280, train_loss: 0.18320, train_acc: 0.93658
Epoch 24 | val_loss: 0.46714, val_acc: 0.86700, train_loss: 0.16747, train_acc: 0.94098
[slurm61982157_gr043_gpu0_0] Sync pending: 247 items
Epoch 25 | val_loss: 0.45142, val_acc: 0.86860, train_loss: 0.15866, train_acc: 0.94536
Epoch 26 | val_loss: 0.49979, val_acc: 0.86100, train_loss: 0.13676, train_acc: 0.95267
[slurm61982157_gr043_gpu0_0] Sync pending: 247 items
Epoch 27 | val_loss: 0.46627, val_acc: 0.87340, train_loss: 0.12587, train_acc: 0.95613
Epoch 28 | val_loss: 0.45057, val_acc: 0.87220, train_loss: 0.11564, train_acc: 0.96053
[slurm61982157_gr043_gpu0_0] Sync pending: 247 items
Epoch 29 | val_loss: 0.43312, val_acc: 0.88080, train_loss: 0.10565, train_acc: 0.96396
[slurm61982157_gr043_gpu0_0] Sync pending: 247 items
Epoch 30 | val_loss: 0.43277, val_acc: 0.87920, train_loss: 0.09540, train_acc: 0.96713
Epoch 31 | val_loss: 0.43079, val_acc: 0.88280, train_loss: 0.08690, train_acc: 0.97071
[slurm61982157_gr043_gpu0_0] Sync pending: 247 items
Epoch 32 | val_loss: 0.42339, val_acc: 0.88300, train_loss: 0.07535, train_acc: 0.97471
Epoch 33 | val_loss: 0.44852, val_acc: 0.88100, train_loss: 0.07244, train_acc: 0.97573
[slurm61982157_gr043_gpu0_0] Sync pending: 247 items
Epoch 34 | val_loss: 0.44331, val_acc: 0.88300, train_loss: 0.06442, train_acc: 0.97889
Epoch 35 | val_loss: 0.42892, val_acc: 0.88500, train_loss: 0.05985, train_acc: 0.98082
[slurm61982157_gr043_gpu0_0] Sync pending: 247 items
Epoch 36 | val_loss: 0.42445, val_acc: 0.89000, train_loss: 0.05468, train_acc: 0.98240
Epoch 37 | val_loss: 0.44255, val_acc: 0.88500, train_loss: 0.04973, train_acc: 0.98402
[slurm61982157_gr043_gpu0_0] Sync pending: 247 items
Epoch 38 | val_loss: 0.42876, val_acc: 0.88760, train_loss: 0.04551, train_acc: 0.98569
Epoch 39 | val_loss: 0.42997, val_acc: 0.88800, train_loss: 0.04391, train_acc: 0.98587
[slurm61982157_gr043_gpu0_0] Sync pending: 247 items
Epoch 40 | val_loss: 0.42018, val_acc: 0.88960, train_loss: 0.03925, train_acc: 0.98744
Epoch 41 | val_loss: 0.42845, val_acc: 0.88700, train_loss: 0.03682, train_acc: 0.98869
[slurm61982157_gr043_gpu0_0] Sync pending: 255 items
Epoch 42 | val_loss: 0.43046, val_acc: 0.88660, train_loss: 0.03643, train_acc: 0.98918
[slurm61982157_gr043_gpu0_0] Sync pending: 268 items
Epoch 43 | val_loss: 0.42600, val_acc: 0.88900, train_loss: 0.03300, train_acc: 0.99020
Epoch 44 | val_loss: 0.42117, val_acc: 0.88660, train_loss: 0.03307, train_acc: 0.99058
[slurm61982157_gr043_gpu0_0] Sync pending: 280 items
Epoch 45 | val_loss: 0.41632, val_acc: 0.88860, train_loss: 0.02988, train_acc: 0.99187
Epoch 46 | val_loss: 0.42058, val_acc: 0.89000, train_loss: 0.03138, train_acc: 0.99069
[slurm61982157_gr043_gpu0_0] Sync pending: 280 items
Epoch 47 | val_loss: 0.41602, val_acc: 0.88800, train_loss: 0.02967, train_acc: 0.99111
Epoch 48 | val_loss: 0.41766, val_acc: 0.88680, train_loss: 0.03109, train_acc: 0.99124
[slurm61982157_gr043_gpu0_0] Sync pending: 280 items
Epoch 49 | val_loss: 0.41595, val_acc: 0.88740, train_loss: 0.02943, train_acc: 0.99149
[slurm61982157_gr043_gpu0_0] Job 68d62e03-9d69-4008-9089-9c494ab9b89d completed successfully
[slurm61982157_gr043_gpu0_0] Claimed job 43c74720-236b-4132-9f31-bf264a07a56a (priority=220)
[slurm61982157_gr043_gpu0_0] Executing job 43c74720-236b-4132-9f31-bf264a07a56a with _target_=dr_exp.trainers.decon_trainer.train_classification
Epoch 0 | val_loss: 2.30249, val_acc: 0.10156
`Trainer.fit` stopped: `max_epochs=50` reached.
GPU available: True (cuda), used: True
TPU available: False, using: 0 TPU cores
HPU available: False, using: 0 HPUs
LOCAL_RANK: 0 - CUDA_VISIBLE_DEVICES: [0]

  | Name      | Type             | Params | Mode 
-------------------------------------------------------
0 | model     | CifarResNet18    | 11.2 M | train
1 | criterion | CrossEntropyLoss | 0      | train
-------------------------------------------------------
11.2 M    Trainable params
0         Non-trainable params
11.2 M    Total params
44.696    Total estimated model params size (MB)
70        Modules in train mode
0         Modules in eval mode
SLURM auto-requeueing enabled. Setting signal handlers.
Epoch 0 | val_loss: 2.30302, val_acc: 0.07320
[slurm61982157_gr043_gpu0_0] Sync pending: 288 items
Epoch 1 | val_loss: 1.26711, val_acc: 0.54100, train_loss: 2.30302, train_acc: 0.08089
Epoch 2 | val_loss: 1.10303, val_acc: 0.62160, train_loss: 1.63026, train_acc: 0.38642
[slurm61982157_gr043_gpu0_0] Sync pending: 288 items
Epoch 3 | val_loss: 0.88648, val_acc: 0.69080, train_loss: 1.20107, train_acc: 0.57069
Epoch 4 | val_loss: 0.84378, val_acc: 0.71280, train_loss: 1.01756, train_acc: 0.64647
[slurm61982157_gr043_gpu0_0] Sync pending: 288 items
Epoch 5 | val_loss: 0.78634, val_acc: 0.72980, train_loss: 0.89011, train_acc: 0.69238
Epoch 6 | val_loss: 0.78004, val_acc: 0.74040, train_loss: 0.81575, train_acc: 0.71840
[slurm61982157_gr043_gpu0_0] Sync pending: 292 items
Epoch 7 | val_loss: 0.74036, val_acc: 0.75260, train_loss: 0.73765, train_acc: 0.74616
Epoch 8 | val_loss: 0.75118, val_acc: 0.75260, train_loss: 0.68486, train_acc: 0.76656
[slurm61982157_gr043_gpu0_0] Sync pending: 292 items
Epoch 9 | val_loss: 0.68009, val_acc: 0.77520, train_loss: 0.63317, train_acc: 0.78424
Epoch 10 | val_loss: 0.63259, val_acc: 0.78000, train_loss: 0.61306, train_acc: 0.79149
[slurm61982157_gr043_gpu0_0] Sync pending: 300 items
Epoch 11 | val_loss: 0.81383, val_acc: 0.73220, train_loss: 0.59160, train_acc: 0.79847
Epoch 12 | val_loss: 0.70653, val_acc: 0.76800, train_loss: 0.56871, train_acc: 0.80660
[slurm61982157_gr043_gpu0_0] Sync pending: 300 items
Epoch 13 | val_loss: 0.67718, val_acc: 0.77900, train_loss: 0.54856, train_acc: 0.81164
Epoch 14 | val_loss: 0.74086, val_acc: 0.76200, train_loss: 0.53031, train_acc: 0.81558
[slurm61982157_gr043_gpu0_0] Sync pending: 300 items
Epoch 15 | val_loss: 0.58273, val_acc: 0.80780, train_loss: 0.52603, train_acc: 0.82127
Epoch 16 | val_loss: 0.71166, val_acc: 0.76580, train_loss: 0.50142, train_acc: 0.82827
[slurm61982157_gr043_gpu0_0] Sync pending: 300 items
Epoch 17 | val_loss: 0.61458, val_acc: 0.79680, train_loss: 0.48194, train_acc: 0.83462
Epoch 18 | val_loss: 0.57202, val_acc: 0.80880, train_loss: 0.46603, train_acc: 0.83973
[slurm61982157_gr043_gpu0_0] Sync pending: 300 items
Epoch 19 | val_loss: 0.57274, val_acc: 0.81020, train_loss: 0.45973, train_acc: 0.84207
Epoch 20 | val_loss: 0.60526, val_acc: 0.79500, train_loss: 0.43680, train_acc: 0.85096
[slurm61982157_gr043_gpu0_0] Sync pending: 300 items
Epoch 21 | val_loss: 0.59203, val_acc: 0.80800, train_loss: 0.42997, train_acc: 0.85262
Epoch 22 | val_loss: 0.53102, val_acc: 0.81960, train_loss: 0.40648, train_acc: 0.85851
[slurm61982157_gr043_gpu0_0] Sync pending: 300 items
Epoch 23 | val_loss: 0.51459, val_acc: 0.82360, train_loss: 0.39227, train_acc: 0.86473
Epoch 24 | val_loss: 0.56498, val_acc: 0.81840, train_loss: 0.37294, train_acc: 0.87149
[slurm61982157_gr043_gpu0_0] Sync pending: 304 items
Epoch 25 | val_loss: 0.56435, val_acc: 0.81200, train_loss: 0.36283, train_acc: 0.87531
Epoch 26 | val_loss: 0.54895, val_acc: 0.81820, train_loss: 0.34417, train_acc: 0.88096
[slurm61982157_gr043_gpu0_0] Sync pending: 304 items
Epoch 27 | val_loss: 0.50382, val_acc: 0.83020, train_loss: 0.33286, train_acc: 0.88484
Epoch 28 | val_loss: 0.50030, val_acc: 0.84420, train_loss: 0.30840, train_acc: 0.89213
[slurm61982157_gr043_gpu0_0] Sync pending: 304 items
Epoch 29 | val_loss: 0.51898, val_acc: 0.83380, train_loss: 0.29542, train_acc: 0.89718
Epoch 30 | val_loss: 0.51552, val_acc: 0.83740, train_loss: 0.27896, train_acc: 0.90424
[slurm61982157_gr043_gpu0_0] Sync pending: 304 items
Epoch 31 | val_loss: 0.43764, val_acc: 0.85960, train_loss: 0.25936, train_acc: 0.90978
Epoch 32 | val_loss: 0.48659, val_acc: 0.84980, train_loss: 0.24233, train_acc: 0.91429
[slurm61982157_gr043_gpu0_0] Sync pending: 304 items
Epoch 33 | val_loss: 0.41270, val_acc: 0.86480, train_loss: 0.21841, train_acc: 0.92476
Epoch 34 | val_loss: 0.48021, val_acc: 0.85900, train_loss: 0.19376, train_acc: 0.93484
[slurm61982157_gr043_gpu0_0] Sync pending: 304 items
Epoch 35 | val_loss: 0.42380, val_acc: 0.86440, train_loss: 0.17881, train_acc: 0.93829
Epoch 36 | val_loss: 0.46998, val_acc: 0.85960, train_loss: 0.16652, train_acc: 0.94269
[slurm61982157_gr043_gpu0_0] Sync pending: 304 items
Epoch 37 | val_loss: 0.47212, val_acc: 0.86660, train_loss: 0.14080, train_acc: 0.95256
Epoch 38 | val_loss: 0.40308, val_acc: 0.88160, train_loss: 0.12488, train_acc: 0.95678
[slurm61982157_gr043_gpu0_0] Sync pending: 312 items
Epoch 39 | val_loss: 0.40058, val_acc: 0.88020, train_loss: 0.10240, train_acc: 0.96598
Epoch 40 | val_loss: 0.39584, val_acc: 0.88800, train_loss: 0.08570, train_acc: 0.97167
[slurm61982157_gr043_gpu0_0] Sync pending: 316 items
Epoch 41 | val_loss: 0.41187, val_acc: 0.88340, train_loss: 0.07569, train_acc: 0.97447
Epoch 42 | val_loss: 0.38795, val_acc: 0.88980, train_loss: 0.05934, train_acc: 0.98084
[slurm61982157_gr043_gpu0_0] Sync pending: 328 items
Epoch 43 | val_loss: 0.38321, val_acc: 0.89200, train_loss: 0.04875, train_acc: 0.98444
Epoch 44 | val_loss: 0.37809, val_acc: 0.89800, train_loss: 0.04049, train_acc: 0.98744
[slurm61982157_gr043_gpu0_0] Sync pending: 332 items
Epoch 45 | val_loss: 0.37465, val_acc: 0.89760, train_loss: 0.03465, train_acc: 0.98933
Epoch 46 | val_loss: 0.38181, val_acc: 0.89760, train_loss: 0.02942, train_acc: 0.99156
[slurm61982157_gr043_gpu0_0] Sync pending: 332 items
Epoch 47 | val_loss: 0.37826, val_acc: 0.89860, train_loss: 0.02763, train_acc: 0.99173
Epoch 48 | val_loss: 0.37450, val_acc: 0.90020, train_loss: 0.02626, train_acc: 0.99244
Epoch 49 | val_loss: 0.37509, val_acc: 0.90040, train_loss: 0.02466, train_acc: 0.99360
[slurm61982157_gr043_gpu0_0] Sync pending: 336 items
[slurm61982157_gr043_gpu0_0] Job 43c74720-236b-4132-9f31-bf264a07a56a completed successfully
[slurm61982157_gr043_gpu0_0] Claimed job 33cb48c8-e712-4148-aafd-76730d93849a (priority=195)
[slurm61982157_gr043_gpu0_0] Executing job 33cb48c8-e712-4148-aafd-76730d93849a with _target_=dr_exp.trainers.decon_trainer.train_classification
Epoch 0 | val_loss: 2.37879, val_acc: 0.08984
`Trainer.fit` stopped: `max_epochs=50` reached.
GPU available: True (cuda), used: True
TPU available: False, using: 0 TPU cores
HPU available: False, using: 0 HPUs
LOCAL_RANK: 0 - CUDA_VISIBLE_DEVICES: [0]

  | Name      | Type             | Params | Mode 
-------------------------------------------------------
0 | model     | CifarResNet18    | 11.2 M | train
1 | criterion | CrossEntropyLoss | 0      | train
-------------------------------------------------------
11.2 M    Trainable params
0         Non-trainable params
11.2 M    Total params
44.696    Total estimated model params size (MB)
70        Modules in train mode
0         Modules in eval mode
SLURM auto-requeueing enabled. Setting signal handlers.
Epoch 0 | val_loss: 2.31579, val_acc: 0.09060
[slurm61982157_gr043_gpu0_0] Sync pending: 344 items
Epoch 1 | val_loss: 1.71381, val_acc: 0.39620, train_loss: 2.32064, train_acc: 0.10056
Epoch 2 | val_loss: 1.57081, val_acc: 0.46940, train_loss: 2.22362, train_acc: 0.18778
[slurm61982157_gr043_gpu0_0] Sync pending: 344 items
Epoch 3 | val_loss: 1.42424, val_acc: 0.52880, train_loss: 2.14848, train_acc: 0.23889
[slurm61982157_gr043_gpu0_0] Sync pending: 344 items
Epoch 4 | val_loss: 1.40753, val_acc: 0.54040, train_loss: 2.07293, train_acc: 0.29129
Epoch 5 | val_loss: 1.20864, val_acc: 0.64620, train_loss: 2.00064, train_acc: 0.33798
[slurm61982157_gr043_gpu0_0] Sync pending: 344 items
Epoch 6 | val_loss: 1.16690, val_acc: 0.66140, train_loss: 1.94161, train_acc: 0.37196
Epoch 7 | val_loss: 1.08823, val_acc: 0.67240, train_loss: 1.89112, train_acc: 0.40067
[slurm61982157_gr043_gpu0_0] Sync pending: 352 items
Epoch 8 | val_loss: 1.08574, val_acc: 0.68520, train_loss: 1.85840, train_acc: 0.41153
[slurm61982157_gr043_gpu0_0] Sync pending: 356 items
Epoch 9 | val_loss: 1.05418, val_acc: 0.72120, train_loss: 1.82254, train_acc: 0.42893
Epoch 10 | val_loss: 0.99699, val_acc: 0.74920, train_loss: 1.82233, train_acc: 0.41320
[slurm61982157_gr043_gpu0_0] Sync pending: 356 items
Epoch 11 | val_loss: 0.96306, val_acc: 0.76860, train_loss: 1.81697, train_acc: 0.45182
Epoch 12 | val_loss: 1.02449, val_acc: 0.73520, train_loss: 1.78258, train_acc: 0.44776
[slurm61982157_gr043_gpu0_0] Sync pending: 356 items
Epoch 13 | val_loss: 0.94810, val_acc: 0.74720, train_loss: 1.76904, train_acc: 0.47409
[slurm61982157_gr043_gpu0_0] Sync pending: 356 items
Epoch 14 | val_loss: 0.86875, val_acc: 0.78420, train_loss: 1.76617, train_acc: 0.45391
Epoch 15 | val_loss: 0.90307, val_acc: 0.77100, train_loss: 1.72905, train_acc: 0.45673
[slurm61982157_gr043_gpu0_0] Sync pending: 360 items
Epoch 16 | val_loss: 1.04293, val_acc: 0.75080, train_loss: 1.73827, train_acc: 0.50176
Epoch 17 | val_loss: 0.85940, val_acc: 0.81040, train_loss: 1.75192, train_acc: 0.48264
[slurm61982157_gr043_gpu0_0] Sync pending: 360 items
Epoch 18 | val_loss: 0.89207, val_acc: 0.78620, train_loss: 1.72225, train_acc: 0.49436
[slurm61982157_gr043_gpu0_0] Sync pending: 360 items
Epoch 19 | val_loss: 0.81865, val_acc: 0.81540, train_loss: 1.71137, train_acc: 0.48918
Epoch 20 | val_loss: 0.77293, val_acc: 0.83700, train_loss: 1.71430, train_acc: 0.49393
[slurm61982157_gr043_gpu0_0] Sync pending: 364 items
Epoch 21 | val_loss: 0.95343, val_acc: 0.76620, train_loss: 1.70289, train_acc: 0.48467
Epoch 22 | val_loss: 0.82447, val_acc: 0.82300, train_loss: 1.68841, train_acc: 0.51180
[slurm61982157_gr043_gpu0_0] Sync pending: 364 items
Epoch 23 | val_loss: 0.81706, val_acc: 0.80400, train_loss: 1.70741, train_acc: 0.49776
[slurm61982157_gr043_gpu0_0] Sync pending: 364 items
Epoch 24 | val_loss: 0.70725, val_acc: 0.84080, train_loss: 1.66570, train_acc: 0.48144
Epoch 25 | val_loss: 0.76770, val_acc: 0.85460, train_loss: 1.65842, train_acc: 0.52838
[slurm61982157_gr043_gpu0_0] Sync pending: 364 items
Epoch 26 | val_loss: 0.71354, val_acc: 0.85980, train_loss: 1.66299, train_acc: 0.49122
Epoch 27 | val_loss: 0.75609, val_acc: 0.83820, train_loss: 1.63923, train_acc: 0.51133
[slurm61982157_gr043_gpu0_0] Sync pending: 364 items
Epoch 28 | val_loss: 0.71989, val_acc: 0.86500, train_loss: 1.65061, train_acc: 0.49556
[slurm61982157_gr043_gpu0_0] Sync pending: 364 items
Epoch 29 | val_loss: 0.70370, val_acc: 0.85700, train_loss: 1.63914, train_acc: 0.51898
Epoch 30 | val_loss: 0.77987, val_acc: 0.84620, train_loss: 1.63546, train_acc: 0.53053
[slurm61982157_gr043_gpu0_0] Sync pending: 364 items
Epoch 31 | val_loss: 0.72392, val_acc: 0.86620, train_loss: 1.63090, train_acc: 0.52218
Epoch 32 | val_loss: 0.70580, val_acc: 0.87660, train_loss: 1.62853, train_acc: 0.50956
[slurm61982157_gr043_gpu0_0] Sync pending: 368 items
Epoch 33 | val_loss: 0.70778, val_acc: 0.88080, train_loss: 1.60080, train_acc: 0.53704
[slurm61982157_gr043_gpu0_0] Sync pending: 368 items
Epoch 34 | val_loss: 0.62345, val_acc: 0.89880, train_loss: 1.59319, train_acc: 0.56376
Epoch 35 | val_loss: 0.66479, val_acc: 0.87580, train_loss: 1.59856, train_acc: 0.55313
[slurm61982157_gr043_gpu0_0] Sync pending: 372 items
Epoch 36 | val_loss: 0.58388, val_acc: 0.88900, train_loss: 1.59038, train_acc: 0.55238
Epoch 37 | val_loss: 0.62732, val_acc: 0.89900, train_loss: 1.58296, train_acc: 0.52084
[slurm61982157_gr043_gpu0_0] Sync pending: 380 items
Epoch 38 | val_loss: 0.63411, val_acc: 0.89620, train_loss: 1.56712, train_acc: 0.55840
[slurm61982157_gr043_gpu0_0] Sync pending: 388 items
Epoch 39 | val_loss: 0.62105, val_acc: 0.90480, train_loss: 1.55936, train_acc: 0.53984
Epoch 40 | val_loss: 0.66320, val_acc: 0.91340, train_loss: 1.55787, train_acc: 0.55558
[slurm61982157_gr043_gpu0_0] Sync pending: 388 items
Epoch 41 | val_loss: 0.59410, val_acc: 0.91160, train_loss: 1.55447, train_acc: 0.56338
Epoch 42 | val_loss: 0.58156, val_acc: 0.91600, train_loss: 1.54480, train_acc: 0.55438
[slurm61982157_gr043_gpu0_0] Sync pending: 392 items
Epoch 43 | val_loss: 0.55695, val_acc: 0.91100, train_loss: 1.52205, train_acc: 0.59047
[slurm61982157_gr043_gpu0_0] Sync pending: 392 items
Epoch 44 | val_loss: 0.61024, val_acc: 0.91480, train_loss: 1.53029, train_acc: 0.56913
Epoch 45 | val_loss: 0.58695, val_acc: 0.91920, train_loss: 1.49312, train_acc: 0.54902
[slurm61982157_gr043_gpu0_0] Sync pending: 392 items
Epoch 46 | val_loss: 0.58046, val_acc: 0.92480, train_loss: 1.52163, train_acc: 0.56813
Epoch 47 | val_loss: 0.57637, val_acc: 0.92000, train_loss: 1.53726, train_acc: 0.56818
[slurm61982157_gr043_gpu0_0] Sync pending: 392 items
Epoch 48 | val_loss: 0.63491, val_acc: 0.91980, train_loss: 1.53374, train_acc: 0.55842
[slurm61982157_gr043_gpu0_0] Sync pending: 396 items
Epoch 49 | val_loss: 0.61478, val_acc: 0.92140, train_loss: 1.52265, train_acc: 0.57340
[slurm61982157_gr043_gpu0_0] Job 33cb48c8-e712-4148-aafd-76730d93849a completed successfully
[slurm61982157_gr043_gpu0_0] Claimed job cf48c98d-35b4-4be8-946a-0c17d159c7e1 (priority=185)
[slurm61982157_gr043_gpu0_0] Executing job cf48c98d-35b4-4be8-946a-0c17d159c7e1 with _target_=dr_exp.trainers.decon_trainer.train_classification
Epoch 0 | val_loss: 2.35487, val_acc: 0.11719
`Trainer.fit` stopped: `max_epochs=50` reached.
GPU available: True (cuda), used: True
TPU available: False, using: 0 TPU cores
HPU available: False, using: 0 HPUs
LOCAL_RANK: 0 - CUDA_VISIBLE_DEVICES: [0]

  | Name      | Type             | Params | Mode 
-------------------------------------------------------
0 | model     | CifarResNet18    | 11.2 M | train
1 | criterion | CrossEntropyLoss | 0      | train
-------------------------------------------------------
11.2 M    Trainable params
0         Non-trainable params
11.2 M    Total params
44.696    Total estimated model params size (MB)
70        Modules in train mode
0         Modules in eval mode
SLURM auto-requeueing enabled. Setting signal handlers.
Epoch 0 | val_loss: 2.34507, val_acc: 0.09480
[slurm61982157_gr043_gpu0_0] Sync pending: 400 items
Epoch 1 | val_loss: 1.69948, val_acc: 0.42760, train_loss: 2.32522, train_acc: 0.10060
Epoch 2 | val_loss: 1.44163, val_acc: 0.50260, train_loss: 2.15986, train_acc: 0.21813
[slurm61982157_gr043_gpu0_0] Sync pending: 404 items
Epoch 3 | val_loss: 1.28968, val_acc: 0.60560, train_loss: 2.05838, train_acc: 0.29371
Epoch 4 | val_loss: 1.29967, val_acc: 0.59980, train_loss: 1.96688, train_acc: 0.35162
[slurm61982157_gr043_gpu0_0] Sync pending: 404 items
Epoch 5 | val_loss: 1.26795, val_acc: 0.59520, train_loss: 1.89197, train_acc: 0.41358
[slurm61982157_gr043_gpu0_0] Sync pending: 404 items
Epoch 6 | val_loss: 1.11031, val_acc: 0.69880, train_loss: 1.84920, train_acc: 0.40693
Epoch 7 | val_loss: 1.13916, val_acc: 0.69220, train_loss: 1.81637, train_acc: 0.43489
[slurm61982157_gr043_gpu0_0] Sync pending: 412 items
Epoch 8 | val_loss: 1.04427, val_acc: 0.72920, train_loss: 1.77743, train_acc: 0.44784
Epoch 9 | val_loss: 1.05995, val_acc: 0.68740, train_loss: 1.74542, train_acc: 0.47389
[slurm61982157_gr043_gpu0_0] Sync pending: 416 items
Epoch 10 | val_loss: 0.93230, val_acc: 0.75720, train_loss: 1.73015, train_acc: 0.48356
Epoch 11 | val_loss: 0.83202, val_acc: 0.77740, train_loss: 1.72827, train_acc: 0.48791
[slurm61982157_gr043_gpu0_0] Sync pending: 416 items
Epoch 12 | val_loss: 0.88559, val_acc: 0.76460, train_loss: 1.69901, train_acc: 0.49449
Epoch 13 | val_loss: 0.82958, val_acc: 0.80000, train_loss: 1.69441, train_acc: 0.51427
[slurm61982157_gr043_gpu0_0] Sync pending: 416 items
Epoch 14 | val_loss: 0.88438, val_acc: 0.78360, train_loss: 1.67341, train_acc: 0.51518
Epoch 15 | val_loss: 0.79329, val_acc: 0.83120, train_loss: 1.66171, train_acc: 0.50964
[slurm61982157_gr043_gpu0_0] Sync pending: 420 items
Epoch 16 | val_loss: 0.75573, val_acc: 0.82740, train_loss: 1.65127, train_acc: 0.52438
Epoch 17 | val_loss: 0.85202, val_acc: 0.79640, train_loss: 1.62943, train_acc: 0.51402
[slurm61982157_gr043_gpu0_0] Sync pending: 420 items
Epoch 18 | val_loss: 0.75957, val_acc: 0.82880, train_loss: 1.64425, train_acc: 0.51867
Epoch 19 | val_loss: 0.76816, val_acc: 0.83900, train_loss: 1.62734, train_acc: 0.53331
[slurm61982157_gr043_gpu0_0] Sync pending: 420 items
Epoch 20 | val_loss: 0.87654, val_acc: 0.78420, train_loss: 1.63284, train_acc: 0.51547
[slurm61982157_gr043_gpu0_0] Sync pending: 420 items
Epoch 21 | val_loss: 0.88629, val_acc: 0.82240, train_loss: 1.62545, train_acc: 0.55471
Epoch 22 | val_loss: 0.80034, val_acc: 0.83580, train_loss: 1.62142, train_acc: 0.54633
[slurm61982157_gr043_gpu0_0] Sync pending: 420 items
Epoch 23 | val_loss: 0.67961, val_acc: 0.84860, train_loss: 1.60285, train_acc: 0.53911
Epoch 24 | val_loss: 0.69015, val_acc: 0.86800, train_loss: 1.57451, train_acc: 0.56211
[slurm61982157_gr043_gpu0_0] Sync pending: 424 items
Epoch 25 | val_loss: 0.67301, val_acc: 0.86140, train_loss: 1.58831, train_acc: 0.54304
Epoch 26 | val_loss: 0.72120, val_acc: 0.84800, train_loss: 1.56307, train_acc: 0.56218
[slurm61982157_gr043_gpu0_0] Sync pending: 428 items
Epoch 27 | val_loss: 0.72147, val_acc: 0.86780, train_loss: 1.57425, train_acc: 0.58236
Epoch 28 | val_loss: 0.67566, val_acc: 0.87120, train_loss: 1.56671, train_acc: 0.58824
[slurm61982157_gr043_gpu0_0] Sync pending: 428 items
Epoch 29 | val_loss: 0.68322, val_acc: 0.86780, train_loss: 1.56661, train_acc: 0.55920
Epoch 30 | val_loss: 0.64016, val_acc: 0.87820, train_loss: 1.52501, train_acc: 0.59189
[slurm61982157_gr043_gpu0_0] Sync pending: 432 items
Epoch 31 | val_loss: 0.61057, val_acc: 0.89380, train_loss: 1.54300, train_acc: 0.54040
Epoch 32 | val_loss: 0.69187, val_acc: 0.88060, train_loss: 1.52675, train_acc: 0.56464
[slurm61982157_gr043_gpu0_0] Sync pending: 436 items
Epoch 33 | val_loss: 0.63251, val_acc: 0.89800, train_loss: 1.54439, train_acc: 0.56711
Epoch 34 | val_loss: 0.64728, val_acc: 0.88800, train_loss: 1.52543, train_acc: 0.55689
[slurm61982157_gr043_gpu0_0] Sync pending: 436 items
Epoch 35 | val_loss: 0.60073, val_acc: 0.90140, train_loss: 1.51997, train_acc: 0.56173
[slurm61982157_gr043_gpu0_0] Sync pending: 436 items
Epoch 36 | val_loss: 0.61260, val_acc: 0.90920, train_loss: 1.49557, train_acc: 0.60171
Epoch 37 | val_loss: 0.58583, val_acc: 0.91660, train_loss: 1.52552, train_acc: 0.57109
[slurm61982157_gr043_gpu0_0] Sync pending: 440 items
Epoch 38 | val_loss: 0.67521, val_acc: 0.91340, train_loss: 1.49457, train_acc: 0.58856
Epoch 39 | val_loss: 0.57542, val_acc: 0.91540, train_loss: 1.48040, train_acc: 0.58224
[slurm61982157_gr043_gpu0_0] Sync pending: 444 items
Epoch 40 | val_loss: 0.58720, val_acc: 0.91820, train_loss: 1.44719, train_acc: 0.57573
Epoch 41 | val_loss: 0.58456, val_acc: 0.92560, train_loss: 1.47618, train_acc: 0.62096
[slurm61982157_gr043_gpu0_0] Sync pending: 452 items
Epoch 42 | val_loss: 0.53677, val_acc: 0.92840, train_loss: 1.45010, train_acc: 0.58287
Epoch 43 | val_loss: 0.58165, val_acc: 0.92760, train_loss: 1.45201, train_acc: 0.60422
[slurm61982157_gr043_gpu0_0] Sync pending: 456 items
Epoch 44 | val_loss: 0.55442, val_acc: 0.93000, train_loss: 1.45307, train_acc: 0.62224
Epoch 45 | val_loss: 0.56269, val_acc: 0.93220, train_loss: 1.45265, train_acc: 0.61933
[slurm61982157_gr043_gpu0_0] Sync pending: 456 items
Epoch 46 | val_loss: 0.57768, val_acc: 0.93280, train_loss: 1.43937, train_acc: 0.60987
Epoch 47 | val_loss: 0.59278, val_acc: 0.93100, train_loss: 1.41757, train_acc: 0.64496
[slurm61982157_gr043_gpu0_0] Sync pending: 456 items
Epoch 48 | val_loss: 0.49216, val_acc: 0.93380, train_loss: 1.45600, train_acc: 0.61449
Epoch 49 | val_loss: 0.56317, val_acc: 0.93220, train_loss: 1.43486, train_acc: 0.61691
[slurm61982157_gr043_gpu0_0] Job cf48c98d-35b4-4be8-946a-0c17d159c7e1 completed successfully
[slurm61982157_gr043_gpu0_0] Claimed job 643b4f27-7233-40e1-b7f8-6d9a73ecfdca (priority=170)
[slurm61982157_gr043_gpu0_0] Executing job 643b4f27-7233-40e1-b7f8-6d9a73ecfdca with _target_=dr_exp.trainers.decon_trainer.train_classification
[slurm61982157_gr043_gpu0_0] Sync pending: 464 items
Epoch 0 | val_loss: 2.33362, val_acc: 0.10547
`Trainer.fit` stopped: `max_epochs=50` reached.
GPU available: True (cuda), used: True
TPU available: False, using: 0 TPU cores
HPU available: False, using: 0 HPUs
LOCAL_RANK: 0 - CUDA_VISIBLE_DEVICES: [0]

  | Name      | Type             | Params | Mode 
-------------------------------------------------------
0 | model     | CifarResNet18    | 11.2 M | train
1 | criterion | CrossEntropyLoss | 0      | train
-------------------------------------------------------
11.2 M    Trainable params
0         Non-trainable params
11.2 M    Total params
44.696    Total estimated model params size (MB)
70        Modules in train mode
0         Modules in eval mode
SLURM auto-requeueing enabled. Setting signal handlers.
Epoch 0 | val_loss: 2.32024, val_acc: 0.10420
[slurm61982157_gr043_gpu0_0] Sync pending: 464 items
Epoch 1 | val_loss: 2.07201, val_acc: 0.24980, train_loss: 2.33541, train_acc: 0.09889
Epoch 2 | val_loss: 1.83053, val_acc: 0.35000, train_loss: 2.27601, train_acc: 0.13618
[slurm61982157_gr043_gpu0_0] Sync pending: 468 items
Epoch 3 | val_loss: 1.69676, val_acc: 0.41540, train_loss: 2.19397, train_acc: 0.19360
[slurm61982157_gr043_gpu0_0] Sync pending: 472 items
Epoch 4 | val_loss: 1.59543, val_acc: 0.45600, train_loss: 2.13839, train_acc: 0.22436
Epoch 5 | val_loss: 1.54120, val_acc: 0.48760, train_loss: 2.10284, train_acc: 0.25460
[slurm61982157_gr043_gpu0_0] Sync pending: 472 items
Epoch 6 | val_loss: 1.46555, val_acc: 0.51180, train_loss: 2.08473, train_acc: 0.26687
Epoch 7 | val_loss: 1.31760, val_acc: 0.55780, train_loss: 2.04239, train_acc: 0.29847
[slurm61982157_gr043_gpu0_0] Sync pending: 476 items
Epoch 8 | val_loss: 1.27784, val_acc: 0.58600, train_loss: 2.00658, train_acc: 0.32927
[slurm61982157_gr043_gpu0_0] Sync pending: 476 items
Epoch 9 | val_loss: 1.27199, val_acc: 0.58740, train_loss: 1.98903, train_acc: 0.33084
Epoch 10 | val_loss: 1.19984, val_acc: 0.62920, train_loss: 1.95827, train_acc: 0.33978
[slurm61982157_gr043_gpu0_0] Sync pending: 480 items
Epoch 11 | val_loss: 1.19486, val_acc: 0.63160, train_loss: 1.94811, train_acc: 0.35642
Epoch 12 | val_loss: 1.10211, val_acc: 0.65440, train_loss: 1.91236, train_acc: 0.38167
[slurm61982157_gr043_gpu0_0] Sync pending: 480 items
Epoch 13 | val_loss: 1.05896, val_acc: 0.69880, train_loss: 1.90778, train_acc: 0.37458
[slurm61982157_gr043_gpu0_0] Sync pending: 480 items
Epoch 14 | val_loss: 1.01214, val_acc: 0.70460, train_loss: 1.88275, train_acc: 0.38378
Epoch 15 | val_loss: 1.01839, val_acc: 0.71220, train_loss: 1.88098, train_acc: 0.39673
[slurm61982157_gr043_gpu0_0] Sync pending: 480 items
Epoch 16 | val_loss: 0.98652, val_acc: 0.73800, train_loss: 1.86793, train_acc: 0.40473
Epoch 17 | val_loss: 1.06491, val_acc: 0.70460, train_loss: 1.84515, train_acc: 0.39118
[slurm61982157_gr043_gpu0_0] Sync pending: 484 items
Epoch 18 | val_loss: 0.95468, val_acc: 0.73960, train_loss: 1.83674, train_acc: 0.40789
[slurm61982157_gr043_gpu0_0] Sync pending: 484 items
Epoch 19 | val_loss: 0.92982, val_acc: 0.75300, train_loss: 1.82904, train_acc: 0.41829
Epoch 20 | val_loss: 0.97101, val_acc: 0.74360, train_loss: 1.82578, train_acc: 0.41653
[slurm61982157_gr043_gpu0_0] Sync pending: 484 items
Epoch 21 | val_loss: 0.92298, val_acc: 0.76280, train_loss: 1.82479, train_acc: 0.40622
Epoch 22 | val_loss: 0.92656, val_acc: 0.75760, train_loss: 1.80485, train_acc: 0.43629
[slurm61982157_gr043_gpu0_0] Sync pending: 484 items
Epoch 23 | val_loss: 0.91009, val_acc: 0.76460, train_loss: 1.80875, train_acc: 0.45638
[slurm61982157_gr043_gpu0_0] Sync pending: 488 items
Epoch 24 | val_loss: 0.90465, val_acc: 0.76740, train_loss: 1.79867, train_acc: 0.43533
Epoch 25 | val_loss: 0.93347, val_acc: 0.75600, train_loss: 1.78225, train_acc: 0.44922
[slurm61982157_gr043_gpu0_0] Sync pending: 488 items
Epoch 26 | val_loss: 0.89131, val_acc: 0.77320, train_loss: 1.80496, train_acc: 0.46967
Epoch 27 | val_loss: 0.89120, val_acc: 0.77480, train_loss: 1.77984, train_acc: 0.46082
[slurm61982157_gr043_gpu0_0] Sync pending: 488 items
Epoch 28 | val_loss: 0.89680, val_acc: 0.78120, train_loss: 1.77107, train_acc: 0.46673
[slurm61982157_gr043_gpu0_0] Sync pending: 492 items
Epoch 29 | val_loss: 0.88158, val_acc: 0.79100, train_loss: 1.77477, train_acc: 0.46324
Epoch 30 | val_loss: 0.85653, val_acc: 0.79100, train_loss: 1.74826, train_acc: 0.47378
[slurm61982157_gr043_gpu0_0] Sync pending: 496 items
Epoch 31 | val_loss: 0.83587, val_acc: 0.79380, train_loss: 1.75392, train_acc: 0.46418
Epoch 32 | val_loss: 0.86148, val_acc: 0.80080, train_loss: 1.74876, train_acc: 0.46807
[slurm61982157_gr043_gpu0_0] Sync pending: 500 items
Epoch 33 | val_loss: 0.84577, val_acc: 0.79260, train_loss: 1.75107, train_acc: 0.47249
[slurm61982157_gr043_gpu0_0] Sync pending: 508 items
Epoch 34 | val_loss: 0.82185, val_acc: 0.79800, train_loss: 1.75070, train_acc: 0.45929
Epoch 35 | val_loss: 0.85274, val_acc: 0.79080, train_loss: 1.72279, train_acc: 0.46549
[slurm61982157_gr043_gpu0_0] Sync pending: 512 items
Epoch 36 | val_loss: 0.86076, val_acc: 0.79600, train_loss: 1.72970, train_acc: 0.47318
Epoch 37 | val_loss: 0.84541, val_acc: 0.79940, train_loss: 1.75883, train_acc: 0.45800
[slurm61982157_gr043_gpu0_0] Sync pending: 520 items
Epoch 38 | val_loss: 0.84005, val_acc: 0.80460, train_loss: 1.75026, train_acc: 0.46782
[slurm61982157_gr043_gpu0_0] Sync pending: 524 items
Epoch 39 | val_loss: 0.81779, val_acc: 0.81180, train_loss: 1.73548, train_acc: 0.48176
Epoch 40 | val_loss: 0.81176, val_acc: 0.81220, train_loss: 1.72239, train_acc: 0.48340
[slurm61982157_gr043_gpu0_0] Sync pending: 524 items
Epoch 41 | val_loss: 0.82872, val_acc: 0.80640, train_loss: 1.73990, train_acc: 0.50020
Epoch 42 | val_loss: 0.81488, val_acc: 0.80860, train_loss: 1.73833, train_acc: 0.50207
[slurm61982157_gr043_gpu0_0] Sync pending: 524 items
Epoch 43 | val_loss: 0.82679, val_acc: 0.80860, train_loss: 1.73141, train_acc: 0.47138
[slurm61982157_gr043_gpu0_0] Sync pending: 528 items
Epoch 44 | val_loss: 0.81335, val_acc: 0.80520, train_loss: 1.73925, train_acc: 0.48102
Epoch 45 | val_loss: 0.81927, val_acc: 0.80840, train_loss: 1.72579, train_acc: 0.49451
[slurm61982157_gr043_gpu0_0] Sync pending: 528 items
Epoch 46 | val_loss: 0.82173, val_acc: 0.80740, train_loss: 1.73629, train_acc: 0.45313
Epoch 47 | val_loss: 0.81904, val_acc: 0.80720, train_loss: 1.72603, train_acc: 0.48956
[slurm61982157_gr043_gpu0_0] Sync pending: 532 items
Epoch 48 | val_loss: 0.82346, val_acc: 0.80740, train_loss: 1.72868, train_acc: 0.47444
[slurm61982157_gr043_gpu0_0] Sync pending: 536 items
Epoch 49 | val_loss: 0.82072, val_acc: 0.81080, train_loss: 1.72152, train_acc: 0.48236
[slurm61982157_gr043_gpu0_0] Job 643b4f27-7233-40e1-b7f8-6d9a73ecfdca completed successfully
[slurm61982157_gr043_gpu0_0] Claimed job de18d781-ffdc-4b25-b822-6997d1c80f36 (priority=145)
[slurm61982157_gr043_gpu0_0] Executing job de18d781-ffdc-4b25-b822-6997d1c80f36 with _target_=dr_exp.trainers.decon_trainer.train_classification
Epoch 0 | val_loss: 2.35750, val_acc: 0.08594
`Trainer.fit` stopped: `max_epochs=50` reached.
GPU available: True (cuda), used: True
TPU available: False, using: 0 TPU cores
HPU available: False, using: 0 HPUs
LOCAL_RANK: 0 - CUDA_VISIBLE_DEVICES: [0]

  | Name      | Type             | Params | Mode 
-------------------------------------------------------
0 | model     | CifarAlexNet     | 2.4 M  | train
1 | criterion | CrossEntropyLoss | 0      | train
-------------------------------------------------------
2.4 M     Trainable params
0         Non-trainable params
2.4 M     Total params
9.768     Total estimated model params size (MB)
24        Modules in train mode
0         Modules in eval mode
SLURM auto-requeueing enabled. Setting signal handlers.
Epoch 0 | val_loss: 1.34811, val_acc: 0.50480
[slurm61982157_gr043_gpu0_0] Sync pending: 540 items
Epoch 1 | val_loss: 1.01861, val_acc: 0.65960, train_loss: 1.81861, train_acc: 0.38956
Epoch 2 | val_loss: 0.87517, val_acc: 0.70420, train_loss: 1.40338, train_acc: 0.59576
[slurm61982157_gr043_gpu0_0] Sync pending: 544 items
Epoch 3 | val_loss: 0.88735, val_acc: 0.70760, train_loss: 1.19721, train_acc: 0.69516
Epoch 4 | val_loss: 0.85912, val_acc: 0.72740, train_loss: 1.08802, train_acc: 0.74620
[slurm61982157_gr043_gpu0_0] Sync pending: 544 items
Epoch 5 | val_loss: 0.66603, val_acc: 0.79340, train_loss: 1.02887, train_acc: 0.77062
Epoch 6 | val_loss: 0.72929, val_acc: 0.76820, train_loss: 0.97530, train_acc: 0.79571
[slurm61982157_gr043_gpu0_0] Sync pending: 548 items
Epoch 7 | val_loss: 0.66908, val_acc: 0.78820, train_loss: 0.93853, train_acc: 0.81318
Epoch 8 | val_loss: 0.68084, val_acc: 0.77500, train_loss: 0.91477, train_acc: 0.82189
[slurm61982157_gr043_gpu0_0] Sync pending: 548 items
Epoch 9 | val_loss: 0.62022, val_acc: 0.81000, train_loss: 0.88467, train_acc: 0.83480
[slurm61982157_gr043_gpu0_0] Sync pending: 548 items
Epoch 10 | val_loss: 0.52605, val_acc: 0.83780, train_loss: 0.86800, train_acc: 0.84193
Epoch 11 | val_loss: 0.48652, val_acc: 0.85300, train_loss: 0.84231, train_acc: 0.85351
[slurm61982157_gr043_gpu0_0] Sync pending: 548 items
Epoch 12 | val_loss: 0.53103, val_acc: 0.84620, train_loss: 0.82736, train_acc: 0.86084
Epoch 13 | val_loss: 0.51435, val_acc: 0.84700, train_loss: 0.81947, train_acc: 0.86220
[slurm61982157_gr043_gpu0_0] Sync pending: 552 items
Epoch 14 | val_loss: 0.49289, val_acc: 0.85160, train_loss: 0.80214, train_acc: 0.87067
Epoch 15 | val_loss: 0.57333, val_acc: 0.82080, train_loss: 0.79841, train_acc: 0.87220
[slurm61982157_gr043_gpu0_0] Sync pending: 556 items
Epoch 16 | val_loss: 0.55147, val_acc: 0.83580, train_loss: 0.78451, train_acc: 0.87944
Epoch 17 | val_loss: 0.54783, val_acc: 0.83580, train_loss: 0.78161, train_acc: 0.87924
[slurm61982157_gr043_gpu0_0] Sync pending: 556 items
Epoch 18 | val_loss: 0.54439, val_acc: 0.83280, train_loss: 0.77692, train_acc: 0.88031
Epoch 19 | val_loss: 0.46239, val_acc: 0.86180, train_loss: 0.77033, train_acc: 0.88407
[slurm61982157_gr043_gpu0_0] Sync pending: 556 items
Epoch 20 | val_loss: 0.46095, val_acc: 0.86300, train_loss: 0.76022, train_acc: 0.88949
Epoch 21 | val_loss: 0.49871, val_acc: 0.85580, train_loss: 0.75807, train_acc: 0.88920
[slurm61982157_gr043_gpu0_0] Sync pending: 560 items
Epoch 22 | val_loss: 0.51387, val_acc: 0.84400, train_loss: 0.75274, train_acc: 0.89173
Epoch 23 | val_loss: 0.48884, val_acc: 0.85680, train_loss: 0.75352, train_acc: 0.89120
[slurm61982157_gr043_gpu0_0] Sync pending: 560 items
Epoch 24 | val_loss: 0.52194, val_acc: 0.84360, train_loss: 0.74755, train_acc: 0.89533
[slurm61982157_gr043_gpu0_0] Sync pending: 564 items
Epoch 25 | val_loss: 0.49985, val_acc: 0.85120, train_loss: 0.74903, train_acc: 0.89251
Epoch 26 | val_loss: 0.47869, val_acc: 0.85660, train_loss: 0.74454, train_acc: 0.89498
[slurm61982157_gr043_gpu0_0] Sync pending: 564 items
Epoch 27 | val_loss: 0.43833, val_acc: 0.87360, train_loss: 0.73992, train_acc: 0.89818
Epoch 28 | val_loss: 0.49519, val_acc: 0.85600, train_loss: 0.73228, train_acc: 0.90093
[slurm61982157_gr043_gpu0_0] Sync pending: 568 items
Epoch 29 | val_loss: 0.43537, val_acc: 0.87580, train_loss: 0.73032, train_acc: 0.90173
Epoch 30 | val_loss: 0.32889, val_acc: 0.91220, train_loss: 0.72983, train_acc: 0.90036
[slurm61982157_gr043_gpu0_0] Sync pending: 572 items
Epoch 31 | val_loss: 0.31036, val_acc: 0.91840, train_loss: 0.64174, train_acc: 0.94180
Epoch 32 | val_loss: 0.30803, val_acc: 0.91900, train_loss: 0.60461, train_acc: 0.95907
[slurm61982157_gr043_gpu0_0] Sync pending: 580 items
Epoch 33 | val_loss: 0.29704, val_acc: 0.92680, train_loss: 0.59467, train_acc: 0.96327
Epoch 34 | val_loss: 0.29498, val_acc: 0.92720, train_loss: 0.58791, train_acc: 0.96680
[slurm61982157_gr043_gpu0_0] Sync pending: 588 items
Epoch 35 | val_loss: 0.29757, val_acc: 0.92680, train_loss: 0.57960, train_acc: 0.97071
Epoch 36 | val_loss: 0.29664, val_acc: 0.92540, train_loss: 0.57331, train_acc: 0.97276
[slurm61982157_gr043_gpu0_0] Sync pending: 596 items
Epoch 37 | val_loss: 0.29493, val_acc: 0.92580, train_loss: 0.56887, train_acc: 0.97458
Epoch 38 | val_loss: 0.29350, val_acc: 0.92780, train_loss: 0.56414, train_acc: 0.97713
[slurm61982157_gr043_gpu0_0] Sync pending: 596 items
Epoch 39 | val_loss: 0.29597, val_acc: 0.92780, train_loss: 0.56001, train_acc: 0.97873
[slurm61982157_gr043_gpu0_0] Sync pending: 596 items
Epoch 40 | val_loss: 0.31003, val_acc: 0.92200, train_loss: 0.55652, train_acc: 0.97958
Epoch 41 | val_loss: 0.29444, val_acc: 0.92820, train_loss: 0.55339, train_acc: 0.98171
[slurm61982157_gr043_gpu0_0] Sync pending: 596 items
Epoch 42 | val_loss: 0.29022, val_acc: 0.92840, train_loss: 0.54909, train_acc: 0.98322
Epoch 43 | val_loss: 0.29354, val_acc: 0.92860, train_loss: 0.54942, train_acc: 0.98300
[slurm61982157_gr043_gpu0_0] Sync pending: 600 items
Epoch 44 | val_loss: 0.29309, val_acc: 0.93140, train_loss: 0.54568, train_acc: 0.98451
Epoch 45 | val_loss: 0.28309, val_acc: 0.92980, train_loss: 0.54507, train_acc: 0.98458
[slurm61982157_gr043_gpu0_0] Sync pending: 600 items
Epoch 46 | val_loss: 0.29652, val_acc: 0.92880, train_loss: 0.54097, train_acc: 0.98620
Epoch 47 | val_loss: 0.28799, val_acc: 0.93020, train_loss: 0.54113, train_acc: 0.98587
[slurm61982157_gr043_gpu0_0] Sync pending: 604 items
Epoch 48 | val_loss: 0.29051, val_acc: 0.92980, train_loss: 0.53974, train_acc: 0.98689
Epoch 49 | val_loss: 0.29413, val_acc: 0.92740, train_loss: 0.53621, train_acc: 0.98782
[slurm61982157_gr043_gpu0_0] Job de18d781-ffdc-4b25-b822-6997d1c80f36 completed successfully
[slurm61982157_gr043_gpu0_0] Claimed job 51dd3aa1-2932-4e79-b918-2871f6cb6870 (priority=115)
[slurm61982157_gr043_gpu0_0] Executing job 51dd3aa1-2932-4e79-b918-2871f6cb6870 with _target_=dr_exp.trainers.decon_trainer.train_classification
Epoch 0 | val_loss: 2.33960, val_acc: 0.09766
`Trainer.fit` stopped: `max_epochs=50` reached.
