GPU available: True (cuda), used: True
TPU available: False, using: 0 TPU cores
HPU available: False, using: 0 HPUs
/scratch/ddr8143/repos/dr_exp/.venv/lib/python3.12/site-packages/lightning/pytorch/trainer/connectors/logger_connector/logger_connector.py:76: Starting from v1.9.0, `tensorboardX` has been removed as a dependency of the `lightning.pytorch` package, due to potential conflicts with other packages in the ML ecosystem. For this reason, `logger=True` will use `CSVLogger` as the default logger, unless the `tensorboard` or `tensorboardX` packages are found. Please `pip install lightning[extra]` or one of them to enable TensorBoard support by default
LOCAL_RANK: 0 - CUDA_VISIBLE_DEVICES: [0]

  | Name      | Type             | Params | Mode 
-------------------------------------------------------
0 | model     | CifarResNet18    | 11.2 M | train
1 | criterion | CrossEntropyLoss | 0      | train
-------------------------------------------------------
11.2 M    Trainable params
0         Non-trainable params
11.2 M    Total params
44.696    Total estimated model params size (MB)
70        Modules in train mode
0         Modules in eval mode
SLURM auto-requeueing enabled. Setting signal handlers.
[SyncHandler] Failed to initialize Supabase: Supabase URL and key must be provided or set in environment
[SyncHandler] Sync disabled - files will remain in queue
[slurm61982231_gr001_gpu0_0] Sync disabled - Supabase not available
Sync: enabled (Supabase not available - queue only)
Starting worker slurm61982231_gr001_gpu0_0
Experiment: cluster_t0 at /scratch/ddr8143/logs/dcnn_workers
------------------------------------------------------------
[slurm61982231_gr001_gpu0_0] Worker started
[slurm61982231_gr001_gpu0_0] Sync thread started
[slurm61982231_gr001_gpu0_0] Heartbeat thread started
[slurm61982231_gr001_gpu0_0] Claimed job 56c869f2-9ac3-4f99-a363-c0d512339ef1 (priority=210)
[slurm61982231_gr001_gpu0_0] Executing job 56c869f2-9ac3-4f99-a363-c0d512339ef1 with _target_=dr_exp.trainers.decon_trainer.train_classification
[slurm61982231_gr001_gpu0_0] Sync pending: 300 items
[slurm61982231_gr001_gpu0_0] Sync pending: 300 items
Epoch 0 | val_loss: 2.30289, val_acc: 0.11719
/scratch/ddr8143/repos/dr_exp/.venv/lib/python3.12/site-packages/torch/optim/lr_scheduler.py:198: UserWarning: The epoch parameter in `scheduler.step()` was not necessary and is being deprecated where possible. Please use `scheduler.step()` to step the scheduler. During the deprecation, if epoch is different from None, the closed form is used instead of the new chainable form, where available. Please open an issue if you are unable to replicate your use case: https://github.com/pytorch/pytorch/issues/new/choose.
  warnings.warn(EPOCH_DEPRECATION_WARNING, UserWarning)
`Trainer.fit` stopped: `max_epochs=50` reached.
GPU available: True (cuda), used: True
TPU available: False, using: 0 TPU cores
HPU available: False, using: 0 HPUs
LOCAL_RANK: 0 - CUDA_VISIBLE_DEVICES: [0]

  | Name      | Type             | Params | Mode 
-------------------------------------------------------
0 | model     | CifarResNet18    | 11.2 M | train
1 | criterion | CrossEntropyLoss | 0      | train
-------------------------------------------------------
11.2 M    Trainable params
0         Non-trainable params
11.2 M    Total params
44.696    Total estimated model params size (MB)
70        Modules in train mode
0         Modules in eval mode
SLURM auto-requeueing enabled. Setting signal handlers.
[slurm61982231_gr001_gpu0_0] Sync pending: 300 items
Epoch 0 | val_loss: 2.30801, val_acc: 0.09040
Epoch 1 | val_loss: 1.42749, val_acc: 0.50900, train_loss: 2.30795, train_acc: 0.09211
[slurm61982231_gr001_gpu0_0] Sync pending: 300 items
Epoch 2 | val_loss: 0.90916, val_acc: 0.68140, train_loss: 1.61898, train_acc: 0.39562
Epoch 3 | val_loss: 0.91896, val_acc: 0.70100, train_loss: 1.13165, train_acc: 0.59638
[slurm61982231_gr001_gpu0_0] Sync pending: 300 items
Epoch 4 | val_loss: 0.91364, val_acc: 0.69720, train_loss: 0.88703, train_acc: 0.69182
Epoch 5 | val_loss: 1.14472, val_acc: 0.65060, train_loss: 0.76078, train_acc: 0.73847
[slurm61982231_gr001_gpu0_0] Sync pending: 300 items
Epoch 6 | val_loss: 0.71462, val_acc: 0.76120, train_loss: 0.70441, train_acc: 0.75756
Epoch 7 | val_loss: 0.70280, val_acc: 0.76180, train_loss: 0.63266, train_acc: 0.78438
[slurm61982231_gr001_gpu0_0] Sync pending: 300 items
Epoch 8 | val_loss: 0.77740, val_acc: 0.75360, train_loss: 0.58387, train_acc: 0.79878
Epoch 9 | val_loss: 0.77598, val_acc: 0.75180, train_loss: 0.54231, train_acc: 0.81462
[slurm61982231_gr001_gpu0_0] Sync pending: 304 items
Epoch 10 | val_loss: 0.73003, val_acc: 0.76540, train_loss: 0.53077, train_acc: 0.81991
Epoch 11 | val_loss: 0.55260, val_acc: 0.80860, train_loss: 0.51210, train_acc: 0.82447
[slurm61982231_gr001_gpu0_0] Sync pending: 304 items
Epoch 12 | val_loss: 0.58891, val_acc: 0.79380, train_loss: 0.50286, train_acc: 0.82931
Epoch 13 | val_loss: 0.64117, val_acc: 0.78920, train_loss: 0.48531, train_acc: 0.83411
[slurm61982231_gr001_gpu0_0] Sync pending: 304 items
Epoch 14 | val_loss: 0.57345, val_acc: 0.80720, train_loss: 0.47187, train_acc: 0.83727
Epoch 15 | val_loss: 0.62686, val_acc: 0.79220, train_loss: 0.45714, train_acc: 0.84453
[slurm61982231_gr001_gpu0_0] Sync pending: 304 items
Epoch 16 | val_loss: 0.54785, val_acc: 0.81840, train_loss: 0.44056, train_acc: 0.85069
Epoch 17 | val_loss: 0.50023, val_acc: 0.83520, train_loss: 0.43728, train_acc: 0.85027
[slurm61982231_gr001_gpu0_0] Sync pending: 304 items
Epoch 18 | val_loss: 0.53995, val_acc: 0.81580, train_loss: 0.42279, train_acc: 0.85749
Epoch 19 | val_loss: 0.52148, val_acc: 0.82540, train_loss: 0.41097, train_acc: 0.85927
[slurm61982231_gr001_gpu0_0] Sync pending: 304 items
Epoch 20 | val_loss: 0.55634, val_acc: 0.81600, train_loss: 0.39248, train_acc: 0.86573
Epoch 21 | val_loss: 0.47036, val_acc: 0.83840, train_loss: 0.38455, train_acc: 0.87022
[slurm61982231_gr001_gpu0_0] Sync pending: 304 items
Epoch 22 | val_loss: 0.58127, val_acc: 0.81020, train_loss: 0.37601, train_acc: 0.87247
Epoch 23 | val_loss: 0.45932, val_acc: 0.84940, train_loss: 0.36106, train_acc: 0.87624
[slurm61982231_gr001_gpu0_0] Sync pending: 312 items
Epoch 24 | val_loss: 0.62649, val_acc: 0.79120, train_loss: 0.34096, train_acc: 0.88404
Epoch 25 | val_loss: 0.41822, val_acc: 0.85700, train_loss: 0.33982, train_acc: 0.88436
[slurm61982231_gr001_gpu0_0] Sync pending: 324 items
Epoch 26 | val_loss: 0.43104, val_acc: 0.85520, train_loss: 0.32273, train_acc: 0.89076
Epoch 27 | val_loss: 0.43601, val_acc: 0.85400, train_loss: 0.30364, train_acc: 0.89753
[slurm61982231_gr001_gpu0_0] Sync pending: 332 items
Epoch 28 | val_loss: 0.42416, val_acc: 0.86220, train_loss: 0.28631, train_acc: 0.90327
Epoch 29 | val_loss: 0.41728, val_acc: 0.86500, train_loss: 0.27198, train_acc: 0.90689
[slurm61982231_gr001_gpu0_0] Sync pending: 332 items
Epoch 30 | val_loss: 0.43523, val_acc: 0.85760, train_loss: 0.25540, train_acc: 0.91433
[slurm61982231_gr001_gpu0_0] Sync pending: 332 items
Epoch 31 | val_loss: 0.34986, val_acc: 0.88560, train_loss: 0.24778, train_acc: 0.91636
Epoch 32 | val_loss: 0.36475, val_acc: 0.87560, train_loss: 0.22320, train_acc: 0.92362
[slurm61982231_gr001_gpu0_0] Sync pending: 344 items
Epoch 33 | val_loss: 0.36581, val_acc: 0.87960, train_loss: 0.20937, train_acc: 0.92916
Epoch 34 | val_loss: 0.35438, val_acc: 0.88660, train_loss: 0.19169, train_acc: 0.93384
[slurm61982231_gr001_gpu0_0] Sync pending: 344 items
Epoch 35 | val_loss: 0.39895, val_acc: 0.87560, train_loss: 0.17139, train_acc: 0.93933
Epoch 36 | val_loss: 0.31758, val_acc: 0.90140, train_loss: 0.15595, train_acc: 0.94629
[slurm61982231_gr001_gpu0_0] Sync pending: 344 items
Epoch 37 | val_loss: 0.31028, val_acc: 0.90040, train_loss: 0.13489, train_acc: 0.95418
Epoch 38 | val_loss: 0.30135, val_acc: 0.90480, train_loss: 0.11542, train_acc: 0.96113
[slurm61982231_gr001_gpu0_0] Sync pending: 344 items
Epoch 39 | val_loss: 0.29921, val_acc: 0.91060, train_loss: 0.09421, train_acc: 0.96907
Epoch 40 | val_loss: 0.26640, val_acc: 0.92000, train_loss: 0.08125, train_acc: 0.97296
[slurm61982231_gr001_gpu0_0] Sync pending: 348 items
Epoch 41 | val_loss: 0.26043, val_acc: 0.92160, train_loss: 0.06689, train_acc: 0.97764
Epoch 42 | val_loss: 0.26237, val_acc: 0.92340, train_loss: 0.04985, train_acc: 0.98411
[slurm61982231_gr001_gpu0_0] Sync pending: 356 items
Epoch 43 | val_loss: 0.25995, val_acc: 0.92420, train_loss: 0.04223, train_acc: 0.98689
Epoch 44 | val_loss: 0.25434, val_acc: 0.92600, train_loss: 0.03272, train_acc: 0.99004
[slurm61982231_gr001_gpu0_0] Sync pending: 356 items
Epoch 45 | val_loss: 0.24298, val_acc: 0.93000, train_loss: 0.02638, train_acc: 0.99202
[slurm61982231_gr001_gpu0_0] Sync pending: 356 items
Epoch 46 | val_loss: 0.24408, val_acc: 0.93180, train_loss: 0.02190, train_acc: 0.99373
Epoch 47 | val_loss: 0.24912, val_acc: 0.93000, train_loss: 0.01865, train_acc: 0.99478
[slurm61982231_gr001_gpu0_0] Sync pending: 356 items
Epoch 48 | val_loss: 0.24744, val_acc: 0.92980, train_loss: 0.01561, train_acc: 0.99600
Epoch 49 | val_loss: 0.24648, val_acc: 0.93140, train_loss: 0.01426, train_acc: 0.99656
[slurm61982231_gr001_gpu0_0] Job 56c869f2-9ac3-4f99-a363-c0d512339ef1 completed successfully
[slurm61982231_gr001_gpu0_0] Claimed job ddbd4228-5309-49ed-a5df-18e05df6fd78 (priority=190)
[slurm61982231_gr001_gpu0_0] Executing job ddbd4228-5309-49ed-a5df-18e05df6fd78 with _target_=dr_exp.trainers.decon_trainer.train_classification
Epoch 0 | val_loss: 2.34987, val_acc: 0.08594
`Trainer.fit` stopped: `max_epochs=50` reached.
GPU available: True (cuda), used: True
TPU available: False, using: 0 TPU cores
HPU available: False, using: 0 HPUs
LOCAL_RANK: 0 - CUDA_VISIBLE_DEVICES: [0]

  | Name      | Type             | Params | Mode 
-------------------------------------------------------
0 | model     | CifarResNet18    | 11.2 M | train
1 | criterion | CrossEntropyLoss | 0      | train
-------------------------------------------------------
11.2 M    Trainable params
0         Non-trainable params
11.2 M    Total params
44.696    Total estimated model params size (MB)
70        Modules in train mode
0         Modules in eval mode
SLURM auto-requeueing enabled. Setting signal handlers.
[slurm61982231_gr001_gpu0_0] Sync pending: 360 items
Epoch 0 | val_loss: 2.31408, val_acc: 0.10520
Epoch 1 | val_loss: 1.29121, val_acc: 0.52260, train_loss: 2.31421, train_acc: 0.10373
[slurm61982231_gr001_gpu0_0] Sync pending: 360 items
Epoch 2 | val_loss: 1.14387, val_acc: 0.60220, train_loss: 1.66681, train_acc: 0.39444
Epoch 3 | val_loss: 0.89355, val_acc: 0.69840, train_loss: 1.19125, train_acc: 0.57702
[slurm61982231_gr001_gpu0_0] Sync pending: 360 items
Epoch 4 | val_loss: 0.81485, val_acc: 0.72760, train_loss: 0.92103, train_acc: 0.67847
Epoch 5 | val_loss: 0.71092, val_acc: 0.76400, train_loss: 0.78246, train_acc: 0.72911
[slurm61982231_gr001_gpu0_0] Sync pending: 360 items
Epoch 6 | val_loss: 0.70066, val_acc: 0.76480, train_loss: 0.70712, train_acc: 0.75636
[slurm61982231_gr001_gpu0_0] Sync pending: 364 items
Epoch 7 | val_loss: 0.60626, val_acc: 0.79820, train_loss: 0.62117, train_acc: 0.78867
Epoch 8 | val_loss: 0.56150, val_acc: 0.81480, train_loss: 0.56964, train_acc: 0.80480
[slurm61982231_gr001_gpu0_0] Sync pending: 364 items
Epoch 9 | val_loss: 0.60466, val_acc: 0.79980, train_loss: 0.52894, train_acc: 0.81764
Epoch 10 | val_loss: 0.58448, val_acc: 0.80540, train_loss: 0.50225, train_acc: 0.82860
[slurm61982231_gr001_gpu0_0] Sync pending: 364 items
Epoch 11 | val_loss: 0.59061, val_acc: 0.79620, train_loss: 0.47624, train_acc: 0.83547
Epoch 12 | val_loss: 0.70170, val_acc: 0.77880, train_loss: 0.45956, train_acc: 0.84307
[slurm61982231_gr001_gpu0_0] Sync pending: 364 items
Epoch 13 | val_loss: 0.54900, val_acc: 0.81000, train_loss: 0.44518, train_acc: 0.84816
Epoch 14 | val_loss: 0.63960, val_acc: 0.79060, train_loss: 0.43256, train_acc: 0.85004
[slurm61982231_gr001_gpu0_0] Sync pending: 364 items
Epoch 15 | val_loss: 0.43086, val_acc: 0.85740, train_loss: 0.41571, train_acc: 0.85722
Epoch 16 | val_loss: 0.57510, val_acc: 0.81580, train_loss: 0.40588, train_acc: 0.86209
[slurm61982231_gr001_gpu0_0] Sync pending: 364 items
Epoch 17 | val_loss: 0.53212, val_acc: 0.82700, train_loss: 0.38958, train_acc: 0.86698
Epoch 18 | val_loss: 0.51882, val_acc: 0.83180, train_loss: 0.38074, train_acc: 0.86767
[slurm61982231_gr001_gpu0_0] Sync pending: 368 items
Epoch 19 | val_loss: 0.48476, val_acc: 0.83860, train_loss: 0.35996, train_acc: 0.87707
Epoch 20 | val_loss: 0.45232, val_acc: 0.85060, train_loss: 0.35761, train_acc: 0.87880
[slurm61982231_gr001_gpu0_0] Sync pending: 368 items
Epoch 21 | val_loss: 0.47468, val_acc: 0.84560, train_loss: 0.33974, train_acc: 0.88436
Epoch 22 | val_loss: 0.63703, val_acc: 0.80180, train_loss: 0.32321, train_acc: 0.88907
[slurm61982231_gr001_gpu0_0] Sync pending: 372 items
Epoch 23 | val_loss: 0.41561, val_acc: 0.86380, train_loss: 0.31402, train_acc: 0.89231
[slurm61982231_gr001_gpu0_0] Sync pending: 376 items
Epoch 24 | val_loss: 0.43091, val_acc: 0.85980, train_loss: 0.30674, train_acc: 0.89573
Epoch 25 | val_loss: 0.40352, val_acc: 0.85920, train_loss: 0.29263, train_acc: 0.90131
[slurm61982231_gr001_gpu0_0] Sync pending: 384 items
Epoch 26 | val_loss: 0.45066, val_acc: 0.85620, train_loss: 0.27621, train_acc: 0.90467
Epoch 27 | val_loss: 0.45097, val_acc: 0.85420, train_loss: 0.26005, train_acc: 0.91062
[slurm61982231_gr001_gpu0_0] Sync pending: 388 items
Epoch 28 | val_loss: 0.40126, val_acc: 0.87080, train_loss: 0.24744, train_acc: 0.91482
Epoch 29 | val_loss: 0.39734, val_acc: 0.86640, train_loss: 0.22947, train_acc: 0.92147
[slurm61982231_gr001_gpu0_0] Sync pending: 392 items
Epoch 30 | val_loss: 0.40059, val_acc: 0.86940, train_loss: 0.21835, train_acc: 0.92600
Epoch 31 | val_loss: 0.32936, val_acc: 0.89320, train_loss: 0.19887, train_acc: 0.93189
[slurm61982231_gr001_gpu0_0] Sync pending: 392 items
Epoch 32 | val_loss: 0.38078, val_acc: 0.88120, train_loss: 0.18216, train_acc: 0.93687
Epoch 33 | val_loss: 0.35729, val_acc: 0.87960, train_loss: 0.16715, train_acc: 0.94147
[slurm61982231_gr001_gpu0_0] Sync pending: 392 items
Epoch 34 | val_loss: 0.34372, val_acc: 0.89180, train_loss: 0.15725, train_acc: 0.94596
Epoch 35 | val_loss: 0.31621, val_acc: 0.90320, train_loss: 0.13626, train_acc: 0.95356
[slurm61982231_gr001_gpu0_0] Sync pending: 392 items
Epoch 36 | val_loss: 0.29753, val_acc: 0.90800, train_loss: 0.11762, train_acc: 0.96007
Epoch 37 | val_loss: 0.28715, val_acc: 0.90980, train_loss: 0.10099, train_acc: 0.96636
[slurm61982231_gr001_gpu0_0] Sync pending: 392 items
Epoch 38 | val_loss: 0.30345, val_acc: 0.90780, train_loss: 0.08577, train_acc: 0.97109
[slurm61982231_gr001_gpu0_0] Sync pending: 400 items
Epoch 39 | val_loss: 0.28437, val_acc: 0.91320, train_loss: 0.06892, train_acc: 0.97773
Epoch 40 | val_loss: 0.26021, val_acc: 0.92440, train_loss: 0.05639, train_acc: 0.98229
[slurm61982231_gr001_gpu0_0] Sync pending: 404 items
Epoch 41 | val_loss: 0.25985, val_acc: 0.92420, train_loss: 0.04260, train_acc: 0.98651
Epoch 42 | val_loss: 0.26031, val_acc: 0.92660, train_loss: 0.03322, train_acc: 0.98969
[slurm61982231_gr001_gpu0_0] Sync pending: 404 items
Epoch 43 | val_loss: 0.25504, val_acc: 0.92580, train_loss: 0.02864, train_acc: 0.99158
Epoch 44 | val_loss: 0.25032, val_acc: 0.92640, train_loss: 0.02249, train_acc: 0.99362
[slurm61982231_gr001_gpu0_0] Sync pending: 404 items
Epoch 45 | val_loss: 0.24345, val_acc: 0.92800, train_loss: 0.01622, train_acc: 0.99607
Epoch 46 | val_loss: 0.24921, val_acc: 0.92640, train_loss: 0.01563, train_acc: 0.99598
[slurm61982231_gr001_gpu0_0] Sync pending: 408 items
Epoch 47 | val_loss: 0.25159, val_acc: 0.92500, train_loss: 0.01327, train_acc: 0.99702
Epoch 48 | val_loss: 0.24631, val_acc: 0.92800, train_loss: 0.01177, train_acc: 0.99718
[slurm61982231_gr001_gpu0_0] Sync pending: 412 items
Epoch 49 | val_loss: 0.24750, val_acc: 0.92860, train_loss: 0.01212, train_acc: 0.99700
[slurm61982231_gr001_gpu0_0] Job ddbd4228-5309-49ed-a5df-18e05df6fd78 completed successfully
[slurm61982231_gr001_gpu0_0] Claimed job ed427795-d0df-4c3d-aeb8-83b2606de1a3 (priority=180)
[slurm61982231_gr001_gpu0_0] Executing job ed427795-d0df-4c3d-aeb8-83b2606de1a3 with _target_=dr_exp.trainers.decon_trainer.train_classification
Epoch 0 | val_loss: 2.31719, val_acc: 0.09766
`Trainer.fit` stopped: `max_epochs=50` reached.
GPU available: True (cuda), used: True
TPU available: False, using: 0 TPU cores
HPU available: False, using: 0 HPUs
LOCAL_RANK: 0 - CUDA_VISIBLE_DEVICES: [0]

  | Name      | Type             | Params | Mode 
-------------------------------------------------------
0 | model     | CifarResNet18    | 11.2 M | train
1 | criterion | CrossEntropyLoss | 0      | train
-------------------------------------------------------
11.2 M    Trainable params
0         Non-trainable params
11.2 M    Total params
44.696    Total estimated model params size (MB)
70        Modules in train mode
0         Modules in eval mode
SLURM auto-requeueing enabled. Setting signal handlers.
[slurm61982231_gr001_gpu0_0] Sync pending: 416 items
Epoch 0 | val_loss: 2.31715, val_acc: 0.09740
Epoch 1 | val_loss: 1.88053, val_acc: 0.32500, train_loss: 2.31850, train_acc: 0.10091
[slurm61982231_gr001_gpu0_0] Sync pending: 416 items
Epoch 2 | val_loss: 1.69432, val_acc: 0.42220, train_loss: 2.24121, train_acc: 0.16200
Epoch 3 | val_loss: 1.57307, val_acc: 0.45380, train_loss: 2.15008, train_acc: 0.23027
[slurm61982231_gr001_gpu0_0] Sync pending: 416 items
Epoch 4 | val_loss: 1.43044, val_acc: 0.53640, train_loss: 2.10957, train_acc: 0.25873
[slurm61982231_gr001_gpu0_0] Sync pending: 420 items
Epoch 5 | val_loss: 1.27070, val_acc: 0.59760, train_loss: 2.07112, train_acc: 0.28693
Epoch 6 | val_loss: 1.21793, val_acc: 0.61400, train_loss: 2.03346, train_acc: 0.31196
[slurm61982231_gr001_gpu0_0] Sync pending: 420 items
Epoch 7 | val_loss: 1.14006, val_acc: 0.62880, train_loss: 1.98229, train_acc: 0.32876
Epoch 8 | val_loss: 1.09017, val_acc: 0.67800, train_loss: 1.92579, train_acc: 0.38438
[slurm61982231_gr001_gpu0_0] Sync pending: 420 items
Epoch 9 | val_loss: 1.04851, val_acc: 0.71940, train_loss: 1.89697, train_acc: 0.36838
[slurm61982231_gr001_gpu0_0] Sync pending: 420 items
Epoch 10 | val_loss: 1.04192, val_acc: 0.69200, train_loss: 1.88127, train_acc: 0.39440
Epoch 11 | val_loss: 0.98897, val_acc: 0.71860, train_loss: 1.86528, train_acc: 0.40736
[slurm61982231_gr001_gpu0_0] Sync pending: 420 items
Epoch 12 | val_loss: 0.92729, val_acc: 0.75280, train_loss: 1.84318, train_acc: 0.42982
[slurm61982231_gr001_gpu0_0] Sync pending: 424 items
Epoch 13 | val_loss: 0.97450, val_acc: 0.73020, train_loss: 1.80288, train_acc: 0.45189
Epoch 14 | val_loss: 0.85655, val_acc: 0.78980, train_loss: 1.82808, train_acc: 0.42618
[slurm61982231_gr001_gpu0_0] Sync pending: 428 items
Epoch 15 | val_loss: 0.85891, val_acc: 0.78360, train_loss: 1.79343, train_acc: 0.45880
[slurm61982231_gr001_gpu0_0] Sync pending: 432 items
Epoch 16 | val_loss: 0.87789, val_acc: 0.77880, train_loss: 1.79991, train_acc: 0.45991
Epoch 17 | val_loss: 0.84755, val_acc: 0.79740, train_loss: 1.78918, train_acc: 0.46816
[slurm61982231_gr001_gpu0_0] Sync pending: 432 items
Epoch 18 | val_loss: 0.81440, val_acc: 0.78800, train_loss: 1.76578, train_acc: 0.47376
[slurm61982231_gr001_gpu0_0] Sync pending: 436 items
Epoch 19 | val_loss: 0.87689, val_acc: 0.76420, train_loss: 1.75001, train_acc: 0.47816
Epoch 20 | val_loss: 0.77620, val_acc: 0.81080, train_loss: 1.75085, train_acc: 0.49440
[slurm61982231_gr001_gpu0_0] Sync pending: 436 items
Epoch 21 | val_loss: 0.87325, val_acc: 0.78800, train_loss: 1.73433, train_acc: 0.46798
[slurm61982231_gr001_gpu0_0] Sync pending: 440 items
Epoch 22 | val_loss: 0.76218, val_acc: 0.81780, train_loss: 1.74414, train_acc: 0.49007
Epoch 23 | val_loss: 0.89511, val_acc: 0.79300, train_loss: 1.71176, train_acc: 0.48291
[slurm61982231_gr001_gpu0_0] Sync pending: 440 items
Epoch 24 | val_loss: 0.79467, val_acc: 0.81100, train_loss: 1.73768, train_acc: 0.47273
Epoch 25 | val_loss: 0.83549, val_acc: 0.82040, train_loss: 1.71710, train_acc: 0.48744
[slurm61982231_gr001_gpu0_0] Sync pending: 448 items
Epoch 26 | val_loss: 0.77904, val_acc: 0.82000, train_loss: 1.71026, train_acc: 0.49256
[slurm61982231_gr001_gpu0_0] Sync pending: 452 items
Epoch 27 | val_loss: 0.85131, val_acc: 0.81980, train_loss: 1.72171, train_acc: 0.49816
Epoch 28 | val_loss: 0.83723, val_acc: 0.82560, train_loss: 1.69223, train_acc: 0.49600
[slurm61982231_gr001_gpu0_0] Sync pending: 456 items
Epoch 29 | val_loss: 0.75069, val_acc: 0.84660, train_loss: 1.70231, train_acc: 0.50700
[slurm61982231_gr001_gpu0_0] Sync pending: 456 items
Epoch 30 | val_loss: 0.76157, val_acc: 0.84060, train_loss: 1.70223, train_acc: 0.49962
Epoch 31 | val_loss: 0.79896, val_acc: 0.83560, train_loss: 1.67719, train_acc: 0.48653
[slurm61982231_gr001_gpu0_0] Sync pending: 460 items
Epoch 32 | val_loss: 0.76039, val_acc: 0.84280, train_loss: 1.70239, train_acc: 0.47856
[slurm61982231_gr001_gpu0_0] Sync pending: 464 items
Epoch 33 | val_loss: 0.76431, val_acc: 0.84600, train_loss: 1.67745, train_acc: 0.52736
Epoch 34 | val_loss: 0.73175, val_acc: 0.84600, train_loss: 1.66270, train_acc: 0.51298
[slurm61982231_gr001_gpu0_0] Sync pending: 468 items
Epoch 35 | val_loss: 0.72346, val_acc: 0.85500, train_loss: 1.66545, train_acc: 0.51069
Epoch 36 | val_loss: 0.73159, val_acc: 0.85900, train_loss: 1.66605, train_acc: 0.49509
[slurm61982231_gr001_gpu0_0] Sync pending: 472 items
Epoch 37 | val_loss: 0.77544, val_acc: 0.84920, train_loss: 1.66075, train_acc: 0.52524
[slurm61982231_gr001_gpu0_0] Sync pending: 472 items
Epoch 38 | val_loss: 0.73513, val_acc: 0.85980, train_loss: 1.66335, train_acc: 0.51642
Epoch 39 | val_loss: 0.71961, val_acc: 0.86240, train_loss: 1.66531, train_acc: 0.53033
[slurm61982231_gr001_gpu0_0] Sync pending: 472 items
Epoch 40 | val_loss: 0.71925, val_acc: 0.86000, train_loss: 1.67075, train_acc: 0.52429
[slurm61982231_gr001_gpu0_0] Sync pending: 476 items
Epoch 41 | val_loss: 0.74669, val_acc: 0.86200, train_loss: 1.66167, train_acc: 0.51433
Epoch 42 | val_loss: 0.69394, val_acc: 0.86140, train_loss: 1.66130, train_acc: 0.52207
[slurm61982231_gr001_gpu0_0] Sync pending: 476 items
Epoch 43 | val_loss: 0.71936, val_acc: 0.86020, train_loss: 1.65560, train_acc: 0.53071
[slurm61982231_gr001_gpu0_0] Sync pending: 480 items
Epoch 44 | val_loss: 0.72030, val_acc: 0.86580, train_loss: 1.66294, train_acc: 0.50562
Epoch 45 | val_loss: 0.71033, val_acc: 0.86220, train_loss: 1.66192, train_acc: 0.52058
[slurm61982231_gr001_gpu0_0] Sync pending: 480 items
Epoch 46 | val_loss: 0.71443, val_acc: 0.86080, train_loss: 1.66317, train_acc: 0.52853
Epoch 47 | val_loss: 0.70248, val_acc: 0.86500, train_loss: 1.64099, train_acc: 0.54884
[slurm61982231_gr001_gpu0_0] Sync pending: 480 items
Epoch 48 | val_loss: 0.70996, val_acc: 0.86360, train_loss: 1.63501, train_acc: 0.55182
[slurm61982231_gr001_gpu0_0] Sync pending: 480 items
Epoch 49 | val_loss: 0.70783, val_acc: 0.86440, train_loss: 1.65778, train_acc: 0.50931
[slurm61982231_gr001_gpu0_0] Job ed427795-d0df-4c3d-aeb8-83b2606de1a3 completed successfully
[slurm61982231_gr001_gpu0_0] Claimed job 6d0f8e01-85e6-47bb-bcf7-e381f501b64b (priority=165)
[slurm61982231_gr001_gpu0_0] Executing job 6d0f8e01-85e6-47bb-bcf7-e381f501b64b with _target_=dr_exp.trainers.decon_trainer.train_classification
Epoch 0 | val_loss: 2.36892, val_acc: 0.15234
`Trainer.fit` stopped: `max_epochs=50` reached.
GPU available: True (cuda), used: True
TPU available: False, using: 0 TPU cores
HPU available: False, using: 0 HPUs
LOCAL_RANK: 0 - CUDA_VISIBLE_DEVICES: [0]

  | Name      | Type             | Params | Mode 
-------------------------------------------------------
0 | model     | CifarResNet18    | 11.2 M | train
1 | criterion | CrossEntropyLoss | 0      | train
-------------------------------------------------------
11.2 M    Trainable params
0         Non-trainable params
11.2 M    Total params
44.696    Total estimated model params size (MB)
70        Modules in train mode
0         Modules in eval mode
SLURM auto-requeueing enabled. Setting signal handlers.
Epoch 0 | val_loss: 2.34578, val_acc: 0.11720
[slurm61982231_gr001_gpu0_0] Sync pending: 484 items
Epoch 1 | val_loss: 1.46969, val_acc: 0.46720, train_loss: 2.33578, train_acc: 0.11440
Epoch 2 | val_loss: 1.22322, val_acc: 0.57840, train_loss: 1.83412, train_acc: 0.37238
[slurm61982231_gr001_gpu0_0] Sync pending: 484 items
Epoch 3 | val_loss: 0.86793, val_acc: 0.71920, train_loss: 1.55175, train_acc: 0.52660
Epoch 4 | val_loss: 0.81672, val_acc: 0.72820, train_loss: 1.30934, train_acc: 0.64787
[slurm61982231_gr001_gpu0_0] Sync pending: 484 items
Epoch 5 | val_loss: 0.78970, val_acc: 0.74300, train_loss: 1.17719, train_acc: 0.70913
[slurm61982231_gr001_gpu0_0] Sync pending: 488 items
Epoch 6 | val_loss: 0.81660, val_acc: 0.73280, train_loss: 1.09345, train_acc: 0.74684
Epoch 7 | val_loss: 0.62394, val_acc: 0.80640, train_loss: 1.01684, train_acc: 0.78013
[slurm61982231_gr001_gpu0_0] Sync pending: 488 items
Epoch 8 | val_loss: 0.67859, val_acc: 0.78440, train_loss: 0.95858, train_acc: 0.80620
Epoch 9 | val_loss: 0.63451, val_acc: 0.80080, train_loss: 0.91785, train_acc: 0.82280
[slurm61982231_gr001_gpu0_0] Sync pending: 488 items
Epoch 10 | val_loss: 0.58564, val_acc: 0.82200, train_loss: 0.88904, train_acc: 0.83384
Epoch 11 | val_loss: 0.60698, val_acc: 0.81560, train_loss: 0.86629, train_acc: 0.84564
[slurm61982231_gr001_gpu0_0] Sync pending: 492 items
Epoch 12 | val_loss: 0.59083, val_acc: 0.81240, train_loss: 0.84516, train_acc: 0.85262
Epoch 13 | val_loss: 0.57390, val_acc: 0.82580, train_loss: 0.82971, train_acc: 0.85811
[slurm61982231_gr001_gpu0_0] Sync pending: 492 items
Epoch 14 | val_loss: 0.54107, val_acc: 0.84160, train_loss: 0.80814, train_acc: 0.86787
Epoch 15 | val_loss: 0.50433, val_acc: 0.85320, train_loss: 0.79783, train_acc: 0.87260
[slurm61982231_gr001_gpu0_0] Sync pending: 500 items
Epoch 16 | val_loss: 0.49296, val_acc: 0.85940, train_loss: 0.78412, train_acc: 0.87696
Epoch 17 | val_loss: 0.48475, val_acc: 0.85360, train_loss: 0.76861, train_acc: 0.88549
[slurm61982231_gr001_gpu0_0] Sync pending: 504 items
Epoch 18 | val_loss: 0.48521, val_acc: 0.85320, train_loss: 0.75752, train_acc: 0.88991
Epoch 19 | val_loss: 0.48893, val_acc: 0.85860, train_loss: 0.74670, train_acc: 0.89538
[slurm61982231_gr001_gpu0_0] Sync pending: 508 items
Epoch 20 | val_loss: 0.47575, val_acc: 0.86580, train_loss: 0.73582, train_acc: 0.89913
[slurm61982231_gr001_gpu0_0] Sync pending: 520 items
Epoch 21 | val_loss: 0.45972, val_acc: 0.86040, train_loss: 0.72845, train_acc: 0.90322
Epoch 22 | val_loss: 0.44994, val_acc: 0.87240, train_loss: 0.71950, train_acc: 0.90662
[slurm61982231_gr001_gpu0_0] Sync pending: 524 items
Epoch 23 | val_loss: 0.45132, val_acc: 0.86980, train_loss: 0.70984, train_acc: 0.91062
Epoch 24 | val_loss: 0.44572, val_acc: 0.87080, train_loss: 0.69951, train_acc: 0.91640
[slurm61982231_gr001_gpu0_0] Sync pending: 524 items
Epoch 25 | val_loss: 0.40506, val_acc: 0.88500, train_loss: 0.69242, train_acc: 0.91829
Epoch 26 | val_loss: 0.39758, val_acc: 0.88940, train_loss: 0.68045, train_acc: 0.92433
[slurm61982231_gr001_gpu0_0] Sync pending: 524 items
Epoch 27 | val_loss: 0.46127, val_acc: 0.86400, train_loss: 0.67024, train_acc: 0.92771
Epoch 28 | val_loss: 0.36430, val_acc: 0.89640, train_loss: 0.66094, train_acc: 0.93253
[slurm61982231_gr001_gpu0_0] Sync pending: 524 items
Epoch 29 | val_loss: 0.34989, val_acc: 0.90820, train_loss: 0.65229, train_acc: 0.93678
Epoch 30 | val_loss: 0.37425, val_acc: 0.89980, train_loss: 0.63955, train_acc: 0.94100
[slurm61982231_gr001_gpu0_0] Sync pending: 528 items
Epoch 31 | val_loss: 0.36754, val_acc: 0.90040, train_loss: 0.62907, train_acc: 0.94591
Epoch 32 | val_loss: 0.36951, val_acc: 0.90040, train_loss: 0.61851, train_acc: 0.95129
[slurm61982231_gr001_gpu0_0] Sync pending: 528 items
Epoch 33 | val_loss: 0.36907, val_acc: 0.89540, train_loss: 0.60746, train_acc: 0.95702
Epoch 34 | val_loss: 0.33831, val_acc: 0.91060, train_loss: 0.59558, train_acc: 0.96178
[slurm61982231_gr001_gpu0_0] Sync pending: 532 items
Epoch 35 | val_loss: 0.31648, val_acc: 0.92020, train_loss: 0.58909, train_acc: 0.96391
Epoch 36 | val_loss: 0.32197, val_acc: 0.91940, train_loss: 0.57601, train_acc: 0.97033
[slurm61982231_gr001_gpu0_0] Sync pending: 540 items
Epoch 37 | val_loss: 0.30350, val_acc: 0.92560, train_loss: 0.56722, train_acc: 0.97518
[slurm61982231_gr001_gpu0_0] Sync pending: 540 items
Epoch 38 | val_loss: 0.29889, val_acc: 0.93060, train_loss: 0.56001, train_acc: 0.97700
Epoch 39 | val_loss: 0.30598, val_acc: 0.92760, train_loss: 0.54879, train_acc: 0.98240
[slurm61982231_gr001_gpu0_0] Sync pending: 544 items
Epoch 40 | val_loss: 0.30466, val_acc: 0.92640, train_loss: 0.54360, train_acc: 0.98460
Epoch 41 | val_loss: 0.28999, val_acc: 0.92980, train_loss: 0.53729, train_acc: 0.98702
[slurm61982231_gr001_gpu0_0] Sync pending: 544 items
Epoch 42 | val_loss: 0.28358, val_acc: 0.93260, train_loss: 0.53163, train_acc: 0.98993
Epoch 43 | val_loss: 0.28207, val_acc: 0.93460, train_loss: 0.52698, train_acc: 0.99160
[slurm61982231_gr001_gpu0_0] Sync pending: 548 items
Epoch 44 | val_loss: 0.27827, val_acc: 0.93720, train_loss: 0.52393, train_acc: 0.99293
Epoch 45 | val_loss: 0.27571, val_acc: 0.93720, train_loss: 0.52192, train_acc: 0.99389
[slurm61982231_gr001_gpu0_0] Sync pending: 548 items
Epoch 46 | val_loss: 0.27715, val_acc: 0.93840, train_loss: 0.52107, train_acc: 0.99433
Epoch 47 | val_loss: 0.27249, val_acc: 0.93880, train_loss: 0.51822, train_acc: 0.99511
[slurm61982231_gr001_gpu0_0] Sync pending: 548 items
Epoch 48 | val_loss: 0.27238, val_acc: 0.94000, train_loss: 0.51769, train_acc: 0.99520
Epoch 49 | val_loss: 0.27229, val_acc: 0.93960, train_loss: 0.51802, train_acc: 0.99547
[slurm61982231_gr001_gpu0_0] Job 6d0f8e01-85e6-47bb-bcf7-e381f501b64b completed successfully
[slurm61982231_gr001_gpu0_0] Claimed job a53f719b-3531-4d92-95f8-4baeed7ccde5 (priority=135)
[slurm61982231_gr001_gpu0_0] Executing job a53f719b-3531-4d92-95f8-4baeed7ccde5 with _target_=dr_exp.trainers.decon_trainer.train_classification
[slurm61982231_gr001_gpu0_0] Sync pending: 552 items
Epoch 0 | val_loss: 2.30270, val_acc: 0.08984
`Trainer.fit` stopped: `max_epochs=50` reached.
GPU available: True (cuda), used: True
TPU available: False, using: 0 TPU cores
HPU available: False, using: 0 HPUs
LOCAL_RANK: 0 - CUDA_VISIBLE_DEVICES: [0]

  | Name      | Type             | Params | Mode 
-------------------------------------------------------
0 | model     | CifarAlexNet     | 2.4 M  | train
1 | criterion | CrossEntropyLoss | 0      | train
-------------------------------------------------------
2.4 M     Trainable params
0         Non-trainable params
2.4 M     Total params
9.768     Total estimated model params size (MB)
24        Modules in train mode
0         Modules in eval mode
SLURM auto-requeueing enabled. Setting signal handlers.
Epoch 0 | val_loss: 1.44508, val_acc: 0.48620
[slurm61982231_gr001_gpu0_0] Sync pending: 556 items
Epoch 1 | val_loss: 1.04959, val_acc: 0.63740, train_loss: 1.84611, train_acc: 0.36676
Epoch 2 | val_loss: 0.90152, val_acc: 0.70260, train_loss: 1.40475, train_acc: 0.59167
[slurm61982231_gr001_gpu0_0] Sync pending: 556 items
Epoch 3 | val_loss: 0.92880, val_acc: 0.68640, train_loss: 1.18254, train_acc: 0.69793
Epoch 4 | val_loss: 0.76987, val_acc: 0.75260, train_loss: 1.06923, train_acc: 0.75047
[slurm61982231_gr001_gpu0_0] Sync pending: 556 items
Epoch 5 | val_loss: 0.68583, val_acc: 0.78000, train_loss: 1.01123, train_acc: 0.77740
Epoch 6 | val_loss: 0.71860, val_acc: 0.77260, train_loss: 0.96934, train_acc: 0.79516
[slurm61982231_gr001_gpu0_0] Sync pending: 560 items
Epoch 7 | val_loss: 0.73308, val_acc: 0.76740, train_loss: 0.93715, train_acc: 0.81042
Epoch 8 | val_loss: 0.65165, val_acc: 0.80640, train_loss: 0.90548, train_acc: 0.82336
[slurm61982231_gr001_gpu0_0] Sync pending: 560 items
Epoch 9 | val_loss: 0.58719, val_acc: 0.82580, train_loss: 0.88860, train_acc: 0.83129
Epoch 10 | val_loss: 0.64881, val_acc: 0.80380, train_loss: 0.87034, train_acc: 0.83969
[slurm61982231_gr001_gpu0_0] Sync pending: 560 items
Epoch 11 | val_loss: 0.77541, val_acc: 0.75880, train_loss: 0.85485, train_acc: 0.84522
Epoch 12 | val_loss: 0.55223, val_acc: 0.82600, train_loss: 0.84278, train_acc: 0.85004
[slurm61982231_gr001_gpu0_0] Sync pending: 564 items
Epoch 13 | val_loss: 0.52912, val_acc: 0.83920, train_loss: 0.82787, train_acc: 0.85831
Epoch 14 | val_loss: 0.52407, val_acc: 0.84200, train_loss: 0.82153, train_acc: 0.86076
[slurm61982231_gr001_gpu0_0] Sync pending: 564 items
Epoch 15 | val_loss: 0.57444, val_acc: 0.82320, train_loss: 0.81280, train_acc: 0.86600
Epoch 16 | val_loss: 0.59327, val_acc: 0.82320, train_loss: 0.81117, train_acc: 0.86489
[slurm61982231_gr001_gpu0_0] Sync pending: 572 items
Epoch 17 | val_loss: 0.52045, val_acc: 0.84860, train_loss: 0.80298, train_acc: 0.86804
Epoch 18 | val_loss: 0.55871, val_acc: 0.83060, train_loss: 0.79685, train_acc: 0.87129
[slurm61982231_gr001_gpu0_0] Sync pending: 576 items
Epoch 19 | val_loss: 0.51366, val_acc: 0.84660, train_loss: 0.79218, train_acc: 0.87382
Epoch 20 | val_loss: 0.72132, val_acc: 0.77420, train_loss: 0.78759, train_acc: 0.87464
[slurm61982231_gr001_gpu0_0] Sync pending: 584 items
Epoch 21 | val_loss: 0.53608, val_acc: 0.83680, train_loss: 0.78358, train_acc: 0.87636
Epoch 22 | val_loss: 0.51984, val_acc: 0.84860, train_loss: 0.78168, train_acc: 0.87738
[slurm61982231_gr001_gpu0_0] Sync pending: 592 items
Epoch 23 | val_loss: 0.49043, val_acc: 0.84960, train_loss: 0.78379, train_acc: 0.87700
Epoch 24 | val_loss: 0.60733, val_acc: 0.81260, train_loss: 0.76963, train_acc: 0.88322
Epoch 25 | val_loss: 0.45115, val_acc: 0.86740, train_loss: 0.77241, train_acc: 0.88171
[slurm61982231_gr001_gpu0_0] Sync pending: 596 items
Epoch 26 | val_loss: 0.53715, val_acc: 0.83360, train_loss: 0.76845, train_acc: 0.88367
Epoch 27 | val_loss: 0.52635, val_acc: 0.84700, train_loss: 0.76512, train_acc: 0.88511
[slurm61982231_gr001_gpu0_0] Sync pending: 596 items
Epoch 28 | val_loss: 0.50029, val_acc: 0.85240, train_loss: 0.76387, train_acc: 0.88616
[slurm61982231_gr001_gpu0_0] Sync pending: 596 items
Epoch 29 | val_loss: 0.55462, val_acc: 0.82960, train_loss: 0.75875, train_acc: 0.88722
Epoch 30 | val_loss: 0.34151, val_acc: 0.91180, train_loss: 0.75600, train_acc: 0.88860
[slurm61982231_gr001_gpu0_0] Sync pending: 596 items
Epoch 31 | val_loss: 0.32871, val_acc: 0.91920, train_loss: 0.65901, train_acc: 0.93400
Epoch 32 | val_loss: 0.32259, val_acc: 0.91800, train_loss: 0.62037, train_acc: 0.95024
[slurm61982231_gr001_gpu0_0] Sync pending: 600 items
Epoch 33 | val_loss: 0.32268, val_acc: 0.91980, train_loss: 0.60659, train_acc: 0.95716
Epoch 34 | val_loss: 0.32169, val_acc: 0.91880, train_loss: 0.60075, train_acc: 0.95909
[slurm61982231_gr001_gpu0_0] Sync pending: 604 items
Epoch 35 | val_loss: 0.31798, val_acc: 0.92060, train_loss: 0.59209, train_acc: 0.96347
Epoch 36 | val_loss: 0.32372, val_acc: 0.91940, train_loss: 0.58774, train_acc: 0.96527
[slurm61982231_gr001_gpu0_0] Sync pending: 608 items
Epoch 37 | val_loss: 0.32328, val_acc: 0.91780, train_loss: 0.58106, train_acc: 0.96791
Epoch 38 | val_loss: 0.31311, val_acc: 0.92320, train_loss: 0.57530, train_acc: 0.97109
[slurm61982231_gr001_gpu0_0] Sync pending: 612 items
Epoch 39 | val_loss: 0.31543, val_acc: 0.92020, train_loss: 0.57324, train_acc: 0.97118
Epoch 40 | val_loss: 0.31139, val_acc: 0.92220, train_loss: 0.56938, train_acc: 0.97291
[slurm61982231_gr001_gpu0_0] Sync pending: 616 items
Epoch 41 | val_loss: 0.31800, val_acc: 0.92080, train_loss: 0.56735, train_acc: 0.97407
Epoch 42 | val_loss: 0.30950, val_acc: 0.92400, train_loss: 0.56081, train_acc: 0.97664
Epoch 43 | val_loss: 0.32022, val_acc: 0.92120, train_loss: 0.55769, train_acc: 0.97822
[slurm61982231_gr001_gpu0_0] Sync pending: 616 items
Epoch 44 | val_loss: 0.32331, val_acc: 0.91600, train_loss: 0.55581, train_acc: 0.97809
Epoch 45 | val_loss: 0.31228, val_acc: 0.92520, train_loss: 0.55460, train_acc: 0.97911
[slurm61982231_gr001_gpu0_0] Sync pending: 620 items
Epoch 46 | val_loss: 0.31843, val_acc: 0.92100, train_loss: 0.55131, train_acc: 0.98084
Epoch 47 | val_loss: 0.32398, val_acc: 0.92120, train_loss: 0.55020, train_acc: 0.98027
[slurm61982231_gr001_gpu0_0] Sync pending: 620 items
Epoch 48 | val_loss: 0.31967, val_acc: 0.92420, train_loss: 0.54706, train_acc: 0.98240
Epoch 49 | val_loss: 0.31850, val_acc: 0.92080, train_loss: 0.54843, train_acc: 0.98104
[slurm61982231_gr001_gpu0_0] Job a53f719b-3531-4d92-95f8-4baeed7ccde5 completed successfully
[slurm61982231_gr001_gpu0_0] Claimed job 1fef0346-cc21-4e79-a5c8-e92b9d876f4c (priority=105)
[slurm61982231_gr001_gpu0_0] Executing job 1fef0346-cc21-4e79-a5c8-e92b9d876f4c with _target_=dr_exp.trainers.decon_trainer.train_classification
[slurm61982231_gr001_gpu0_0] Sync pending: 624 items
Epoch 0 | val_loss: 2.32220, val_acc: 0.08594
`Trainer.fit` stopped: `max_epochs=50` reached.
