2025-06-12 01:53:33,894 - dr_exp.worker.launcher - INFO - Starting launcher on node gr043
2025-06-12 01:53:33,894 - dr_exp.worker.launcher - INFO - Found 1 GPUs: [0]
2025-06-12 01:53:33,894 - dr_exp.worker.launcher - INFO - Spawning worker slurm61982158_gr043_gpu0_0 on GPU 0
2025-06-12 01:53:34,009 - dr_exp.worker.launcher - INFO - Running maintenance
2025-06-12 01:53:34,025 - dr_exp.worker.launcher - INFO - Workers alive: 1
2025-06-12 01:53:34,040 - dr_exp.worker.launcher - INFO - Jobs queued: 86
2025-06-12 01:53:34,040 - dr_exp.worker.launcher - INFO - Runtime: 0.0 hours
2025-06-12 02:03:34,735 - dr_exp.worker.launcher - INFO - Running maintenance
2025-06-12 02:03:34,753 - dr_exp.worker.launcher - INFO - Workers alive: 1
2025-06-12 02:03:34,770 - dr_exp.worker.launcher - INFO - Jobs queued: 98
2025-06-12 02:03:34,770 - dr_exp.worker.launcher - INFO - Runtime: 0.2 hours
2025-06-12 02:13:35,573 - dr_exp.worker.launcher - INFO - Running maintenance
2025-06-12 02:13:35,592 - dr_exp.worker.launcher - INFO - Workers alive: 1
2025-06-12 02:13:35,611 - dr_exp.worker.launcher - INFO - Jobs queued: 111
2025-06-12 02:13:35,611 - dr_exp.worker.launcher - INFO - Runtime: 0.3 hours
2025-06-12 02:23:36,414 - dr_exp.worker.launcher - INFO - Running maintenance
2025-06-12 02:23:36,432 - dr_exp.worker.launcher - INFO - Workers alive: 1
2025-06-12 02:23:36,451 - dr_exp.worker.launcher - INFO - Jobs queued: 99
2025-06-12 02:23:36,451 - dr_exp.worker.launcher - INFO - Runtime: 0.5 hours
2025-06-12 02:33:37,257 - dr_exp.worker.launcher - INFO - Running maintenance
2025-06-12 02:33:37,276 - dr_exp.worker.launcher - INFO - Workers alive: 1
2025-06-12 02:33:37,294 - dr_exp.worker.launcher - INFO - Jobs queued: 91
2025-06-12 02:33:37,294 - dr_exp.worker.launcher - INFO - Runtime: 0.7 hours
2025-06-12 02:43:38,102 - dr_exp.worker.launcher - INFO - Running maintenance
2025-06-12 02:43:38,121 - dr_exp.worker.launcher - INFO - Workers alive: 1
2025-06-12 02:43:38,140 - dr_exp.worker.launcher - INFO - Jobs queued: 78
2025-06-12 02:43:38,140 - dr_exp.worker.launcher - INFO - Runtime: 0.8 hours
2025-06-12 02:53:38,962 - dr_exp.worker.launcher - INFO - Running maintenance
2025-06-12 02:53:38,981 - dr_exp.worker.launcher - INFO - Workers alive: 1
2025-06-12 02:53:38,999 - dr_exp.worker.launcher - INFO - Jobs queued: 64
2025-06-12 02:53:38,999 - dr_exp.worker.launcher - INFO - Runtime: 1.0 hours
2025-06-12 03:03:39,806 - dr_exp.worker.launcher - INFO - Running maintenance
2025-06-12 03:03:39,825 - dr_exp.worker.launcher - INFO - Workers alive: 1
2025-06-12 03:03:39,843 - dr_exp.worker.launcher - INFO - Jobs queued: 53
2025-06-12 03:03:39,843 - dr_exp.worker.launcher - INFO - Runtime: 1.2 hours
2025-06-12 03:13:40,648 - dr_exp.worker.launcher - INFO - Running maintenance
2025-06-12 03:13:40,667 - dr_exp.worker.launcher - INFO - Workers alive: 1
2025-06-12 03:13:40,685 - dr_exp.worker.launcher - INFO - Jobs queued: 42
2025-06-12 03:13:40,685 - dr_exp.worker.launcher - INFO - Runtime: 1.3 hours
2025-06-12 03:23:41,504 - dr_exp.worker.launcher - INFO - Running maintenance
2025-06-12 03:23:41,523 - dr_exp.worker.launcher - INFO - Workers alive: 1
2025-06-12 03:23:41,540 - dr_exp.worker.launcher - INFO - Jobs queued: 28
2025-06-12 03:23:41,540 - dr_exp.worker.launcher - INFO - Runtime: 1.5 hours
2025-06-12 03:33:42,312 - dr_exp.worker.launcher - INFO - Running maintenance
2025-06-12 03:33:42,330 - dr_exp.worker.launcher - INFO - Workers alive: 1
2025-06-12 03:33:42,347 - dr_exp.worker.launcher - INFO - Jobs queued: 13
2025-06-12 03:33:42,347 - dr_exp.worker.launcher - INFO - Runtime: 1.7 hours
2025-06-12 03:43:43,101 - dr_exp.worker.launcher - INFO - Running maintenance
2025-06-12 03:43:43,119 - dr_exp.worker.launcher - INFO - Workers alive: 1
2025-06-12 03:43:43,135 - dr_exp.worker.launcher - INFO - Jobs queued: 0
2025-06-12 03:43:43,135 - dr_exp.worker.launcher - INFO - Runtime: 1.8 hours
2025-06-12 03:53:43,834 - dr_exp.worker.launcher - INFO - Running maintenance
2025-06-12 03:53:43,852 - dr_exp.worker.launcher - INFO - Workers alive: 1
2025-06-12 03:53:43,868 - dr_exp.worker.launcher - INFO - Jobs queued: 0
2025-06-12 03:53:43,868 - dr_exp.worker.launcher - INFO - Runtime: 2.0 hours
2025-06-12 04:03:44,545 - dr_exp.worker.launcher - INFO - Running maintenance
2025-06-12 04:03:44,563 - dr_exp.worker.launcher - INFO - Workers alive: 1
2025-06-12 04:03:44,580 - dr_exp.worker.launcher - INFO - Jobs queued: 0
2025-06-12 04:03:44,580 - dr_exp.worker.launcher - INFO - Runtime: 2.2 hours
2025-06-12 04:13:45,234 - dr_exp.worker.launcher - INFO - Running maintenance
2025-06-12 04:13:45,250 - dr_exp.worker.launcher - INFO - Workers alive: 1
2025-06-12 04:13:45,267 - dr_exp.worker.launcher - INFO - Jobs queued: 0
2025-06-12 04:13:45,267 - dr_exp.worker.launcher - INFO - Runtime: 2.3 hours
2025-06-12 04:23:45,935 - dr_exp.worker.launcher - INFO - Running maintenance
2025-06-12 04:23:45,952 - dr_exp.worker.launcher - INFO - Workers alive: 1
2025-06-12 04:23:45,967 - dr_exp.worker.launcher - INFO - Jobs queued: 0
2025-06-12 04:23:45,967 - dr_exp.worker.launcher - INFO - Runtime: 2.5 hours
2025-06-12 04:33:46,636 - dr_exp.worker.launcher - INFO - Running maintenance
2025-06-12 04:33:46,652 - dr_exp.worker.launcher - INFO - Workers alive: 1
2025-06-12 04:33:46,669 - dr_exp.worker.launcher - INFO - Jobs queued: 0
2025-06-12 04:33:46,669 - dr_exp.worker.launcher - INFO - Runtime: 2.7 hours
2025-06-12 04:43:47,336 - dr_exp.worker.launcher - INFO - Running maintenance
2025-06-12 04:43:47,352 - dr_exp.worker.launcher - INFO - Workers alive: 1
2025-06-12 04:43:47,368 - dr_exp.worker.launcher - INFO - Jobs queued: 0
2025-06-12 04:43:47,368 - dr_exp.worker.launcher - INFO - Runtime: 2.8 hours
2025-06-12 04:53:48,039 - dr_exp.worker.launcher - INFO - Running maintenance
2025-06-12 04:53:48,055 - dr_exp.worker.launcher - INFO - Workers alive: 1
2025-06-12 04:53:48,071 - dr_exp.worker.launcher - INFO - Jobs queued: 0
2025-06-12 04:53:48,071 - dr_exp.worker.launcher - INFO - Runtime: 3.0 hours
2025-06-12 05:03:48,726 - dr_exp.worker.launcher - INFO - Running maintenance
2025-06-12 05:03:48,742 - dr_exp.worker.launcher - INFO - Workers alive: 1
2025-06-12 05:03:48,757 - dr_exp.worker.launcher - INFO - Jobs queued: 0
2025-06-12 05:03:48,757 - dr_exp.worker.launcher - INFO - Runtime: 3.2 hours
2025-06-12 05:13:49,411 - dr_exp.worker.launcher - INFO - Running maintenance
2025-06-12 05:13:49,428 - dr_exp.worker.launcher - INFO - Workers alive: 1
2025-06-12 05:13:49,443 - dr_exp.worker.launcher - INFO - Jobs queued: 0
2025-06-12 05:13:49,443 - dr_exp.worker.launcher - INFO - Runtime: 3.3 hours
2025-06-12 05:23:50,100 - dr_exp.worker.launcher - INFO - Running maintenance
2025-06-12 05:23:50,116 - dr_exp.worker.launcher - INFO - Workers alive: 1
2025-06-12 05:23:50,132 - dr_exp.worker.launcher - INFO - Jobs queued: 0
2025-06-12 05:23:50,132 - dr_exp.worker.launcher - INFO - Runtime: 3.5 hours
2025-06-12 05:33:50,801 - dr_exp.worker.launcher - INFO - Running maintenance
2025-06-12 05:33:50,818 - dr_exp.worker.launcher - INFO - Workers alive: 1
2025-06-12 05:33:50,833 - dr_exp.worker.launcher - INFO - Jobs queued: 0
2025-06-12 05:33:50,833 - dr_exp.worker.launcher - INFO - Runtime: 3.7 hours
2025-06-12 05:43:51,493 - dr_exp.worker.launcher - INFO - Running maintenance
2025-06-12 05:43:51,511 - dr_exp.worker.launcher - INFO - Workers alive: 1
2025-06-12 05:43:51,527 - dr_exp.worker.launcher - INFO - Jobs queued: 0
2025-06-12 05:43:51,527 - dr_exp.worker.launcher - INFO - Runtime: 3.8 hours
2025-06-12 05:53:52,179 - dr_exp.worker.launcher - INFO - Running maintenance
2025-06-12 05:53:52,196 - dr_exp.worker.launcher - INFO - Workers alive: 1
2025-06-12 05:53:52,211 - dr_exp.worker.launcher - INFO - Jobs queued: 0
2025-06-12 05:53:52,211 - dr_exp.worker.launcher - INFO - Runtime: 4.0 hours
