GPU available: True (cuda), used: True
TPU available: False, using: 0 TPU cores
HPU available: False, using: 0 HPUs
/scratch/ddr8143/repos/dr_exp/.venv/lib/python3.12/site-packages/lightning/pytorch/trainer/connectors/logger_connector/logger_connector.py:76: Starting from v1.9.0, `tensorboardX` has been removed as a dependency of the `lightning.pytorch` package, due to potential conflicts with other packages in the ML ecosystem. For this reason, `logger=True` will use `CSVLogger` as the default logger, unless the `tensorboard` or `tensorboardX` packages are found. Please `pip install lightning[extra]` or one of them to enable TensorBoard support by default
LOCAL_RANK: 0 - CUDA_VISIBLE_DEVICES: [0]

  | Name      | Type             | Params | Mode 
-------------------------------------------------------
0 | model     | CifarResNet18    | 11.2 M | train
1 | criterion | CrossEntropyLoss | 0      | train
-------------------------------------------------------
11.2 M    Trainable params
0         Non-trainable params
11.2 M    Total params
44.696    Total estimated model params size (MB)
70        Modules in train mode
0         Modules in eval mode
SLURM auto-requeueing enabled. Setting signal handlers.
[SyncHandler] Failed to initialize Supabase: Supabase URL and key must be provided or set in environment
[SyncHandler] Sync disabled - files will remain in queue
[slurm61982158_gr043_gpu0_0] Sync disabled - Supabase not available
Sync: enabled (Supabase not available - queue only)
Starting worker slurm61982158_gr043_gpu0_0
Experiment: cluster_t0 at /scratch/ddr8143/logs/dcnn_workers
------------------------------------------------------------
[slurm61982158_gr043_gpu0_0] Worker started
[slurm61982158_gr043_gpu0_0] Sync thread started
[slurm61982158_gr043_gpu0_0] Heartbeat thread started
[slurm61982158_gr043_gpu0_0] Claimed job 908f23a2-2094-4048-9753-1e10b8576050 (priority=200)
[slurm61982158_gr043_gpu0_0] Executing job 908f23a2-2094-4048-9753-1e10b8576050 with _target_=dr_exp.trainers.decon_trainer.train_classification
[slurm61982158_gr043_gpu0_0] Sync pending: 210 items
[slurm61982158_gr043_gpu0_0] Sync pending: 210 items
Epoch 0 | val_loss: 2.31510, val_acc: 0.11719
/scratch/ddr8143/repos/dr_exp/.venv/lib/python3.12/site-packages/torch/optim/lr_scheduler.py:198: UserWarning: The epoch parameter in `scheduler.step()` was not necessary and is being deprecated where possible. Please use `scheduler.step()` to step the scheduler. During the deprecation, if epoch is different from None, the closed form is used instead of the new chainable form, where available. Please open an issue if you are unable to replicate your use case: https://github.com/pytorch/pytorch/issues/new/choose.
  warnings.warn(EPOCH_DEPRECATION_WARNING, UserWarning)
`Trainer.fit` stopped: `max_epochs=50` reached.
GPU available: True (cuda), used: True
TPU available: False, using: 0 TPU cores
HPU available: False, using: 0 HPUs
LOCAL_RANK: 0 - CUDA_VISIBLE_DEVICES: [0]

  | Name      | Type             | Params | Mode 
-------------------------------------------------------
0 | model     | CifarResNet18    | 11.2 M | train
1 | criterion | CrossEntropyLoss | 0      | train
-------------------------------------------------------
11.2 M    Trainable params
0         Non-trainable params
11.2 M    Total params
44.696    Total estimated model params size (MB)
70        Modules in train mode
0         Modules in eval mode
SLURM auto-requeueing enabled. Setting signal handlers.
Epoch 0 | val_loss: 2.32185, val_acc: 0.09720
[slurm61982158_gr043_gpu0_0] Sync pending: 210 items
Epoch 1 | val_loss: 1.97083, val_acc: 0.30640, train_loss: 2.31845, train_acc: 0.10064
[slurm61982158_gr043_gpu0_0] Sync pending: 210 items
Epoch 2 | val_loss: 1.74945, val_acc: 0.38460, train_loss: 2.25259, train_acc: 0.15111
[slurm61982158_gr043_gpu0_0] Sync pending: 210 items
Epoch 3 | val_loss: 1.62610, val_acc: 0.44040, train_loss: 2.15827, train_acc: 0.22051
Epoch 4 | val_loss: 1.55576, val_acc: 0.49120, train_loss: 2.12617, train_acc: 0.24333
[slurm61982158_gr043_gpu0_0] Sync pending: 210 items
Epoch 5 | val_loss: 1.39815, val_acc: 0.52240, train_loss: 2.08329, train_acc: 0.26507
[slurm61982158_gr043_gpu0_0] Sync pending: 210 items
Epoch 6 | val_loss: 1.41594, val_acc: 0.52780, train_loss: 2.05363, train_acc: 0.28898
Epoch 7 | val_loss: 1.29943, val_acc: 0.59980, train_loss: 2.01230, train_acc: 0.31836
[slurm61982158_gr043_gpu0_0] Sync pending: 210 items
Epoch 8 | val_loss: 1.15314, val_acc: 0.65580, train_loss: 1.98060, train_acc: 0.35024
[slurm61982158_gr043_gpu0_0] Sync pending: 210 items
Epoch 9 | val_loss: 1.15243, val_acc: 0.63580, train_loss: 1.95388, train_acc: 0.37187
Epoch 10 | val_loss: 1.10271, val_acc: 0.67040, train_loss: 1.92655, train_acc: 0.39244
[slurm61982158_gr043_gpu0_0] Sync pending: 214 items
Epoch 11 | val_loss: 1.08557, val_acc: 0.67040, train_loss: 1.89230, train_acc: 0.39998
[slurm61982158_gr043_gpu0_0] Sync pending: 214 items
Epoch 12 | val_loss: 1.10130, val_acc: 0.70480, train_loss: 1.87745, train_acc: 0.39140
Epoch 13 | val_loss: 0.95742, val_acc: 0.73760, train_loss: 1.85173, train_acc: 0.39238
[slurm61982158_gr043_gpu0_0] Sync pending: 218 items
Epoch 14 | val_loss: 1.00930, val_acc: 0.71680, train_loss: 1.84626, train_acc: 0.42573
[slurm61982158_gr043_gpu0_0] Sync pending: 218 items
Epoch 15 | val_loss: 0.89325, val_acc: 0.75060, train_loss: 1.83141, train_acc: 0.43313
Epoch 16 | val_loss: 0.92905, val_acc: 0.75620, train_loss: 1.81951, train_acc: 0.43556
[slurm61982158_gr043_gpu0_0] Sync pending: 222 items
Epoch 17 | val_loss: 0.90652, val_acc: 0.76260, train_loss: 1.80511, train_acc: 0.46342
[slurm61982158_gr043_gpu0_0] Sync pending: 222 items
Epoch 18 | val_loss: 0.94780, val_acc: 0.73940, train_loss: 1.81339, train_acc: 0.43149
Epoch 19 | val_loss: 0.96220, val_acc: 0.74020, train_loss: 1.79152, train_acc: 0.44987
[slurm61982158_gr043_gpu0_0] Sync pending: 222 items
Epoch 20 | val_loss: 0.91523, val_acc: 0.75700, train_loss: 1.78256, train_acc: 0.46149
[slurm61982158_gr043_gpu0_0] Sync pending: 222 items
Epoch 21 | val_loss: 0.85831, val_acc: 0.78520, train_loss: 1.78678, train_acc: 0.45760
Epoch 22 | val_loss: 0.86685, val_acc: 0.78080, train_loss: 1.77235, train_acc: 0.46893
[slurm61982158_gr043_gpu0_0] Sync pending: 222 items
Epoch 23 | val_loss: 0.88584, val_acc: 0.78200, train_loss: 1.74648, train_acc: 0.46253
Epoch 24 | val_loss: 0.81936, val_acc: 0.80600, train_loss: 1.74950, train_acc: 0.46629
[slurm61982158_gr043_gpu0_0] Sync pending: 222 items
Epoch 25 | val_loss: 0.81313, val_acc: 0.80920, train_loss: 1.73380, train_acc: 0.45251
[slurm61982158_gr043_gpu0_0] Sync pending: 222 items
Epoch 26 | val_loss: 0.83989, val_acc: 0.80420, train_loss: 1.73880, train_acc: 0.47998
Epoch 27 | val_loss: 0.81320, val_acc: 0.82000, train_loss: 1.72659, train_acc: 0.46182
[slurm61982158_gr043_gpu0_0] Sync pending: 222 items
Epoch 28 | val_loss: 0.74584, val_acc: 0.81560, train_loss: 1.71271, train_acc: 0.47138
Epoch 29 | val_loss: 0.84627, val_acc: 0.81360, train_loss: 1.70332, train_acc: 0.48291
[slurm61982158_gr043_gpu0_0] Sync pending: 222 items
Epoch 30 | val_loss: 0.76466, val_acc: 0.81980, train_loss: 1.72860, train_acc: 0.46036
[slurm61982158_gr043_gpu0_0] Sync pending: 222 items
Epoch 31 | val_loss: 0.78481, val_acc: 0.81040, train_loss: 1.71401, train_acc: 0.47164
Epoch 32 | val_loss: 0.79762, val_acc: 0.82900, train_loss: 1.69976, train_acc: 0.50724
[slurm61982158_gr043_gpu0_0] Sync pending: 222 items
Epoch 33 | val_loss: 0.79373, val_acc: 0.82500, train_loss: 1.70378, train_acc: 0.49522
Epoch 34 | val_loss: 0.80389, val_acc: 0.82760, train_loss: 1.72952, train_acc: 0.46831
[slurm61982158_gr043_gpu0_0] Sync pending: 222 items
Epoch 35 | val_loss: 0.76230, val_acc: 0.83720, train_loss: 1.70150, train_acc: 0.50244
[slurm61982158_gr043_gpu0_0] Sync pending: 222 items
Epoch 36 | val_loss: 0.76799, val_acc: 0.83700, train_loss: 1.68463, train_acc: 0.53158
Epoch 37 | val_loss: 0.74084, val_acc: 0.83700, train_loss: 1.68356, train_acc: 0.51262
[slurm61982158_gr043_gpu0_0] Sync pending: 222 items
Epoch 38 | val_loss: 0.75857, val_acc: 0.83200, train_loss: 1.67994, train_acc: 0.49876
Epoch 39 | val_loss: 0.82502, val_acc: 0.83260, train_loss: 1.69784, train_acc: 0.49622
[slurm61982158_gr043_gpu0_0] Sync pending: 222 items
Epoch 40 | val_loss: 0.77373, val_acc: 0.84640, train_loss: 1.68163, train_acc: 0.52531
[slurm61982158_gr043_gpu0_0] Sync pending: 222 items
Epoch 41 | val_loss: 0.73929, val_acc: 0.83840, train_loss: 1.67867, train_acc: 0.48069
Epoch 42 | val_loss: 0.74168, val_acc: 0.84260, train_loss: 1.67260, train_acc: 0.52104
[slurm61982158_gr043_gpu0_0] Sync pending: 223 items
Epoch 43 | val_loss: 0.76420, val_acc: 0.84420, train_loss: 1.69806, train_acc: 0.50978
[slurm61982158_gr043_gpu0_0] Sync pending: 223 items
Epoch 44 | val_loss: 0.73046, val_acc: 0.84420, train_loss: 1.67784, train_acc: 0.52444
Epoch 45 | val_loss: 0.72375, val_acc: 0.84360, train_loss: 1.67164, train_acc: 0.47473
[slurm61982158_gr043_gpu0_0] Sync pending: 227 items
Epoch 46 | val_loss: 0.75016, val_acc: 0.84340, train_loss: 1.67057, train_acc: 0.52591
Epoch 47 | val_loss: 0.75553, val_acc: 0.84440, train_loss: 1.66477, train_acc: 0.50964
[slurm61982158_gr043_gpu0_0] Sync pending: 231 items
Epoch 48 | val_loss: 0.74329, val_acc: 0.84340, train_loss: 1.67802, train_acc: 0.51464
[slurm61982158_gr043_gpu0_0] Sync pending: 231 items
Epoch 49 | val_loss: 0.75819, val_acc: 0.84400, train_loss: 1.68119, train_acc: 0.52116
[slurm61982158_gr043_gpu0_0] Job 908f23a2-2094-4048-9753-1e10b8576050 completed successfully
[slurm61982158_gr043_gpu0_0] Claimed job 60b4d31d-8469-4f44-bf41-59a980c77125 (priority=240)
[slurm61982158_gr043_gpu0_0] Executing job 60b4d31d-8469-4f44-bf41-59a980c77125 with _target_=dr_exp.trainers.decon_trainer.train_classification
Epoch 0 | val_loss: 2.35407, val_acc: 0.12500
`Trainer.fit` stopped: `max_epochs=50` reached.
GPU available: True (cuda), used: True
TPU available: False, using: 0 TPU cores
HPU available: False, using: 0 HPUs
LOCAL_RANK: 0 - CUDA_VISIBLE_DEVICES: [0]

  | Name      | Type             | Params | Mode 
-------------------------------------------------------
0 | model     | CifarResNet18    | 11.2 M | train
1 | criterion | CrossEntropyLoss | 0      | train
-------------------------------------------------------
11.2 M    Trainable params
0         Non-trainable params
11.2 M    Total params
44.696    Total estimated model params size (MB)
70        Modules in train mode
0         Modules in eval mode
SLURM auto-requeueing enabled. Setting signal handlers.
Epoch 0 | val_loss: 2.33549, val_acc: 0.10140
[slurm61982158_gr043_gpu0_0] Sync pending: 235 items
Epoch 1 | val_loss: 1.62888, val_acc: 0.38800, train_loss: 2.33309, train_acc: 0.10776
Epoch 2 | val_loss: 1.37671, val_acc: 0.48540, train_loss: 1.88504, train_acc: 0.29376
[slurm61982158_gr043_gpu0_0] Sync pending: 235 items
Epoch 3 | val_loss: 1.16694, val_acc: 0.57400, train_loss: 1.49260, train_acc: 0.44502
[slurm61982158_gr043_gpu0_0] Sync pending: 239 items
Epoch 4 | val_loss: 1.09130, val_acc: 0.61280, train_loss: 1.24658, train_acc: 0.54791
Epoch 5 | val_loss: 0.81048, val_acc: 0.70960, train_loss: 1.03591, train_acc: 0.62947
[slurm61982158_gr043_gpu0_0] Sync pending: 239 items
Epoch 6 | val_loss: 0.82637, val_acc: 0.71040, train_loss: 0.87301, train_acc: 0.69309
Epoch 7 | val_loss: 0.69443, val_acc: 0.76520, train_loss: 0.74100, train_acc: 0.73920
[slurm61982158_gr043_gpu0_0] Sync pending: 239 items
Epoch 8 | val_loss: 0.57897, val_acc: 0.80080, train_loss: 0.64726, train_acc: 0.77180
Epoch 9 | val_loss: 0.57359, val_acc: 0.80060, train_loss: 0.58315, train_acc: 0.79507
[slurm61982158_gr043_gpu0_0] Sync pending: 239 items
Epoch 10 | val_loss: 0.61117, val_acc: 0.79740, train_loss: 0.52491, train_acc: 0.81653
Epoch 11 | val_loss: 0.53315, val_acc: 0.82340, train_loss: 0.47987, train_acc: 0.83207
[slurm61982158_gr043_gpu0_0] Sync pending: 243 items
Epoch 12 | val_loss: 0.59470, val_acc: 0.81080, train_loss: 0.44427, train_acc: 0.84384
[slurm61982158_gr043_gpu0_0] Sync pending: 243 items
Epoch 13 | val_loss: 0.65441, val_acc: 0.80120, train_loss: 0.41046, train_acc: 0.85676
Epoch 14 | val_loss: 0.56887, val_acc: 0.81680, train_loss: 0.37602, train_acc: 0.86740
[slurm61982158_gr043_gpu0_0] Sync pending: 243 items
Epoch 15 | val_loss: 0.52369, val_acc: 0.82760, train_loss: 0.34372, train_acc: 0.87858
Epoch 16 | val_loss: 0.54943, val_acc: 0.82820, train_loss: 0.32013, train_acc: 0.88842
[slurm61982158_gr043_gpu0_0] Sync pending: 243 items
Epoch 17 | val_loss: 0.51482, val_acc: 0.83540, train_loss: 0.29085, train_acc: 0.89709
Epoch 18 | val_loss: 0.48574, val_acc: 0.85220, train_loss: 0.27339, train_acc: 0.90344
[slurm61982158_gr043_gpu0_0] Sync pending: 243 items
Epoch 19 | val_loss: 0.48039, val_acc: 0.84780, train_loss: 0.25486, train_acc: 0.91093
[slurm61982158_gr043_gpu0_0] Sync pending: 247 items
Epoch 20 | val_loss: 0.46781, val_acc: 0.85420, train_loss: 0.23213, train_acc: 0.91864
Epoch 21 | val_loss: 0.45525, val_acc: 0.85500, train_loss: 0.21391, train_acc: 0.92376
[slurm61982158_gr043_gpu0_0] Sync pending: 247 items
Epoch 22 | val_loss: 0.44325, val_acc: 0.86380, train_loss: 0.19569, train_acc: 0.93149
Epoch 23 | val_loss: 0.53102, val_acc: 0.85000, train_loss: 0.17897, train_acc: 0.93662
[slurm61982158_gr043_gpu0_0] Sync pending: 247 items
Epoch 24 | val_loss: 0.46856, val_acc: 0.86140, train_loss: 0.16866, train_acc: 0.94167
Epoch 25 | val_loss: 0.46875, val_acc: 0.86280, train_loss: 0.15028, train_acc: 0.94771
[slurm61982158_gr043_gpu0_0] Sync pending: 247 items
Epoch 26 | val_loss: 0.44553, val_acc: 0.87220, train_loss: 0.13831, train_acc: 0.95258
Epoch 27 | val_loss: 0.46407, val_acc: 0.87220, train_loss: 0.12618, train_acc: 0.95629
[slurm61982158_gr043_gpu0_0] Sync pending: 247 items
Epoch 28 | val_loss: 0.41252, val_acc: 0.88440, train_loss: 0.11301, train_acc: 0.96096
Epoch 29 | val_loss: 0.43885, val_acc: 0.87420, train_loss: 0.10419, train_acc: 0.96347
[slurm61982158_gr043_gpu0_0] Sync pending: 247 items
Epoch 30 | val_loss: 0.41610, val_acc: 0.88160, train_loss: 0.09246, train_acc: 0.96873
[slurm61982158_gr043_gpu0_0] Sync pending: 247 items
Epoch 31 | val_loss: 0.40839, val_acc: 0.88580, train_loss: 0.08220, train_acc: 0.97184
Epoch 32 | val_loss: 0.42138, val_acc: 0.88220, train_loss: 0.08030, train_acc: 0.97369
[slurm61982158_gr043_gpu0_0] Sync pending: 247 items
Epoch 33 | val_loss: 0.42619, val_acc: 0.88200, train_loss: 0.07001, train_acc: 0.97682
Epoch 34 | val_loss: 0.42166, val_acc: 0.88500, train_loss: 0.06483, train_acc: 0.97862
[slurm61982158_gr043_gpu0_0] Sync pending: 247 items
Epoch 35 | val_loss: 0.41139, val_acc: 0.88820, train_loss: 0.05654, train_acc: 0.98184
Epoch 36 | val_loss: 0.40727, val_acc: 0.89020, train_loss: 0.05250, train_acc: 0.98307
[slurm61982158_gr043_gpu0_0] Sync pending: 255 items
Epoch 37 | val_loss: 0.39887, val_acc: 0.89000, train_loss: 0.05025, train_acc: 0.98413
[slurm61982158_gr043_gpu0_0] Sync pending: 268 items
Epoch 38 | val_loss: 0.40828, val_acc: 0.89100, train_loss: 0.04479, train_acc: 0.98633
Epoch 39 | val_loss: 0.40715, val_acc: 0.89020, train_loss: 0.04156, train_acc: 0.98700
[slurm61982158_gr043_gpu0_0] Sync pending: 280 items
Epoch 40 | val_loss: 0.41360, val_acc: 0.88700, train_loss: 0.03768, train_acc: 0.98842
Epoch 41 | val_loss: 0.40956, val_acc: 0.89120, train_loss: 0.03678, train_acc: 0.98818
[slurm61982158_gr043_gpu0_0] Sync pending: 280 items
Epoch 42 | val_loss: 0.40773, val_acc: 0.89080, train_loss: 0.03491, train_acc: 0.99013
Epoch 43 | val_loss: 0.40529, val_acc: 0.89400, train_loss: 0.03289, train_acc: 0.99024
[slurm61982158_gr043_gpu0_0] Sync pending: 280 items
Epoch 44 | val_loss: 0.40336, val_acc: 0.89500, train_loss: 0.03257, train_acc: 0.99029
Epoch 45 | val_loss: 0.40044, val_acc: 0.89520, train_loss: 0.02981, train_acc: 0.99153
[slurm61982158_gr043_gpu0_0] Sync pending: 288 items
Epoch 46 | val_loss: 0.40252, val_acc: 0.89080, train_loss: 0.02938, train_acc: 0.99142
Epoch 47 | val_loss: 0.39698, val_acc: 0.89540, train_loss: 0.02909, train_acc: 0.99162
[slurm61982158_gr043_gpu0_0] Sync pending: 288 items
Epoch 48 | val_loss: 0.40034, val_acc: 0.89500, train_loss: 0.02828, train_acc: 0.99171
[slurm61982158_gr043_gpu0_0] Sync pending: 288 items
Epoch 49 | val_loss: 0.39977, val_acc: 0.89480, train_loss: 0.02751, train_acc: 0.99238
[slurm61982158_gr043_gpu0_0] Job 60b4d31d-8469-4f44-bf41-59a980c77125 completed successfully
[slurm61982158_gr043_gpu0_0] Claimed job b49dc13b-ca79-404d-a7f8-145172053968 (priority=210)
[slurm61982158_gr043_gpu0_0] Executing job b49dc13b-ca79-404d-a7f8-145172053968 with _target_=dr_exp.trainers.decon_trainer.train_classification
Epoch 0 | val_loss: 2.30237, val_acc: 0.12891
`Trainer.fit` stopped: `max_epochs=50` reached.
GPU available: True (cuda), used: True
TPU available: False, using: 0 TPU cores
HPU available: False, using: 0 HPUs
LOCAL_RANK: 0 - CUDA_VISIBLE_DEVICES: [0]

  | Name      | Type             | Params | Mode 
-------------------------------------------------------
0 | model     | CifarResNet18    | 11.2 M | train
1 | criterion | CrossEntropyLoss | 0      | train
-------------------------------------------------------
11.2 M    Trainable params
0         Non-trainable params
11.2 M    Total params
44.696    Total estimated model params size (MB)
70        Modules in train mode
0         Modules in eval mode
SLURM auto-requeueing enabled. Setting signal handlers.
Epoch 0 | val_loss: 2.31143, val_acc: 0.08680
[slurm61982158_gr043_gpu0_0] Sync pending: 292 items
Epoch 1 | val_loss: 1.78074, val_acc: 0.44160, train_loss: 2.30949, train_acc: 0.08833
Epoch 2 | val_loss: 1.08530, val_acc: 0.63540, train_loss: 1.62503, train_acc: 0.39336
[slurm61982158_gr043_gpu0_0] Sync pending: 292 items
Epoch 3 | val_loss: 0.95178, val_acc: 0.68120, train_loss: 1.15724, train_acc: 0.58787
[slurm61982158_gr043_gpu0_0] Sync pending: 300 items
Epoch 4 | val_loss: 0.87519, val_acc: 0.70620, train_loss: 0.89066, train_acc: 0.69040
Epoch 5 | val_loss: 0.72534, val_acc: 0.75400, train_loss: 0.77262, train_acc: 0.73258
[slurm61982158_gr043_gpu0_0] Sync pending: 300 items
Epoch 6 | val_loss: 0.77196, val_acc: 0.74320, train_loss: 0.70124, train_acc: 0.76096
Epoch 7 | val_loss: 0.74529, val_acc: 0.74800, train_loss: 0.62718, train_acc: 0.78718
[slurm61982158_gr043_gpu0_0] Sync pending: 300 items
Epoch 8 | val_loss: 0.62968, val_acc: 0.78260, train_loss: 0.58319, train_acc: 0.79889
Epoch 9 | val_loss: 0.78658, val_acc: 0.74020, train_loss: 0.55680, train_acc: 0.80998
[slurm61982158_gr043_gpu0_0] Sync pending: 300 items
Epoch 10 | val_loss: 0.73290, val_acc: 0.75140, train_loss: 0.52905, train_acc: 0.81911
Epoch 11 | val_loss: 0.77000, val_acc: 0.75060, train_loss: 0.51329, train_acc: 0.82396
[slurm61982158_gr043_gpu0_0] Sync pending: 300 items
Epoch 12 | val_loss: 0.80242, val_acc: 0.74800, train_loss: 0.49578, train_acc: 0.82964
Epoch 13 | val_loss: 0.79090, val_acc: 0.73880, train_loss: 0.48457, train_acc: 0.83356
[slurm61982158_gr043_gpu0_0] Sync pending: 300 items
Epoch 14 | val_loss: 0.55841, val_acc: 0.80820, train_loss: 0.47272, train_acc: 0.84013
Epoch 15 | val_loss: 0.74404, val_acc: 0.75560, train_loss: 0.46872, train_acc: 0.84180
[slurm61982158_gr043_gpu0_0] Sync pending: 300 items
Epoch 16 | val_loss: 0.82030, val_acc: 0.73900, train_loss: 0.44639, train_acc: 0.84684
Epoch 17 | val_loss: 0.64030, val_acc: 0.77960, train_loss: 0.43686, train_acc: 0.85109
[slurm61982158_gr043_gpu0_0] Sync pending: 304 items
Epoch 18 | val_loss: 0.53114, val_acc: 0.82420, train_loss: 0.42854, train_acc: 0.85442
Epoch 19 | val_loss: 0.68349, val_acc: 0.78300, train_loss: 0.41165, train_acc: 0.85876
[slurm61982158_gr043_gpu0_0] Sync pending: 304 items
Epoch 20 | val_loss: 0.55360, val_acc: 0.81760, train_loss: 0.39893, train_acc: 0.86247
[slurm61982158_gr043_gpu0_0] Sync pending: 304 items
Epoch 21 | val_loss: 0.52204, val_acc: 0.82660, train_loss: 0.38374, train_acc: 0.86984
Epoch 22 | val_loss: 0.49611, val_acc: 0.83660, train_loss: 0.37142, train_acc: 0.87391
[slurm61982158_gr043_gpu0_0] Sync pending: 304 items
Epoch 23 | val_loss: 0.67219, val_acc: 0.78340, train_loss: 0.35754, train_acc: 0.87833
Epoch 24 | val_loss: 0.47361, val_acc: 0.84440, train_loss: 0.34364, train_acc: 0.88269
[slurm61982158_gr043_gpu0_0] Sync pending: 304 items
Epoch 25 | val_loss: 0.62435, val_acc: 0.80900, train_loss: 0.33277, train_acc: 0.88742
Epoch 26 | val_loss: 0.51416, val_acc: 0.83780, train_loss: 0.31915, train_acc: 0.89311
[slurm61982158_gr043_gpu0_0] Sync pending: 304 items
Epoch 27 | val_loss: 0.38472, val_acc: 0.86920, train_loss: 0.30650, train_acc: 0.89444
Epoch 28 | val_loss: 0.48600, val_acc: 0.84640, train_loss: 0.29757, train_acc: 0.89720
[slurm61982158_gr043_gpu0_0] Sync pending: 304 items
Epoch 29 | val_loss: 0.45688, val_acc: 0.85860, train_loss: 0.27306, train_acc: 0.90713
Epoch 30 | val_loss: 0.40919, val_acc: 0.86520, train_loss: 0.25191, train_acc: 0.91402
[slurm61982158_gr043_gpu0_0] Sync pending: 312 items
Epoch 31 | val_loss: 0.37423, val_acc: 0.87580, train_loss: 0.24469, train_acc: 0.91698
Epoch 32 | val_loss: 0.44019, val_acc: 0.86060, train_loss: 0.22350, train_acc: 0.92416
[slurm61982158_gr043_gpu0_0] Sync pending: 316 items
Epoch 33 | val_loss: 0.35625, val_acc: 0.89020, train_loss: 0.20981, train_acc: 0.92707
Epoch 34 | val_loss: 0.38950, val_acc: 0.87580, train_loss: 0.18615, train_acc: 0.93589
[slurm61982158_gr043_gpu0_0] Sync pending: 328 items
Epoch 35 | val_loss: 0.37615, val_acc: 0.88140, train_loss: 0.17272, train_acc: 0.93967
Epoch 36 | val_loss: 0.41236, val_acc: 0.87560, train_loss: 0.15662, train_acc: 0.94647
[slurm61982158_gr043_gpu0_0] Sync pending: 332 items
Epoch 37 | val_loss: 0.35962, val_acc: 0.89160, train_loss: 0.13827, train_acc: 0.95260
Epoch 38 | val_loss: 0.30902, val_acc: 0.90580, train_loss: 0.11399, train_acc: 0.96153
[slurm61982158_gr043_gpu0_0] Sync pending: 332 items
Epoch 39 | val_loss: 0.31808, val_acc: 0.90560, train_loss: 0.10151, train_acc: 0.96571
Epoch 40 | val_loss: 0.28247, val_acc: 0.91500, train_loss: 0.07807, train_acc: 0.97440
[slurm61982158_gr043_gpu0_0] Sync pending: 336 items
Epoch 41 | val_loss: 0.29967, val_acc: 0.91120, train_loss: 0.06539, train_acc: 0.97727
Epoch 42 | val_loss: 0.29696, val_acc: 0.91760, train_loss: 0.05297, train_acc: 0.98322
[slurm61982158_gr043_gpu0_0] Sync pending: 344 items
Epoch 43 | val_loss: 0.28188, val_acc: 0.92180, train_loss: 0.04152, train_acc: 0.98707
Epoch 44 | val_loss: 0.26966, val_acc: 0.92740, train_loss: 0.03527, train_acc: 0.98924
[slurm61982158_gr043_gpu0_0] Sync pending: 344 items
Epoch 45 | val_loss: 0.26645, val_acc: 0.92720, train_loss: 0.02498, train_acc: 0.99284
Epoch 46 | val_loss: 0.27008, val_acc: 0.93040, train_loss: 0.02201, train_acc: 0.99353
[slurm61982158_gr043_gpu0_0] Sync pending: 344 items
Epoch 47 | val_loss: 0.26646, val_acc: 0.93120, train_loss: 0.01806, train_acc: 0.99516
Epoch 48 | val_loss: 0.26795, val_acc: 0.93120, train_loss: 0.01514, train_acc: 0.99580
[slurm61982158_gr043_gpu0_0] Sync pending: 344 items
Epoch 49 | val_loss: 0.26601, val_acc: 0.93120, train_loss: 0.01449, train_acc: 0.99647
[slurm61982158_gr043_gpu0_0] Job b49dc13b-ca79-404d-a7f8-145172053968 completed successfully
[slurm61982158_gr043_gpu0_0] Claimed job e1de159b-ef01-4fc2-a2e6-502e9c5cec5e (priority=190)
[slurm61982158_gr043_gpu0_0] Executing job e1de159b-ef01-4fc2-a2e6-502e9c5cec5e with _target_=dr_exp.trainers.decon_trainer.train_classification
Epoch 0 | val_loss: 2.32516, val_acc: 0.08984
`Trainer.fit` stopped: `max_epochs=50` reached.
GPU available: True (cuda), used: True
TPU available: False, using: 0 TPU cores
HPU available: False, using: 0 HPUs
LOCAL_RANK: 0 - CUDA_VISIBLE_DEVICES: [0]

  | Name      | Type             | Params | Mode 
-------------------------------------------------------
0 | model     | CifarResNet18    | 11.2 M | train
1 | criterion | CrossEntropyLoss | 0      | train
-------------------------------------------------------
11.2 M    Trainable params
0         Non-trainable params
11.2 M    Total params
44.696    Total estimated model params size (MB)
70        Modules in train mode
0         Modules in eval mode
SLURM auto-requeueing enabled. Setting signal handlers.
[slurm61982158_gr043_gpu0_0] Sync pending: 352 items
Epoch 0 | val_loss: 2.31970, val_acc: 0.10260
Epoch 1 | val_loss: 1.99727, val_acc: 0.28880, train_loss: 2.32345, train_acc: 0.09971
[slurm61982158_gr043_gpu0_0] Sync pending: 356 items
Epoch 2 | val_loss: 1.77562, val_acc: 0.37800, train_loss: 2.26203, train_acc: 0.14771
[slurm61982158_gr043_gpu0_0] Sync pending: 356 items
Epoch 3 | val_loss: 1.64475, val_acc: 0.41960, train_loss: 2.16476, train_acc: 0.20958
[slurm61982158_gr043_gpu0_0] Sync pending: 356 items
Epoch 4 | val_loss: 1.54973, val_acc: 0.48380, train_loss: 2.13195, train_acc: 0.23876
Epoch 5 | val_loss: 1.45609, val_acc: 0.52260, train_loss: 2.09631, train_acc: 0.26711
[slurm61982158_gr043_gpu0_0] Sync pending: 356 items
Epoch 6 | val_loss: 1.32085, val_acc: 0.57500, train_loss: 2.06315, train_acc: 0.27976
[slurm61982158_gr043_gpu0_0] Sync pending: 360 items
Epoch 7 | val_loss: 1.26998, val_acc: 0.59280, train_loss: 2.02166, train_acc: 0.31478
Epoch 8 | val_loss: 1.24405, val_acc: 0.60820, train_loss: 1.98407, train_acc: 0.33478
[slurm61982158_gr043_gpu0_0] Sync pending: 360 items
Epoch 9 | val_loss: 1.16101, val_acc: 0.64840, train_loss: 1.95418, train_acc: 0.35691
[slurm61982158_gr043_gpu0_0] Sync pending: 360 items
Epoch 10 | val_loss: 1.09594, val_acc: 0.66080, train_loss: 1.92770, train_acc: 0.37778
Epoch 11 | val_loss: 1.06713, val_acc: 0.68740, train_loss: 1.91416, train_acc: 0.36889
[slurm61982158_gr043_gpu0_0] Sync pending: 364 items
Epoch 12 | val_loss: 1.01582, val_acc: 0.71800, train_loss: 1.86891, train_acc: 0.41196
[slurm61982158_gr043_gpu0_0] Sync pending: 364 items
Epoch 13 | val_loss: 1.00503, val_acc: 0.70640, train_loss: 1.84625, train_acc: 0.42104
Epoch 14 | val_loss: 0.94578, val_acc: 0.73260, train_loss: 1.86273, train_acc: 0.41173
[slurm61982158_gr043_gpu0_0] Sync pending: 364 items
Epoch 15 | val_loss: 0.94552, val_acc: 0.74240, train_loss: 1.83865, train_acc: 0.42096
[slurm61982158_gr043_gpu0_0] Sync pending: 364 items
Epoch 16 | val_loss: 0.93940, val_acc: 0.73680, train_loss: 1.82545, train_acc: 0.41742
[slurm61982158_gr043_gpu0_0] Sync pending: 364 items
Epoch 17 | val_loss: 0.99600, val_acc: 0.72520, train_loss: 1.80007, train_acc: 0.44962
Epoch 18 | val_loss: 0.87405, val_acc: 0.76320, train_loss: 1.77844, train_acc: 0.44831
[slurm61982158_gr043_gpu0_0] Sync pending: 364 items
Epoch 19 | val_loss: 0.86624, val_acc: 0.77200, train_loss: 1.78140, train_acc: 0.45124
[slurm61982158_gr043_gpu0_0] Sync pending: 364 items
Epoch 20 | val_loss: 0.86793, val_acc: 0.77120, train_loss: 1.79019, train_acc: 0.43756
Epoch 21 | val_loss: 0.86371, val_acc: 0.78560, train_loss: 1.77365, train_acc: 0.45567
[slurm61982158_gr043_gpu0_0] Sync pending: 368 items
Epoch 22 | val_loss: 0.88063, val_acc: 0.78980, train_loss: 1.78568, train_acc: 0.44987
[slurm61982158_gr043_gpu0_0] Sync pending: 368 items
Epoch 23 | val_loss: 0.89960, val_acc: 0.79080, train_loss: 1.77439, train_acc: 0.44487
Epoch 24 | val_loss: 0.86887, val_acc: 0.77980, train_loss: 1.75776, train_acc: 0.47438
[slurm61982158_gr043_gpu0_0] Sync pending: 372 items
Epoch 25 | val_loss: 0.83977, val_acc: 0.78180, train_loss: 1.75722, train_acc: 0.47516
[slurm61982158_gr043_gpu0_0] Sync pending: 380 items
Epoch 26 | val_loss: 0.86477, val_acc: 0.79060, train_loss: 1.75828, train_acc: 0.46220
Epoch 27 | val_loss: 0.82086, val_acc: 0.79780, train_loss: 1.73231, train_acc: 0.45802
[slurm61982158_gr043_gpu0_0] Sync pending: 388 items
Epoch 28 | val_loss: 0.83671, val_acc: 0.80520, train_loss: 1.73035, train_acc: 0.46173
[slurm61982158_gr043_gpu0_0] Sync pending: 388 items
Epoch 29 | val_loss: 0.79568, val_acc: 0.81320, train_loss: 1.74055, train_acc: 0.48289
Epoch 30 | val_loss: 0.79253, val_acc: 0.82940, train_loss: 1.73734, train_acc: 0.48227
[slurm61982158_gr043_gpu0_0] Sync pending: 392 items
Epoch 31 | val_loss: 0.81799, val_acc: 0.81740, train_loss: 1.71632, train_acc: 0.46102
[slurm61982158_gr043_gpu0_0] Sync pending: 392 items
Epoch 32 | val_loss: 0.78483, val_acc: 0.81700, train_loss: 1.71956, train_acc: 0.48282
[slurm61982158_gr043_gpu0_0] Sync pending: 392 items
Epoch 33 | val_loss: 0.80652, val_acc: 0.80920, train_loss: 1.71463, train_acc: 0.48382
Epoch 34 | val_loss: 0.76739, val_acc: 0.82560, train_loss: 1.71202, train_acc: 0.51027
[slurm61982158_gr043_gpu0_0] Sync pending: 392 items
Epoch 35 | val_loss: 0.83355, val_acc: 0.82700, train_loss: 1.72879, train_acc: 0.48082
Epoch 36 | val_loss: 0.76482, val_acc: 0.82480, train_loss: 1.71745, train_acc: 0.48156
[slurm61982158_gr043_gpu0_0] Sync pending: 396 items
Epoch 37 | val_loss: 0.77505, val_acc: 0.82160, train_loss: 1.67980, train_acc: 0.50716
[slurm61982158_gr043_gpu0_0] Sync pending: 400 items
Epoch 38 | val_loss: 0.80415, val_acc: 0.82100, train_loss: 1.70178, train_acc: 0.49898
Epoch 39 | val_loss: 0.79046, val_acc: 0.82760, train_loss: 1.69317, train_acc: 0.50229
[slurm61982158_gr043_gpu0_0] Sync pending: 404 items
Epoch 40 | val_loss: 0.78164, val_acc: 0.83160, train_loss: 1.70768, train_acc: 0.49644
[slurm61982158_gr043_gpu0_0] Sync pending: 404 items
Epoch 41 | val_loss: 0.76221, val_acc: 0.82600, train_loss: 1.70417, train_acc: 0.50427
Epoch 42 | val_loss: 0.77283, val_acc: 0.83280, train_loss: 1.67863, train_acc: 0.51460
[slurm61982158_gr043_gpu0_0] Sync pending: 404 items
Epoch 43 | val_loss: 0.76142, val_acc: 0.83480, train_loss: 1.70220, train_acc: 0.50402
[slurm61982158_gr043_gpu0_0] Sync pending: 412 items
Epoch 44 | val_loss: 0.77948, val_acc: 0.83140, train_loss: 1.68099, train_acc: 0.48424
Epoch 45 | val_loss: 0.77507, val_acc: 0.83100, train_loss: 1.68941, train_acc: 0.49649
[slurm61982158_gr043_gpu0_0] Sync pending: 416 items
Epoch 46 | val_loss: 0.77285, val_acc: 0.82820, train_loss: 1.67950, train_acc: 0.51451
[slurm61982158_gr043_gpu0_0] Sync pending: 416 items
Epoch 47 | val_loss: 0.75270, val_acc: 0.83300, train_loss: 1.69873, train_acc: 0.49764
Epoch 48 | val_loss: 0.77430, val_acc: 0.82940, train_loss: 1.68288, train_acc: 0.49336
[slurm61982158_gr043_gpu0_0] Sync pending: 416 items
Epoch 49 | val_loss: 0.77929, val_acc: 0.83160, train_loss: 1.70346, train_acc: 0.50893
[slurm61982158_gr043_gpu0_0] Job e1de159b-ef01-4fc2-a2e6-502e9c5cec5e completed successfully
[slurm61982158_gr043_gpu0_0] Claimed job 80c0f631-ffda-49e8-a7e1-d55fb7cc2b69 (priority=180)
[slurm61982158_gr043_gpu0_0] Executing job 80c0f631-ffda-49e8-a7e1-d55fb7cc2b69 with _target_=dr_exp.trainers.decon_trainer.train_classification
Epoch 0 | val_loss: 2.32757, val_acc: 0.12109
`Trainer.fit` stopped: `max_epochs=50` reached.
GPU available: True (cuda), used: True
TPU available: False, using: 0 TPU cores
HPU available: False, using: 0 HPUs
LOCAL_RANK: 0 - CUDA_VISIBLE_DEVICES: [0]

  | Name      | Type             | Params | Mode 
-------------------------------------------------------
0 | model     | CifarResNet18    | 11.2 M | train
1 | criterion | CrossEntropyLoss | 0      | train
-------------------------------------------------------
11.2 M    Trainable params
0         Non-trainable params
11.2 M    Total params
44.696    Total estimated model params size (MB)
70        Modules in train mode
0         Modules in eval mode
SLURM auto-requeueing enabled. Setting signal handlers.
[slurm61982158_gr043_gpu0_0] Sync pending: 420 items
Epoch 0 | val_loss: 2.32934, val_acc: 0.09320
[slurm61982158_gr043_gpu0_0] Sync pending: 420 items
Epoch 1 | val_loss: 1.86370, val_acc: 0.34800, train_loss: 2.32605, train_acc: 0.09953
Epoch 2 | val_loss: 1.72691, val_acc: 0.41000, train_loss: 2.22982, train_acc: 0.16264
[slurm61982158_gr043_gpu0_0] Sync pending: 420 items
Epoch 3 | val_loss: 1.50420, val_acc: 0.49120, train_loss: 2.14714, train_acc: 0.22544
Epoch 4 | val_loss: 1.45361, val_acc: 0.52280, train_loss: 2.10131, train_acc: 0.25931
[slurm61982158_gr043_gpu0_0] Sync pending: 420 items
Epoch 5 | val_loss: 1.30603, val_acc: 0.59200, train_loss: 2.06095, train_acc: 0.29833
[slurm61982158_gr043_gpu0_0] Sync pending: 420 items
Epoch 6 | val_loss: 1.22197, val_acc: 0.61700, train_loss: 2.02059, train_acc: 0.32813
Epoch 7 | val_loss: 1.07928, val_acc: 0.66580, train_loss: 1.97192, train_acc: 0.34749
[slurm61982158_gr043_gpu0_0] Sync pending: 424 items
Epoch 8 | val_loss: 1.00841, val_acc: 0.67900, train_loss: 1.94102, train_acc: 0.36158
Epoch 9 | val_loss: 1.06120, val_acc: 0.68020, train_loss: 1.90044, train_acc: 0.37189
[slurm61982158_gr043_gpu0_0] Sync pending: 428 items
Epoch 10 | val_loss: 1.02972, val_acc: 0.72400, train_loss: 1.88267, train_acc: 0.40191
[slurm61982158_gr043_gpu0_0] Sync pending: 428 items
Epoch 11 | val_loss: 1.08541, val_acc: 0.66080, train_loss: 1.86419, train_acc: 0.40944
Epoch 12 | val_loss: 0.91551, val_acc: 0.74600, train_loss: 1.84422, train_acc: 0.42758
[slurm61982158_gr043_gpu0_0] Sync pending: 432 items
Epoch 13 | val_loss: 1.01924, val_acc: 0.71880, train_loss: 1.81464, train_acc: 0.41869
Epoch 14 | val_loss: 0.90606, val_acc: 0.76580, train_loss: 1.82982, train_acc: 0.42509
[slurm61982158_gr043_gpu0_0] Sync pending: 436 items
Epoch 15 | val_loss: 0.99429, val_acc: 0.73780, train_loss: 1.80648, train_acc: 0.43331
[slurm61982158_gr043_gpu0_0] Sync pending: 436 items
Epoch 16 | val_loss: 0.95522, val_acc: 0.74820, train_loss: 1.79740, train_acc: 0.44696
Epoch 17 | val_loss: 0.89185, val_acc: 0.76700, train_loss: 1.76862, train_acc: 0.45393
[slurm61982158_gr043_gpu0_0] Sync pending: 436 items
Epoch 18 | val_loss: 0.78667, val_acc: 0.80120, train_loss: 1.76216, train_acc: 0.47862
[slurm61982158_gr043_gpu0_0] Sync pending: 440 items
Epoch 19 | val_loss: 0.94344, val_acc: 0.78340, train_loss: 1.77974, train_acc: 0.45073
Epoch 20 | val_loss: 0.89026, val_acc: 0.77940, train_loss: 1.75457, train_acc: 0.44664
[slurm61982158_gr043_gpu0_0] Sync pending: 444 items
Epoch 21 | val_loss: 0.82631, val_acc: 0.80520, train_loss: 1.74596, train_acc: 0.46629
[slurm61982158_gr043_gpu0_0] Sync pending: 452 items
Epoch 22 | val_loss: 0.90184, val_acc: 0.80140, train_loss: 1.77053, train_acc: 0.46824
Epoch 23 | val_loss: 0.80880, val_acc: 0.82360, train_loss: 1.74397, train_acc: 0.47622
[slurm61982158_gr043_gpu0_0] Sync pending: 456 items
Epoch 24 | val_loss: 0.76860, val_acc: 0.82580, train_loss: 1.71716, train_acc: 0.47298
[slurm61982158_gr043_gpu0_0] Sync pending: 456 items
Epoch 25 | val_loss: 0.78925, val_acc: 0.81460, train_loss: 1.70970, train_acc: 0.48067
Epoch 26 | val_loss: 0.75916, val_acc: 0.82300, train_loss: 1.71684, train_acc: 0.46820
[slurm61982158_gr043_gpu0_0] Sync pending: 456 items
Epoch 27 | val_loss: 0.75811, val_acc: 0.83740, train_loss: 1.69010, train_acc: 0.47760
[slurm61982158_gr043_gpu0_0] Sync pending: 464 items
Epoch 28 | val_loss: 0.77461, val_acc: 0.82980, train_loss: 1.69995, train_acc: 0.47820
[slurm61982158_gr043_gpu0_0] Sync pending: 464 items
Epoch 29 | val_loss: 0.76710, val_acc: 0.82240, train_loss: 1.68664, train_acc: 0.52062
Epoch 30 | val_loss: 0.79941, val_acc: 0.82960, train_loss: 1.68273, train_acc: 0.50336
[slurm61982158_gr043_gpu0_0] Sync pending: 468 items
Epoch 31 | val_loss: 0.80395, val_acc: 0.82600, train_loss: 1.68091, train_acc: 0.52682
[slurm61982158_gr043_gpu0_0] Sync pending: 472 items
Epoch 32 | val_loss: 0.75183, val_acc: 0.84260, train_loss: 1.68464, train_acc: 0.50256
Epoch 33 | val_loss: 0.75939, val_acc: 0.84660, train_loss: 1.66992, train_acc: 0.50287
[slurm61982158_gr043_gpu0_0] Sync pending: 472 items
Epoch 34 | val_loss: 0.77077, val_acc: 0.84300, train_loss: 1.66928, train_acc: 0.50742
[slurm61982158_gr043_gpu0_0] Sync pending: 476 items
Epoch 35 | val_loss: 0.72869, val_acc: 0.85240, train_loss: 1.66726, train_acc: 0.51060
Epoch 36 | val_loss: 0.76490, val_acc: 0.85260, train_loss: 1.66614, train_acc: 0.50596
[slurm61982158_gr043_gpu0_0] Sync pending: 476 items
Epoch 37 | val_loss: 0.74730, val_acc: 0.84580, train_loss: 1.68702, train_acc: 0.47996
[slurm61982158_gr043_gpu0_0] Sync pending: 480 items
Epoch 38 | val_loss: 0.72312, val_acc: 0.85520, train_loss: 1.65020, train_acc: 0.50582
Epoch 39 | val_loss: 0.72776, val_acc: 0.86060, train_loss: 1.66560, train_acc: 0.50940
[slurm61982158_gr043_gpu0_0] Sync pending: 480 items
Epoch 40 | val_loss: 0.71867, val_acc: 0.85640, train_loss: 1.64388, train_acc: 0.49087
[slurm61982158_gr043_gpu0_0] Sync pending: 480 items
Epoch 41 | val_loss: 0.72938, val_acc: 0.85800, train_loss: 1.65451, train_acc: 0.49931
[slurm61982158_gr043_gpu0_0] Sync pending: 480 items
Epoch 42 | val_loss: 0.72026, val_acc: 0.86120, train_loss: 1.65155, train_acc: 0.51660
Epoch 43 | val_loss: 0.70629, val_acc: 0.85700, train_loss: 1.63995, train_acc: 0.52347
[slurm61982158_gr043_gpu0_0] Sync pending: 484 items
Epoch 44 | val_loss: 0.70707, val_acc: 0.85960, train_loss: 1.65216, train_acc: 0.52122
Epoch 45 | val_loss: 0.72841, val_acc: 0.85720, train_loss: 1.64042, train_acc: 0.52064
[slurm61982158_gr043_gpu0_0] Sync pending: 484 items
Epoch 46 | val_loss: 0.72748, val_acc: 0.85700, train_loss: 1.66208, train_acc: 0.51056
[slurm61982158_gr043_gpu0_0] Sync pending: 484 items
Epoch 47 | val_loss: 0.70520, val_acc: 0.85980, train_loss: 1.65125, train_acc: 0.50393
Epoch 48 | val_loss: 0.71232, val_acc: 0.86120, train_loss: 1.64362, train_acc: 0.53329
[slurm61982158_gr043_gpu0_0] Sync pending: 484 items
Epoch 49 | val_loss: 0.70808, val_acc: 0.85820, train_loss: 1.64518, train_acc: 0.52773
[slurm61982158_gr043_gpu0_0] Job 80c0f631-ffda-49e8-a7e1-d55fb7cc2b69 completed successfully
[slurm61982158_gr043_gpu0_0] Claimed job 2cfc2df0-3771-4012-b8f1-a047fbb9e83b (priority=165)
[slurm61982158_gr043_gpu0_0] Executing job 2cfc2df0-3771-4012-b8f1-a047fbb9e83b with _target_=dr_exp.trainers.decon_trainer.train_classification
Epoch 0 | val_loss: 2.39331, val_acc: 0.10938
`Trainer.fit` stopped: `max_epochs=50` reached.
GPU available: True (cuda), used: True
TPU available: False, using: 0 TPU cores
HPU available: False, using: 0 HPUs
LOCAL_RANK: 0 - CUDA_VISIBLE_DEVICES: [0]

  | Name      | Type             | Params | Mode 
-------------------------------------------------------
0 | model     | CifarResNet18    | 11.2 M | train
1 | criterion | CrossEntropyLoss | 0      | train
-------------------------------------------------------
11.2 M    Trainable params
0         Non-trainable params
11.2 M    Total params
44.696    Total estimated model params size (MB)
70        Modules in train mode
0         Modules in eval mode
SLURM auto-requeueing enabled. Setting signal handlers.
[slurm61982158_gr043_gpu0_0] Sync pending: 488 items
Epoch 0 | val_loss: 2.33994, val_acc: 0.11100
Epoch 1 | val_loss: 1.34278, val_acc: 0.51380, train_loss: 2.34499, train_acc: 0.09876
[slurm61982158_gr043_gpu0_0] Sync pending: 488 items
Epoch 2 | val_loss: 1.16034, val_acc: 0.58760, train_loss: 1.85010, train_acc: 0.37238
Epoch 3 | val_loss: 0.98240, val_acc: 0.66680, train_loss: 1.53537, train_acc: 0.53264
[slurm61982158_gr043_gpu0_0] Sync pending: 488 items
Epoch 4 | val_loss: 0.90261, val_acc: 0.70500, train_loss: 1.31489, train_acc: 0.64540
Epoch 5 | val_loss: 0.78248, val_acc: 0.74880, train_loss: 1.16960, train_acc: 0.71604
[slurm61982158_gr043_gpu0_0] Sync pending: 492 items
Epoch 6 | val_loss: 0.69551, val_acc: 0.78060, train_loss: 1.09531, train_acc: 0.74747
Epoch 7 | val_loss: 0.67150, val_acc: 0.79520, train_loss: 1.01249, train_acc: 0.78213
[slurm61982158_gr043_gpu0_0] Sync pending: 496 items
Epoch 8 | val_loss: 0.64122, val_acc: 0.80260, train_loss: 0.96029, train_acc: 0.80356
Epoch 9 | val_loss: 0.62435, val_acc: 0.80660, train_loss: 0.92164, train_acc: 0.82236
[slurm61982158_gr043_gpu0_0] Sync pending: 500 items
Epoch 10 | val_loss: 0.77802, val_acc: 0.75600, train_loss: 0.89231, train_acc: 0.83278
[slurm61982158_gr043_gpu0_0] Sync pending: 508 items
Epoch 11 | val_loss: 0.53557, val_acc: 0.84220, train_loss: 0.86801, train_acc: 0.84291
Epoch 12 | val_loss: 0.51039, val_acc: 0.84900, train_loss: 0.84633, train_acc: 0.85209
[slurm61982158_gr043_gpu0_0] Sync pending: 512 items
Epoch 13 | val_loss: 0.51171, val_acc: 0.84520, train_loss: 0.82937, train_acc: 0.85918
Epoch 14 | val_loss: 0.52993, val_acc: 0.84040, train_loss: 0.81248, train_acc: 0.86751
[slurm61982158_gr043_gpu0_0] Sync pending: 520 items
Epoch 15 | val_loss: 0.50209, val_acc: 0.85040, train_loss: 0.79691, train_acc: 0.87258
Epoch 16 | val_loss: 0.50382, val_acc: 0.84780, train_loss: 0.78529, train_acc: 0.87598
[slurm61982158_gr043_gpu0_0] Sync pending: 524 items
Epoch 17 | val_loss: 0.46291, val_acc: 0.86340, train_loss: 0.76955, train_acc: 0.88496
Epoch 18 | val_loss: 0.50577, val_acc: 0.84820, train_loss: 0.76169, train_acc: 0.88689
[slurm61982158_gr043_gpu0_0] Sync pending: 524 items
Epoch 19 | val_loss: 0.57863, val_acc: 0.82420, train_loss: 0.75000, train_acc: 0.89413
Epoch 20 | val_loss: 0.53536, val_acc: 0.83920, train_loss: 0.73635, train_acc: 0.89953
[slurm61982158_gr043_gpu0_0] Sync pending: 524 items
Epoch 21 | val_loss: 0.46619, val_acc: 0.86580, train_loss: 0.73139, train_acc: 0.90169
Epoch 22 | val_loss: 0.44782, val_acc: 0.87200, train_loss: 0.72100, train_acc: 0.90538
[slurm61982158_gr043_gpu0_0] Sync pending: 528 items
Epoch 23 | val_loss: 0.46080, val_acc: 0.86360, train_loss: 0.71290, train_acc: 0.90884
Epoch 24 | val_loss: 0.41353, val_acc: 0.87940, train_loss: 0.70126, train_acc: 0.91469
[slurm61982158_gr043_gpu0_0] Sync pending: 528 items
Epoch 25 | val_loss: 0.49136, val_acc: 0.85680, train_loss: 0.68896, train_acc: 0.91896
[slurm61982158_gr043_gpu0_0] Sync pending: 532 items
Epoch 26 | val_loss: 0.44420, val_acc: 0.87320, train_loss: 0.68123, train_acc: 0.92276
Epoch 27 | val_loss: 0.40497, val_acc: 0.88820, train_loss: 0.67354, train_acc: 0.92767
[slurm61982158_gr043_gpu0_0] Sync pending: 536 items
Epoch 28 | val_loss: 0.40085, val_acc: 0.88980, train_loss: 0.66337, train_acc: 0.93107
Epoch 29 | val_loss: 0.39221, val_acc: 0.89120, train_loss: 0.64910, train_acc: 0.93809
[slurm61982158_gr043_gpu0_0] Sync pending: 540 items
Epoch 30 | val_loss: 0.35443, val_acc: 0.89940, train_loss: 0.64225, train_acc: 0.94100
Epoch 31 | val_loss: 0.36748, val_acc: 0.90080, train_loss: 0.63002, train_acc: 0.94600
[slurm61982158_gr043_gpu0_0] Sync pending: 544 items
Epoch 32 | val_loss: 0.37704, val_acc: 0.89780, train_loss: 0.61803, train_acc: 0.95158
Epoch 33 | val_loss: 0.34260, val_acc: 0.90900, train_loss: 0.60697, train_acc: 0.95582
[slurm61982158_gr043_gpu0_0] Sync pending: 544 items
Epoch 34 | val_loss: 0.33336, val_acc: 0.91560, train_loss: 0.59995, train_acc: 0.95907
Epoch 35 | val_loss: 0.33747, val_acc: 0.91600, train_loss: 0.58787, train_acc: 0.96598
[slurm61982158_gr043_gpu0_0] Sync pending: 548 items
Epoch 36 | val_loss: 0.31448, val_acc: 0.92340, train_loss: 0.57782, train_acc: 0.96882
[slurm61982158_gr043_gpu0_0] Sync pending: 548 items
Epoch 37 | val_loss: 0.32882, val_acc: 0.91980, train_loss: 0.56552, train_acc: 0.97529
Epoch 38 | val_loss: 0.31946, val_acc: 0.92120, train_loss: 0.55642, train_acc: 0.97927
[slurm61982158_gr043_gpu0_0] Sync pending: 548 items
Epoch 39 | val_loss: 0.30747, val_acc: 0.92740, train_loss: 0.55054, train_acc: 0.98233
Epoch 40 | val_loss: 0.30071, val_acc: 0.92840, train_loss: 0.54205, train_acc: 0.98573
[slurm61982158_gr043_gpu0_0] Sync pending: 548 items
Epoch 41 | val_loss: 0.30139, val_acc: 0.92860, train_loss: 0.53720, train_acc: 0.98716
Epoch 42 | val_loss: 0.30770, val_acc: 0.92880, train_loss: 0.53060, train_acc: 0.99027
[slurm61982158_gr043_gpu0_0] Sync pending: 552 items
Epoch 43 | val_loss: 0.28931, val_acc: 0.93480, train_loss: 0.52712, train_acc: 0.99164
Epoch 44 | val_loss: 0.28607, val_acc: 0.93440, train_loss: 0.52443, train_acc: 0.99309
[slurm61982158_gr043_gpu0_0] Sync pending: 556 items
Epoch 45 | val_loss: 0.28488, val_acc: 0.93580, train_loss: 0.52126, train_acc: 0.99380
Epoch 46 | val_loss: 0.27833, val_acc: 0.93760, train_loss: 0.51982, train_acc: 0.99464
[slurm61982158_gr043_gpu0_0] Sync pending: 556 items
Epoch 47 | val_loss: 0.27895, val_acc: 0.93820, train_loss: 0.51875, train_acc: 0.99513
Epoch 48 | val_loss: 0.27725, val_acc: 0.93780, train_loss: 0.51744, train_acc: 0.99584
[slurm61982158_gr043_gpu0_0] Sync pending: 556 items
Epoch 49 | val_loss: 0.27815, val_acc: 0.93820, train_loss: 0.51696, train_acc: 0.99571
[slurm61982158_gr043_gpu0_0] Job 2cfc2df0-3771-4012-b8f1-a047fbb9e83b completed successfully
[slurm61982158_gr043_gpu0_0] Claimed job ef26d52f-4e2d-4ad7-95e8-4807c102665e (priority=135)
[slurm61982158_gr043_gpu0_0] Executing job ef26d52f-4e2d-4ad7-95e8-4807c102665e with _target_=dr_exp.trainers.decon_trainer.train_classification
Epoch 0 | val_loss: 2.30226, val_acc: 0.11719
`Trainer.fit` stopped: `max_epochs=50` reached.
GPU available: True (cuda), used: True
TPU available: False, using: 0 TPU cores
HPU available: False, using: 0 HPUs
LOCAL_RANK: 0 - CUDA_VISIBLE_DEVICES: [0]

  | Name      | Type             | Params | Mode 
-------------------------------------------------------
0 | model     | CifarAlexNet     | 2.4 M  | train
1 | criterion | CrossEntropyLoss | 0      | train
-------------------------------------------------------
2.4 M     Trainable params
0         Non-trainable params
2.4 M     Total params
9.768     Total estimated model params size (MB)
24        Modules in train mode
0         Modules in eval mode
SLURM auto-requeueing enabled. Setting signal handlers.
[slurm61982158_gr043_gpu0_0] Sync pending: 560 items
Epoch 0 | val_loss: 1.39322, val_acc: 0.49860
Epoch 1 | val_loss: 1.21046, val_acc: 0.59460, train_loss: 1.80215, train_acc: 0.38653
[slurm61982158_gr043_gpu0_0] Sync pending: 560 items
Epoch 2 | val_loss: 0.99909, val_acc: 0.67120, train_loss: 1.35425, train_acc: 0.61760
Epoch 3 | val_loss: 0.79189, val_acc: 0.74120, train_loss: 1.16042, train_acc: 0.70820
[slurm61982158_gr043_gpu0_0] Sync pending: 564 items
Epoch 4 | val_loss: 0.91513, val_acc: 0.70500, train_loss: 1.06405, train_acc: 0.75251
Epoch 5 | val_loss: 0.78044, val_acc: 0.75120, train_loss: 1.00436, train_acc: 0.77807
[slurm61982158_gr043_gpu0_0] Sync pending: 564 items
Epoch 6 | val_loss: 0.72908, val_acc: 0.75720, train_loss: 0.96215, train_acc: 0.79867
Epoch 7 | val_loss: 0.63384, val_acc: 0.79800, train_loss: 0.93198, train_acc: 0.81093
[slurm61982158_gr043_gpu0_0] Sync pending: 568 items
Epoch 8 | val_loss: 0.64207, val_acc: 0.79760, train_loss: 0.90853, train_acc: 0.82309
Epoch 9 | val_loss: 0.63802, val_acc: 0.80640, train_loss: 0.88807, train_acc: 0.83207
[slurm61982158_gr043_gpu0_0] Sync pending: 572 items
Epoch 10 | val_loss: 0.57669, val_acc: 0.82100, train_loss: 0.86941, train_acc: 0.83827
Epoch 11 | val_loss: 0.56683, val_acc: 0.82380, train_loss: 0.85629, train_acc: 0.84573
[slurm61982158_gr043_gpu0_0] Sync pending: 580 items
Epoch 12 | val_loss: 0.60464, val_acc: 0.81260, train_loss: 0.84594, train_acc: 0.85058
Epoch 13 | val_loss: 0.57585, val_acc: 0.82480, train_loss: 0.83171, train_acc: 0.85784
[slurm61982158_gr043_gpu0_0] Sync pending: 588 items
Epoch 14 | val_loss: 0.59195, val_acc: 0.81920, train_loss: 0.82456, train_acc: 0.85864
Epoch 15 | val_loss: 0.55244, val_acc: 0.83460, train_loss: 0.81536, train_acc: 0.86233
[slurm61982158_gr043_gpu0_0] Sync pending: 596 items
Epoch 16 | val_loss: 0.49014, val_acc: 0.85600, train_loss: 0.81208, train_acc: 0.86513
Epoch 17 | val_loss: 0.53376, val_acc: 0.83980, train_loss: 0.80767, train_acc: 0.86482
[slurm61982158_gr043_gpu0_0] Sync pending: 596 items
Epoch 18 | val_loss: 0.62140, val_acc: 0.81120, train_loss: 0.80221, train_acc: 0.87013
Epoch 19 | val_loss: 0.60523, val_acc: 0.81320, train_loss: 0.79952, train_acc: 0.87140
[slurm61982158_gr043_gpu0_0] Sync pending: 596 items
Epoch 20 | val_loss: 0.51700, val_acc: 0.85080, train_loss: 0.79173, train_acc: 0.87267
Epoch 21 | val_loss: 0.60647, val_acc: 0.81840, train_loss: 0.78454, train_acc: 0.87756
[slurm61982158_gr043_gpu0_0] Sync pending: 596 items
Epoch 22 | val_loss: 0.73632, val_acc: 0.76400, train_loss: 0.78801, train_acc: 0.87627
Epoch 23 | val_loss: 0.51196, val_acc: 0.84500, train_loss: 0.78109, train_acc: 0.87811
[slurm61982158_gr043_gpu0_0] Sync pending: 600 items
Epoch 24 | val_loss: 0.49629, val_acc: 0.84980, train_loss: 0.77784, train_acc: 0.88029
Epoch 25 | val_loss: 0.44884, val_acc: 0.87460, train_loss: 0.77563, train_acc: 0.87978
[slurm61982158_gr043_gpu0_0] Sync pending: 600 items
Epoch 26 | val_loss: 0.55676, val_acc: 0.83300, train_loss: 0.76803, train_acc: 0.88393
Epoch 27 | val_loss: 0.50103, val_acc: 0.85380, train_loss: 0.76783, train_acc: 0.88318
[slurm61982158_gr043_gpu0_0] Sync pending: 604 items
Epoch 28 | val_loss: 0.47652, val_acc: 0.85900, train_loss: 0.76292, train_acc: 0.88742
Epoch 29 | val_loss: 0.56015, val_acc: 0.83140, train_loss: 0.76273, train_acc: 0.88684
[slurm61982158_gr043_gpu0_0] Sync pending: 612 items
Epoch 30 | val_loss: 0.33647, val_acc: 0.90780, train_loss: 0.76332, train_acc: 0.88613
Epoch 31 | val_loss: 0.32500, val_acc: 0.91700, train_loss: 0.65631, train_acc: 0.93400
[slurm61982158_gr043_gpu0_0] Sync pending: 612 items
Epoch 32 | val_loss: 0.31639, val_acc: 0.92000, train_loss: 0.62523, train_acc: 0.94831
Epoch 33 | val_loss: 0.32051, val_acc: 0.91460, train_loss: 0.61180, train_acc: 0.95367
[slurm61982158_gr043_gpu0_0] Sync pending: 616 items
Epoch 34 | val_loss: 0.31098, val_acc: 0.92160, train_loss: 0.60085, train_acc: 0.95916
Epoch 35 | val_loss: 0.30793, val_acc: 0.92220, train_loss: 0.59426, train_acc: 0.96140
[slurm61982158_gr043_gpu0_0] Sync pending: 616 items
Epoch 36 | val_loss: 0.31647, val_acc: 0.92300, train_loss: 0.58813, train_acc: 0.96504
Epoch 37 | val_loss: 0.30831, val_acc: 0.92300, train_loss: 0.58457, train_acc: 0.96509
[slurm61982158_gr043_gpu0_0] Sync pending: 620 items
Epoch 38 | val_loss: 0.30852, val_acc: 0.92360, train_loss: 0.57825, train_acc: 0.96844
Epoch 39 | val_loss: 0.30669, val_acc: 0.92360, train_loss: 0.57516, train_acc: 0.97058
[slurm61982158_gr043_gpu0_0] Sync pending: 620 items
Epoch 40 | val_loss: 0.30707, val_acc: 0.92440, train_loss: 0.57198, train_acc: 0.97229
Epoch 41 | val_loss: 0.31155, val_acc: 0.92320, train_loss: 0.56879, train_acc: 0.97249
[slurm61982158_gr043_gpu0_0] Sync pending: 624 items
Epoch 42 | val_loss: 0.31122, val_acc: 0.92480, train_loss: 0.56345, train_acc: 0.97593
Epoch 43 | val_loss: 0.31075, val_acc: 0.92320, train_loss: 0.56055, train_acc: 0.97640
[slurm61982158_gr043_gpu0_0] Sync pending: 624 items
Epoch 44 | val_loss: 0.30815, val_acc: 0.92660, train_loss: 0.55923, train_acc: 0.97707
Epoch 45 | val_loss: 0.31526, val_acc: 0.92320, train_loss: 0.55588, train_acc: 0.97882
[slurm61982158_gr043_gpu0_0] Sync pending: 624 items
Epoch 46 | val_loss: 0.31011, val_acc: 0.92240, train_loss: 0.55524, train_acc: 0.97827
Epoch 47 | val_loss: 0.32389, val_acc: 0.91840, train_loss: 0.55270, train_acc: 0.97969
[slurm61982158_gr043_gpu0_0] Sync pending: 628 items
Epoch 48 | val_loss: 0.32826, val_acc: 0.91940, train_loss: 0.54972, train_acc: 0.98096
Epoch 49 | val_loss: 0.32082, val_acc: 0.91880, train_loss: 0.54674, train_acc: 0.98207
[slurm61982158_gr043_gpu0_0] Job ef26d52f-4e2d-4ad7-95e8-4807c102665e completed successfully
[slurm61982158_gr043_gpu0_0] Claimed job c8bcbac7-8321-4386-899c-215a864d1dba (priority=105)
[slurm61982158_gr043_gpu0_0] Executing job c8bcbac7-8321-4386-899c-215a864d1dba with _target_=dr_exp.trainers.decon_trainer.train_classification
Epoch 0 | val_loss: 2.33773, val_acc: 0.14844
`Trainer.fit` stopped: `max_epochs=50` reached.
