GPU available: True (cuda), used: True
TPU available: False, using: 0 TPU cores
HPU available: False, using: 0 HPUs
/scratch/ddr8143/repos/dr_exp/.venv/lib/python3.12/site-packages/lightning/pytorch/trainer/connectors/logger_connector/logger_connector.py:76: Starting from v1.9.0, `tensorboardX` has been removed as a dependency of the `lightning.pytorch` package, due to potential conflicts with other packages in the ML ecosystem. For this reason, `logger=True` will use `CSVLogger` as the default logger, unless the `tensorboard` or `tensorboardX` packages are found. Please `pip install lightning[extra]` or one of them to enable TensorBoard support by default
LOCAL_RANK: 0 - CUDA_VISIBLE_DEVICES: [0]

  | Name      | Type             | Params | Mode 
-------------------------------------------------------
0 | model     | CifarResNet18    | 11.2 M | train
1 | criterion | CrossEntropyLoss | 0      | train
-------------------------------------------------------
11.2 M    Trainable params
0         Non-trainable params
11.2 M    Total params
44.696    Total estimated model params size (MB)
70        Modules in train mode
0         Modules in eval mode
SLURM auto-requeueing enabled. Setting signal handlers.
[SyncHandler] Failed to initialize Supabase: Supabase URL and key must be provided or set in environment
[SyncHandler] Sync disabled - files will remain in queue
[slurm61982235_gr018_gpu0_0] Sync disabled - Supabase not available
Sync: enabled (Supabase not available - queue only)
Starting worker slurm61982235_gr018_gpu0_0
Experiment: cluster_t0 at /scratch/ddr8143/logs/dcnn_workers
------------------------------------------------------------
[slurm61982235_gr018_gpu0_0] Worker started
[slurm61982235_gr018_gpu0_0] Sync thread started
[slurm61982235_gr018_gpu0_0] Heartbeat thread started
[slurm61982235_gr018_gpu0_0] Claimed job 438f8fea-428d-4137-8a90-05a5ff502b4f (priority=185)
[slurm61982235_gr018_gpu0_0] Executing job 438f8fea-428d-4137-8a90-05a5ff502b4f with _target_=dr_exp.trainers.decon_trainer.train_classification
[slurm61982235_gr018_gpu0_0] Sync pending: 404 items
[slurm61982235_gr018_gpu0_0] Sync pending: 404 items
Epoch 0 | val_loss: 2.32279, val_acc: 0.11719
/scratch/ddr8143/repos/dr_exp/.venv/lib/python3.12/site-packages/torch/optim/lr_scheduler.py:198: UserWarning: The epoch parameter in `scheduler.step()` was not necessary and is being deprecated where possible. Please use `scheduler.step()` to step the scheduler. During the deprecation, if epoch is different from None, the closed form is used instead of the new chainable form, where available. Please open an issue if you are unable to replicate your use case: https://github.com/pytorch/pytorch/issues/new/choose.
  warnings.warn(EPOCH_DEPRECATION_WARNING, UserWarning)
`Trainer.fit` stopped: `max_epochs=50` reached.
GPU available: True (cuda), used: True
TPU available: False, using: 0 TPU cores
HPU available: False, using: 0 HPUs
LOCAL_RANK: 0 - CUDA_VISIBLE_DEVICES: [0]

  | Name      | Type             | Params | Mode 
-------------------------------------------------------
0 | model     | CifarResNet18    | 11.2 M | train
1 | criterion | CrossEntropyLoss | 0      | train
-------------------------------------------------------
11.2 M    Trainable params
0         Non-trainable params
11.2 M    Total params
44.696    Total estimated model params size (MB)
70        Modules in train mode
0         Modules in eval mode
SLURM auto-requeueing enabled. Setting signal handlers.
Epoch 0 | val_loss: 2.31221, val_acc: 0.11800
[slurm61982235_gr018_gpu0_0] Sync pending: 404 items
Epoch 1 | val_loss: 1.69375, val_acc: 0.39600, train_loss: 2.30907, train_acc: 0.11371
[slurm61982235_gr018_gpu0_0] Sync pending: 412 items
Epoch 2 | val_loss: 1.51355, val_acc: 0.50980, train_loss: 2.14679, train_acc: 0.23451
Epoch 3 | val_loss: 1.38693, val_acc: 0.53560, train_loss: 2.08091, train_acc: 0.29193
[slurm61982235_gr018_gpu0_0] Sync pending: 412 items
Epoch 4 | val_loss: 1.23832, val_acc: 0.61080, train_loss: 1.97874, train_acc: 0.34418
Epoch 5 | val_loss: 1.17121, val_acc: 0.65000, train_loss: 1.90083, train_acc: 0.39553
[slurm61982235_gr018_gpu0_0] Sync pending: 416 items
Epoch 6 | val_loss: 1.10693, val_acc: 0.67580, train_loss: 1.84052, train_acc: 0.43129
Epoch 7 | val_loss: 0.97263, val_acc: 0.72920, train_loss: 1.80512, train_acc: 0.44953
[slurm61982235_gr018_gpu0_0] Sync pending: 416 items
Epoch 8 | val_loss: 0.97061, val_acc: 0.71360, train_loss: 1.75940, train_acc: 0.48951
Epoch 9 | val_loss: 0.94303, val_acc: 0.76700, train_loss: 1.72441, train_acc: 0.47778
[slurm61982235_gr018_gpu0_0] Sync pending: 416 items
Epoch 10 | val_loss: 0.87178, val_acc: 0.77440, train_loss: 1.71611, train_acc: 0.49089
Epoch 11 | val_loss: 0.83773, val_acc: 0.80320, train_loss: 1.70940, train_acc: 0.50129
[slurm61982235_gr018_gpu0_0] Sync pending: 420 items
Epoch 12 | val_loss: 0.97502, val_acc: 0.76480, train_loss: 1.69062, train_acc: 0.50536
Epoch 13 | val_loss: 0.84938, val_acc: 0.80440, train_loss: 1.68629, train_acc: 0.49193
[slurm61982235_gr018_gpu0_0] Sync pending: 420 items
Epoch 14 | val_loss: 0.87643, val_acc: 0.77740, train_loss: 1.67346, train_acc: 0.49749
Epoch 15 | val_loss: 0.82111, val_acc: 0.81080, train_loss: 1.65547, train_acc: 0.52049
[slurm61982235_gr018_gpu0_0] Sync pending: 420 items
Epoch 16 | val_loss: 0.82118, val_acc: 0.81600, train_loss: 1.66785, train_acc: 0.51451
Epoch 17 | val_loss: 0.92763, val_acc: 0.78600, train_loss: 1.64781, train_acc: 0.52349
[slurm61982235_gr018_gpu0_0] Sync pending: 420 items
Epoch 18 | val_loss: 0.77869, val_acc: 0.82620, train_loss: 1.65221, train_acc: 0.52869
Epoch 19 | val_loss: 0.80490, val_acc: 0.82960, train_loss: 1.62477, train_acc: 0.50664
[slurm61982235_gr018_gpu0_0] Sync pending: 420 items
Epoch 20 | val_loss: 0.84670, val_acc: 0.83600, train_loss: 1.59892, train_acc: 0.52016
Epoch 21 | val_loss: 0.72932, val_acc: 0.83540, train_loss: 1.62374, train_acc: 0.51284
[slurm61982235_gr018_gpu0_0] Sync pending: 424 items
Epoch 22 | val_loss: 0.79129, val_acc: 0.84000, train_loss: 1.60410, train_acc: 0.53829
[slurm61982235_gr018_gpu0_0] Sync pending: 428 items
Epoch 23 | val_loss: 0.75524, val_acc: 0.84820, train_loss: 1.60226, train_acc: 0.55920
Epoch 24 | val_loss: 0.77572, val_acc: 0.85260, train_loss: 1.58052, train_acc: 0.55676
[slurm61982235_gr018_gpu0_0] Sync pending: 432 items
Epoch 25 | val_loss: 0.67778, val_acc: 0.87440, train_loss: 1.59378, train_acc: 0.54364
Epoch 26 | val_loss: 0.75184, val_acc: 0.86200, train_loss: 1.57082, train_acc: 0.57809
[slurm61982235_gr018_gpu0_0] Sync pending: 432 items
Epoch 27 | val_loss: 0.72431, val_acc: 0.86720, train_loss: 1.56623, train_acc: 0.59778
Epoch 28 | val_loss: 0.68414, val_acc: 0.87340, train_loss: 1.57182, train_acc: 0.57391
[slurm61982235_gr018_gpu0_0] Sync pending: 436 items
Epoch 29 | val_loss: 0.66025, val_acc: 0.87920, train_loss: 1.54055, train_acc: 0.54064
Epoch 30 | val_loss: 0.68977, val_acc: 0.87660, train_loss: 1.53067, train_acc: 0.59013
[slurm61982235_gr018_gpu0_0] Sync pending: 436 items
Epoch 31 | val_loss: 0.64258, val_acc: 0.89620, train_loss: 1.52550, train_acc: 0.57273
Epoch 32 | val_loss: 0.67554, val_acc: 0.88320, train_loss: 1.54744, train_acc: 0.57353
[slurm61982235_gr018_gpu0_0] Sync pending: 440 items
Epoch 33 | val_loss: 0.69432, val_acc: 0.89740, train_loss: 1.51423, train_acc: 0.57600
Epoch 34 | val_loss: 0.61957, val_acc: 0.90900, train_loss: 1.52033, train_acc: 0.59887
[slurm61982235_gr018_gpu0_0] Sync pending: 440 items
Epoch 35 | val_loss: 0.63026, val_acc: 0.90440, train_loss: 1.52758, train_acc: 0.60116
Epoch 36 | val_loss: 0.58398, val_acc: 0.90600, train_loss: 1.53393, train_acc: 0.59820
[slurm61982235_gr018_gpu0_0] Sync pending: 448 items
Epoch 37 | val_loss: 0.59480, val_acc: 0.90560, train_loss: 1.48698, train_acc: 0.61918
Epoch 38 | val_loss: 0.61803, val_acc: 0.91260, train_loss: 1.47290, train_acc: 0.60151
[slurm61982235_gr018_gpu0_0] Sync pending: 452 items
Epoch 39 | val_loss: 0.58627, val_acc: 0.91680, train_loss: 1.47523, train_acc: 0.59422
[slurm61982235_gr018_gpu0_0] Sync pending: 456 items
Epoch 40 | val_loss: 0.56491, val_acc: 0.91960, train_loss: 1.46803, train_acc: 0.59693
Epoch 41 | val_loss: 0.57802, val_acc: 0.92220, train_loss: 1.46060, train_acc: 0.62887
[slurm61982235_gr018_gpu0_0] Sync pending: 456 items
Epoch 42 | val_loss: 0.53962, val_acc: 0.92400, train_loss: 1.46595, train_acc: 0.58524
Epoch 43 | val_loss: 0.57825, val_acc: 0.92540, train_loss: 1.44432, train_acc: 0.61124
[slurm61982235_gr018_gpu0_0] Sync pending: 460 items
Epoch 44 | val_loss: 0.56517, val_acc: 0.93100, train_loss: 1.44628, train_acc: 0.58358
Epoch 45 | val_loss: 0.55484, val_acc: 0.92840, train_loss: 1.44552, train_acc: 0.61669
[slurm61982235_gr018_gpu0_0] Sync pending: 464 items
Epoch 46 | val_loss: 0.55695, val_acc: 0.93060, train_loss: 1.41717, train_acc: 0.64313
Epoch 47 | val_loss: 0.54243, val_acc: 0.93260, train_loss: 1.41740, train_acc: 0.63860
[slurm61982235_gr018_gpu0_0] Sync pending: 468 items
Epoch 48 | val_loss: 0.53471, val_acc: 0.93340, train_loss: 1.42978, train_acc: 0.62169
Epoch 49 | val_loss: 0.53876, val_acc: 0.93420, train_loss: 1.44061, train_acc: 0.62240
[slurm61982235_gr018_gpu0_0] Job 438f8fea-428d-4137-8a90-05a5ff502b4f completed successfully
[slurm61982235_gr018_gpu0_0] Claimed job 91b27e22-75dc-4fa0-a996-d7eba44b7a03 (priority=170)
[slurm61982235_gr018_gpu0_0] Executing job 91b27e22-75dc-4fa0-a996-d7eba44b7a03 with _target_=dr_exp.trainers.decon_trainer.train_classification
Epoch 0 | val_loss: 2.36398, val_acc: 0.11719
`Trainer.fit` stopped: `max_epochs=50` reached.
GPU available: True (cuda), used: True
TPU available: False, using: 0 TPU cores
HPU available: False, using: 0 HPUs
LOCAL_RANK: 0 - CUDA_VISIBLE_DEVICES: [0]

  | Name      | Type             | Params | Mode 
-------------------------------------------------------
0 | model     | CifarResNet18    | 11.2 M | train
1 | criterion | CrossEntropyLoss | 0      | train
-------------------------------------------------------
11.2 M    Trainable params
0         Non-trainable params
11.2 M    Total params
44.696    Total estimated model params size (MB)
70        Modules in train mode
0         Modules in eval mode
SLURM auto-requeueing enabled. Setting signal handlers.
[slurm61982235_gr018_gpu0_0] Sync pending: 472 items
Epoch 0 | val_loss: 2.30947, val_acc: 0.10000
[slurm61982235_gr018_gpu0_0] Sync pending: 472 items
Epoch 1 | val_loss: 2.06465, val_acc: 0.26960, train_loss: 2.31863, train_acc: 0.10173
Epoch 2 | val_loss: 1.84061, val_acc: 0.35460, train_loss: 2.27279, train_acc: 0.14156
[slurm61982235_gr018_gpu0_0] Sync pending: 472 items
Epoch 3 | val_loss: 1.71682, val_acc: 0.40100, train_loss: 2.19658, train_acc: 0.19109
[slurm61982235_gr018_gpu0_0] Sync pending: 476 items
Epoch 4 | val_loss: 1.63165, val_acc: 0.44880, train_loss: 2.14048, train_acc: 0.23278
Epoch 5 | val_loss: 1.50891, val_acc: 0.47480, train_loss: 2.10129, train_acc: 0.25151
[slurm61982235_gr018_gpu0_0] Sync pending: 476 items
Epoch 6 | val_loss: 1.43065, val_acc: 0.52640, train_loss: 2.07483, train_acc: 0.27380
Epoch 7 | val_loss: 1.34404, val_acc: 0.57420, train_loss: 2.03735, train_acc: 0.30887
[slurm61982235_gr018_gpu0_0] Sync pending: 480 items
Epoch 8 | val_loss: 1.28514, val_acc: 0.59360, train_loss: 2.00440, train_acc: 0.31713
[slurm61982235_gr018_gpu0_0] Sync pending: 480 items
Epoch 9 | val_loss: 1.22454, val_acc: 0.61380, train_loss: 1.98640, train_acc: 0.33109
Epoch 10 | val_loss: 1.16438, val_acc: 0.65940, train_loss: 1.95932, train_acc: 0.32913
[slurm61982235_gr018_gpu0_0] Sync pending: 480 items
Epoch 11 | val_loss: 1.15595, val_acc: 0.64080, train_loss: 1.92985, train_acc: 0.36022
Epoch 12 | val_loss: 1.10604, val_acc: 0.66360, train_loss: 1.91740, train_acc: 0.36891
[slurm61982235_gr018_gpu0_0] Sync pending: 480 items
Epoch 13 | val_loss: 1.06391, val_acc: 0.67360, train_loss: 1.88118, train_acc: 0.39924
Epoch 14 | val_loss: 1.03140, val_acc: 0.69680, train_loss: 1.90061, train_acc: 0.39787
[slurm61982235_gr018_gpu0_0] Sync pending: 484 items
Epoch 15 | val_loss: 1.01676, val_acc: 0.71280, train_loss: 1.84984, train_acc: 0.40224
Epoch 16 | val_loss: 1.02066, val_acc: 0.71700, train_loss: 1.84905, train_acc: 0.42118
[slurm61982235_gr018_gpu0_0] Sync pending: 484 items
Epoch 17 | val_loss: 0.97421, val_acc: 0.73360, train_loss: 1.83612, train_acc: 0.40673
[slurm61982235_gr018_gpu0_0] Sync pending: 484 items
Epoch 18 | val_loss: 1.00189, val_acc: 0.71700, train_loss: 1.82589, train_acc: 0.43607
Epoch 19 | val_loss: 0.96158, val_acc: 0.72640, train_loss: 1.83234, train_acc: 0.43840
[slurm61982235_gr018_gpu0_0] Sync pending: 488 items
Epoch 20 | val_loss: 0.93622, val_acc: 0.74040, train_loss: 1.81494, train_acc: 0.43440
Epoch 21 | val_loss: 0.94161, val_acc: 0.75780, train_loss: 1.82045, train_acc: 0.42769
[slurm61982235_gr018_gpu0_0] Sync pending: 488 items
Epoch 22 | val_loss: 0.91662, val_acc: 0.75980, train_loss: 1.80986, train_acc: 0.45431
[slurm61982235_gr018_gpu0_0] Sync pending: 488 items
Epoch 23 | val_loss: 0.90272, val_acc: 0.77140, train_loss: 1.82429, train_acc: 0.42313
Epoch 24 | val_loss: 0.91546, val_acc: 0.76600, train_loss: 1.79032, train_acc: 0.46111
[slurm61982235_gr018_gpu0_0] Sync pending: 492 items
Epoch 25 | val_loss: 0.89887, val_acc: 0.76180, train_loss: 1.79747, train_acc: 0.46711
Epoch 26 | val_loss: 0.87888, val_acc: 0.75320, train_loss: 1.77972, train_acc: 0.43744
[slurm61982235_gr018_gpu0_0] Sync pending: 492 items
Epoch 27 | val_loss: 0.86288, val_acc: 0.78900, train_loss: 1.77568, train_acc: 0.45624
Epoch 28 | val_loss: 0.89119, val_acc: 0.76980, train_loss: 1.76833, train_acc: 0.46429
[slurm61982235_gr018_gpu0_0] Sync pending: 500 items
Epoch 29 | val_loss: 0.84813, val_acc: 0.77720, train_loss: 1.77328, train_acc: 0.45569
[slurm61982235_gr018_gpu0_0] Sync pending: 504 items
Epoch 30 | val_loss: 0.86712, val_acc: 0.78100, train_loss: 1.75394, train_acc: 0.43082
Epoch 31 | val_loss: 0.86814, val_acc: 0.78400, train_loss: 1.76852, train_acc: 0.46713
[slurm61982235_gr018_gpu0_0] Sync pending: 508 items
Epoch 32 | val_loss: 0.86484, val_acc: 0.78100, train_loss: 1.73540, train_acc: 0.50051
Epoch 33 | val_loss: 0.83073, val_acc: 0.79840, train_loss: 1.73947, train_acc: 0.49024
[slurm61982235_gr018_gpu0_0] Sync pending: 520 items
Epoch 34 | val_loss: 0.84637, val_acc: 0.78920, train_loss: 1.76201, train_acc: 0.45684
[slurm61982235_gr018_gpu0_0] Sync pending: 524 items
Epoch 35 | val_loss: 0.82952, val_acc: 0.79600, train_loss: 1.73484, train_acc: 0.47729
Epoch 36 | val_loss: 0.81086, val_acc: 0.80120, train_loss: 1.75426, train_acc: 0.47598
[slurm61982235_gr018_gpu0_0] Sync pending: 524 items
Epoch 37 | val_loss: 0.81451, val_acc: 0.79800, train_loss: 1.73225, train_acc: 0.47782
Epoch 38 | val_loss: 0.82130, val_acc: 0.79920, train_loss: 1.71336, train_acc: 0.48691
[slurm61982235_gr018_gpu0_0] Sync pending: 524 items
Epoch 39 | val_loss: 0.82645, val_acc: 0.80540, train_loss: 1.73829, train_acc: 0.46511
Epoch 40 | val_loss: 0.81726, val_acc: 0.80580, train_loss: 1.73417, train_acc: 0.48193
[slurm61982235_gr018_gpu0_0] Sync pending: 524 items
Epoch 41 | val_loss: 0.81830, val_acc: 0.80060, train_loss: 1.73946, train_acc: 0.48187
[slurm61982235_gr018_gpu0_0] Sync pending: 528 items
Epoch 42 | val_loss: 0.80907, val_acc: 0.80500, train_loss: 1.74274, train_acc: 0.46822
Epoch 43 | val_loss: 0.81412, val_acc: 0.80760, train_loss: 1.71737, train_acc: 0.48684
[slurm61982235_gr018_gpu0_0] Sync pending: 528 items
Epoch 44 | val_loss: 0.80990, val_acc: 0.81120, train_loss: 1.72876, train_acc: 0.45478
Epoch 45 | val_loss: 0.80968, val_acc: 0.81200, train_loss: 1.72071, train_acc: 0.48516
[slurm61982235_gr018_gpu0_0] Sync pending: 536 items
Epoch 46 | val_loss: 0.81125, val_acc: 0.80880, train_loss: 1.73831, train_acc: 0.48716
[slurm61982235_gr018_gpu0_0] Sync pending: 540 items
Epoch 47 | val_loss: 0.80392, val_acc: 0.81100, train_loss: 1.71743, train_acc: 0.49107
Epoch 48 | val_loss: 0.80831, val_acc: 0.80920, train_loss: 1.73747, train_acc: 0.47576
[slurm61982235_gr018_gpu0_0] Sync pending: 540 items
Epoch 49 | val_loss: 0.81740, val_acc: 0.80900, train_loss: 1.72027, train_acc: 0.47678
[slurm61982235_gr018_gpu0_0] Job 91b27e22-75dc-4fa0-a996-d7eba44b7a03 completed successfully
[slurm61982235_gr018_gpu0_0] Claimed job c766cf23-0f8f-4659-8ca5-da59f019d0c1 (priority=145)
[slurm61982235_gr018_gpu0_0] Executing job c766cf23-0f8f-4659-8ca5-da59f019d0c1 with _target_=dr_exp.trainers.decon_trainer.train_classification
Epoch 0 | val_loss: 2.35964, val_acc: 0.08984
`Trainer.fit` stopped: `max_epochs=50` reached.
GPU available: True (cuda), used: True
TPU available: False, using: 0 TPU cores
HPU available: False, using: 0 HPUs
LOCAL_RANK: 0 - CUDA_VISIBLE_DEVICES: [0]

  | Name      | Type             | Params | Mode 
-------------------------------------------------------
0 | model     | CifarAlexNet     | 2.4 M  | train
1 | criterion | CrossEntropyLoss | 0      | train
-------------------------------------------------------
2.4 M     Trainable params
0         Non-trainable params
2.4 M     Total params
9.768     Total estimated model params size (MB)
24        Modules in train mode
0         Modules in eval mode
SLURM auto-requeueing enabled. Setting signal handlers.
[slurm61982235_gr018_gpu0_0] Sync pending: 544 items
Epoch 0 | val_loss: 1.46507, val_acc: 0.47000
Epoch 1 | val_loss: 1.10472, val_acc: 0.61340, train_loss: 1.85405, train_acc: 0.37189
[slurm61982235_gr018_gpu0_0] Sync pending: 544 items
Epoch 2 | val_loss: 0.88610, val_acc: 0.70200, train_loss: 1.43435, train_acc: 0.57513
Epoch 3 | val_loss: 0.86406, val_acc: 0.70920, train_loss: 1.21632, train_acc: 0.68431
[slurm61982235_gr018_gpu0_0] Sync pending: 548 items
Epoch 4 | val_loss: 0.67321, val_acc: 0.78760, train_loss: 1.10071, train_acc: 0.73964
Epoch 5 | val_loss: 0.70485, val_acc: 0.77920, train_loss: 1.03163, train_acc: 0.76998
[slurm61982235_gr018_gpu0_0] Sync pending: 548 items
Epoch 6 | val_loss: 0.68698, val_acc: 0.78720, train_loss: 0.97950, train_acc: 0.79433
Epoch 7 | val_loss: 0.65515, val_acc: 0.80120, train_loss: 0.94326, train_acc: 0.80780
[slurm61982235_gr018_gpu0_0] Sync pending: 548 items
Epoch 8 | val_loss: 0.72272, val_acc: 0.77300, train_loss: 0.91151, train_acc: 0.82296
Epoch 9 | val_loss: 0.56616, val_acc: 0.82820, train_loss: 0.88646, train_acc: 0.83533
[slurm61982235_gr018_gpu0_0] Sync pending: 552 items
Epoch 10 | val_loss: 0.59285, val_acc: 0.81480, train_loss: 0.86198, train_acc: 0.84451
Epoch 11 | val_loss: 0.79308, val_acc: 0.75020, train_loss: 0.84646, train_acc: 0.85002
[slurm61982235_gr018_gpu0_0] Sync pending: 556 items
Epoch 12 | val_loss: 0.48009, val_acc: 0.85180, train_loss: 0.82895, train_acc: 0.85798
Epoch 13 | val_loss: 0.58599, val_acc: 0.82200, train_loss: 0.82033, train_acc: 0.86080
[slurm61982235_gr018_gpu0_0] Sync pending: 556 items
Epoch 14 | val_loss: 0.51111, val_acc: 0.84500, train_loss: 0.80263, train_acc: 0.87109
Epoch 15 | val_loss: 0.49571, val_acc: 0.84920, train_loss: 0.79805, train_acc: 0.87164
[slurm61982235_gr018_gpu0_0] Sync pending: 556 items
Epoch 16 | val_loss: 0.53396, val_acc: 0.84020, train_loss: 0.79045, train_acc: 0.87411
Epoch 17 | val_loss: 0.47792, val_acc: 0.85580, train_loss: 0.78183, train_acc: 0.87929
[slurm61982235_gr018_gpu0_0] Sync pending: 560 items
Epoch 18 | val_loss: 0.47670, val_acc: 0.85920, train_loss: 0.77911, train_acc: 0.87782
[slurm61982235_gr018_gpu0_0] Sync pending: 560 items
Epoch 19 | val_loss: 0.51616, val_acc: 0.84700, train_loss: 0.76815, train_acc: 0.88587
Epoch 20 | val_loss: 0.55755, val_acc: 0.83140, train_loss: 0.76597, train_acc: 0.88564
[slurm61982235_gr018_gpu0_0] Sync pending: 560 items
Epoch 21 | val_loss: 0.45305, val_acc: 0.86760, train_loss: 0.76075, train_acc: 0.88802
Epoch 22 | val_loss: 0.53426, val_acc: 0.84000, train_loss: 0.76088, train_acc: 0.88771
[slurm61982235_gr018_gpu0_0] Sync pending: 564 items
Epoch 23 | val_loss: 0.48842, val_acc: 0.85760, train_loss: 0.75541, train_acc: 0.89127
Epoch 24 | val_loss: 0.45497, val_acc: 0.86420, train_loss: 0.74991, train_acc: 0.89173
[slurm61982235_gr018_gpu0_0] Sync pending: 564 items
Epoch 25 | val_loss: 0.51570, val_acc: 0.84840, train_loss: 0.74622, train_acc: 0.89540
Epoch 26 | val_loss: 0.43264, val_acc: 0.87660, train_loss: 0.74210, train_acc: 0.89673
[slurm61982235_gr018_gpu0_0] Sync pending: 572 items
Epoch 27 | val_loss: 0.45043, val_acc: 0.87100, train_loss: 0.74314, train_acc: 0.89618
Epoch 28 | val_loss: 0.43921, val_acc: 0.87480, train_loss: 0.73228, train_acc: 0.90167
[slurm61982235_gr018_gpu0_0] Sync pending: 576 items
Epoch 29 | val_loss: 0.43348, val_acc: 0.87280, train_loss: 0.73012, train_acc: 0.90311
Epoch 30 | val_loss: 0.30744, val_acc: 0.92060, train_loss: 0.73666, train_acc: 0.89962
[slurm61982235_gr018_gpu0_0] Sync pending: 584 items
Epoch 31 | val_loss: 0.29438, val_acc: 0.92600, train_loss: 0.63839, train_acc: 0.94327
Epoch 32 | val_loss: 0.29671, val_acc: 0.92320, train_loss: 0.60778, train_acc: 0.95782
[slurm61982235_gr018_gpu0_0] Sync pending: 592 items
Epoch 33 | val_loss: 0.29173, val_acc: 0.92780, train_loss: 0.59427, train_acc: 0.96282
Epoch 34 | val_loss: 0.28872, val_acc: 0.92880, train_loss: 0.58489, train_acc: 0.96738
[slurm61982235_gr018_gpu0_0] Sync pending: 596 items
Epoch 35 | val_loss: 0.28855, val_acc: 0.92740, train_loss: 0.57897, train_acc: 0.96904
Epoch 36 | val_loss: 0.28505, val_acc: 0.93100, train_loss: 0.57430, train_acc: 0.97229
[slurm61982235_gr018_gpu0_0] Sync pending: 596 items
Epoch 37 | val_loss: 0.28490, val_acc: 0.93120, train_loss: 0.56794, train_acc: 0.97453
[slurm61982235_gr018_gpu0_0] Sync pending: 596 items
Epoch 38 | val_loss: 0.27747, val_acc: 0.93300, train_loss: 0.56510, train_acc: 0.97664
Epoch 39 | val_loss: 0.28277, val_acc: 0.93140, train_loss: 0.55906, train_acc: 0.97902
[slurm61982235_gr018_gpu0_0] Sync pending: 600 items
Epoch 40 | val_loss: 0.29212, val_acc: 0.93120, train_loss: 0.55694, train_acc: 0.97924
Epoch 41 | val_loss: 0.29198, val_acc: 0.93260, train_loss: 0.55480, train_acc: 0.97989
[slurm61982235_gr018_gpu0_0] Sync pending: 600 items
Epoch 42 | val_loss: 0.28577, val_acc: 0.93000, train_loss: 0.55104, train_acc: 0.98138
Epoch 43 | val_loss: 0.28615, val_acc: 0.93200, train_loss: 0.54920, train_acc: 0.98256
[slurm61982235_gr018_gpu0_0] Sync pending: 604 items
Epoch 44 | val_loss: 0.29168, val_acc: 0.93040, train_loss: 0.54608, train_acc: 0.98402
Epoch 45 | val_loss: 0.28705, val_acc: 0.93320, train_loss: 0.54304, train_acc: 0.98496
[slurm61982235_gr018_gpu0_0] Sync pending: 608 items
Epoch 46 | val_loss: 0.28441, val_acc: 0.93340, train_loss: 0.54214, train_acc: 0.98584
Epoch 47 | val_loss: 0.28035, val_acc: 0.93480, train_loss: 0.54041, train_acc: 0.98611
[slurm61982235_gr018_gpu0_0] Sync pending: 612 items
Epoch 48 | val_loss: 0.28646, val_acc: 0.93260, train_loss: 0.53844, train_acc: 0.98680
Epoch 49 | val_loss: 0.28563, val_acc: 0.93220, train_loss: 0.53746, train_acc: 0.98684
[slurm61982235_gr018_gpu0_0] Job c766cf23-0f8f-4659-8ca5-da59f019d0c1 completed successfully
[slurm61982235_gr018_gpu0_0] Claimed job d6cfb70f-c726-428e-a0c7-36a4a8d23e8b (priority=115)
[slurm61982235_gr018_gpu0_0] Executing job d6cfb70f-c726-428e-a0c7-36a4a8d23e8b with _target_=dr_exp.trainers.decon_trainer.train_classification
Epoch 0 | val_loss: 2.33293, val_acc: 0.11719
`Trainer.fit` stopped: `max_epochs=50` reached.
