2025-06-12 02:07:11,196 - dr_exp.worker.launcher - INFO - Starting launcher on node gr043
2025-06-12 02:07:11,196 - dr_exp.worker.launcher - INFO - Found 1 GPUs: [0]
2025-06-12 02:07:11,196 - dr_exp.worker.launcher - INFO - Spawning worker slurm61982224_gr043_gpu0_0 on GPU 0
2025-06-12 02:07:11,296 - dr_exp.worker.launcher - INFO - Running maintenance
2025-06-12 02:07:11,317 - dr_exp.worker.launcher - INFO - Workers alive: 1
2025-06-12 02:07:11,335 - dr_exp.worker.launcher - INFO - Jobs queued: 116
2025-06-12 02:07:11,335 - dr_exp.worker.launcher - INFO - Runtime: 0.0 hours
2025-06-12 02:17:12,167 - dr_exp.worker.launcher - INFO - Running maintenance
2025-06-12 02:17:12,185 - dr_exp.worker.launcher - INFO - Workers alive: 1
2025-06-12 02:17:12,204 - dr_exp.worker.launcher - INFO - Jobs queued: 109
2025-06-12 02:17:12,204 - dr_exp.worker.launcher - INFO - Runtime: 0.2 hours
2025-06-12 02:27:13,038 - dr_exp.worker.launcher - INFO - Running maintenance
2025-06-12 02:27:13,057 - dr_exp.worker.launcher - INFO - Workers alive: 1
2025-06-12 02:27:13,076 - dr_exp.worker.launcher - INFO - Jobs queued: 95
2025-06-12 02:27:13,076 - dr_exp.worker.launcher - INFO - Runtime: 0.3 hours
2025-06-12 02:37:13,910 - dr_exp.worker.launcher - INFO - Running maintenance
2025-06-12 02:37:13,929 - dr_exp.worker.launcher - INFO - Workers alive: 1
2025-06-12 02:37:13,947 - dr_exp.worker.launcher - INFO - Jobs queued: 84
2025-06-12 02:37:13,947 - dr_exp.worker.launcher - INFO - Runtime: 0.5 hours
2025-06-12 02:47:14,782 - dr_exp.worker.launcher - INFO - Running maintenance
2025-06-12 02:47:14,802 - dr_exp.worker.launcher - INFO - Workers alive: 1
2025-06-12 02:47:14,822 - dr_exp.worker.launcher - INFO - Jobs queued: 73
2025-06-12 02:47:14,822 - dr_exp.worker.launcher - INFO - Runtime: 0.7 hours
2025-06-12 02:57:15,638 - dr_exp.worker.launcher - INFO - Running maintenance
2025-06-12 02:57:15,656 - dr_exp.worker.launcher - INFO - Workers alive: 1
2025-06-12 02:57:15,675 - dr_exp.worker.launcher - INFO - Jobs queued: 63
2025-06-12 02:57:15,675 - dr_exp.worker.launcher - INFO - Runtime: 0.8 hours
2025-06-12 03:07:16,517 - dr_exp.worker.launcher - INFO - Running maintenance
2025-06-12 03:07:16,535 - dr_exp.worker.launcher - INFO - Workers alive: 1
2025-06-12 03:07:16,553 - dr_exp.worker.launcher - INFO - Jobs queued: 48
2025-06-12 03:07:16,553 - dr_exp.worker.launcher - INFO - Runtime: 1.0 hours
2025-06-12 03:17:17,389 - dr_exp.worker.launcher - INFO - Running maintenance
2025-06-12 03:17:17,408 - dr_exp.worker.launcher - INFO - Workers alive: 1
2025-06-12 03:17:17,425 - dr_exp.worker.launcher - INFO - Jobs queued: 36
2025-06-12 03:17:17,425 - dr_exp.worker.launcher - INFO - Runtime: 1.2 hours
2025-06-12 03:27:18,270 - dr_exp.worker.launcher - INFO - Running maintenance
2025-06-12 03:27:18,289 - dr_exp.worker.launcher - INFO - Workers alive: 1
2025-06-12 03:27:18,307 - dr_exp.worker.launcher - INFO - Jobs queued: 24
2025-06-12 03:27:18,307 - dr_exp.worker.launcher - INFO - Runtime: 1.3 hours
2025-06-12 03:37:19,201 - dr_exp.worker.launcher - INFO - Running maintenance
2025-06-12 03:37:19,220 - dr_exp.worker.launcher - INFO - Workers alive: 1
2025-06-12 03:37:19,237 - dr_exp.worker.launcher - INFO - Jobs queued: 10
2025-06-12 03:37:19,237 - dr_exp.worker.launcher - INFO - Runtime: 1.5 hours
2025-06-12 03:47:20,053 - dr_exp.worker.launcher - INFO - Running maintenance
2025-06-12 03:47:20,071 - dr_exp.worker.launcher - INFO - Workers alive: 1
2025-06-12 03:47:20,088 - dr_exp.worker.launcher - INFO - Jobs queued: 0
2025-06-12 03:47:20,088 - dr_exp.worker.launcher - INFO - Runtime: 1.7 hours
2025-06-12 03:57:20,792 - dr_exp.worker.launcher - INFO - Running maintenance
2025-06-12 03:57:20,810 - dr_exp.worker.launcher - INFO - Workers alive: 1
2025-06-12 03:57:20,826 - dr_exp.worker.launcher - INFO - Jobs queued: 0
2025-06-12 03:57:20,827 - dr_exp.worker.launcher - INFO - Runtime: 1.8 hours
2025-06-12 04:07:21,537 - dr_exp.worker.launcher - INFO - Running maintenance
2025-06-12 04:07:21,555 - dr_exp.worker.launcher - INFO - Workers alive: 1
2025-06-12 04:07:21,572 - dr_exp.worker.launcher - INFO - Jobs queued: 0
2025-06-12 04:07:21,572 - dr_exp.worker.launcher - INFO - Runtime: 2.0 hours
2025-06-12 04:17:22,264 - dr_exp.worker.launcher - INFO - Running maintenance
2025-06-12 04:17:22,282 - dr_exp.worker.launcher - INFO - Workers alive: 1
2025-06-12 04:17:22,299 - dr_exp.worker.launcher - INFO - Jobs queued: 0
2025-06-12 04:17:22,299 - dr_exp.worker.launcher - INFO - Runtime: 2.2 hours
2025-06-12 04:27:22,995 - dr_exp.worker.launcher - INFO - Running maintenance
2025-06-12 04:27:23,013 - dr_exp.worker.launcher - INFO - Workers alive: 1
2025-06-12 04:27:23,030 - dr_exp.worker.launcher - INFO - Jobs queued: 0
2025-06-12 04:27:23,031 - dr_exp.worker.launcher - INFO - Runtime: 2.3 hours
2025-06-12 04:37:23,734 - dr_exp.worker.launcher - INFO - Running maintenance
2025-06-12 04:37:23,752 - dr_exp.worker.launcher - INFO - Workers alive: 1
2025-06-12 04:37:23,768 - dr_exp.worker.launcher - INFO - Jobs queued: 0
2025-06-12 04:37:23,768 - dr_exp.worker.launcher - INFO - Runtime: 2.5 hours
2025-06-12 04:47:24,452 - dr_exp.worker.launcher - INFO - Running maintenance
2025-06-12 04:47:24,470 - dr_exp.worker.launcher - INFO - Workers alive: 1
2025-06-12 04:47:24,486 - dr_exp.worker.launcher - INFO - Jobs queued: 0
2025-06-12 04:47:24,487 - dr_exp.worker.launcher - INFO - Runtime: 2.7 hours
2025-06-12 04:57:25,164 - dr_exp.worker.launcher - INFO - Running maintenance
2025-06-12 04:57:25,182 - dr_exp.worker.launcher - INFO - Workers alive: 1
2025-06-12 04:57:25,198 - dr_exp.worker.launcher - INFO - Jobs queued: 0
2025-06-12 04:57:25,198 - dr_exp.worker.launcher - INFO - Runtime: 2.8 hours
2025-06-12 05:07:25,854 - dr_exp.worker.launcher - INFO - Running maintenance
2025-06-12 05:07:25,871 - dr_exp.worker.launcher - INFO - Workers alive: 1
2025-06-12 05:07:25,887 - dr_exp.worker.launcher - INFO - Jobs queued: 0
2025-06-12 05:07:25,887 - dr_exp.worker.launcher - INFO - Runtime: 3.0 hours
2025-06-12 05:17:26,539 - dr_exp.worker.launcher - INFO - Running maintenance
2025-06-12 05:17:26,555 - dr_exp.worker.launcher - INFO - Workers alive: 1
2025-06-12 05:17:26,570 - dr_exp.worker.launcher - INFO - Jobs queued: 0
2025-06-12 05:17:26,571 - dr_exp.worker.launcher - INFO - Runtime: 3.2 hours
2025-06-12 05:27:27,242 - dr_exp.worker.launcher - INFO - Running maintenance
2025-06-12 05:27:27,259 - dr_exp.worker.launcher - INFO - Workers alive: 1
2025-06-12 05:27:27,274 - dr_exp.worker.launcher - INFO - Jobs queued: 0
2025-06-12 05:27:27,274 - dr_exp.worker.launcher - INFO - Runtime: 3.3 hours
2025-06-12 05:37:27,939 - dr_exp.worker.launcher - INFO - Running maintenance
2025-06-12 05:37:27,956 - dr_exp.worker.launcher - INFO - Workers alive: 1
2025-06-12 05:37:27,971 - dr_exp.worker.launcher - INFO - Jobs queued: 0
2025-06-12 05:37:27,971 - dr_exp.worker.launcher - INFO - Runtime: 3.5 hours
2025-06-12 05:47:28,624 - dr_exp.worker.launcher - INFO - Running maintenance
2025-06-12 05:47:28,641 - dr_exp.worker.launcher - INFO - Workers alive: 1
2025-06-12 05:47:28,656 - dr_exp.worker.launcher - INFO - Jobs queued: 0
2025-06-12 05:47:28,656 - dr_exp.worker.launcher - INFO - Runtime: 3.7 hours
2025-06-12 05:57:29,308 - dr_exp.worker.launcher - INFO - Running maintenance
2025-06-12 05:57:29,324 - dr_exp.worker.launcher - INFO - Workers alive: 1
2025-06-12 05:57:29,340 - dr_exp.worker.launcher - INFO - Jobs queued: 0
2025-06-12 05:57:29,340 - dr_exp.worker.launcher - INFO - Runtime: 3.8 hours
