GPU available: True (cuda), used: True
TPU available: False, using: 0 TPU cores
HPU available: False, using: 0 HPUs
/scratch/ddr8143/repos/dr_exp/.venv/lib/python3.12/site-packages/lightning/pytorch/trainer/connectors/logger_connector/logger_connector.py:76: Starting from v1.9.0, `tensorboardX` has been removed as a dependency of the `lightning.pytorch` package, due to potential conflicts with other packages in the ML ecosystem. For this reason, `logger=True` will use `CSVLogger` as the default logger, unless the `tensorboard` or `tensorboardX` packages are found. Please `pip install lightning[extra]` or one of them to enable TensorBoard support by default
LOCAL_RANK: 0 - CUDA_VISIBLE_DEVICES: [0]

  | Name      | Type             | Params | Mode 
-------------------------------------------------------
0 | model     | CifarResNet18    | 11.2 M | train
1 | criterion | CrossEntropyLoss | 0      | train
-------------------------------------------------------
11.2 M    Trainable params
0         Non-trainable params
11.2 M    Total params
44.696    Total estimated model params size (MB)
70        Modules in train mode
0         Modules in eval mode
SLURM auto-requeueing enabled. Setting signal handlers.
[SyncHandler] Failed to initialize Supabase: Supabase URL and key must be provided or set in environment
[SyncHandler] Sync disabled - files will remain in queue
[slurm61982224_gr043_gpu0_0] Sync disabled - Supabase not available
Sync: enabled (Supabase not available - queue only)
Starting worker slurm61982224_gr043_gpu0_0
Experiment: cluster_t0 at /scratch/ddr8143/logs/dcnn_workers
------------------------------------------------------------
[slurm61982224_gr043_gpu0_0] Worker started
[slurm61982224_gr043_gpu0_0] Sync thread started
[slurm61982224_gr043_gpu0_0] Heartbeat thread started
[slurm61982224_gr043_gpu0_0] No jobs available
[slurm61982224_gr043_gpu0_0] Claimed job 9350295c-edd1-4d31-b29f-229f31313989 (priority=250)
[slurm61982224_gr043_gpu0_0] Executing job 9350295c-edd1-4d31-b29f-229f31313989 with _target_=dr_exp.trainers.decon_trainer.train_classification
Epoch 0 | val_loss: 2.31605, val_acc: 0.10156
/scratch/ddr8143/repos/dr_exp/.venv/lib/python3.12/site-packages/torch/optim/lr_scheduler.py:198: UserWarning: The epoch parameter in `scheduler.step()` was not necessary and is being deprecated where possible. Please use `scheduler.step()` to step the scheduler. During the deprecation, if epoch is different from None, the closed form is used instead of the new chainable form, where available. Please open an issue if you are unable to replicate your use case: https://github.com/pytorch/pytorch/issues/new/choose.
  warnings.warn(EPOCH_DEPRECATION_WARNING, UserWarning)
`Trainer.fit` stopped: `max_epochs=50` reached.
GPU available: True (cuda), used: True
TPU available: False, using: 0 TPU cores
HPU available: False, using: 0 HPUs
LOCAL_RANK: 0 - CUDA_VISIBLE_DEVICES: [0]

  | Name      | Type             | Params | Mode 
-------------------------------------------------------
0 | model     | CifarResNet12    | 1.8 M  | train
1 | criterion | CrossEntropyLoss | 0      | train
-------------------------------------------------------
1.8 M     Trainable params
0         Non-trainable params
1.8 M     Total params
7.154     Total estimated model params size (MB)
36        Modules in train mode
0         Modules in eval mode
SLURM auto-requeueing enabled. Setting signal handlers.
[slurm61982224_gr043_gpu0_0] Sync pending: 222 items
Epoch 0 | val_loss: 2.31351, val_acc: 0.10220
Epoch 1 | val_loss: 1.63842, val_acc: 0.49420, train_loss: 2.31325, train_acc: 0.09118
[slurm61982224_gr043_gpu0_0] Sync pending: 222 items
Epoch 2 | val_loss: 0.95459, val_acc: 0.66400, train_loss: 1.59055, train_acc: 0.41909
Epoch 3 | val_loss: 0.85972, val_acc: 0.69980, train_loss: 1.15619, train_acc: 0.59389
[slurm61982224_gr043_gpu0_0] Sync pending: 223 items
Epoch 4 | val_loss: 0.84955, val_acc: 0.71820, train_loss: 0.87266, train_acc: 0.69516
Epoch 5 | val_loss: 0.64307, val_acc: 0.78640, train_loss: 0.73574, train_acc: 0.74642
[slurm61982224_gr043_gpu0_0] Sync pending: 223 items
Epoch 6 | val_loss: 0.75748, val_acc: 0.74440, train_loss: 0.66911, train_acc: 0.76953
Epoch 7 | val_loss: 0.52344, val_acc: 0.82000, train_loss: 0.59150, train_acc: 0.79402
[slurm61982224_gr043_gpu0_0] Sync pending: 231 items
Epoch 8 | val_loss: 0.76758, val_acc: 0.75520, train_loss: 0.53889, train_acc: 0.81482
Epoch 9 | val_loss: 0.52580, val_acc: 0.81620, train_loss: 0.49884, train_acc: 0.82831
[slurm61982224_gr043_gpu0_0] Sync pending: 231 items
Epoch 10 | val_loss: 0.69212, val_acc: 0.76480, train_loss: 0.47807, train_acc: 0.83296
Epoch 11 | val_loss: 0.77695, val_acc: 0.76260, train_loss: 0.46075, train_acc: 0.83949
[slurm61982224_gr043_gpu0_0] Sync pending: 235 items
Epoch 12 | val_loss: 0.51775, val_acc: 0.82100, train_loss: 0.43752, train_acc: 0.85042
Epoch 13 | val_loss: 0.68598, val_acc: 0.77620, train_loss: 0.43504, train_acc: 0.84964
[slurm61982224_gr043_gpu0_0] Sync pending: 235 items
Epoch 14 | val_loss: 0.41278, val_acc: 0.85680, train_loss: 0.41805, train_acc: 0.85529
[slurm61982224_gr043_gpu0_0] Sync pending: 235 items
Epoch 15 | val_loss: 0.58957, val_acc: 0.80640, train_loss: 0.40355, train_acc: 0.86007
Epoch 16 | val_loss: 0.52351, val_acc: 0.82880, train_loss: 0.39326, train_acc: 0.86389
[slurm61982224_gr043_gpu0_0] Sync pending: 239 items
Epoch 17 | val_loss: 0.53822, val_acc: 0.81920, train_loss: 0.38001, train_acc: 0.86893
Epoch 18 | val_loss: 0.43406, val_acc: 0.84600, train_loss: 0.36723, train_acc: 0.87424
[slurm61982224_gr043_gpu0_0] Sync pending: 239 items
Epoch 19 | val_loss: 0.49044, val_acc: 0.83620, train_loss: 0.35600, train_acc: 0.87667
Epoch 20 | val_loss: 0.44721, val_acc: 0.85200, train_loss: 0.33809, train_acc: 0.88436
[slurm61982224_gr043_gpu0_0] Sync pending: 239 items
Epoch 21 | val_loss: 0.49277, val_acc: 0.83460, train_loss: 0.32548, train_acc: 0.88873
Epoch 22 | val_loss: 0.38970, val_acc: 0.86480, train_loss: 0.31703, train_acc: 0.89184
[slurm61982224_gr043_gpu0_0] Sync pending: 239 items
Epoch 23 | val_loss: 0.41584, val_acc: 0.86420, train_loss: 0.30562, train_acc: 0.89524
Epoch 24 | val_loss: 0.47006, val_acc: 0.84360, train_loss: 0.28318, train_acc: 0.90296
[slurm61982224_gr043_gpu0_0] Sync pending: 243 items
Epoch 25 | val_loss: 0.39504, val_acc: 0.87160, train_loss: 0.27774, train_acc: 0.90378
Epoch 26 | val_loss: 0.38574, val_acc: 0.87300, train_loss: 0.26512, train_acc: 0.91024
[slurm61982224_gr043_gpu0_0] Sync pending: 243 items
Epoch 27 | val_loss: 0.38985, val_acc: 0.87160, train_loss: 0.25061, train_acc: 0.91293
Epoch 28 | val_loss: 0.36241, val_acc: 0.88240, train_loss: 0.23747, train_acc: 0.91958
[slurm61982224_gr043_gpu0_0] Sync pending: 243 items
Epoch 29 | val_loss: 0.38283, val_acc: 0.87980, train_loss: 0.21993, train_acc: 0.92382
Epoch 30 | val_loss: 0.33846, val_acc: 0.89280, train_loss: 0.20275, train_acc: 0.92956
[slurm61982224_gr043_gpu0_0] Sync pending: 243 items
Epoch 31 | val_loss: 0.34587, val_acc: 0.88520, train_loss: 0.18847, train_acc: 0.93496
[slurm61982224_gr043_gpu0_0] Sync pending: 247 items
Epoch 32 | val_loss: 0.37600, val_acc: 0.88080, train_loss: 0.17277, train_acc: 0.94136
Epoch 33 | val_loss: 0.33267, val_acc: 0.89200, train_loss: 0.16497, train_acc: 0.94378
[slurm61982224_gr043_gpu0_0] Sync pending: 247 items
Epoch 34 | val_loss: 0.29063, val_acc: 0.90800, train_loss: 0.14361, train_acc: 0.95007
Epoch 35 | val_loss: 0.29571, val_acc: 0.90420, train_loss: 0.12364, train_acc: 0.95827
[slurm61982224_gr043_gpu0_0] Sync pending: 247 items
Epoch 36 | val_loss: 0.29618, val_acc: 0.90840, train_loss: 0.10694, train_acc: 0.96318
Epoch 37 | val_loss: 0.29051, val_acc: 0.90940, train_loss: 0.09097, train_acc: 0.96867
[slurm61982224_gr043_gpu0_0] Sync pending: 247 items
Epoch 38 | val_loss: 0.30071, val_acc: 0.90960, train_loss: 0.07950, train_acc: 0.97376
Epoch 39 | val_loss: 0.25651, val_acc: 0.91900, train_loss: 0.06306, train_acc: 0.98002
[slurm61982224_gr043_gpu0_0] Sync pending: 247 items
Epoch 40 | val_loss: 0.26644, val_acc: 0.92140, train_loss: 0.04992, train_acc: 0.98460
Epoch 41 | val_loss: 0.26678, val_acc: 0.92240, train_loss: 0.03846, train_acc: 0.98833
[slurm61982224_gr043_gpu0_0] Sync pending: 247 items
Epoch 42 | val_loss: 0.24179, val_acc: 0.92780, train_loss: 0.03289, train_acc: 0.99000
Epoch 43 | val_loss: 0.25454, val_acc: 0.92800, train_loss: 0.02337, train_acc: 0.99322
[slurm61982224_gr043_gpu0_0] Sync pending: 247 items
Epoch 44 | val_loss: 0.24369, val_acc: 0.92960, train_loss: 0.01960, train_acc: 0.99458
Epoch 45 | val_loss: 0.24722, val_acc: 0.92860, train_loss: 0.01634, train_acc: 0.99584
[slurm61982224_gr043_gpu0_0] Sync pending: 247 items
Epoch 46 | val_loss: 0.23589, val_acc: 0.93320, train_loss: 0.01514, train_acc: 0.99604
Epoch 47 | val_loss: 0.23403, val_acc: 0.93260, train_loss: 0.01216, train_acc: 0.99716
[slurm61982224_gr043_gpu0_0] Sync pending: 247 items
Epoch 48 | val_loss: 0.23603, val_acc: 0.93220, train_loss: 0.01141, train_acc: 0.99776
[slurm61982224_gr043_gpu0_0] Sync pending: 251 items
Epoch 49 | val_loss: 0.23576, val_acc: 0.93180, train_loss: 0.01112, train_acc: 0.99720
[slurm61982224_gr043_gpu0_0] Job 9350295c-edd1-4d31-b29f-229f31313989 completed successfully
[slurm61982224_gr043_gpu0_0] Claimed job 0a1d1262-dd9b-4b8d-9c05-7cb9775e5a7b (priority=230)
[slurm61982224_gr043_gpu0_0] Executing job 0a1d1262-dd9b-4b8d-9c05-7cb9775e5a7b with _target_=dr_exp.trainers.decon_trainer.train_classification
Epoch 0 | val_loss: 2.30168, val_acc: 0.12109
`Trainer.fit` stopped: `max_epochs=50` reached.
GPU available: True (cuda), used: True
TPU available: False, using: 0 TPU cores
HPU available: False, using: 0 HPUs
LOCAL_RANK: 0 - CUDA_VISIBLE_DEVICES: [0]

  | Name      | Type             | Params | Mode 
-------------------------------------------------------
0 | model     | CifarResNet18    | 11.2 M | train
1 | criterion | CrossEntropyLoss | 0      | train
-------------------------------------------------------
11.2 M    Trainable params
0         Non-trainable params
11.2 M    Total params
44.696    Total estimated model params size (MB)
70        Modules in train mode
0         Modules in eval mode
SLURM auto-requeueing enabled. Setting signal handlers.
Epoch 0 | val_loss: 2.31059, val_acc: 0.11940
[slurm61982224_gr043_gpu0_0] Sync pending: 255 items
Epoch 1 | val_loss: 1.22695, val_acc: 0.55020, train_loss: 2.30845, train_acc: 0.12384
Epoch 2 | val_loss: 1.08104, val_acc: 0.61420, train_loss: 1.51129, train_acc: 0.44556
[slurm61982224_gr043_gpu0_0] Sync pending: 272 items
Epoch 3 | val_loss: 0.97766, val_acc: 0.66880, train_loss: 1.16063, train_acc: 0.58476
Epoch 4 | val_loss: 0.81323, val_acc: 0.72260, train_loss: 0.91437, train_acc: 0.67940
[slurm61982224_gr043_gpu0_0] Sync pending: 280 items
Epoch 5 | val_loss: 0.71217, val_acc: 0.75620, train_loss: 0.80202, train_acc: 0.72142
Epoch 6 | val_loss: 0.69596, val_acc: 0.76120, train_loss: 0.72215, train_acc: 0.74842
[slurm61982224_gr043_gpu0_0] Sync pending: 280 items
Epoch 7 | val_loss: 0.63296, val_acc: 0.77980, train_loss: 0.64538, train_acc: 0.77782
Epoch 8 | val_loss: 1.20653, val_acc: 0.64320, train_loss: 0.60345, train_acc: 0.79031
[slurm61982224_gr043_gpu0_0] Sync pending: 284 items
Epoch 9 | val_loss: 0.64612, val_acc: 0.78200, train_loss: 0.56901, train_acc: 0.80324
Epoch 10 | val_loss: 0.62053, val_acc: 0.79080, train_loss: 0.54483, train_acc: 0.81227
[slurm61982224_gr043_gpu0_0] Sync pending: 288 items
Epoch 11 | val_loss: 0.63851, val_acc: 0.77920, train_loss: 0.52574, train_acc: 0.81853
Epoch 12 | val_loss: 0.56095, val_acc: 0.81400, train_loss: 0.51104, train_acc: 0.82196
Epoch 13 | val_loss: 0.57704, val_acc: 0.80480, train_loss: 0.49614, train_acc: 0.82953
[slurm61982224_gr043_gpu0_0] Sync pending: 288 items
Epoch 14 | val_loss: 0.56783, val_acc: 0.80440, train_loss: 0.48100, train_acc: 0.83460
Epoch 15 | val_loss: 0.60194, val_acc: 0.79760, train_loss: 0.47557, train_acc: 0.83456
[slurm61982224_gr043_gpu0_0] Sync pending: 292 items
Epoch 16 | val_loss: 0.57181, val_acc: 0.80560, train_loss: 0.45923, train_acc: 0.84144
Epoch 17 | val_loss: 0.52617, val_acc: 0.82200, train_loss: 0.44283, train_acc: 0.84660
[slurm61982224_gr043_gpu0_0] Sync pending: 292 items
Epoch 18 | val_loss: 0.52347, val_acc: 0.82040, train_loss: 0.43927, train_acc: 0.84856
Epoch 19 | val_loss: 0.65290, val_acc: 0.78640, train_loss: 0.42293, train_acc: 0.85416
[slurm61982224_gr043_gpu0_0] Sync pending: 296 items
Epoch 20 | val_loss: 0.49558, val_acc: 0.82960, train_loss: 0.41086, train_acc: 0.85591
Epoch 21 | val_loss: 0.50855, val_acc: 0.82680, train_loss: 0.40124, train_acc: 0.85987
[slurm61982224_gr043_gpu0_0] Sync pending: 300 items
Epoch 22 | val_loss: 0.53715, val_acc: 0.82200, train_loss: 0.38780, train_acc: 0.86633
Epoch 23 | val_loss: 0.54614, val_acc: 0.81200, train_loss: 0.37802, train_acc: 0.86900
[slurm61982224_gr043_gpu0_0] Sync pending: 300 items
Epoch 24 | val_loss: 0.56167, val_acc: 0.81800, train_loss: 0.36410, train_acc: 0.87336
Epoch 25 | val_loss: 0.46615, val_acc: 0.84640, train_loss: 0.35071, train_acc: 0.87884
[slurm61982224_gr043_gpu0_0] Sync pending: 300 items
Epoch 26 | val_loss: 0.51436, val_acc: 0.82800, train_loss: 0.34221, train_acc: 0.88140
Epoch 27 | val_loss: 0.49491, val_acc: 0.83620, train_loss: 0.33142, train_acc: 0.88473
[slurm61982224_gr043_gpu0_0] Sync pending: 300 items
Epoch 28 | val_loss: 0.48406, val_acc: 0.83820, train_loss: 0.32243, train_acc: 0.88967
Epoch 29 | val_loss: 0.42273, val_acc: 0.85660, train_loss: 0.30574, train_acc: 0.89538
[slurm61982224_gr043_gpu0_0] Sync pending: 300 items
Epoch 30 | val_loss: 0.43349, val_acc: 0.85460, train_loss: 0.29184, train_acc: 0.89878
Epoch 31 | val_loss: 0.44107, val_acc: 0.84920, train_loss: 0.27462, train_acc: 0.90476
[slurm61982224_gr043_gpu0_0] Sync pending: 300 items
Epoch 32 | val_loss: 0.39088, val_acc: 0.86700, train_loss: 0.26255, train_acc: 0.90856
Epoch 33 | val_loss: 0.43941, val_acc: 0.85360, train_loss: 0.24683, train_acc: 0.91544
[slurm61982224_gr043_gpu0_0] Sync pending: 300 items
Epoch 34 | val_loss: 0.39265, val_acc: 0.86900, train_loss: 0.22827, train_acc: 0.92136
Epoch 35 | val_loss: 0.35665, val_acc: 0.88020, train_loss: 0.20798, train_acc: 0.92927
[slurm61982224_gr043_gpu0_0] Sync pending: 304 items
Epoch 36 | val_loss: 0.37118, val_acc: 0.87880, train_loss: 0.19613, train_acc: 0.93218
Epoch 37 | val_loss: 0.34124, val_acc: 0.88700, train_loss: 0.17750, train_acc: 0.93907
[slurm61982224_gr043_gpu0_0] Sync pending: 304 items
Epoch 38 | val_loss: 0.34288, val_acc: 0.88820, train_loss: 0.16316, train_acc: 0.94553
Epoch 39 | val_loss: 0.34653, val_acc: 0.88700, train_loss: 0.14701, train_acc: 0.95109
[slurm61982224_gr043_gpu0_0] Sync pending: 304 items
Epoch 40 | val_loss: 0.32150, val_acc: 0.89540, train_loss: 0.13145, train_acc: 0.95789
Epoch 41 | val_loss: 0.31805, val_acc: 0.90060, train_loss: 0.11155, train_acc: 0.96540
[slurm61982224_gr043_gpu0_0] Sync pending: 304 items
Epoch 42 | val_loss: 0.30695, val_acc: 0.90260, train_loss: 0.10033, train_acc: 0.97064
Epoch 43 | val_loss: 0.30539, val_acc: 0.90700, train_loss: 0.09114, train_acc: 0.97142
[slurm61982224_gr043_gpu0_0] Sync pending: 304 items
Epoch 44 | val_loss: 0.30160, val_acc: 0.90260, train_loss: 0.07879, train_acc: 0.97676
Epoch 45 | val_loss: 0.29723, val_acc: 0.90760, train_loss: 0.07201, train_acc: 0.97836
[slurm61982224_gr043_gpu0_0] Sync pending: 304 items
Epoch 46 | val_loss: 0.29474, val_acc: 0.90780, train_loss: 0.06715, train_acc: 0.98067
Epoch 47 | val_loss: 0.29397, val_acc: 0.90720, train_loss: 0.05936, train_acc: 0.98464
[slurm61982224_gr043_gpu0_0] Sync pending: 304 items
Epoch 48 | val_loss: 0.29213, val_acc: 0.90980, train_loss: 0.05884, train_acc: 0.98502
Epoch 49 | val_loss: 0.29306, val_acc: 0.90760, train_loss: 0.05664, train_acc: 0.98491
[slurm61982224_gr043_gpu0_0] Job 0a1d1262-dd9b-4b8d-9c05-7cb9775e5a7b completed successfully
[slurm61982224_gr043_gpu0_0] Claimed job a9117f03-94be-4271-b210-499bfabf8ed3 (priority=200)
[slurm61982224_gr043_gpu0_0] Executing job a9117f03-94be-4271-b210-499bfabf8ed3 with _target_=dr_exp.trainers.decon_trainer.train_classification
Epoch 0 | val_loss: 2.30780, val_acc: 0.12109
`Trainer.fit` stopped: `max_epochs=50` reached.
GPU available: True (cuda), used: True
TPU available: False, using: 0 TPU cores
HPU available: False, using: 0 HPUs
LOCAL_RANK: 0 - CUDA_VISIBLE_DEVICES: [0]

  | Name      | Type             | Params | Mode 
-------------------------------------------------------
0 | model     | CifarResNet18    | 11.2 M | train
1 | criterion | CrossEntropyLoss | 0      | train
-------------------------------------------------------
11.2 M    Trainable params
0         Non-trainable params
11.2 M    Total params
44.696    Total estimated model params size (MB)
70        Modules in train mode
0         Modules in eval mode
SLURM auto-requeueing enabled. Setting signal handlers.
[slurm61982224_gr043_gpu0_0] Sync pending: 312 items
Epoch 0 | val_loss: 2.31094, val_acc: 0.10000
Epoch 1 | val_loss: 1.25856, val_acc: 0.53480, train_loss: 2.30883, train_acc: 0.10089
[slurm61982224_gr043_gpu0_0] Sync pending: 320 items
Epoch 2 | val_loss: 0.92765, val_acc: 0.67260, train_loss: 1.60823, train_acc: 0.41791
Epoch 3 | val_loss: 0.82113, val_acc: 0.71200, train_loss: 1.16228, train_acc: 0.58978
[slurm61982224_gr043_gpu0_0] Sync pending: 328 items
Epoch 4 | val_loss: 0.79097, val_acc: 0.72100, train_loss: 0.88194, train_acc: 0.69438
Epoch 5 | val_loss: 0.74304, val_acc: 0.74600, train_loss: 0.74201, train_acc: 0.74258
[slurm61982224_gr043_gpu0_0] Sync pending: 332 items
Epoch 6 | val_loss: 0.61690, val_acc: 0.78440, train_loss: 0.67001, train_acc: 0.76873
Epoch 7 | val_loss: 0.62957, val_acc: 0.78620, train_loss: 0.58778, train_acc: 0.79693
[slurm61982224_gr043_gpu0_0] Sync pending: 332 items
Epoch 8 | val_loss: 0.58367, val_acc: 0.80260, train_loss: 0.53771, train_acc: 0.81469
Epoch 9 | val_loss: 0.55373, val_acc: 0.81340, train_loss: 0.49960, train_acc: 0.83049
[slurm61982224_gr043_gpu0_0] Sync pending: 340 items
Epoch 10 | val_loss: 0.53630, val_acc: 0.81520, train_loss: 0.48304, train_acc: 0.83364
[slurm61982224_gr043_gpu0_0] Sync pending: 344 items
Epoch 11 | val_loss: 0.66698, val_acc: 0.77660, train_loss: 0.46639, train_acc: 0.83933
Epoch 12 | val_loss: 0.59319, val_acc: 0.80840, train_loss: 0.45885, train_acc: 0.84249
[slurm61982224_gr043_gpu0_0] Sync pending: 344 items
Epoch 13 | val_loss: 0.55804, val_acc: 0.80640, train_loss: 0.43866, train_acc: 0.84953
Epoch 14 | val_loss: 0.76367, val_acc: 0.76340, train_loss: 0.43986, train_acc: 0.84953
[slurm61982224_gr043_gpu0_0] Sync pending: 344 items
Epoch 15 | val_loss: 0.51266, val_acc: 0.82700, train_loss: 0.42723, train_acc: 0.85156
Epoch 16 | val_loss: 0.49972, val_acc: 0.82840, train_loss: 0.42277, train_acc: 0.85362
[slurm61982224_gr043_gpu0_0] Sync pending: 344 items
Epoch 17 | val_loss: 0.50566, val_acc: 0.83440, train_loss: 0.40449, train_acc: 0.86082
Epoch 18 | val_loss: 0.64045, val_acc: 0.79520, train_loss: 0.40267, train_acc: 0.86264
[slurm61982224_gr043_gpu0_0] Sync pending: 356 items
Epoch 19 | val_loss: 0.61555, val_acc: 0.79320, train_loss: 0.39853, train_acc: 0.86382
Epoch 20 | val_loss: 0.51190, val_acc: 0.82800, train_loss: 0.38746, train_acc: 0.86653
[slurm61982224_gr043_gpu0_0] Sync pending: 356 items
Epoch 21 | val_loss: 0.44313, val_acc: 0.84420, train_loss: 0.38793, train_acc: 0.86684
Epoch 22 | val_loss: 0.59681, val_acc: 0.80280, train_loss: 0.38111, train_acc: 0.86940
[slurm61982224_gr043_gpu0_0] Sync pending: 356 items
Epoch 23 | val_loss: 0.41899, val_acc: 0.85540, train_loss: 0.37819, train_acc: 0.86933
Epoch 24 | val_loss: 0.43807, val_acc: 0.84940, train_loss: 0.37284, train_acc: 0.87233
[slurm61982224_gr043_gpu0_0] Sync pending: 356 items
Epoch 25 | val_loss: 0.57643, val_acc: 0.81760, train_loss: 0.36769, train_acc: 0.87416
Epoch 26 | val_loss: 0.55756, val_acc: 0.82280, train_loss: 0.37246, train_acc: 0.87249
[slurm61982224_gr043_gpu0_0] Sync pending: 360 items
Epoch 27 | val_loss: 0.42775, val_acc: 0.85380, train_loss: 0.36118, train_acc: 0.87678
[slurm61982224_gr043_gpu0_0] Sync pending: 360 items
Epoch 28 | val_loss: 0.44814, val_acc: 0.84980, train_loss: 0.36242, train_acc: 0.87658
Epoch 29 | val_loss: 0.50844, val_acc: 0.83740, train_loss: 0.35896, train_acc: 0.87607
[slurm61982224_gr043_gpu0_0] Sync pending: 360 items
Epoch 30 | val_loss: 0.44889, val_acc: 0.84380, train_loss: 0.36226, train_acc: 0.87489
Epoch 31 | val_loss: 0.49756, val_acc: 0.83020, train_loss: 0.35745, train_acc: 0.87627
[slurm61982224_gr043_gpu0_0] Sync pending: 360 items
Epoch 32 | val_loss: 0.49939, val_acc: 0.83320, train_loss: 0.34693, train_acc: 0.88144
Epoch 33 | val_loss: 0.58609, val_acc: 0.81000, train_loss: 0.34402, train_acc: 0.88298
[slurm61982224_gr043_gpu0_0] Sync pending: 364 items
Epoch 34 | val_loss: 0.63132, val_acc: 0.80280, train_loss: 0.34893, train_acc: 0.88127
Epoch 35 | val_loss: 0.25570, val_acc: 0.91440, train_loss: 0.34708, train_acc: 0.88073
[slurm61982224_gr043_gpu0_0] Sync pending: 364 items
Epoch 36 | val_loss: 0.24569, val_acc: 0.91780, train_loss: 0.19073, train_acc: 0.93827
Epoch 37 | val_loss: 0.23802, val_acc: 0.92220, train_loss: 0.13759, train_acc: 0.95471
[slurm61982224_gr043_gpu0_0] Sync pending: 364 items
Epoch 38 | val_loss: 0.23848, val_acc: 0.92580, train_loss: 0.11831, train_acc: 0.96091
Epoch 39 | val_loss: 0.24863, val_acc: 0.92340, train_loss: 0.10351, train_acc: 0.96640
[slurm61982224_gr043_gpu0_0] Sync pending: 364 items
Epoch 40 | val_loss: 0.24707, val_acc: 0.92200, train_loss: 0.08957, train_acc: 0.97031
Epoch 41 | val_loss: 0.26338, val_acc: 0.91820, train_loss: 0.07928, train_acc: 0.97418
[slurm61982224_gr043_gpu0_0] Sync pending: 364 items
Epoch 42 | val_loss: 0.25232, val_acc: 0.92020, train_loss: 0.06967, train_acc: 0.97796
Epoch 43 | val_loss: 0.25036, val_acc: 0.92440, train_loss: 0.06709, train_acc: 0.97896
[slurm61982224_gr043_gpu0_0] Sync pending: 364 items
Epoch 44 | val_loss: 0.26106, val_acc: 0.92260, train_loss: 0.06082, train_acc: 0.98084
Epoch 45 | val_loss: 0.25904, val_acc: 0.92360, train_loss: 0.05668, train_acc: 0.98196
[slurm61982224_gr043_gpu0_0] Sync pending: 364 items
Epoch 46 | val_loss: 0.25237, val_acc: 0.92540, train_loss: 0.05059, train_acc: 0.98378
[slurm61982224_gr043_gpu0_0] Sync pending: 368 items
Epoch 47 | val_loss: 0.25505, val_acc: 0.92600, train_loss: 0.04828, train_acc: 0.98473
Epoch 48 | val_loss: 0.25175, val_acc: 0.92420, train_loss: 0.04320, train_acc: 0.98700
[slurm61982224_gr043_gpu0_0] Sync pending: 368 items
Epoch 49 | val_loss: 0.24992, val_acc: 0.92540, train_loss: 0.04141, train_acc: 0.98742
[slurm61982224_gr043_gpu0_0] Job a9117f03-94be-4271-b210-499bfabf8ed3 completed successfully
[slurm61982224_gr043_gpu0_0] Claimed job 98636cda-e078-47a3-b7bb-ce5d9c1c11d7 (priority=190)
[slurm61982224_gr043_gpu0_0] Executing job 98636cda-e078-47a3-b7bb-ce5d9c1c11d7 with _target_=dr_exp.trainers.decon_trainer.train_classification
Epoch 0 | val_loss: 2.33426, val_acc: 0.08594
`Trainer.fit` stopped: `max_epochs=50` reached.
GPU available: True (cuda), used: True
TPU available: False, using: 0 TPU cores
HPU available: False, using: 0 HPUs
LOCAL_RANK: 0 - CUDA_VISIBLE_DEVICES: [0]

  | Name      | Type             | Params | Mode 
-------------------------------------------------------
0 | model     | CifarResNet18    | 11.2 M | train
1 | criterion | CrossEntropyLoss | 0      | train
-------------------------------------------------------
11.2 M    Trainable params
0         Non-trainable params
11.2 M    Total params
44.696    Total estimated model params size (MB)
70        Modules in train mode
0         Modules in eval mode
SLURM auto-requeueing enabled. Setting signal handlers.
Epoch 0 | val_loss: 2.31532, val_acc: 0.09520
[slurm61982224_gr043_gpu0_0] Sync pending: 372 items
Epoch 1 | val_loss: 1.23832, val_acc: 0.54640, train_loss: 2.31403, train_acc: 0.10218
Epoch 2 | val_loss: 1.02954, val_acc: 0.65720, train_loss: 1.61594, train_acc: 0.41673
[slurm61982224_gr043_gpu0_0] Sync pending: 384 items
Epoch 3 | val_loss: 0.74062, val_acc: 0.74920, train_loss: 1.16968, train_acc: 0.59211
Epoch 4 | val_loss: 0.78448, val_acc: 0.72460, train_loss: 0.87960, train_acc: 0.69487
[slurm61982224_gr043_gpu0_0] Sync pending: 388 items
Epoch 5 | val_loss: 0.89995, val_acc: 0.71180, train_loss: 0.74847, train_acc: 0.73962
Epoch 6 | val_loss: 0.55119, val_acc: 0.80740, train_loss: 0.68699, train_acc: 0.76284
[slurm61982224_gr043_gpu0_0] Sync pending: 388 items
Epoch 7 | val_loss: 0.67475, val_acc: 0.77360, train_loss: 0.60361, train_acc: 0.79271
Epoch 8 | val_loss: 0.99936, val_acc: 0.69580, train_loss: 0.55189, train_acc: 0.81113
[slurm61982224_gr043_gpu0_0] Sync pending: 392 items
Epoch 9 | val_loss: 0.61102, val_acc: 0.78880, train_loss: 0.51218, train_acc: 0.82451
[slurm61982224_gr043_gpu0_0] Sync pending: 392 items
Epoch 10 | val_loss: 0.49167, val_acc: 0.83300, train_loss: 0.49028, train_acc: 0.83289
Epoch 11 | val_loss: 0.58725, val_acc: 0.80300, train_loss: 0.46732, train_acc: 0.84124
[slurm61982224_gr043_gpu0_0] Sync pending: 392 items
Epoch 12 | val_loss: 0.68563, val_acc: 0.78320, train_loss: 0.45739, train_acc: 0.84156
Epoch 13 | val_loss: 0.56679, val_acc: 0.81220, train_loss: 0.44015, train_acc: 0.84971
[slurm61982224_gr043_gpu0_0] Sync pending: 392 items
Epoch 14 | val_loss: 0.51078, val_acc: 0.83520, train_loss: 0.41909, train_acc: 0.85771
Epoch 15 | val_loss: 0.53502, val_acc: 0.82700, train_loss: 0.41324, train_acc: 0.85876
[slurm61982224_gr043_gpu0_0] Sync pending: 400 items
Epoch 16 | val_loss: 0.51106, val_acc: 0.82360, train_loss: 0.40889, train_acc: 0.85993
Epoch 17 | val_loss: 0.44616, val_acc: 0.84840, train_loss: 0.38816, train_acc: 0.86771
[slurm61982224_gr043_gpu0_0] Sync pending: 400 items
Epoch 18 | val_loss: 0.48737, val_acc: 0.83860, train_loss: 0.37675, train_acc: 0.87149
Epoch 19 | val_loss: 0.49349, val_acc: 0.83540, train_loss: 0.36212, train_acc: 0.87564
[slurm61982224_gr043_gpu0_0] Sync pending: 404 items
Epoch 20 | val_loss: 0.44643, val_acc: 0.84720, train_loss: 0.35233, train_acc: 0.87833
Epoch 21 | val_loss: 0.54198, val_acc: 0.82500, train_loss: 0.34074, train_acc: 0.88387
[slurm61982224_gr043_gpu0_0] Sync pending: 404 items
Epoch 22 | val_loss: 0.41912, val_acc: 0.86000, train_loss: 0.32214, train_acc: 0.89058
Epoch 23 | val_loss: 0.41412, val_acc: 0.85580, train_loss: 0.30921, train_acc: 0.89320
[slurm61982224_gr043_gpu0_0] Sync pending: 408 items
Epoch 24 | val_loss: 0.40138, val_acc: 0.86780, train_loss: 0.29626, train_acc: 0.89851
Epoch 25 | val_loss: 0.39004, val_acc: 0.86300, train_loss: 0.28611, train_acc: 0.90262
[slurm61982224_gr043_gpu0_0] Sync pending: 412 items
Epoch 26 | val_loss: 0.43029, val_acc: 0.85860, train_loss: 0.27238, train_acc: 0.90618
Epoch 27 | val_loss: 0.46138, val_acc: 0.85240, train_loss: 0.26118, train_acc: 0.91093
[slurm61982224_gr043_gpu0_0] Sync pending: 416 items
Epoch 28 | val_loss: 0.40885, val_acc: 0.86780, train_loss: 0.24025, train_acc: 0.91720
[slurm61982224_gr043_gpu0_0] Sync pending: 416 items
Epoch 29 | val_loss: 0.39273, val_acc: 0.87060, train_loss: 0.22572, train_acc: 0.92391
Epoch 30 | val_loss: 0.33421, val_acc: 0.88660, train_loss: 0.21638, train_acc: 0.92733
[slurm61982224_gr043_gpu0_0] Sync pending: 416 items
Epoch 31 | val_loss: 0.33451, val_acc: 0.89000, train_loss: 0.20044, train_acc: 0.93084
Epoch 32 | val_loss: 0.37989, val_acc: 0.88180, train_loss: 0.18034, train_acc: 0.93822
[slurm61982224_gr043_gpu0_0] Sync pending: 420 items
Epoch 33 | val_loss: 0.34122, val_acc: 0.89100, train_loss: 0.16632, train_acc: 0.94224
Epoch 34 | val_loss: 0.32058, val_acc: 0.89860, train_loss: 0.15041, train_acc: 0.94929
[slurm61982224_gr043_gpu0_0] Sync pending: 420 items
Epoch 35 | val_loss: 0.35871, val_acc: 0.89080, train_loss: 0.12917, train_acc: 0.95591
Epoch 36 | val_loss: 0.29041, val_acc: 0.90760, train_loss: 0.11624, train_acc: 0.96009
[slurm61982224_gr043_gpu0_0] Sync pending: 420 items
Epoch 37 | val_loss: 0.29573, val_acc: 0.90940, train_loss: 0.10173, train_acc: 0.96540
Epoch 38 | val_loss: 0.29289, val_acc: 0.91200, train_loss: 0.08153, train_acc: 0.97364
[slurm61982224_gr043_gpu0_0] Sync pending: 420 items
Epoch 39 | val_loss: 0.25521, val_acc: 0.92360, train_loss: 0.06953, train_acc: 0.97711
Epoch 40 | val_loss: 0.25502, val_acc: 0.92100, train_loss: 0.05529, train_acc: 0.98207
[slurm61982224_gr043_gpu0_0] Sync pending: 420 items
Epoch 41 | val_loss: 0.24976, val_acc: 0.92620, train_loss: 0.04346, train_acc: 0.98687
Epoch 42 | val_loss: 0.24889, val_acc: 0.92780, train_loss: 0.03187, train_acc: 0.99060
[slurm61982224_gr043_gpu0_0] Sync pending: 424 items
Epoch 43 | val_loss: 0.23764, val_acc: 0.93080, train_loss: 0.02577, train_acc: 0.99287
Epoch 44 | val_loss: 0.23471, val_acc: 0.93440, train_loss: 0.02147, train_acc: 0.99411
[slurm61982224_gr043_gpu0_0] Sync pending: 428 items
Epoch 45 | val_loss: 0.22525, val_acc: 0.93500, train_loss: 0.01738, train_acc: 0.99547
[slurm61982224_gr043_gpu0_0] Sync pending: 432 items
Epoch 46 | val_loss: 0.22720, val_acc: 0.93420, train_loss: 0.01559, train_acc: 0.99611
Epoch 47 | val_loss: 0.22533, val_acc: 0.93700, train_loss: 0.01348, train_acc: 0.99682
[slurm61982224_gr043_gpu0_0] Sync pending: 432 items
Epoch 48 | val_loss: 0.22446, val_acc: 0.93840, train_loss: 0.01195, train_acc: 0.99753
Epoch 49 | val_loss: 0.22690, val_acc: 0.93620, train_loss: 0.01203, train_acc: 0.99724
[slurm61982224_gr043_gpu0_0] Job 98636cda-e078-47a3-b7bb-ce5d9c1c11d7 completed successfully
[slurm61982224_gr043_gpu0_0] Claimed job c622d5f9-b1bf-4306-b8bf-a99bd059c91a (priority=175)
[slurm61982224_gr043_gpu0_0] Executing job c622d5f9-b1bf-4306-b8bf-a99bd059c91a with _target_=dr_exp.trainers.decon_trainer.train_classification
Epoch 0 | val_loss: 2.35741, val_acc: 0.11719
`Trainer.fit` stopped: `max_epochs=50` reached.
GPU available: True (cuda), used: True
TPU available: False, using: 0 TPU cores
HPU available: False, using: 0 HPUs
LOCAL_RANK: 0 - CUDA_VISIBLE_DEVICES: [0]

  | Name      | Type             | Params | Mode 
-------------------------------------------------------
0 | model     | CifarResNet18    | 11.2 M | train
1 | criterion | CrossEntropyLoss | 0      | train
-------------------------------------------------------
11.2 M    Trainable params
0         Non-trainable params
11.2 M    Total params
44.696    Total estimated model params size (MB)
70        Modules in train mode
0         Modules in eval mode
SLURM auto-requeueing enabled. Setting signal handlers.
[slurm61982224_gr043_gpu0_0] Sync pending: 436 items
Epoch 0 | val_loss: 2.33481, val_acc: 0.09120
Epoch 1 | val_loss: 1.70892, val_acc: 0.40980, train_loss: 2.31935, train_acc: 0.09838
[slurm61982224_gr043_gpu0_0] Sync pending: 436 items
Epoch 2 | val_loss: 1.49738, val_acc: 0.48500, train_loss: 2.13958, train_acc: 0.21280
Epoch 3 | val_loss: 1.32129, val_acc: 0.59340, train_loss: 2.03956, train_acc: 0.26144
[slurm61982224_gr043_gpu0_0] Sync pending: 440 items
Epoch 4 | val_loss: 1.27970, val_acc: 0.61460, train_loss: 1.95189, train_acc: 0.31667
Epoch 5 | val_loss: 1.19677, val_acc: 0.64040, train_loss: 1.88104, train_acc: 0.34420
[slurm61982224_gr043_gpu0_0] Sync pending: 440 items
Epoch 6 | val_loss: 1.10357, val_acc: 0.70420, train_loss: 1.82393, train_acc: 0.36664
Epoch 7 | val_loss: 1.03027, val_acc: 0.73980, train_loss: 1.76436, train_acc: 0.35916
[slurm61982224_gr043_gpu0_0] Sync pending: 444 items
Epoch 8 | val_loss: 0.96032, val_acc: 0.77060, train_loss: 1.72269, train_acc: 0.42211
[slurm61982224_gr043_gpu0_0] Sync pending: 452 items
Epoch 9 | val_loss: 1.01213, val_acc: 0.73080, train_loss: 1.71012, train_acc: 0.41102
Epoch 10 | val_loss: 0.98934, val_acc: 0.73360, train_loss: 1.70309, train_acc: 0.40167
[slurm61982224_gr043_gpu0_0] Sync pending: 456 items
Epoch 11 | val_loss: 0.96502, val_acc: 0.79080, train_loss: 1.65656, train_acc: 0.43004
Epoch 12 | val_loss: 0.91026, val_acc: 0.79160, train_loss: 1.65517, train_acc: 0.43011
[slurm61982224_gr043_gpu0_0] Sync pending: 456 items
Epoch 13 | val_loss: 0.83443, val_acc: 0.80000, train_loss: 1.66453, train_acc: 0.42682
Epoch 14 | val_loss: 0.86977, val_acc: 0.81220, train_loss: 1.60257, train_acc: 0.42216
[slurm61982224_gr043_gpu0_0] Sync pending: 456 items
Epoch 15 | val_loss: 0.81969, val_acc: 0.82080, train_loss: 1.62263, train_acc: 0.44478
Epoch 16 | val_loss: 0.81824, val_acc: 0.83500, train_loss: 1.63244, train_acc: 0.45207
[slurm61982224_gr043_gpu0_0] Sync pending: 464 items
Epoch 17 | val_loss: 0.84242, val_acc: 0.79500, train_loss: 1.60186, train_acc: 0.46356
Epoch 18 | val_loss: 0.83739, val_acc: 0.82380, train_loss: 1.60403, train_acc: 0.44973
[slurm61982224_gr043_gpu0_0] Sync pending: 468 items
Epoch 19 | val_loss: 0.72972, val_acc: 0.83760, train_loss: 1.59911, train_acc: 0.45278
Epoch 20 | val_loss: 0.74635, val_acc: 0.85320, train_loss: 1.57580, train_acc: 0.45678
[slurm61982224_gr043_gpu0_0] Sync pending: 468 items
Epoch 21 | val_loss: 0.68500, val_acc: 0.86500, train_loss: 1.55274, train_acc: 0.43556
Epoch 22 | val_loss: 0.79004, val_acc: 0.82240, train_loss: 1.59292, train_acc: 0.45627
[slurm61982224_gr043_gpu0_0] Sync pending: 472 items
Epoch 23 | val_loss: 0.77254, val_acc: 0.85200, train_loss: 1.56884, train_acc: 0.48791
Epoch 24 | val_loss: 0.76855, val_acc: 0.86180, train_loss: 1.55687, train_acc: 0.44578
[slurm61982224_gr043_gpu0_0] Sync pending: 472 items
Epoch 25 | val_loss: 0.75757, val_acc: 0.86560, train_loss: 1.55604, train_acc: 0.48660
[slurm61982224_gr043_gpu0_0] Sync pending: 476 items
Epoch 26 | val_loss: 0.77352, val_acc: 0.84880, train_loss: 1.54658, train_acc: 0.48484
Epoch 27 | val_loss: 0.64781, val_acc: 0.87600, train_loss: 1.55278, train_acc: 0.46093
[slurm61982224_gr043_gpu0_0] Sync pending: 476 items
Epoch 28 | val_loss: 0.66917, val_acc: 0.87500, train_loss: 1.53868, train_acc: 0.45802
Epoch 29 | val_loss: 0.70839, val_acc: 0.86480, train_loss: 1.49621, train_acc: 0.49696
[slurm61982224_gr043_gpu0_0] Sync pending: 480 items
Epoch 30 | val_loss: 0.65269, val_acc: 0.88900, train_loss: 1.51712, train_acc: 0.49269
Epoch 31 | val_loss: 0.66085, val_acc: 0.89100, train_loss: 1.53511, train_acc: 0.47776
[slurm61982224_gr043_gpu0_0] Sync pending: 480 items
Epoch 32 | val_loss: 0.68284, val_acc: 0.89640, train_loss: 1.50582, train_acc: 0.49118
Epoch 33 | val_loss: 0.62475, val_acc: 0.88700, train_loss: 1.49632, train_acc: 0.52113
[slurm61982224_gr043_gpu0_0] Sync pending: 480 items
Epoch 34 | val_loss: 0.66931, val_acc: 0.90160, train_loss: 1.48574, train_acc: 0.49731
Epoch 35 | val_loss: 0.65758, val_acc: 0.90220, train_loss: 1.49477, train_acc: 0.47836
[slurm61982224_gr043_gpu0_0] Sync pending: 480 items
Epoch 36 | val_loss: 0.63318, val_acc: 0.90420, train_loss: 1.49053, train_acc: 0.50816
Epoch 37 | val_loss: 0.61065, val_acc: 0.91220, train_loss: 1.48385, train_acc: 0.48891
[slurm61982224_gr043_gpu0_0] Sync pending: 484 items
Epoch 38 | val_loss: 0.64263, val_acc: 0.91340, train_loss: 1.46533, train_acc: 0.48118
Epoch 39 | val_loss: 0.59428, val_acc: 0.91940, train_loss: 1.47264, train_acc: 0.50818
[slurm61982224_gr043_gpu0_0] Sync pending: 484 items
Epoch 40 | val_loss: 0.58795, val_acc: 0.91680, train_loss: 1.43481, train_acc: 0.52838
Epoch 41 | val_loss: 0.59594, val_acc: 0.92140, train_loss: 1.44806, train_acc: 0.53716
[slurm61982224_gr043_gpu0_0] Sync pending: 484 items
Epoch 42 | val_loss: 0.60279, val_acc: 0.92560, train_loss: 1.44274, train_acc: 0.50749
[slurm61982224_gr043_gpu0_0] Sync pending: 484 items
Epoch 43 | val_loss: 0.55619, val_acc: 0.92740, train_loss: 1.43156, train_acc: 0.54069
Epoch 44 | val_loss: 0.52394, val_acc: 0.92700, train_loss: 1.43783, train_acc: 0.49738
[slurm61982224_gr043_gpu0_0] Sync pending: 488 items
Epoch 45 | val_loss: 0.56343, val_acc: 0.92680, train_loss: 1.42827, train_acc: 0.53067
Epoch 46 | val_loss: 0.58999, val_acc: 0.92780, train_loss: 1.39842, train_acc: 0.51996
[slurm61982224_gr043_gpu0_0] Sync pending: 488 items
Epoch 47 | val_loss: 0.53944, val_acc: 0.93100, train_loss: 1.41321, train_acc: 0.52398
Epoch 48 | val_loss: 0.48995, val_acc: 0.93000, train_loss: 1.41696, train_acc: 0.56211
[slurm61982224_gr043_gpu0_0] Sync pending: 488 items
Epoch 49 | val_loss: 0.55946, val_acc: 0.92860, train_loss: 1.41601, train_acc: 0.52900
[slurm61982224_gr043_gpu0_0] Job c622d5f9-b1bf-4306-b8bf-a99bd059c91a completed successfully
[slurm61982224_gr043_gpu0_0] Claimed job 8810eb36-ba49-4083-a87e-6d52167b4257 (priority=165)
[slurm61982224_gr043_gpu0_0] Executing job 8810eb36-ba49-4083-a87e-6d52167b4257 with _target_=dr_exp.trainers.decon_trainer.train_classification
Epoch 0 | val_loss: 2.35120, val_acc: 0.09766
`Trainer.fit` stopped: `max_epochs=50` reached.
GPU available: True (cuda), used: True
TPU available: False, using: 0 TPU cores
HPU available: False, using: 0 HPUs
LOCAL_RANK: 0 - CUDA_VISIBLE_DEVICES: [0]

  | Name      | Type             | Params | Mode 
-------------------------------------------------------
0 | model     | CifarResNet18    | 11.2 M | train
1 | criterion | CrossEntropyLoss | 0      | train
-------------------------------------------------------
11.2 M    Trainable params
0         Non-trainable params
11.2 M    Total params
44.696    Total estimated model params size (MB)
70        Modules in train mode
0         Modules in eval mode
SLURM auto-requeueing enabled. Setting signal handlers.
Epoch 0 | val_loss: 2.33981, val_acc: 0.09980
[slurm61982224_gr043_gpu0_0] Sync pending: 492 items
Epoch 1 | val_loss: 1.38962, val_acc: 0.50360, train_loss: 2.32467, train_acc: 0.10160
Epoch 2 | val_loss: 1.16280, val_acc: 0.59380, train_loss: 1.83543, train_acc: 0.37227
[slurm61982224_gr043_gpu0_0] Sync pending: 500 items
Epoch 3 | val_loss: 1.02010, val_acc: 0.65460, train_loss: 1.52632, train_acc: 0.53838
[slurm61982224_gr043_gpu0_0] Sync pending: 504 items
Epoch 4 | val_loss: 0.99371, val_acc: 0.66800, train_loss: 1.33078, train_acc: 0.64129
Epoch 5 | val_loss: 0.93136, val_acc: 0.70060, train_loss: 1.17713, train_acc: 0.70884
[slurm61982224_gr043_gpu0_0] Sync pending: 508 items
Epoch 6 | val_loss: 0.77842, val_acc: 0.74440, train_loss: 1.08931, train_acc: 0.75004
Epoch 7 | val_loss: 0.79401, val_acc: 0.74200, train_loss: 1.01295, train_acc: 0.78118
[slurm61982224_gr043_gpu0_0] Sync pending: 516 items
Epoch 8 | val_loss: 0.62290, val_acc: 0.81040, train_loss: 0.96035, train_acc: 0.80282
Epoch 9 | val_loss: 0.63918, val_acc: 0.80060, train_loss: 0.92544, train_acc: 0.81904
[slurm61982224_gr043_gpu0_0] Sync pending: 520 items
Epoch 10 | val_loss: 0.60347, val_acc: 0.81340, train_loss: 0.88877, train_acc: 0.83496
Epoch 11 | val_loss: 0.61031, val_acc: 0.80960, train_loss: 0.86801, train_acc: 0.84211
[slurm61982224_gr043_gpu0_0] Sync pending: 524 items
Epoch 12 | val_loss: 0.61504, val_acc: 0.80080, train_loss: 0.84820, train_acc: 0.84933
Epoch 13 | val_loss: 0.51803, val_acc: 0.84540, train_loss: 0.83028, train_acc: 0.85867
[slurm61982224_gr043_gpu0_0] Sync pending: 524 items
Epoch 14 | val_loss: 0.50645, val_acc: 0.84560, train_loss: 0.81357, train_acc: 0.86491
Epoch 15 | val_loss: 0.47884, val_acc: 0.85720, train_loss: 0.79611, train_acc: 0.87311
[slurm61982224_gr043_gpu0_0] Sync pending: 524 items
Epoch 16 | val_loss: 0.49553, val_acc: 0.84960, train_loss: 0.78045, train_acc: 0.87938
Epoch 17 | val_loss: 0.47435, val_acc: 0.85740, train_loss: 0.77309, train_acc: 0.88249
[slurm61982224_gr043_gpu0_0] Sync pending: 528 items
Epoch 18 | val_loss: 0.48846, val_acc: 0.85480, train_loss: 0.76460, train_acc: 0.88571
Epoch 19 | val_loss: 0.44376, val_acc: 0.86960, train_loss: 0.75079, train_acc: 0.89211
[slurm61982224_gr043_gpu0_0] Sync pending: 528 items
Epoch 20 | val_loss: 0.49311, val_acc: 0.85760, train_loss: 0.73938, train_acc: 0.89738
Epoch 21 | val_loss: 0.46079, val_acc: 0.86640, train_loss: 0.72981, train_acc: 0.90173
[slurm61982224_gr043_gpu0_0] Sync pending: 532 items
Epoch 22 | val_loss: 0.48761, val_acc: 0.85420, train_loss: 0.71715, train_acc: 0.90764
[slurm61982224_gr043_gpu0_0] Sync pending: 540 items
Epoch 23 | val_loss: 0.39408, val_acc: 0.88920, train_loss: 0.70996, train_acc: 0.91118
Epoch 24 | val_loss: 0.42628, val_acc: 0.87740, train_loss: 0.70203, train_acc: 0.91487
[slurm61982224_gr043_gpu0_0] Sync pending: 540 items
Epoch 25 | val_loss: 0.41561, val_acc: 0.88000, train_loss: 0.69118, train_acc: 0.91820
Epoch 26 | val_loss: 0.43912, val_acc: 0.87320, train_loss: 0.68367, train_acc: 0.92229
[slurm61982224_gr043_gpu0_0] Sync pending: 544 items
Epoch 27 | val_loss: 0.36976, val_acc: 0.89760, train_loss: 0.67036, train_acc: 0.92767
Epoch 28 | val_loss: 0.41903, val_acc: 0.87940, train_loss: 0.66350, train_acc: 0.93122
[slurm61982224_gr043_gpu0_0] Sync pending: 544 items
Epoch 29 | val_loss: 0.41182, val_acc: 0.88480, train_loss: 0.65088, train_acc: 0.93751
Epoch 30 | val_loss: 0.36571, val_acc: 0.90020, train_loss: 0.64300, train_acc: 0.94069
[slurm61982224_gr043_gpu0_0] Sync pending: 548 items
Epoch 31 | val_loss: 0.35299, val_acc: 0.90620, train_loss: 0.63448, train_acc: 0.94422
Epoch 32 | val_loss: 0.34637, val_acc: 0.91000, train_loss: 0.62113, train_acc: 0.94998
[slurm61982224_gr043_gpu0_0] Sync pending: 548 items
Epoch 33 | val_loss: 0.34585, val_acc: 0.90520, train_loss: 0.60900, train_acc: 0.95533
Epoch 34 | val_loss: 0.32720, val_acc: 0.91700, train_loss: 0.59891, train_acc: 0.96031
[slurm61982224_gr043_gpu0_0] Sync pending: 548 items
Epoch 35 | val_loss: 0.35123, val_acc: 0.91120, train_loss: 0.58412, train_acc: 0.96711
Epoch 36 | val_loss: 0.32464, val_acc: 0.91720, train_loss: 0.57845, train_acc: 0.96962
[slurm61982224_gr043_gpu0_0] Sync pending: 548 items
Epoch 37 | val_loss: 0.31645, val_acc: 0.92000, train_loss: 0.56883, train_acc: 0.97353
Epoch 38 | val_loss: 0.31434, val_acc: 0.92120, train_loss: 0.55879, train_acc: 0.97831
[slurm61982224_gr043_gpu0_0] Sync pending: 552 items
Epoch 39 | val_loss: 0.29686, val_acc: 0.92660, train_loss: 0.55157, train_acc: 0.98109
[slurm61982224_gr043_gpu0_0] Sync pending: 556 items
Epoch 40 | val_loss: 0.30423, val_acc: 0.92740, train_loss: 0.54496, train_acc: 0.98407
Epoch 41 | val_loss: 0.29261, val_acc: 0.93120, train_loss: 0.53688, train_acc: 0.98738
[slurm61982224_gr043_gpu0_0] Sync pending: 556 items
Epoch 42 | val_loss: 0.30041, val_acc: 0.92700, train_loss: 0.53093, train_acc: 0.98991
Epoch 43 | val_loss: 0.29166, val_acc: 0.93000, train_loss: 0.52710, train_acc: 0.99213
[slurm61982224_gr043_gpu0_0] Sync pending: 556 items
Epoch 44 | val_loss: 0.28633, val_acc: 0.93420, train_loss: 0.52409, train_acc: 0.99267
Epoch 45 | val_loss: 0.28383, val_acc: 0.93440, train_loss: 0.52156, train_acc: 0.99387
[slurm61982224_gr043_gpu0_0] Sync pending: 560 items
Epoch 46 | val_loss: 0.28530, val_acc: 0.93440, train_loss: 0.52109, train_acc: 0.99404
Epoch 47 | val_loss: 0.28345, val_acc: 0.93440, train_loss: 0.51863, train_acc: 0.99491
[slurm61982224_gr043_gpu0_0] Sync pending: 560 items
Epoch 48 | val_loss: 0.28629, val_acc: 0.93160, train_loss: 0.51817, train_acc: 0.99509
Epoch 49 | val_loss: 0.28455, val_acc: 0.93420, train_loss: 0.51823, train_acc: 0.99491
[slurm61982224_gr043_gpu0_0] Job 8810eb36-ba49-4083-a87e-6d52167b4257 completed successfully
[slurm61982224_gr043_gpu0_0] Claimed job fbaddfb1-ccfa-4492-a4a3-d75135555b49 (priority=135)
[slurm61982224_gr043_gpu0_0] Executing job fbaddfb1-ccfa-4492-a4a3-d75135555b49 with _target_=dr_exp.trainers.decon_trainer.train_classification
Epoch 0 | val_loss: 2.30259, val_acc: 0.08984
`Trainer.fit` stopped: `max_epochs=50` reached.
GPU available: True (cuda), used: True
TPU available: False, using: 0 TPU cores
HPU available: False, using: 0 HPUs
LOCAL_RANK: 0 - CUDA_VISIBLE_DEVICES: [0]

  | Name      | Type             | Params | Mode 
-------------------------------------------------------
0 | model     | CifarAlexNet     | 2.4 M  | train
1 | criterion | CrossEntropyLoss | 0      | train
-------------------------------------------------------
2.4 M     Trainable params
0         Non-trainable params
2.4 M     Total params
9.768     Total estimated model params size (MB)
24        Modules in train mode
0         Modules in eval mode
SLURM auto-requeueing enabled. Setting signal handlers.
[slurm61982224_gr043_gpu0_0] Sync pending: 564 items
Epoch 0 | val_loss: 1.55660, val_acc: 0.43840
Epoch 1 | val_loss: 1.02208, val_acc: 0.64840, train_loss: 1.83742, train_acc: 0.36869
[slurm61982224_gr043_gpu0_0] Sync pending: 564 items
Epoch 2 | val_loss: 0.84896, val_acc: 0.71900, train_loss: 1.40882, train_acc: 0.58987
Epoch 3 | val_loss: 0.81583, val_acc: 0.73900, train_loss: 1.18299, train_acc: 0.70051
[slurm61982224_gr043_gpu0_0] Sync pending: 568 items
Epoch 4 | val_loss: 0.84745, val_acc: 0.71820, train_loss: 1.07845, train_acc: 0.74907
Epoch 5 | val_loss: 0.71653, val_acc: 0.76540, train_loss: 1.01295, train_acc: 0.77591
[slurm61982224_gr043_gpu0_0] Sync pending: 576 items
Epoch 6 | val_loss: 0.86512, val_acc: 0.72320, train_loss: 0.96944, train_acc: 0.79711
Epoch 7 | val_loss: 0.66938, val_acc: 0.78560, train_loss: 0.94236, train_acc: 0.80638
[slurm61982224_gr043_gpu0_0] Sync pending: 580 items
Epoch 8 | val_loss: 0.61638, val_acc: 0.81240, train_loss: 0.91340, train_acc: 0.82224
Epoch 9 | val_loss: 0.62756, val_acc: 0.80680, train_loss: 0.88921, train_acc: 0.82940
[slurm61982224_gr043_gpu0_0] Sync pending: 592 items
Epoch 10 | val_loss: 0.55984, val_acc: 0.82780, train_loss: 0.86816, train_acc: 0.84111
Epoch 11 | val_loss: 0.57322, val_acc: 0.82360, train_loss: 0.85366, train_acc: 0.84702
[slurm61982224_gr043_gpu0_0] Sync pending: 596 items
Epoch 12 | val_loss: 0.54553, val_acc: 0.83480, train_loss: 0.84232, train_acc: 0.85118
Epoch 13 | val_loss: 0.64430, val_acc: 0.80100, train_loss: 0.83250, train_acc: 0.85644
[slurm61982224_gr043_gpu0_0] Sync pending: 596 items
Epoch 14 | val_loss: 0.62569, val_acc: 0.81360, train_loss: 0.81889, train_acc: 0.86296
Epoch 15 | val_loss: 0.58361, val_acc: 0.82320, train_loss: 0.81722, train_acc: 0.86062
[slurm61982224_gr043_gpu0_0] Sync pending: 596 items
Epoch 16 | val_loss: 0.60918, val_acc: 0.81040, train_loss: 0.80877, train_acc: 0.86607
Epoch 17 | val_loss: 0.51888, val_acc: 0.84280, train_loss: 0.80673, train_acc: 0.86767
[slurm61982224_gr043_gpu0_0] Sync pending: 596 items
Epoch 18 | val_loss: 0.58676, val_acc: 0.81780, train_loss: 0.79409, train_acc: 0.87196
Epoch 19 | val_loss: 0.51787, val_acc: 0.84580, train_loss: 0.79616, train_acc: 0.87258
[slurm61982224_gr043_gpu0_0] Sync pending: 600 items
Epoch 20 | val_loss: 0.50078, val_acc: 0.85600, train_loss: 0.78764, train_acc: 0.87467
Epoch 21 | val_loss: 0.48828, val_acc: 0.85460, train_loss: 0.79200, train_acc: 0.87456
[slurm61982224_gr043_gpu0_0] Sync pending: 600 items
Epoch 22 | val_loss: 0.53027, val_acc: 0.84500, train_loss: 0.78343, train_acc: 0.87807
Epoch 23 | val_loss: 0.60349, val_acc: 0.82280, train_loss: 0.78485, train_acc: 0.87600
[slurm61982224_gr043_gpu0_0] Sync pending: 604 items
Epoch 24 | val_loss: 0.51751, val_acc: 0.84480, train_loss: 0.77125, train_acc: 0.88293
Epoch 25 | val_loss: 0.46489, val_acc: 0.86660, train_loss: 0.77173, train_acc: 0.88220
[slurm61982224_gr043_gpu0_0] Sync pending: 612 items
Epoch 26 | val_loss: 0.60092, val_acc: 0.82060, train_loss: 0.77064, train_acc: 0.88016
Epoch 27 | val_loss: 0.48701, val_acc: 0.85580, train_loss: 0.76419, train_acc: 0.88544
[slurm61982224_gr043_gpu0_0] Sync pending: 612 items
Epoch 28 | val_loss: 0.58520, val_acc: 0.82020, train_loss: 0.76531, train_acc: 0.88491
Epoch 29 | val_loss: 0.56094, val_acc: 0.83120, train_loss: 0.76220, train_acc: 0.88618
[slurm61982224_gr043_gpu0_0] Sync pending: 616 items
Epoch 30 | val_loss: 0.33463, val_acc: 0.91120, train_loss: 0.75642, train_acc: 0.88964
Epoch 31 | val_loss: 0.32037, val_acc: 0.91840, train_loss: 0.65439, train_acc: 0.93493
Epoch 32 | val_loss: 0.31397, val_acc: 0.91500, train_loss: 0.62345, train_acc: 0.94938
[slurm61982224_gr043_gpu0_0] Sync pending: 616 items
Epoch 33 | val_loss: 0.31297, val_acc: 0.92000, train_loss: 0.60906, train_acc: 0.95589
Epoch 34 | val_loss: 0.30894, val_acc: 0.92120, train_loss: 0.60072, train_acc: 0.95958
[slurm61982224_gr043_gpu0_0] Sync pending: 620 items
Epoch 35 | val_loss: 0.30528, val_acc: 0.92220, train_loss: 0.59198, train_acc: 0.96333
Epoch 36 | val_loss: 0.30799, val_acc: 0.92180, train_loss: 0.58700, train_acc: 0.96542
[slurm61982224_gr043_gpu0_0] Sync pending: 620 items
Epoch 37 | val_loss: 0.30881, val_acc: 0.92160, train_loss: 0.58236, train_acc: 0.96820
Epoch 38 | val_loss: 0.30281, val_acc: 0.92480, train_loss: 0.57687, train_acc: 0.96953
[slurm61982224_gr043_gpu0_0] Sync pending: 624 items
Epoch 39 | val_loss: 0.30480, val_acc: 0.92480, train_loss: 0.57369, train_acc: 0.97080
Epoch 40 | val_loss: 0.31271, val_acc: 0.92540, train_loss: 0.56953, train_acc: 0.97331
[slurm61982224_gr043_gpu0_0] Sync pending: 624 items
Epoch 41 | val_loss: 0.30759, val_acc: 0.92380, train_loss: 0.56745, train_acc: 0.97384
Epoch 42 | val_loss: 0.30576, val_acc: 0.92240, train_loss: 0.56389, train_acc: 0.97602
[slurm61982224_gr043_gpu0_0] Sync pending: 624 items
Epoch 43 | val_loss: 0.30573, val_acc: 0.92420, train_loss: 0.55785, train_acc: 0.97769
Epoch 44 | val_loss: 0.30226, val_acc: 0.92540, train_loss: 0.55609, train_acc: 0.97858
[slurm61982224_gr043_gpu0_0] Sync pending: 628 items
Epoch 45 | val_loss: 0.30222, val_acc: 0.92740, train_loss: 0.55373, train_acc: 0.97969
Epoch 46 | val_loss: 0.31223, val_acc: 0.92400, train_loss: 0.55522, train_acc: 0.97818
[slurm61982224_gr043_gpu0_0] Sync pending: 632 items
Epoch 47 | val_loss: 0.31066, val_acc: 0.92460, train_loss: 0.55043, train_acc: 0.98062
Epoch 48 | val_loss: 0.31334, val_acc: 0.92420, train_loss: 0.54800, train_acc: 0.98182
[slurm61982224_gr043_gpu0_0] Sync pending: 632 items
Epoch 49 | val_loss: 0.30668, val_acc: 0.92560, train_loss: 0.54539, train_acc: 0.98273
[slurm61982224_gr043_gpu0_0] Job fbaddfb1-ccfa-4492-a4a3-d75135555b49 completed successfully
[slurm61982224_gr043_gpu0_0] Claimed job 8af2f753-73b6-4c1d-973c-916af3b58d59 (priority=105)
[slurm61982224_gr043_gpu0_0] Executing job 8af2f753-73b6-4c1d-973c-916af3b58d59 with _target_=dr_exp.trainers.decon_trainer.train_classification
Epoch 0 | val_loss: 2.34201, val_acc: 0.10156
`Trainer.fit` stopped: `max_epochs=50` reached.
