GPU available: True (cuda), used: True
TPU available: False, using: 0 TPU cores
HPU available: False, using: 0 HPUs
/scratch/ddr8143/repos/dr_exp/.venv/lib/python3.12/site-packages/lightning/pytorch/trainer/connectors/logger_connector/logger_connector.py:76: Starting from v1.9.0, `tensorboardX` has been removed as a dependency of the `lightning.pytorch` package, due to potential conflicts with other packages in the ML ecosystem. For this reason, `logger=True` will use `CSVLogger` as the default logger, unless the `tensorboard` or `tensorboardX` packages are found. Please `pip install lightning[extra]` or one of them to enable TensorBoard support by default
LOCAL_RANK: 0 - CUDA_VISIBLE_DEVICES: [0]

  | Name      | Type             | Params | Mode 
-------------------------------------------------------
0 | model     | CifarResNet18    | 11.2 M | train
1 | criterion | CrossEntropyLoss | 0      | train
-------------------------------------------------------
11.2 M    Trainable params
0         Non-trainable params
11.2 M    Total params
44.696    Total estimated model params size (MB)
70        Modules in train mode
0         Modules in eval mode
SLURM auto-requeueing enabled. Setting signal handlers.
[SyncHandler] Failed to initialize Supabase: Supabase URL and key must be provided or set in environment
[SyncHandler] Sync disabled - files will remain in queue
[slurm61982227_gr038_gpu0_0] Sync disabled - Supabase not available
Sync: enabled (Supabase not available - queue only)
Starting worker slurm61982227_gr038_gpu0_0
Experiment: cluster_t0 at /scratch/ddr8143/logs/dcnn_workers
------------------------------------------------------------
[slurm61982227_gr038_gpu0_0] Worker started
[slurm61982227_gr038_gpu0_0] Sync thread started
[slurm61982227_gr038_gpu0_0] Heartbeat thread started
[slurm61982227_gr038_gpu0_0] No jobs available
[slurm61982227_gr038_gpu0_0] Claimed job 17e8b57f-7a2d-44d9-bac3-8e1ef93ca3b3 (priority=250)
[slurm61982227_gr038_gpu0_0] Executing job 17e8b57f-7a2d-44d9-bac3-8e1ef93ca3b3 with _target_=dr_exp.trainers.decon_trainer.train_classification
[slurm61982227_gr038_gpu0_0] Sync pending: 222 items
Epoch 0 | val_loss: 2.34110, val_acc: 0.11719
/scratch/ddr8143/repos/dr_exp/.venv/lib/python3.12/site-packages/torch/optim/lr_scheduler.py:198: UserWarning: The epoch parameter in `scheduler.step()` was not necessary and is being deprecated where possible. Please use `scheduler.step()` to step the scheduler. During the deprecation, if epoch is different from None, the closed form is used instead of the new chainable form, where available. Please open an issue if you are unable to replicate your use case: https://github.com/pytorch/pytorch/issues/new/choose.
  warnings.warn(EPOCH_DEPRECATION_WARNING, UserWarning)
`Trainer.fit` stopped: `max_epochs=50` reached.
GPU available: True (cuda), used: True
TPU available: False, using: 0 TPU cores
HPU available: False, using: 0 HPUs
LOCAL_RANK: 0 - CUDA_VISIBLE_DEVICES: [0]

  | Name      | Type             | Params | Mode 
-------------------------------------------------------
0 | model     | CifarResNet12    | 1.8 M  | train
1 | criterion | CrossEntropyLoss | 0      | train
-------------------------------------------------------
1.8 M     Trainable params
0         Non-trainable params
1.8 M     Total params
7.154     Total estimated model params size (MB)
36        Modules in train mode
0         Modules in eval mode
SLURM auto-requeueing enabled. Setting signal handlers.
Epoch 0 | val_loss: 2.33219, val_acc: 0.08900
[slurm61982227_gr038_gpu0_0] Sync pending: 223 items
Epoch 1 | val_loss: 1.35941, val_acc: 0.51420, train_loss: 2.32184, train_acc: 0.09776
[slurm61982227_gr038_gpu0_0] Sync pending: 223 items
Epoch 2 | val_loss: 1.39296, val_acc: 0.54200, train_loss: 1.65724, train_acc: 0.39358
Epoch 3 | val_loss: 0.92709, val_acc: 0.68780, train_loss: 1.18221, train_acc: 0.58136
[slurm61982227_gr038_gpu0_0] Sync pending: 223 items
Epoch 4 | val_loss: 0.69826, val_acc: 0.75860, train_loss: 0.88528, train_acc: 0.68933
Epoch 5 | val_loss: 0.68501, val_acc: 0.76540, train_loss: 0.75092, train_acc: 0.73933
[slurm61982227_gr038_gpu0_0] Sync pending: 231 items
Epoch 6 | val_loss: 0.70272, val_acc: 0.76940, train_loss: 0.66772, train_acc: 0.76998
Epoch 7 | val_loss: 0.62126, val_acc: 0.79580, train_loss: 0.60038, train_acc: 0.79291
[slurm61982227_gr038_gpu0_0] Sync pending: 231 items
Epoch 8 | val_loss: 0.74110, val_acc: 0.75840, train_loss: 0.54134, train_acc: 0.81396
Epoch 9 | val_loss: 0.83648, val_acc: 0.73160, train_loss: 0.50521, train_acc: 0.82938
[slurm61982227_gr038_gpu0_0] Sync pending: 235 items
Epoch 10 | val_loss: 0.53288, val_acc: 0.81920, train_loss: 0.48276, train_acc: 0.83187
Epoch 11 | val_loss: 0.53816, val_acc: 0.81200, train_loss: 0.46496, train_acc: 0.83882
[slurm61982227_gr038_gpu0_0] Sync pending: 235 items
Epoch 12 | val_loss: 0.61747, val_acc: 0.79800, train_loss: 0.45065, train_acc: 0.84582
Epoch 13 | val_loss: 0.46795, val_acc: 0.84060, train_loss: 0.43188, train_acc: 0.85047
[slurm61982227_gr038_gpu0_0] Sync pending: 235 items
Epoch 14 | val_loss: 0.47716, val_acc: 0.83500, train_loss: 0.42135, train_acc: 0.85547
Epoch 15 | val_loss: 0.48305, val_acc: 0.83620, train_loss: 0.40725, train_acc: 0.85982
[slurm61982227_gr038_gpu0_0] Sync pending: 239 items
Epoch 16 | val_loss: 0.51279, val_acc: 0.82820, train_loss: 0.39259, train_acc: 0.86480
Epoch 17 | val_loss: 0.50376, val_acc: 0.82940, train_loss: 0.37995, train_acc: 0.86907
[slurm61982227_gr038_gpu0_0] Sync pending: 239 items
Epoch 18 | val_loss: 0.47917, val_acc: 0.84200, train_loss: 0.36970, train_acc: 0.87287
Epoch 19 | val_loss: 0.57601, val_acc: 0.81200, train_loss: 0.35514, train_acc: 0.87900
[slurm61982227_gr038_gpu0_0] Sync pending: 239 items
Epoch 20 | val_loss: 0.48363, val_acc: 0.84340, train_loss: 0.34555, train_acc: 0.88289
[slurm61982227_gr038_gpu0_0] Sync pending: 239 items
Epoch 21 | val_loss: 0.48776, val_acc: 0.84140, train_loss: 0.33178, train_acc: 0.88680
Epoch 22 | val_loss: 0.42182, val_acc: 0.85480, train_loss: 0.32131, train_acc: 0.88947
[slurm61982227_gr038_gpu0_0] Sync pending: 243 items
Epoch 23 | val_loss: 0.43815, val_acc: 0.85040, train_loss: 0.30547, train_acc: 0.89727
Epoch 24 | val_loss: 0.43404, val_acc: 0.84940, train_loss: 0.29457, train_acc: 0.89953
[slurm61982227_gr038_gpu0_0] Sync pending: 243 items
Epoch 25 | val_loss: 0.43314, val_acc: 0.85580, train_loss: 0.27405, train_acc: 0.90582
Epoch 26 | val_loss: 0.39410, val_acc: 0.86380, train_loss: 0.26499, train_acc: 0.90827
[slurm61982227_gr038_gpu0_0] Sync pending: 243 items
Epoch 27 | val_loss: 0.36962, val_acc: 0.87500, train_loss: 0.25907, train_acc: 0.91089
Epoch 28 | val_loss: 0.40407, val_acc: 0.86520, train_loss: 0.23742, train_acc: 0.91871
[slurm61982227_gr038_gpu0_0] Sync pending: 243 items
Epoch 29 | val_loss: 0.34398, val_acc: 0.88740, train_loss: 0.22166, train_acc: 0.92287
Epoch 30 | val_loss: 0.39185, val_acc: 0.87460, train_loss: 0.21198, train_acc: 0.92682
[slurm61982227_gr038_gpu0_0] Sync pending: 247 items
Epoch 31 | val_loss: 0.35779, val_acc: 0.88620, train_loss: 0.19216, train_acc: 0.93429
Epoch 32 | val_loss: 0.38495, val_acc: 0.87920, train_loss: 0.17171, train_acc: 0.94162
[slurm61982227_gr038_gpu0_0] Sync pending: 247 items
Epoch 33 | val_loss: 0.39944, val_acc: 0.88340, train_loss: 0.16270, train_acc: 0.94476
Epoch 34 | val_loss: 0.31384, val_acc: 0.90320, train_loss: 0.14233, train_acc: 0.95060
[slurm61982227_gr038_gpu0_0] Sync pending: 247 items
Epoch 35 | val_loss: 0.27868, val_acc: 0.91340, train_loss: 0.12953, train_acc: 0.95629
[slurm61982227_gr038_gpu0_0] Sync pending: 247 items
Epoch 36 | val_loss: 0.31332, val_acc: 0.90660, train_loss: 0.11470, train_acc: 0.96087
Epoch 37 | val_loss: 0.26600, val_acc: 0.91820, train_loss: 0.09429, train_acc: 0.96891
[slurm61982227_gr038_gpu0_0] Sync pending: 247 items
Epoch 38 | val_loss: 0.27790, val_acc: 0.91520, train_loss: 0.08374, train_acc: 0.97231
Epoch 39 | val_loss: 0.27543, val_acc: 0.91700, train_loss: 0.06417, train_acc: 0.97964
[slurm61982227_gr038_gpu0_0] Sync pending: 247 items
Epoch 40 | val_loss: 0.26549, val_acc: 0.92020, train_loss: 0.05093, train_acc: 0.98344
Epoch 41 | val_loss: 0.25679, val_acc: 0.92340, train_loss: 0.04067, train_acc: 0.98720
[slurm61982227_gr038_gpu0_0] Sync pending: 247 items
Epoch 42 | val_loss: 0.23848, val_acc: 0.92760, train_loss: 0.03203, train_acc: 0.99062
Epoch 43 | val_loss: 0.23576, val_acc: 0.93520, train_loss: 0.02579, train_acc: 0.99249
[slurm61982227_gr038_gpu0_0] Sync pending: 247 items
Epoch 44 | val_loss: 0.24375, val_acc: 0.93140, train_loss: 0.01912, train_acc: 0.99496
Epoch 45 | val_loss: 0.23285, val_acc: 0.93480, train_loss: 0.01660, train_acc: 0.99598
[slurm61982227_gr038_gpu0_0] Sync pending: 247 items
Epoch 46 | val_loss: 0.23700, val_acc: 0.93380, train_loss: 0.01262, train_acc: 0.99727
Epoch 47 | val_loss: 0.23101, val_acc: 0.93560, train_loss: 0.01225, train_acc: 0.99711
[slurm61982227_gr038_gpu0_0] Sync pending: 255 items
Epoch 48 | val_loss: 0.22691, val_acc: 0.93560, train_loss: 0.01235, train_acc: 0.99702
Epoch 49 | val_loss: 0.22781, val_acc: 0.93520, train_loss: 0.01074, train_acc: 0.99773
[slurm61982227_gr038_gpu0_0] Job 17e8b57f-7a2d-44d9-bac3-8e1ef93ca3b3 completed successfully
[slurm61982227_gr038_gpu0_0] Claimed job 69a00e73-801b-4236-8a7d-3364a687f368 (priority=230)
[slurm61982227_gr038_gpu0_0] Executing job 69a00e73-801b-4236-8a7d-3364a687f368 with _target_=dr_exp.trainers.decon_trainer.train_classification
[slurm61982227_gr038_gpu0_0] Sync pending: 263 items
Epoch 0 | val_loss: 2.30150, val_acc: 0.10938
`Trainer.fit` stopped: `max_epochs=50` reached.
GPU available: True (cuda), used: True
TPU available: False, using: 0 TPU cores
HPU available: False, using: 0 HPUs
LOCAL_RANK: 0 - CUDA_VISIBLE_DEVICES: [0]

  | Name      | Type             | Params | Mode 
-------------------------------------------------------
0 | model     | CifarResNet18    | 11.2 M | train
1 | criterion | CrossEntropyLoss | 0      | train
-------------------------------------------------------
11.2 M    Trainable params
0         Non-trainable params
11.2 M    Total params
44.696    Total estimated model params size (MB)
70        Modules in train mode
0         Modules in eval mode
SLURM auto-requeueing enabled. Setting signal handlers.
Epoch 0 | val_loss: 2.30838, val_acc: 0.11360
[slurm61982227_gr038_gpu0_0] Sync pending: 272 items
Epoch 1 | val_loss: 1.29755, val_acc: 0.52820, train_loss: 2.31187, train_acc: 0.10542
Epoch 2 | val_loss: 1.01797, val_acc: 0.63680, train_loss: 1.52749, train_acc: 0.44069
[slurm61982227_gr038_gpu0_0] Sync pending: 280 items
Epoch 3 | val_loss: 0.82048, val_acc: 0.71140, train_loss: 1.15807, train_acc: 0.58824
Epoch 4 | val_loss: 0.86799, val_acc: 0.70300, train_loss: 0.92638, train_acc: 0.67391
[slurm61982227_gr038_gpu0_0] Sync pending: 280 items
Epoch 5 | val_loss: 0.70629, val_acc: 0.74860, train_loss: 0.79825, train_acc: 0.72176
Epoch 6 | val_loss: 0.74341, val_acc: 0.75060, train_loss: 0.72219, train_acc: 0.74798
[slurm61982227_gr038_gpu0_0] Sync pending: 288 items
Epoch 7 | val_loss: 0.57107, val_acc: 0.80160, train_loss: 0.64714, train_acc: 0.77380
Epoch 8 | val_loss: 0.73149, val_acc: 0.75140, train_loss: 0.60635, train_acc: 0.79064
Epoch 9 | val_loss: 0.62957, val_acc: 0.77920, train_loss: 0.57293, train_acc: 0.79907
[slurm61982227_gr038_gpu0_0] Sync pending: 288 items
Epoch 10 | val_loss: 0.59190, val_acc: 0.80320, train_loss: 0.54947, train_acc: 0.81076
Epoch 11 | val_loss: 0.61583, val_acc: 0.79340, train_loss: 0.52831, train_acc: 0.81693
[slurm61982227_gr038_gpu0_0] Sync pending: 288 items
Epoch 12 | val_loss: 0.68228, val_acc: 0.76660, train_loss: 0.50967, train_acc: 0.82293
Epoch 13 | val_loss: 0.62493, val_acc: 0.79020, train_loss: 0.50397, train_acc: 0.82716
[slurm61982227_gr038_gpu0_0] Sync pending: 292 items
Epoch 14 | val_loss: 0.70357, val_acc: 0.77380, train_loss: 0.48341, train_acc: 0.83342
Epoch 15 | val_loss: 0.68158, val_acc: 0.77920, train_loss: 0.46740, train_acc: 0.83738
[slurm61982227_gr038_gpu0_0] Sync pending: 292 items
Epoch 16 | val_loss: 0.72197, val_acc: 0.76020, train_loss: 0.46058, train_acc: 0.83856
Epoch 17 | val_loss: 0.57733, val_acc: 0.79840, train_loss: 0.44713, train_acc: 0.84449
[slurm61982227_gr038_gpu0_0] Sync pending: 296 items
Epoch 18 | val_loss: 0.62855, val_acc: 0.78620, train_loss: 0.43266, train_acc: 0.85113
Epoch 19 | val_loss: 0.58641, val_acc: 0.79960, train_loss: 0.42365, train_acc: 0.85200
[slurm61982227_gr038_gpu0_0] Sync pending: 300 items
Epoch 20 | val_loss: 0.57877, val_acc: 0.80200, train_loss: 0.41101, train_acc: 0.85729
Epoch 21 | val_loss: 0.54106, val_acc: 0.81600, train_loss: 0.40686, train_acc: 0.86078
[slurm61982227_gr038_gpu0_0] Sync pending: 300 items
Epoch 22 | val_loss: 0.47842, val_acc: 0.84040, train_loss: 0.38821, train_acc: 0.86709
Epoch 23 | val_loss: 0.51604, val_acc: 0.83020, train_loss: 0.37804, train_acc: 0.86880
[slurm61982227_gr038_gpu0_0] Sync pending: 300 items
Epoch 24 | val_loss: 0.46905, val_acc: 0.83960, train_loss: 0.36974, train_acc: 0.87260
Epoch 25 | val_loss: 0.56469, val_acc: 0.81000, train_loss: 0.35594, train_acc: 0.87636
[slurm61982227_gr038_gpu0_0] Sync pending: 300 items
Epoch 26 | val_loss: 0.43666, val_acc: 0.85180, train_loss: 0.34459, train_acc: 0.88136
Epoch 27 | val_loss: 0.50554, val_acc: 0.82880, train_loss: 0.33198, train_acc: 0.88424
[slurm61982227_gr038_gpu0_0] Sync pending: 300 items
Epoch 28 | val_loss: 0.48262, val_acc: 0.83980, train_loss: 0.31578, train_acc: 0.89322
Epoch 29 | val_loss: 0.44278, val_acc: 0.84820, train_loss: 0.30533, train_acc: 0.89564
[slurm61982227_gr038_gpu0_0] Sync pending: 300 items
Epoch 30 | val_loss: 0.49982, val_acc: 0.83860, train_loss: 0.29185, train_acc: 0.89989
Epoch 31 | val_loss: 0.42599, val_acc: 0.85620, train_loss: 0.27545, train_acc: 0.90578
[slurm61982227_gr038_gpu0_0] Sync pending: 300 items
Epoch 32 | val_loss: 0.37298, val_acc: 0.87300, train_loss: 0.26240, train_acc: 0.90876
Epoch 33 | val_loss: 0.42277, val_acc: 0.85740, train_loss: 0.24783, train_acc: 0.91471
[slurm61982227_gr038_gpu0_0] Sync pending: 304 items
Epoch 34 | val_loss: 0.39049, val_acc: 0.87220, train_loss: 0.22829, train_acc: 0.92069
Epoch 35 | val_loss: 0.39581, val_acc: 0.87080, train_loss: 0.21709, train_acc: 0.92649
[slurm61982227_gr038_gpu0_0] Sync pending: 304 items
Epoch 36 | val_loss: 0.35968, val_acc: 0.88300, train_loss: 0.19827, train_acc: 0.93284
Epoch 37 | val_loss: 0.35598, val_acc: 0.88100, train_loss: 0.17770, train_acc: 0.93967
[slurm61982227_gr038_gpu0_0] Sync pending: 304 items
Epoch 38 | val_loss: 0.34961, val_acc: 0.88200, train_loss: 0.16596, train_acc: 0.94429
Epoch 39 | val_loss: 0.34263, val_acc: 0.88820, train_loss: 0.14528, train_acc: 0.95149
[slurm61982227_gr038_gpu0_0] Sync pending: 304 items
Epoch 40 | val_loss: 0.32550, val_acc: 0.89280, train_loss: 0.13202, train_acc: 0.95776
Epoch 41 | val_loss: 0.31649, val_acc: 0.89940, train_loss: 0.11415, train_acc: 0.96253
[slurm61982227_gr038_gpu0_0] Sync pending: 304 items
Epoch 42 | val_loss: 0.31401, val_acc: 0.89720, train_loss: 0.10387, train_acc: 0.96760
Epoch 43 | val_loss: 0.30331, val_acc: 0.89960, train_loss: 0.09192, train_acc: 0.97136
[slurm61982227_gr038_gpu0_0] Sync pending: 304 items
Epoch 44 | val_loss: 0.30668, val_acc: 0.90280, train_loss: 0.08188, train_acc: 0.97542
Epoch 45 | val_loss: 0.29637, val_acc: 0.90400, train_loss: 0.07224, train_acc: 0.97867
[slurm61982227_gr038_gpu0_0] Sync pending: 304 items
Epoch 46 | val_loss: 0.29621, val_acc: 0.90520, train_loss: 0.06748, train_acc: 0.98058
Epoch 47 | val_loss: 0.29333, val_acc: 0.90460, train_loss: 0.06142, train_acc: 0.98342
[slurm61982227_gr038_gpu0_0] Sync pending: 312 items
Epoch 48 | val_loss: 0.29250, val_acc: 0.90540, train_loss: 0.05871, train_acc: 0.98440
Epoch 49 | val_loss: 0.29147, val_acc: 0.90560, train_loss: 0.05667, train_acc: 0.98487
[slurm61982227_gr038_gpu0_0] Job 69a00e73-801b-4236-8a7d-3364a687f368 completed successfully
[slurm61982227_gr038_gpu0_0] Claimed job e783bb5f-0d46-4d60-a8c6-8c8415811964 (priority=200)
[slurm61982227_gr038_gpu0_0] Executing job e783bb5f-0d46-4d60-a8c6-8c8415811964 with _target_=dr_exp.trainers.decon_trainer.train_classification
Epoch 0 | val_loss: 2.33260, val_acc: 0.11719
`Trainer.fit` stopped: `max_epochs=50` reached.
GPU available: True (cuda), used: True
TPU available: False, using: 0 TPU cores
HPU available: False, using: 0 HPUs
LOCAL_RANK: 0 - CUDA_VISIBLE_DEVICES: [0]

  | Name      | Type             | Params | Mode 
-------------------------------------------------------
0 | model     | CifarResNet18    | 11.2 M | train
1 | criterion | CrossEntropyLoss | 0      | train
-------------------------------------------------------
11.2 M    Trainable params
0         Non-trainable params
11.2 M    Total params
44.696    Total estimated model params size (MB)
70        Modules in train mode
0         Modules in eval mode
SLURM auto-requeueing enabled. Setting signal handlers.
[slurm61982227_gr038_gpu0_0] Sync pending: 324 items
Epoch 0 | val_loss: 2.31463, val_acc: 0.11640
Epoch 1 | val_loss: 1.47894, val_acc: 0.48340, train_loss: 2.31618, train_acc: 0.11813
[slurm61982227_gr038_gpu0_0] Sync pending: 332 items
Epoch 2 | val_loss: 0.85881, val_acc: 0.70600, train_loss: 1.58466, train_acc: 0.42427
Epoch 3 | val_loss: 0.80890, val_acc: 0.72480, train_loss: 1.14247, train_acc: 0.59713
[slurm61982227_gr038_gpu0_0] Sync pending: 332 items
Epoch 4 | val_loss: 0.76679, val_acc: 0.74560, train_loss: 0.86046, train_acc: 0.69804
Epoch 5 | val_loss: 0.79697, val_acc: 0.73780, train_loss: 0.74587, train_acc: 0.73860
[slurm61982227_gr038_gpu0_0] Sync pending: 332 items
Epoch 6 | val_loss: 0.74233, val_acc: 0.75300, train_loss: 0.66560, train_acc: 0.76942
[slurm61982227_gr038_gpu0_0] Sync pending: 344 items
Epoch 7 | val_loss: 0.67582, val_acc: 0.77700, train_loss: 0.59147, train_acc: 0.79520
Epoch 8 | val_loss: 0.62292, val_acc: 0.78860, train_loss: 0.53721, train_acc: 0.81416
[slurm61982227_gr038_gpu0_0] Sync pending: 344 items
Epoch 9 | val_loss: 0.60324, val_acc: 0.79500, train_loss: 0.49869, train_acc: 0.82736
Epoch 10 | val_loss: 0.54881, val_acc: 0.81760, train_loss: 0.47288, train_acc: 0.83707
[slurm61982227_gr038_gpu0_0] Sync pending: 344 items
Epoch 11 | val_loss: 0.47565, val_acc: 0.84060, train_loss: 0.46050, train_acc: 0.84142
Epoch 12 | val_loss: 0.58072, val_acc: 0.81320, train_loss: 0.45438, train_acc: 0.84500
[slurm61982227_gr038_gpu0_0] Sync pending: 344 items
Epoch 13 | val_loss: 0.76126, val_acc: 0.76740, train_loss: 0.43863, train_acc: 0.84847
Epoch 14 | val_loss: 0.66319, val_acc: 0.78140, train_loss: 0.43328, train_acc: 0.85153
[slurm61982227_gr038_gpu0_0] Sync pending: 348 items
Epoch 15 | val_loss: 0.58488, val_acc: 0.80120, train_loss: 0.42055, train_acc: 0.85576
Epoch 16 | val_loss: 0.49202, val_acc: 0.83180, train_loss: 0.41557, train_acc: 0.85771
[slurm61982227_gr038_gpu0_0] Sync pending: 356 items
Epoch 17 | val_loss: 0.60557, val_acc: 0.80280, train_loss: 0.40823, train_acc: 0.86024
Epoch 18 | val_loss: 0.51439, val_acc: 0.82780, train_loss: 0.40460, train_acc: 0.86180
[slurm61982227_gr038_gpu0_0] Sync pending: 356 items
Epoch 19 | val_loss: 0.51061, val_acc: 0.82660, train_loss: 0.39634, train_acc: 0.86256
Epoch 20 | val_loss: 0.50986, val_acc: 0.82640, train_loss: 0.39451, train_acc: 0.86329
[slurm61982227_gr038_gpu0_0] Sync pending: 356 items
Epoch 21 | val_loss: 0.51142, val_acc: 0.83040, train_loss: 0.38508, train_acc: 0.86700
Epoch 22 | val_loss: 0.44509, val_acc: 0.84900, train_loss: 0.37646, train_acc: 0.87002
[slurm61982227_gr038_gpu0_0] Sync pending: 356 items
Epoch 23 | val_loss: 0.41406, val_acc: 0.85840, train_loss: 0.37744, train_acc: 0.87011
[slurm61982227_gr038_gpu0_0] Sync pending: 360 items
Epoch 24 | val_loss: 0.56193, val_acc: 0.81500, train_loss: 0.37268, train_acc: 0.87320
Epoch 25 | val_loss: 0.46611, val_acc: 0.84260, train_loss: 0.36642, train_acc: 0.87593
[slurm61982227_gr038_gpu0_0] Sync pending: 360 items
Epoch 26 | val_loss: 0.58557, val_acc: 0.80980, train_loss: 0.36933, train_acc: 0.87284
Epoch 27 | val_loss: 0.51752, val_acc: 0.82640, train_loss: 0.36064, train_acc: 0.87627
[slurm61982227_gr038_gpu0_0] Sync pending: 360 items
Epoch 28 | val_loss: 1.05015, val_acc: 0.72860, train_loss: 0.35484, train_acc: 0.87820
Epoch 29 | val_loss: 0.56152, val_acc: 0.81100, train_loss: 0.35775, train_acc: 0.87733
[slurm61982227_gr038_gpu0_0] Sync pending: 360 items
Epoch 30 | val_loss: 0.46979, val_acc: 0.83880, train_loss: 0.35438, train_acc: 0.87807
Epoch 31 | val_loss: 0.45879, val_acc: 0.84180, train_loss: 0.36272, train_acc: 0.87558
[slurm61982227_gr038_gpu0_0] Sync pending: 364 items
Epoch 32 | val_loss: 0.44256, val_acc: 0.84920, train_loss: 0.34379, train_acc: 0.88209
Epoch 33 | val_loss: 0.57552, val_acc: 0.81900, train_loss: 0.35194, train_acc: 0.87927
[slurm61982227_gr038_gpu0_0] Sync pending: 364 items
Epoch 34 | val_loss: 0.53254, val_acc: 0.82380, train_loss: 0.34686, train_acc: 0.88211
Epoch 35 | val_loss: 0.25750, val_acc: 0.91040, train_loss: 0.34810, train_acc: 0.87982
[slurm61982227_gr038_gpu0_0] Sync pending: 364 items
Epoch 36 | val_loss: 0.24330, val_acc: 0.91580, train_loss: 0.19184, train_acc: 0.93658
Epoch 37 | val_loss: 0.24519, val_acc: 0.92020, train_loss: 0.13910, train_acc: 0.95500
[slurm61982227_gr038_gpu0_0] Sync pending: 364 items
Epoch 38 | val_loss: 0.23746, val_acc: 0.92060, train_loss: 0.11726, train_acc: 0.96187
Epoch 39 | val_loss: 0.23376, val_acc: 0.92380, train_loss: 0.10275, train_acc: 0.96616
[slurm61982227_gr038_gpu0_0] Sync pending: 364 items
Epoch 40 | val_loss: 0.23999, val_acc: 0.92040, train_loss: 0.09193, train_acc: 0.96982
Epoch 41 | val_loss: 0.23979, val_acc: 0.92200, train_loss: 0.08036, train_acc: 0.97389
[slurm61982227_gr038_gpu0_0] Sync pending: 364 items
Epoch 42 | val_loss: 0.23616, val_acc: 0.92680, train_loss: 0.07210, train_acc: 0.97671
[slurm61982227_gr038_gpu0_0] Sync pending: 368 items
Epoch 43 | val_loss: 0.24461, val_acc: 0.92080, train_loss: 0.06435, train_acc: 0.97940
Epoch 44 | val_loss: 0.24661, val_acc: 0.92280, train_loss: 0.05788, train_acc: 0.98151
[slurm61982227_gr038_gpu0_0] Sync pending: 368 items
Epoch 45 | val_loss: 0.24581, val_acc: 0.92140, train_loss: 0.05363, train_acc: 0.98282
Epoch 46 | val_loss: 0.25735, val_acc: 0.91900, train_loss: 0.05075, train_acc: 0.98349
[slurm61982227_gr038_gpu0_0] Sync pending: 372 items
Epoch 47 | val_loss: 0.24577, val_acc: 0.92620, train_loss: 0.05020, train_acc: 0.98380
Epoch 48 | val_loss: 0.24001, val_acc: 0.92560, train_loss: 0.04508, train_acc: 0.98607
[slurm61982227_gr038_gpu0_0] Sync pending: 376 items
Epoch 49 | val_loss: 0.24615, val_acc: 0.92560, train_loss: 0.04195, train_acc: 0.98711
[slurm61982227_gr038_gpu0_0] Job e783bb5f-0d46-4d60-a8c6-8c8415811964 completed successfully
[slurm61982227_gr038_gpu0_0] Claimed job 7afd56c7-f30b-4b94-9aa5-239d43731578 (priority=190)
[slurm61982227_gr038_gpu0_0] Executing job 7afd56c7-f30b-4b94-9aa5-239d43731578 with _target_=dr_exp.trainers.decon_trainer.train_classification
Epoch 0 | val_loss: 2.33253, val_acc: 0.11719
`Trainer.fit` stopped: `max_epochs=50` reached.
GPU available: True (cuda), used: True
TPU available: False, using: 0 TPU cores
HPU available: False, using: 0 HPUs
LOCAL_RANK: 0 - CUDA_VISIBLE_DEVICES: [0]

  | Name      | Type             | Params | Mode 
-------------------------------------------------------
0 | model     | CifarResNet18    | 11.2 M | train
1 | criterion | CrossEntropyLoss | 0      | train
-------------------------------------------------------
11.2 M    Trainable params
0         Non-trainable params
11.2 M    Total params
44.696    Total estimated model params size (MB)
70        Modules in train mode
0         Modules in eval mode
SLURM auto-requeueing enabled. Setting signal handlers.
[slurm61982227_gr038_gpu0_0] Sync pending: 384 items
Epoch 0 | val_loss: 2.32266, val_acc: 0.07340
Epoch 1 | val_loss: 1.98301, val_acc: 0.27520, train_loss: 2.31593, train_acc: 0.09456
[slurm61982227_gr038_gpu0_0] Sync pending: 388 items
Epoch 2 | val_loss: 1.76814, val_acc: 0.37860, train_loss: 2.25663, train_acc: 0.14698
Epoch 3 | val_loss: 1.64514, val_acc: 0.44640, train_loss: 2.17054, train_acc: 0.20518
[slurm61982227_gr038_gpu0_0] Sync pending: 392 items
Epoch 4 | val_loss: 1.53340, val_acc: 0.49500, train_loss: 2.11599, train_acc: 0.24998
[slurm61982227_gr038_gpu0_0] Sync pending: 392 items
Epoch 5 | val_loss: 1.43057, val_acc: 0.53320, train_loss: 2.09063, train_acc: 0.27082
Epoch 6 | val_loss: 1.27966, val_acc: 0.59520, train_loss: 2.06035, train_acc: 0.29647
[slurm61982227_gr038_gpu0_0] Sync pending: 392 items
Epoch 7 | val_loss: 1.27122, val_acc: 0.60640, train_loss: 1.99672, train_acc: 0.31876
Epoch 8 | val_loss: 1.14741, val_acc: 0.64060, train_loss: 1.97875, train_acc: 0.35033
[slurm61982227_gr038_gpu0_0] Sync pending: 392 items
Epoch 9 | val_loss: 1.15490, val_acc: 0.63360, train_loss: 1.94421, train_acc: 0.36018
[slurm61982227_gr038_gpu0_0] Sync pending: 392 items
Epoch 10 | val_loss: 1.02955, val_acc: 0.68720, train_loss: 1.92089, train_acc: 0.38022
Epoch 11 | val_loss: 1.02004, val_acc: 0.70140, train_loss: 1.89463, train_acc: 0.37302
[slurm61982227_gr038_gpu0_0] Sync pending: 400 items
Epoch 12 | val_loss: 0.96441, val_acc: 0.71220, train_loss: 1.86791, train_acc: 0.41256
Epoch 13 | val_loss: 1.01343, val_acc: 0.70460, train_loss: 1.85985, train_acc: 0.40773
[slurm61982227_gr038_gpu0_0] Sync pending: 404 items
Epoch 14 | val_loss: 0.97397, val_acc: 0.73500, train_loss: 1.84035, train_acc: 0.43780
[slurm61982227_gr038_gpu0_0] Sync pending: 404 items
Epoch 15 | val_loss: 0.95125, val_acc: 0.75440, train_loss: 1.82953, train_acc: 0.43300
Epoch 16 | val_loss: 0.96076, val_acc: 0.73140, train_loss: 1.82606, train_acc: 0.42016
[slurm61982227_gr038_gpu0_0] Sync pending: 404 items
Epoch 17 | val_loss: 0.94316, val_acc: 0.74380, train_loss: 1.80573, train_acc: 0.43953
Epoch 18 | val_loss: 0.92314, val_acc: 0.75400, train_loss: 1.81039, train_acc: 0.43780
[slurm61982227_gr038_gpu0_0] Sync pending: 408 items
Epoch 19 | val_loss: 0.90567, val_acc: 0.77260, train_loss: 1.78408, train_acc: 0.45678
[slurm61982227_gr038_gpu0_0] Sync pending: 412 items
Epoch 20 | val_loss: 0.92806, val_acc: 0.76460, train_loss: 1.81654, train_acc: 0.44976
Epoch 21 | val_loss: 0.86732, val_acc: 0.77520, train_loss: 1.78588, train_acc: 0.47791
[slurm61982227_gr038_gpu0_0] Sync pending: 416 items
Epoch 22 | val_loss: 0.88835, val_acc: 0.78980, train_loss: 1.77345, train_acc: 0.46280
Epoch 23 | val_loss: 0.87193, val_acc: 0.79020, train_loss: 1.77798, train_acc: 0.46567
[slurm61982227_gr038_gpu0_0] Sync pending: 416 items
Epoch 24 | val_loss: 0.83393, val_acc: 0.79240, train_loss: 1.77095, train_acc: 0.46038
[slurm61982227_gr038_gpu0_0] Sync pending: 416 items
Epoch 25 | val_loss: 0.83738, val_acc: 0.78100, train_loss: 1.73600, train_acc: 0.48253
Epoch 26 | val_loss: 0.80132, val_acc: 0.80340, train_loss: 1.73912, train_acc: 0.48667
[slurm61982227_gr038_gpu0_0] Sync pending: 420 items
Epoch 27 | val_loss: 0.79208, val_acc: 0.81700, train_loss: 1.73780, train_acc: 0.47569
Epoch 28 | val_loss: 0.78624, val_acc: 0.81100, train_loss: 1.72775, train_acc: 0.47287
[slurm61982227_gr038_gpu0_0] Sync pending: 420 items
Epoch 29 | val_loss: 0.79942, val_acc: 0.81220, train_loss: 1.73961, train_acc: 0.45827
Epoch 30 | val_loss: 0.82836, val_acc: 0.80800, train_loss: 1.73342, train_acc: 0.48604
[slurm61982227_gr038_gpu0_0] Sync pending: 420 items
Epoch 31 | val_loss: 0.83029, val_acc: 0.80780, train_loss: 1.71590, train_acc: 0.48204
[slurm61982227_gr038_gpu0_0] Sync pending: 420 items
Epoch 32 | val_loss: 0.82280, val_acc: 0.81860, train_loss: 1.73415, train_acc: 0.48324
Epoch 33 | val_loss: 0.81399, val_acc: 0.81660, train_loss: 1.72325, train_acc: 0.46582
[slurm61982227_gr038_gpu0_0] Sync pending: 420 items
Epoch 34 | val_loss: 0.78470, val_acc: 0.82280, train_loss: 1.70917, train_acc: 0.50776
Epoch 35 | val_loss: 0.79601, val_acc: 0.81760, train_loss: 1.72608, train_acc: 0.48836
[slurm61982227_gr038_gpu0_0] Sync pending: 424 items
Epoch 36 | val_loss: 0.76658, val_acc: 0.82720, train_loss: 1.69785, train_acc: 0.50240
[slurm61982227_gr038_gpu0_0] Sync pending: 428 items
Epoch 37 | val_loss: 0.79649, val_acc: 0.83360, train_loss: 1.68883, train_acc: 0.51531
Epoch 38 | val_loss: 0.80588, val_acc: 0.82360, train_loss: 1.71168, train_acc: 0.47493
[slurm61982227_gr038_gpu0_0] Sync pending: 432 items
Epoch 39 | val_loss: 0.76828, val_acc: 0.82980, train_loss: 1.71484, train_acc: 0.49129
Epoch 40 | val_loss: 0.77762, val_acc: 0.83200, train_loss: 1.69840, train_acc: 0.49656
[slurm61982227_gr038_gpu0_0] Sync pending: 432 items
Epoch 41 | val_loss: 0.79254, val_acc: 0.83460, train_loss: 1.70459, train_acc: 0.50927
[slurm61982227_gr038_gpu0_0] Sync pending: 436 items
Epoch 42 | val_loss: 0.76803, val_acc: 0.83420, train_loss: 1.69609, train_acc: 0.48447
Epoch 43 | val_loss: 0.78431, val_acc: 0.83780, train_loss: 1.69973, train_acc: 0.48007
[slurm61982227_gr038_gpu0_0] Sync pending: 436 items
Epoch 44 | val_loss: 0.76156, val_acc: 0.83220, train_loss: 1.70756, train_acc: 0.48498
Epoch 45 | val_loss: 0.77609, val_acc: 0.83720, train_loss: 1.69529, train_acc: 0.49624
[slurm61982227_gr038_gpu0_0] Sync pending: 440 items
Epoch 46 | val_loss: 0.78320, val_acc: 0.83640, train_loss: 1.69037, train_acc: 0.49242
[slurm61982227_gr038_gpu0_0] Sync pending: 440 items
Epoch 47 | val_loss: 0.76544, val_acc: 0.83780, train_loss: 1.69286, train_acc: 0.49378
Epoch 48 | val_loss: 0.75980, val_acc: 0.83980, train_loss: 1.67365, train_acc: 0.52942
[slurm61982227_gr038_gpu0_0] Sync pending: 448 items
Epoch 49 | val_loss: 0.77071, val_acc: 0.83120, train_loss: 1.69418, train_acc: 0.51909
[slurm61982227_gr038_gpu0_0] Job 7afd56c7-f30b-4b94-9aa5-239d43731578 completed successfully
[slurm61982227_gr038_gpu0_0] Claimed job b6244efd-c50c-4425-b8c8-513ab62999af (priority=175)
[slurm61982227_gr038_gpu0_0] Executing job b6244efd-c50c-4425-b8c8-513ab62999af with _target_=dr_exp.trainers.decon_trainer.train_classification
Epoch 0 | val_loss: 2.37224, val_acc: 0.06641
`Trainer.fit` stopped: `max_epochs=50` reached.
GPU available: True (cuda), used: True
TPU available: False, using: 0 TPU cores
HPU available: False, using: 0 HPUs
LOCAL_RANK: 0 - CUDA_VISIBLE_DEVICES: [0]

  | Name      | Type             | Params | Mode 
-------------------------------------------------------
0 | model     | CifarResNet18    | 11.2 M | train
1 | criterion | CrossEntropyLoss | 0      | train
-------------------------------------------------------
11.2 M    Trainable params
0         Non-trainable params
11.2 M    Total params
44.696    Total estimated model params size (MB)
70        Modules in train mode
0         Modules in eval mode
SLURM auto-requeueing enabled. Setting signal handlers.
[slurm61982227_gr038_gpu0_0] Sync pending: 452 items
Epoch 0 | val_loss: 2.36861, val_acc: 0.09800
Epoch 1 | val_loss: 1.81250, val_acc: 0.36460, train_loss: 2.32782, train_acc: 0.10020
[slurm61982227_gr038_gpu0_0] Sync pending: 456 items
Epoch 2 | val_loss: 1.47299, val_acc: 0.47840, train_loss: 2.14020, train_acc: 0.21273
Epoch 3 | val_loss: 1.32147, val_acc: 0.55300, train_loss: 2.03792, train_acc: 0.26340
[slurm61982227_gr038_gpu0_0] Sync pending: 456 items
Epoch 4 | val_loss: 1.20856, val_acc: 0.64600, train_loss: 1.94582, train_acc: 0.31389
Epoch 5 | val_loss: 1.16317, val_acc: 0.66780, train_loss: 1.87399, train_acc: 0.33913
[slurm61982227_gr038_gpu0_0] Sync pending: 456 items
Epoch 6 | val_loss: 1.02834, val_acc: 0.71200, train_loss: 1.80919, train_acc: 0.37098
Epoch 7 | val_loss: 1.06194, val_acc: 0.69860, train_loss: 1.75753, train_acc: 0.41236
[slurm61982227_gr038_gpu0_0] Sync pending: 464 items
Epoch 8 | val_loss: 0.92208, val_acc: 0.76360, train_loss: 1.73146, train_acc: 0.40716
Epoch 9 | val_loss: 0.99165, val_acc: 0.74160, train_loss: 1.70790, train_acc: 0.40393
[slurm61982227_gr038_gpu0_0] Sync pending: 468 items
Epoch 10 | val_loss: 0.97268, val_acc: 0.76840, train_loss: 1.70307, train_acc: 0.42878
Epoch 11 | val_loss: 0.95497, val_acc: 0.75620, train_loss: 1.70275, train_acc: 0.42951
[slurm61982227_gr038_gpu0_0] Sync pending: 472 items
Epoch 12 | val_loss: 0.91236, val_acc: 0.78580, train_loss: 1.65333, train_acc: 0.46607
Epoch 13 | val_loss: 0.86815, val_acc: 0.79380, train_loss: 1.65607, train_acc: 0.43111
[slurm61982227_gr038_gpu0_0] Sync pending: 472 items
Epoch 14 | val_loss: 0.80210, val_acc: 0.82200, train_loss: 1.65157, train_acc: 0.45342
Epoch 15 | val_loss: 0.94682, val_acc: 0.76780, train_loss: 1.62087, train_acc: 0.45778
[slurm61982227_gr038_gpu0_0] Sync pending: 472 items
Epoch 16 | val_loss: 0.77491, val_acc: 0.82440, train_loss: 1.62989, train_acc: 0.43731
[slurm61982227_gr038_gpu0_0] Sync pending: 476 items
Epoch 17 | val_loss: 0.82552, val_acc: 0.83360, train_loss: 1.59979, train_acc: 0.44244
Epoch 18 | val_loss: 0.80803, val_acc: 0.82260, train_loss: 1.60779, train_acc: 0.46336
[slurm61982227_gr038_gpu0_0] Sync pending: 476 items
Epoch 19 | val_loss: 0.79579, val_acc: 0.82760, train_loss: 1.59854, train_acc: 0.46618
Epoch 20 | val_loss: 0.79362, val_acc: 0.84880, train_loss: 1.58512, train_acc: 0.48084
[slurm61982227_gr038_gpu0_0] Sync pending: 480 items
Epoch 21 | val_loss: 0.78413, val_acc: 0.84800, train_loss: 1.60399, train_acc: 0.47316
Epoch 22 | val_loss: 0.74329, val_acc: 0.85660, train_loss: 1.58375, train_acc: 0.47758
[slurm61982227_gr038_gpu0_0] Sync pending: 480 items
Epoch 23 | val_loss: 0.74959, val_acc: 0.86180, train_loss: 1.56185, train_acc: 0.47682
Epoch 24 | val_loss: 0.70368, val_acc: 0.86420, train_loss: 1.58131, train_acc: 0.46627
[slurm61982227_gr038_gpu0_0] Sync pending: 480 items
Epoch 25 | val_loss: 0.75418, val_acc: 0.86460, train_loss: 1.55877, train_acc: 0.49849
Epoch 26 | val_loss: 0.66616, val_acc: 0.86740, train_loss: 1.54577, train_acc: 0.45867
[slurm61982227_gr038_gpu0_0] Sync pending: 480 items
Epoch 27 | val_loss: 0.70736, val_acc: 0.87620, train_loss: 1.52303, train_acc: 0.46624
Epoch 28 | val_loss: 0.74069, val_acc: 0.87360, train_loss: 1.52283, train_acc: 0.47447
[slurm61982227_gr038_gpu0_0] Sync pending: 484 items
Epoch 29 | val_loss: 0.70021, val_acc: 0.88300, train_loss: 1.52808, train_acc: 0.49838
Epoch 30 | val_loss: 0.65776, val_acc: 0.89180, train_loss: 1.51200, train_acc: 0.49547
[slurm61982227_gr038_gpu0_0] Sync pending: 484 items
Epoch 31 | val_loss: 0.72133, val_acc: 0.89000, train_loss: 1.52010, train_acc: 0.48707
Epoch 32 | val_loss: 0.64664, val_acc: 0.90340, train_loss: 1.50935, train_acc: 0.51882
[slurm61982227_gr038_gpu0_0] Sync pending: 484 items
Epoch 33 | val_loss: 0.69245, val_acc: 0.89420, train_loss: 1.49867, train_acc: 0.48213
[slurm61982227_gr038_gpu0_0] Sync pending: 484 items
Epoch 34 | val_loss: 0.64732, val_acc: 0.90480, train_loss: 1.50887, train_acc: 0.47647
Epoch 35 | val_loss: 0.61655, val_acc: 0.90420, train_loss: 1.50432, train_acc: 0.49860
[slurm61982227_gr038_gpu0_0] Sync pending: 488 items
Epoch 36 | val_loss: 0.60001, val_acc: 0.91380, train_loss: 1.47991, train_acc: 0.49271
Epoch 37 | val_loss: 0.68734, val_acc: 0.90620, train_loss: 1.47719, train_acc: 0.48249
[slurm61982227_gr038_gpu0_0] Sync pending: 488 items
Epoch 38 | val_loss: 0.59104, val_acc: 0.91580, train_loss: 1.45532, train_acc: 0.50673
Epoch 39 | val_loss: 0.62452, val_acc: 0.92240, train_loss: 1.48542, train_acc: 0.49284
[slurm61982227_gr038_gpu0_0] Sync pending: 492 items
Epoch 40 | val_loss: 0.61522, val_acc: 0.91660, train_loss: 1.44537, train_acc: 0.53029
Epoch 41 | val_loss: 0.58013, val_acc: 0.92420, train_loss: 1.44489, train_acc: 0.51171
[slurm61982227_gr038_gpu0_0] Sync pending: 492 items
Epoch 42 | val_loss: 0.57145, val_acc: 0.92760, train_loss: 1.43203, train_acc: 0.51431
Epoch 43 | val_loss: 0.59010, val_acc: 0.92940, train_loss: 1.45424, train_acc: 0.50356
[slurm61982227_gr038_gpu0_0] Sync pending: 500 items
Epoch 44 | val_loss: 0.58846, val_acc: 0.93100, train_loss: 1.45557, train_acc: 0.50280
Epoch 45 | val_loss: 0.59211, val_acc: 0.93100, train_loss: 1.42832, train_acc: 0.54007
[slurm61982227_gr038_gpu0_0] Sync pending: 504 items
Epoch 46 | val_loss: 0.58232, val_acc: 0.93140, train_loss: 1.43327, train_acc: 0.49416
Epoch 47 | val_loss: 0.57044, val_acc: 0.93180, train_loss: 1.41513, train_acc: 0.51098
[slurm61982227_gr038_gpu0_0] Sync pending: 508 items
Epoch 48 | val_loss: 0.59283, val_acc: 0.93420, train_loss: 1.39107, train_acc: 0.52422
Epoch 49 | val_loss: 0.57640, val_acc: 0.93480, train_loss: 1.41949, train_acc: 0.53260
[slurm61982227_gr038_gpu0_0] Job b6244efd-c50c-4425-b8c8-513ab62999af completed successfully
[slurm61982227_gr038_gpu0_0] Claimed job 04fe4b43-fd90-421d-ae95-cd77d5f4bdd4 (priority=155)
[slurm61982227_gr038_gpu0_0] Executing job 04fe4b43-fd90-421d-ae95-cd77d5f4bdd4 with _target_=dr_exp.trainers.decon_trainer.train_classification
[slurm61982227_gr038_gpu0_0] Sync pending: 520 items
Epoch 0 | val_loss: 2.33220, val_acc: 0.08984
`Trainer.fit` stopped: `max_epochs=50` reached.
GPU available: True (cuda), used: True
TPU available: False, using: 0 TPU cores
HPU available: False, using: 0 HPUs
LOCAL_RANK: 0 - CUDA_VISIBLE_DEVICES: [0]

  | Name      | Type             | Params | Mode 
-------------------------------------------------------
0 | model     | CifarAlexNet     | 2.4 M  | train
1 | criterion | CrossEntropyLoss | 0      | train
-------------------------------------------------------
2.4 M     Trainable params
0         Non-trainable params
2.4 M     Total params
9.768     Total estimated model params size (MB)
24        Modules in train mode
0         Modules in eval mode
SLURM auto-requeueing enabled. Setting signal handlers.
Epoch 0 | val_loss: 1.42126, val_acc: 0.49080
[slurm61982227_gr038_gpu0_0] Sync pending: 524 items
Epoch 1 | val_loss: 1.11476, val_acc: 0.61420, train_loss: 1.86621, train_acc: 0.37758
Epoch 2 | val_loss: 0.93133, val_acc: 0.69040, train_loss: 1.43746, train_acc: 0.57718
[slurm61982227_gr038_gpu0_0] Sync pending: 524 items
Epoch 3 | val_loss: 0.79244, val_acc: 0.74080, train_loss: 1.22874, train_acc: 0.68144
Epoch 4 | val_loss: 0.90117, val_acc: 0.68980, train_loss: 1.11553, train_acc: 0.73069
[slurm61982227_gr038_gpu0_0] Sync pending: 524 items
Epoch 5 | val_loss: 0.72522, val_acc: 0.77420, train_loss: 1.04262, train_acc: 0.76640
Epoch 6 | val_loss: 0.60394, val_acc: 0.81780, train_loss: 0.98860, train_acc: 0.79144
[slurm61982227_gr038_gpu0_0] Sync pending: 524 items
Epoch 7 | val_loss: 0.61219, val_acc: 0.81320, train_loss: 0.94604, train_acc: 0.80991
Epoch 8 | val_loss: 0.67725, val_acc: 0.78480, train_loss: 0.91676, train_acc: 0.82162
[slurm61982227_gr038_gpu0_0] Sync pending: 528 items
Epoch 9 | val_loss: 0.56794, val_acc: 0.82380, train_loss: 0.88594, train_acc: 0.83349
Epoch 10 | val_loss: 0.58953, val_acc: 0.81500, train_loss: 0.86520, train_acc: 0.84384
[slurm61982227_gr038_gpu0_0] Sync pending: 528 items
Epoch 11 | val_loss: 0.62213, val_acc: 0.80740, train_loss: 0.84572, train_acc: 0.85229
[slurm61982227_gr038_gpu0_0] Sync pending: 532 items
Epoch 12 | val_loss: 0.52134, val_acc: 0.84400, train_loss: 0.82161, train_acc: 0.86200
Epoch 13 | val_loss: 0.51537, val_acc: 0.85040, train_loss: 0.81032, train_acc: 0.86762
[slurm61982227_gr038_gpu0_0] Sync pending: 540 items
Epoch 14 | val_loss: 0.52897, val_acc: 0.84080, train_loss: 0.79542, train_acc: 0.87487
Epoch 15 | val_loss: 0.54321, val_acc: 0.83800, train_loss: 0.77940, train_acc: 0.88264
[slurm61982227_gr038_gpu0_0] Sync pending: 540 items
Epoch 16 | val_loss: 0.42873, val_acc: 0.87420, train_loss: 0.76601, train_acc: 0.88720
Epoch 17 | val_loss: 0.50584, val_acc: 0.85080, train_loss: 0.75319, train_acc: 0.89236
[slurm61982227_gr038_gpu0_0] Sync pending: 544 items
Epoch 18 | val_loss: 0.46201, val_acc: 0.86460, train_loss: 0.74327, train_acc: 0.89656
Epoch 19 | val_loss: 0.43747, val_acc: 0.87520, train_loss: 0.73262, train_acc: 0.90104
[slurm61982227_gr038_gpu0_0] Sync pending: 544 items
Epoch 20 | val_loss: 0.45069, val_acc: 0.86880, train_loss: 0.72383, train_acc: 0.90427
Epoch 21 | val_loss: 0.39669, val_acc: 0.88720, train_loss: 0.71180, train_acc: 0.90976
[slurm61982227_gr038_gpu0_0] Sync pending: 548 items
Epoch 22 | val_loss: 0.42573, val_acc: 0.88020, train_loss: 0.70386, train_acc: 0.91358
Epoch 23 | val_loss: 0.43279, val_acc: 0.87480, train_loss: 0.69291, train_acc: 0.91793
[slurm61982227_gr038_gpu0_0] Sync pending: 548 items
Epoch 24 | val_loss: 0.41217, val_acc: 0.88640, train_loss: 0.68750, train_acc: 0.92002
Epoch 25 | val_loss: 0.41172, val_acc: 0.88280, train_loss: 0.67413, train_acc: 0.92667
[slurm61982227_gr038_gpu0_0] Sync pending: 548 items
Epoch 26 | val_loss: 0.42702, val_acc: 0.87660, train_loss: 0.66541, train_acc: 0.93067
Epoch 27 | val_loss: 0.41578, val_acc: 0.88740, train_loss: 0.65133, train_acc: 0.93749
[slurm61982227_gr038_gpu0_0] Sync pending: 552 items
Epoch 28 | val_loss: 0.41659, val_acc: 0.88160, train_loss: 0.64461, train_acc: 0.94000
[slurm61982227_gr038_gpu0_0] Sync pending: 552 items
Epoch 29 | val_loss: 0.36837, val_acc: 0.90140, train_loss: 0.63048, train_acc: 0.94744
Epoch 30 | val_loss: 0.37206, val_acc: 0.90180, train_loss: 0.62482, train_acc: 0.94924
[slurm61982227_gr038_gpu0_0] Sync pending: 556 items
Epoch 31 | val_loss: 0.35228, val_acc: 0.90460, train_loss: 0.61683, train_acc: 0.95298
Epoch 32 | val_loss: 0.37639, val_acc: 0.89560, train_loss: 0.60314, train_acc: 0.95873
[slurm61982227_gr038_gpu0_0] Sync pending: 556 items
Epoch 33 | val_loss: 0.35590, val_acc: 0.90500, train_loss: 0.59376, train_acc: 0.96200
Epoch 34 | val_loss: 0.33262, val_acc: 0.91380, train_loss: 0.58335, train_acc: 0.96729
[slurm61982227_gr038_gpu0_0] Sync pending: 556 items
Epoch 35 | val_loss: 0.32383, val_acc: 0.92240, train_loss: 0.57477, train_acc: 0.97111
Epoch 36 | val_loss: 0.32220, val_acc: 0.92000, train_loss: 0.56529, train_acc: 0.97493
[slurm61982227_gr038_gpu0_0] Sync pending: 560 items
Epoch 37 | val_loss: 0.31709, val_acc: 0.92200, train_loss: 0.55687, train_acc: 0.97951
Epoch 38 | val_loss: 0.30385, val_acc: 0.92740, train_loss: 0.54686, train_acc: 0.98358
[slurm61982227_gr038_gpu0_0] Sync pending: 560 items
Epoch 39 | val_loss: 0.29662, val_acc: 0.92980, train_loss: 0.54093, train_acc: 0.98531
Epoch 40 | val_loss: 0.30615, val_acc: 0.92580, train_loss: 0.53578, train_acc: 0.98796
[slurm61982227_gr038_gpu0_0] Sync pending: 564 items
Epoch 41 | val_loss: 0.29431, val_acc: 0.93180, train_loss: 0.53148, train_acc: 0.99002
Epoch 42 | val_loss: 0.29623, val_acc: 0.93180, train_loss: 0.52853, train_acc: 0.99136
[slurm61982227_gr038_gpu0_0] Sync pending: 564 items
Epoch 43 | val_loss: 0.29072, val_acc: 0.93280, train_loss: 0.52464, train_acc: 0.99269
Epoch 44 | val_loss: 0.29724, val_acc: 0.93240, train_loss: 0.52304, train_acc: 0.99293
[slurm61982227_gr038_gpu0_0] Sync pending: 572 items
Epoch 45 | val_loss: 0.28806, val_acc: 0.93360, train_loss: 0.52063, train_acc: 0.99398
[slurm61982227_gr038_gpu0_0] Sync pending: 576 items
Epoch 46 | val_loss: 0.28649, val_acc: 0.93460, train_loss: 0.51874, train_acc: 0.99496
Epoch 47 | val_loss: 0.28953, val_acc: 0.93340, train_loss: 0.51708, train_acc: 0.99578
[slurm61982227_gr038_gpu0_0] Sync pending: 580 items
Epoch 48 | val_loss: 0.28742, val_acc: 0.93560, train_loss: 0.51641, train_acc: 0.99591
Epoch 49 | val_loss: 0.28726, val_acc: 0.93360, train_loss: 0.51692, train_acc: 0.99591
[slurm61982227_gr038_gpu0_0] Job 04fe4b43-fd90-421d-ae95-cd77d5f4bdd4 completed successfully
[slurm61982227_gr038_gpu0_0] Claimed job 4bbad6b7-3284-45e1-83f3-2c816ac07ac4 (priority=125)
[slurm61982227_gr038_gpu0_0] Executing job 4bbad6b7-3284-45e1-83f3-2c816ac07ac4 with _target_=dr_exp.trainers.decon_trainer.train_classification
Epoch 0 | val_loss: 2.37155, val_acc: 0.07812
`Trainer.fit` stopped: `max_epochs=50` reached.
GPU available: True (cuda), used: True
TPU available: False, using: 0 TPU cores
HPU available: False, using: 0 HPUs
LOCAL_RANK: 0 - CUDA_VISIBLE_DEVICES: [0]

  | Name      | Type             | Params | Mode 
-------------------------------------------------------
0 | model     | CifarAlexNet     | 2.4 M  | train
1 | criterion | CrossEntropyLoss | 0      | train
-------------------------------------------------------
2.4 M     Trainable params
0         Non-trainable params
2.4 M     Total params
9.768     Total estimated model params size (MB)
24        Modules in train mode
0         Modules in eval mode
SLURM auto-requeueing enabled. Setting signal handlers.
[slurm61982227_gr038_gpu0_0] Sync pending: 592 items
Epoch 0 | val_loss: 1.35081, val_acc: 0.50880
Epoch 1 | val_loss: 1.13452, val_acc: 0.61200, train_loss: 1.80659, train_acc: 0.40784
[slurm61982227_gr038_gpu0_0] Sync pending: 596 items
Epoch 2 | val_loss: 1.06956, val_acc: 0.63160, train_loss: 1.52287, train_acc: 0.54042
Epoch 3 | val_loss: 0.97783, val_acc: 0.66700, train_loss: 1.40612, train_acc: 0.59816
[slurm61982227_gr038_gpu0_0] Sync pending: 596 items
Epoch 4 | val_loss: 0.97095, val_acc: 0.67140, train_loss: 1.32024, train_acc: 0.63758
Epoch 5 | val_loss: 0.94262, val_acc: 0.67340, train_loss: 1.28232, train_acc: 0.65273
[slurm61982227_gr038_gpu0_0] Sync pending: 596 items
Epoch 6 | val_loss: 0.88488, val_acc: 0.70460, train_loss: 1.23782, train_acc: 0.67542
Epoch 7 | val_loss: 0.86518, val_acc: 0.71680, train_loss: 1.20340, train_acc: 0.69096
[slurm61982227_gr038_gpu0_0] Sync pending: 596 items
Epoch 8 | val_loss: 0.82852, val_acc: 0.72540, train_loss: 1.17519, train_acc: 0.70538
Epoch 9 | val_loss: 0.81454, val_acc: 0.73180, train_loss: 1.15011, train_acc: 0.71518
[slurm61982227_gr038_gpu0_0] Sync pending: 600 items
Epoch 10 | val_loss: 0.80016, val_acc: 0.73660, train_loss: 1.14375, train_acc: 0.71704
Epoch 11 | val_loss: 0.85193, val_acc: 0.71820, train_loss: 1.12433, train_acc: 0.72747
[slurm61982227_gr038_gpu0_0] Sync pending: 604 items
Epoch 12 | val_loss: 0.76656, val_acc: 0.75200, train_loss: 1.11566, train_acc: 0.72862
Epoch 13 | val_loss: 0.82563, val_acc: 0.73340, train_loss: 1.08724, train_acc: 0.74509
[slurm61982227_gr038_gpu0_0] Sync pending: 608 items
Epoch 14 | val_loss: 0.77285, val_acc: 0.74900, train_loss: 1.08035, train_acc: 0.74776
Epoch 15 | val_loss: 0.81200, val_acc: 0.73580, train_loss: 1.07230, train_acc: 0.75231
[slurm61982227_gr038_gpu0_0] Sync pending: 612 items
Epoch 16 | val_loss: 0.82513, val_acc: 0.73260, train_loss: 1.06461, train_acc: 0.75238
Epoch 17 | val_loss: 0.79491, val_acc: 0.74220, train_loss: 1.05925, train_acc: 0.75542
[slurm61982227_gr038_gpu0_0] Sync pending: 612 items
Epoch 18 | val_loss: 0.74077, val_acc: 0.75900, train_loss: 1.04548, train_acc: 0.76236
Epoch 19 | val_loss: 0.75591, val_acc: 0.75220, train_loss: 1.04298, train_acc: 0.76309
Epoch 20 | val_loss: 0.78110, val_acc: 0.75100, train_loss: 1.03123, train_acc: 0.77124
[slurm61982227_gr038_gpu0_0] Sync pending: 616 items
Epoch 21 | val_loss: 0.74038, val_acc: 0.76420, train_loss: 1.02798, train_acc: 0.77016
Epoch 22 | val_loss: 0.76738, val_acc: 0.74620, train_loss: 1.02817, train_acc: 0.77104
[slurm61982227_gr038_gpu0_0] Sync pending: 616 items
Epoch 23 | val_loss: 0.76391, val_acc: 0.75200, train_loss: 1.01131, train_acc: 0.77856
Epoch 24 | val_loss: 0.71045, val_acc: 0.77140, train_loss: 1.01360, train_acc: 0.77767
[slurm61982227_gr038_gpu0_0] Sync pending: 620 items
Epoch 25 | val_loss: 0.70345, val_acc: 0.77980, train_loss: 1.00346, train_acc: 0.78102
Epoch 26 | val_loss: 0.74742, val_acc: 0.76140, train_loss: 1.00394, train_acc: 0.78327
[slurm61982227_gr038_gpu0_0] Sync pending: 620 items
Epoch 27 | val_loss: 0.70240, val_acc: 0.77760, train_loss: 1.00135, train_acc: 0.78398
Epoch 28 | val_loss: 0.71415, val_acc: 0.77380, train_loss: 0.99716, train_acc: 0.78469
[slurm61982227_gr038_gpu0_0] Sync pending: 624 items
Epoch 29 | val_loss: 0.70269, val_acc: 0.77740, train_loss: 0.98876, train_acc: 0.78673
Epoch 30 | val_loss: 0.58467, val_acc: 0.81960, train_loss: 0.99062, train_acc: 0.78733
[slurm61982227_gr038_gpu0_0] Sync pending: 624 items
Epoch 31 | val_loss: 0.57131, val_acc: 0.82320, train_loss: 0.86496, train_acc: 0.84460
Epoch 32 | val_loss: 0.56323, val_acc: 0.82620, train_loss: 0.83338, train_acc: 0.85722
[slurm61982227_gr038_gpu0_0] Sync pending: 624 items
Epoch 33 | val_loss: 0.55583, val_acc: 0.82640, train_loss: 0.82134, train_acc: 0.86496
Epoch 34 | val_loss: 0.54680, val_acc: 0.83180, train_loss: 0.80784, train_acc: 0.87131
[slurm61982227_gr038_gpu0_0] Sync pending: 628 items
Epoch 35 | val_loss: 0.55147, val_acc: 0.83060, train_loss: 0.80306, train_acc: 0.87244
Epoch 36 | val_loss: 0.53313, val_acc: 0.83860, train_loss: 0.78903, train_acc: 0.88053
[slurm61982227_gr038_gpu0_0] Sync pending: 632 items
Epoch 37 | val_loss: 0.54515, val_acc: 0.83220, train_loss: 0.78830, train_acc: 0.88011
Epoch 38 | val_loss: 0.54010, val_acc: 0.83860, train_loss: 0.77923, train_acc: 0.88480
[slurm61982227_gr038_gpu0_0] Sync pending: 632 items
Epoch 39 | val_loss: 0.53217, val_acc: 0.83780, train_loss: 0.77274, train_acc: 0.88809
Epoch 40 | val_loss: 0.53491, val_acc: 0.83520, train_loss: 0.76695, train_acc: 0.89022
[slurm61982227_gr038_gpu0_0] Sync pending: 636 items
Epoch 41 | val_loss: 0.54034, val_acc: 0.83560, train_loss: 0.76303, train_acc: 0.89111
Epoch 42 | val_loss: 0.53832, val_acc: 0.83240, train_loss: 0.76428, train_acc: 0.89249
[slurm61982227_gr038_gpu0_0] Sync pending: 640 items
Epoch 43 | val_loss: 0.52714, val_acc: 0.84000, train_loss: 0.75578, train_acc: 0.89642
Epoch 44 | val_loss: 0.52498, val_acc: 0.83780, train_loss: 0.75314, train_acc: 0.89709
[slurm61982227_gr038_gpu0_0] Sync pending: 648 items
Epoch 45 | val_loss: 0.53324, val_acc: 0.83400, train_loss: 0.75059, train_acc: 0.89747
Epoch 46 | val_loss: 0.53862, val_acc: 0.83480, train_loss: 0.74525, train_acc: 0.90036
[slurm61982227_gr038_gpu0_0] Sync pending: 656 items
Epoch 47 | val_loss: 0.52740, val_acc: 0.83920, train_loss: 0.74313, train_acc: 0.90238
Epoch 48 | val_loss: 0.54092, val_acc: 0.83320, train_loss: 0.73861, train_acc: 0.90344
[slurm61982227_gr038_gpu0_0] Sync pending: 664 items
Epoch 49 | val_loss: 0.52688, val_acc: 0.83780, train_loss: 0.73914, train_acc: 0.90313
[slurm61982227_gr038_gpu0_0] Job 4bbad6b7-3284-45e1-83f3-2c816ac07ac4 completed successfully
[slurm61982227_gr038_gpu0_0] Claimed job 608c266f-1d88-46df-b733-c094ada7c962 (priority=95)
[slurm61982227_gr038_gpu0_0] Executing job 608c266f-1d88-46df-b733-c094ada7c962 with _target_=dr_exp.trainers.decon_trainer.train_classification
Epoch 0 | val_loss: 2.39644, val_acc: 0.07031
`Trainer.fit` stopped: `max_epochs=50` reached.
