GPU available: True (cuda), used: True
TPU available: False, using: 0 TPU cores
HPU available: False, using: 0 HPUs
/scratch/ddr8143/repos/dr_exp/.venv/lib/python3.12/site-packages/lightning/pytorch/trainer/connectors/logger_connector/logger_connector.py:76: Starting from v1.9.0, `tensorboardX` has been removed as a dependency of the `lightning.pytorch` package, due to potential conflicts with other packages in the ML ecosystem. For this reason, `logger=True` will use `CSVLogger` as the default logger, unless the `tensorboard` or `tensorboardX` packages are found. Please `pip install lightning[extra]` or one of them to enable TensorBoard support by default
LOCAL_RANK: 0 - CUDA_VISIBLE_DEVICES: [0]

  | Name      | Type             | Params | Mode 
-------------------------------------------------------
0 | model     | CifarResNet18    | 11.2 M | train
1 | criterion | CrossEntropyLoss | 0      | train
-------------------------------------------------------
11.2 M    Trainable params
0         Non-trainable params
11.2 M    Total params
44.657    Total estimated model params size (MB)
70        Modules in train mode
0         Modules in eval mode
SLURM auto-requeueing enabled. Setting signal handlers.
[SyncHandler] Failed to initialize Supabase: Supabase URL and key must be provided or set in environment
[SyncHandler] Sync disabled - files will remain in queue
[slurm61972817_gr069_gpu0_0] Sync disabled - Supabase not available
Sync: enabled (Supabase not available - queue only)
Starting worker slurm61972817_gr069_gpu0_0
Experiment: cluster_t0 at /scratch/ddr8143/logs/dcnn_workers
------------------------------------------------------------
[slurm61972817_gr069_gpu0_0] Worker started
[slurm61972817_gr069_gpu0_0] Sync thread started
[slurm61972817_gr069_gpu0_0] Heartbeat thread started
[slurm61972817_gr069_gpu0_0] Claimed job 2d14fc9e-11e2-4e4f-bf4e-b4e9bb36fb7a (priority=10)
[slurm61972817_gr069_gpu0_0] Executing job 2d14fc9e-11e2-4e4f-bf4e-b4e9bb36fb7a with _target_=dr_exp.trainers.decon_trainer.train_classification
Epoch 0 | val_loss: 2.30259, val_acc: 0.08203
`Trainer.fit` stopped: `max_epochs=50` reached.
GPU available: True (cuda), used: True
TPU available: False, using: 0 TPU cores
HPU available: False, using: 0 HPUs
LOCAL_RANK: 0 - CUDA_VISIBLE_DEVICES: [0]

  | Name      | Type             | Params | Mode 
-------------------------------------------------------
0 | model     | CifarResNet18    | 11.2 M | train
1 | criterion | CrossEntropyLoss | 0      | train
-------------------------------------------------------
11.2 M    Trainable params
0         Non-trainable params
11.2 M    Total params
44.657    Total estimated model params size (MB)
70        Modules in train mode
0         Modules in eval mode
SLURM auto-requeueing enabled. Setting signal handlers.
Epoch 0 | val_loss: 2.30423, val_acc: 0.10260
Epoch 1 | val_loss: 2.30329, val_acc: 0.10260, train_loss: 2.30385, train_acc: 0.10122
Epoch 2 | val_loss: 2.30679, val_acc: 0.09800, train_loss: 2.30402, train_acc: 0.10189
Epoch 3 | val_loss: 2.30552, val_acc: 0.09420, train_loss: 2.30378, train_acc: 0.09982
Epoch 4 | val_loss: 2.30395, val_acc: 0.09340, train_loss: 2.30443, train_acc: 0.10016
Epoch 5 | val_loss: 2.30327, val_acc: 0.09980, train_loss: 2.30396, train_acc: 0.09962
Epoch 6 | val_loss: 2.30471, val_acc: 0.09340, train_loss: 2.30389, train_acc: 0.09758
Epoch 7 | val_loss: 2.30326, val_acc: 0.10460, train_loss: 2.30415, train_acc: 0.09947
Epoch 8 | val_loss: 2.30482, val_acc: 0.09340, train_loss: 2.30404, train_acc: 0.10100
Epoch 9 | val_loss: 2.30646, val_acc: 0.09980, train_loss: 2.30388, train_acc: 0.10107
Epoch 10 | val_loss: 2.30459, val_acc: 0.09800, train_loss: 2.30408, train_acc: 0.09889
Epoch 11 | val_loss: 2.30558, val_acc: 0.09480, train_loss: 2.30414, train_acc: 0.10024
[slurm61972817_gr069_gpu0_0] Sync pending: 12 items
[slurm61972817_gr069_gpu0_0] Sync pending: 24 items
Epoch 12 | val_loss: 2.30621, val_acc: 0.10260, train_loss: 2.30401, train_acc: 0.09944
[slurm61972817_gr069_gpu0_0] Sync pending: 30 items
Epoch 13 | val_loss: 2.30649, val_acc: 0.09800, train_loss: 2.30415, train_acc: 0.10113
[slurm61972817_gr069_gpu0_0] Sync pending: 25 items
Epoch 14 | val_loss: 2.30313, val_acc: 0.09800, train_loss: 2.30391, train_acc: 0.09953
[slurm61972817_gr069_gpu0_0] Sync pending: 24 items
Epoch 15 | val_loss: 2.30242, val_acc: 0.09800, train_loss: 2.30408, train_acc: 0.09924
[slurm61972817_gr069_gpu0_0] Sync pending: 19 items
Epoch 16 | val_loss: 2.30545, val_acc: 0.09900, train_loss: 2.30424, train_acc: 0.10160
[slurm61972817_gr069_gpu0_0] Sync pending: 16 items
Epoch 17 | val_loss: 2.30494, val_acc: 0.09980, train_loss: 2.30416, train_acc: 0.10073
[slurm61972817_gr069_gpu0_0] Sync pending: 16 items
[slurm61972817_gr069_gpu0_0] Sync pending: 11 items
Epoch 18 | val_loss: 2.30428, val_acc: 0.09980, train_loss: 2.30424, train_acc: 0.09718
[slurm61972817_gr069_gpu0_0] Sync pending: 9 items
Epoch 19 | val_loss: 2.30353, val_acc: 0.10260, train_loss: 2.30407, train_acc: 0.09940
[slurm61972817_gr069_gpu0_0] Sync pending: 6 items
Epoch 20 | val_loss: 2.30516, val_acc: 0.09480, train_loss: 2.30405, train_acc: 0.09887
[slurm61972817_gr069_gpu0_0] Sync pending: 2 items
Epoch 21 | val_loss: 2.30553, val_acc: 0.10460, train_loss: 2.30398, train_acc: 0.09651
[slurm61972817_gr069_gpu0_0] Sync pending: 2 items
Epoch 22 | val_loss: 2.30406, val_acc: 0.10260, train_loss: 2.30428, train_acc: 0.10087
Epoch 23 | val_loss: 2.30338, val_acc: 0.09980, train_loss: 2.30425, train_acc: 0.09827
[slurm61972817_gr069_gpu0_0] Sync pending: 4 items
Epoch 24 | val_loss: 2.30388, val_acc: 0.09480, train_loss: 2.30412, train_acc: 0.10087
[slurm61972817_gr069_gpu0_0] Sync pending: 3 items
[slurm61972817_gr069_gpu0_0] Sync pending: 3 items
Epoch 25 | val_loss: 2.30437, val_acc: 0.11100, train_loss: 2.30419, train_acc: 0.09738
[slurm61972817_gr069_gpu0_0] Sync pending: 7 items
[slurm61972817_gr069_gpu0_0] Sync pending: 10 items
Epoch 26 | val_loss: 2.30521, val_acc: 0.09900, train_loss: 2.30387, train_acc: 0.10062
[slurm61972817_gr069_gpu0_0] Sync pending: 14 items
[slurm61972817_gr069_gpu0_0] Sync pending: 13 items
Epoch 27 | val_loss: 2.30474, val_acc: 0.09800, train_loss: 2.30430, train_acc: 0.09851
[slurm61972817_gr069_gpu0_0] Sync pending: 13 items
Epoch 28 | val_loss: 2.30343, val_acc: 0.10260, train_loss: 2.30376, train_acc: 0.09822
[slurm61972817_gr069_gpu0_0] Sync pending: 9 items
[slurm61972817_gr069_gpu0_0] Sync pending: 5 items
Epoch 29 | val_loss: 2.30448, val_acc: 0.09800, train_loss: 2.30427, train_acc: 0.10024
[slurm61972817_gr069_gpu0_0] Sync pending: 1 items
[slurm61972817_gr069_gpu0_0] Sync pending: 5 items
Epoch 30 | val_loss: 2.30303, val_acc: 0.09420, train_loss: 2.30408, train_acc: 0.09871
[slurm61972817_gr069_gpu0_0] Sync pending: 5 items
[slurm61972817_gr069_gpu0_0] Sync pending: 8 items
Epoch 31 | val_loss: 2.30267, val_acc: 0.09900, train_loss: 2.30298, train_acc: 0.09869
[slurm61972817_gr069_gpu0_0] Sync pending: 8 items
[slurm61972817_gr069_gpu0_0] Sync pending: 12 items
Epoch 32 | val_loss: 2.30323, val_acc: 0.10260, train_loss: 2.30274, train_acc: 0.09780
[slurm61972817_gr069_gpu0_0] Sync pending: 16 items
Epoch 33 | val_loss: 2.30315, val_acc: 0.09340, train_loss: 2.30274, train_acc: 0.09829
[slurm61972817_gr069_gpu0_0] Sync pending: 14 items
[slurm61972817_gr069_gpu0_0] Sync pending: 14 items
Epoch 34 | val_loss: 2.30274, val_acc: 0.09900, train_loss: 2.30282, train_acc: 0.09736
[slurm61972817_gr069_gpu0_0] Sync pending: 21 items
[slurm61972817_gr069_gpu0_0] Sync pending: 27 items
Epoch 35 | val_loss: 2.30291, val_acc: 0.09980, train_loss: 2.30273, train_acc: 0.10091
[slurm61972817_gr069_gpu0_0] Sync pending: 27 items
[slurm61972817_gr069_gpu0_0] Sync pending: 26 items
Epoch 36 | val_loss: 2.30297, val_acc: 0.09420, train_loss: 2.30278, train_acc: 0.09789
[slurm61972817_gr069_gpu0_0] Sync pending: 23 items
[slurm61972817_gr069_gpu0_0] Sync pending: 23 items
Epoch 37 | val_loss: 2.30295, val_acc: 0.09900, train_loss: 2.30278, train_acc: 0.09818
[slurm61972817_gr069_gpu0_0] Sync pending: 29 items
[slurm61972817_gr069_gpu0_0] Sync pending: 27 items
Epoch 38 | val_loss: 2.30285, val_acc: 0.09480, train_loss: 2.30277, train_acc: 0.09967
[slurm61972817_gr069_gpu0_0] Sync pending: 28 items
Epoch 39 | val_loss: 2.30264, val_acc: 0.09420, train_loss: 2.30280, train_acc: 0.09804
[slurm61972817_gr069_gpu0_0] Sync pending: 26 items
[slurm61972817_gr069_gpu0_0] Sync pending: 24 items
Epoch 40 | val_loss: 2.30291, val_acc: 0.09480, train_loss: 2.30277, train_acc: 0.10042
[slurm61972817_gr069_gpu0_0] Sync pending: 24 items
[slurm61972817_gr069_gpu0_0] Sync pending: 23 items
Epoch 41 | val_loss: 2.30257, val_acc: 0.09900, train_loss: 2.30280, train_acc: 0.09740
[slurm61972817_gr069_gpu0_0] Sync pending: 21 items
[slurm61972817_gr069_gpu0_0] Sync pending: 19 items
Epoch 42 | val_loss: 2.30339, val_acc: 0.09340, train_loss: 2.30274, train_acc: 0.09962
[slurm61972817_gr069_gpu0_0] Sync pending: 22 items
[slurm61972817_gr069_gpu0_0] Sync pending: 21 items
Epoch 43 | val_loss: 2.30302, val_acc: 0.10260, train_loss: 2.30276, train_acc: 0.09971
[slurm61972817_gr069_gpu0_0] Sync pending: 20 items
[slurm61972817_gr069_gpu0_0] Sync pending: 20 items
Epoch 44 | val_loss: 2.30301, val_acc: 0.09420, train_loss: 2.30276, train_acc: 0.09909
[slurm61972817_gr069_gpu0_0] Sync pending: 20 items
Epoch 45 | val_loss: 2.30278, val_acc: 0.09800, train_loss: 2.30277, train_acc: 0.09753
[slurm61972817_gr069_gpu0_0] Sync pending: 24 items
[slurm61972817_gr069_gpu0_0] Sync pending: 24 items
Epoch 46 | val_loss: 2.30315, val_acc: 0.09420, train_loss: 2.30279, train_acc: 0.09642
[slurm61972817_gr069_gpu0_0] Sync pending: 28 items
[slurm61972817_gr069_gpu0_0] Sync pending: 31 items
Epoch 47 | val_loss: 2.30273, val_acc: 0.09480, train_loss: 2.30279, train_acc: 0.10011
[slurm61972817_gr069_gpu0_0] Sync pending: 38 items
[slurm61972817_gr069_gpu0_0] Sync pending: 38 items
Epoch 48 | val_loss: 2.30272, val_acc: 0.09900, train_loss: 2.30281, train_acc: 0.09678
[slurm61972817_gr069_gpu0_0] Sync pending: 37 items
[slurm61972817_gr069_gpu0_0] Sync pending: 40 items
Epoch 49 | val_loss: 2.30313, val_acc: 0.09480, train_loss: 2.30273, train_acc: 0.09811
[slurm61972817_gr069_gpu0_0] Job 2d14fc9e-11e2-4e4f-bf4e-b4e9bb36fb7a completed successfully
[slurm61972817_gr069_gpu0_0] Claimed job 4050eaa9-7cd4-4820-b8db-1e9b40794d13 (priority=10)
[slurm61972817_gr069_gpu0_0] Executing job 4050eaa9-7cd4-4820-b8db-1e9b40794d13 with _target_=dr_exp.trainers.decon_trainer.train_classification
Epoch 0 | val_loss: 2.30259, val_acc: 0.08203
`Trainer.fit` stopped: `max_epochs=50` reached.
