GPU available: True (cuda), used: True
TPU available: False, using: 0 TPU cores
HPU available: False, using: 0 HPUs
/scratch/ddr8143/repos/dr_exp/.venv/lib/python3.12/site-packages/lightning/pytorch/trainer/connectors/logger_connector/logger_connector.py:76: Starting from v1.9.0, `tensorboardX` has been removed as a dependency of the `lightning.pytorch` package, due to potential conflicts with other packages in the ML ecosystem. For this reason, `logger=True` will use `CSVLogger` as the default logger, unless the `tensorboard` or `tensorboardX` packages are found. Please `pip install lightning[extra]` or one of them to enable TensorBoard support by default
LOCAL_RANK: 0 - CUDA_VISIBLE_DEVICES: [0]

  | Name      | Type             | Params | Mode 
-------------------------------------------------------
0 | model     | CifarResNet18    | 11.2 M | train
1 | criterion | CrossEntropyLoss | 0      | train
-------------------------------------------------------
11.2 M    Trainable params
0         Non-trainable params
11.2 M    Total params
44.696    Total estimated model params size (MB)
70        Modules in train mode
0         Modules in eval mode
SLURM auto-requeueing enabled. Setting signal handlers.
[SyncHandler] Failed to initialize Supabase: Supabase URL and key must be provided or set in environment
[SyncHandler] Sync disabled - files will remain in queue
[slurm61982038_gr068_gpu0_0] Sync disabled - Supabase not available
Sync: enabled (Supabase not available - queue only)
Starting worker slurm61982038_gr068_gpu0_0
Experiment: cluster_t0 at /scratch/ddr8143/logs/dcnn_workers
------------------------------------------------------------
[slurm61982038_gr068_gpu0_0] Worker started
[slurm61982038_gr068_gpu0_0] Sync thread started
[slurm61982038_gr068_gpu0_0] Heartbeat thread started
[slurm61982038_gr068_gpu0_0] Claimed job 3f776831-cbb8-4a3c-9cd8-15730e7da135 (priority=200)
[slurm61982038_gr068_gpu0_0] Executing job 3f776831-cbb8-4a3c-9cd8-15730e7da135 with _target_=dr_exp.trainers.decon_trainer.train_classification
[slurm61982038_gr068_gpu0_0] Sync pending: 210 items
Epoch 0 | val_loss: 2.32451, val_acc: 0.08594
/scratch/ddr8143/repos/dr_exp/.venv/lib/python3.12/site-packages/torch/optim/lr_scheduler.py:198: UserWarning: The epoch parameter in `scheduler.step()` was not necessary and is being deprecated where possible. Please use `scheduler.step()` to step the scheduler. During the deprecation, if epoch is different from None, the closed form is used instead of the new chainable form, where available. Please open an issue if you are unable to replicate your use case: https://github.com/pytorch/pytorch/issues/new/choose.
  warnings.warn(EPOCH_DEPRECATION_WARNING, UserWarning)
`Trainer.fit` stopped: `max_epochs=50` reached.
GPU available: True (cuda), used: True
TPU available: False, using: 0 TPU cores
HPU available: False, using: 0 HPUs
LOCAL_RANK: 0 - CUDA_VISIBLE_DEVICES: [0]

  | Name      | Type             | Params | Mode 
-------------------------------------------------------
0 | model     | CifarResNet18    | 11.2 M | train
1 | criterion | CrossEntropyLoss | 0      | train
-------------------------------------------------------
11.2 M    Trainable params
0         Non-trainable params
11.2 M    Total params
44.696    Total estimated model params size (MB)
70        Modules in train mode
0         Modules in eval mode
SLURM auto-requeueing enabled. Setting signal handlers.
[slurm61982038_gr068_gpu0_0] Sync pending: 210 items
Epoch 0 | val_loss: 2.30684, val_acc: 0.10920
Epoch 1 | val_loss: 2.00974, val_acc: 0.27880, train_loss: 2.31169, train_acc: 0.10187
[slurm61982038_gr068_gpu0_0] Sync pending: 210 items
Epoch 2 | val_loss: 1.77180, val_acc: 0.39880, train_loss: 2.25686, train_acc: 0.15016
[slurm61982038_gr068_gpu0_0] Sync pending: 210 items
Epoch 3 | val_loss: 1.62562, val_acc: 0.44320, train_loss: 2.17204, train_acc: 0.20698
Epoch 4 | val_loss: 1.49916, val_acc: 0.47160, train_loss: 2.12306, train_acc: 0.24922
[slurm61982038_gr068_gpu0_0] Sync pending: 210 items
Epoch 5 | val_loss: 1.47119, val_acc: 0.52980, train_loss: 2.08511, train_acc: 0.26858
[slurm61982038_gr068_gpu0_0] Sync pending: 210 items
Epoch 6 | val_loss: 1.37307, val_acc: 0.54300, train_loss: 2.04637, train_acc: 0.28816
Epoch 7 | val_loss: 1.23143, val_acc: 0.62160, train_loss: 1.99210, train_acc: 0.33062
[slurm61982038_gr068_gpu0_0] Sync pending: 210 items
Epoch 8 | val_loss: 1.13892, val_acc: 0.65520, train_loss: 1.96151, train_acc: 0.34413
[slurm61982038_gr068_gpu0_0] Sync pending: 210 items
Epoch 9 | val_loss: 1.11578, val_acc: 0.67260, train_loss: 1.92756, train_acc: 0.36527
[slurm61982038_gr068_gpu0_0] Sync pending: 210 items
Epoch 10 | val_loss: 1.05529, val_acc: 0.70240, train_loss: 1.91673, train_acc: 0.37796
Epoch 11 | val_loss: 1.02210, val_acc: 0.69520, train_loss: 1.89788, train_acc: 0.39558
[slurm61982038_gr068_gpu0_0] Sync pending: 210 items
Epoch 12 | val_loss: 1.03609, val_acc: 0.70580, train_loss: 1.87114, train_acc: 0.39429
Epoch 13 | val_loss: 0.95660, val_acc: 0.74720, train_loss: 1.86032, train_acc: 0.42427
[slurm61982038_gr068_gpu0_0] Sync pending: 210 items
Epoch 14 | val_loss: 0.93283, val_acc: 0.74720, train_loss: 1.84900, train_acc: 0.39933
[slurm61982038_gr068_gpu0_0] Sync pending: 210 items
Epoch 15 | val_loss: 0.95077, val_acc: 0.73840, train_loss: 1.81280, train_acc: 0.42956
Epoch 16 | val_loss: 0.94965, val_acc: 0.73600, train_loss: 1.81766, train_acc: 0.43213
[slurm61982038_gr068_gpu0_0] Sync pending: 210 items
Epoch 17 | val_loss: 0.95463, val_acc: 0.72800, train_loss: 1.81611, train_acc: 0.41996
[slurm61982038_gr068_gpu0_0] Sync pending: 210 items
Epoch 18 | val_loss: 0.95495, val_acc: 0.76040, train_loss: 1.79992, train_acc: 0.43053
Epoch 19 | val_loss: 0.83441, val_acc: 0.78520, train_loss: 1.79774, train_acc: 0.44927
[slurm61982038_gr068_gpu0_0] Sync pending: 210 items
Epoch 20 | val_loss: 0.84934, val_acc: 0.78360, train_loss: 1.75210, train_acc: 0.44676
[slurm61982038_gr068_gpu0_0] Sync pending: 210 items
Epoch 21 | val_loss: 0.85423, val_acc: 0.78000, train_loss: 1.76306, train_acc: 0.46976
Epoch 22 | val_loss: 0.91715, val_acc: 0.76140, train_loss: 1.74816, train_acc: 0.47056
[slurm61982038_gr068_gpu0_0] Sync pending: 210 items
Epoch 23 | val_loss: 0.89344, val_acc: 0.79820, train_loss: 1.76604, train_acc: 0.47869
[slurm61982038_gr068_gpu0_0] Sync pending: 210 items
Epoch 24 | val_loss: 0.80268, val_acc: 0.80100, train_loss: 1.75912, train_acc: 0.49769
Epoch 25 | val_loss: 0.86211, val_acc: 0.79460, train_loss: 1.73983, train_acc: 0.46271
[slurm61982038_gr068_gpu0_0] Sync pending: 210 items
Epoch 26 | val_loss: 0.82283, val_acc: 0.78760, train_loss: 1.72532, train_acc: 0.49036
[slurm61982038_gr068_gpu0_0] Sync pending: 210 items
Epoch 27 | val_loss: 0.83080, val_acc: 0.80600, train_loss: 1.71597, train_acc: 0.49542
Epoch 28 | val_loss: 0.82524, val_acc: 0.81660, train_loss: 1.72430, train_acc: 0.49180
[slurm61982038_gr068_gpu0_0] Sync pending: 210 items
Epoch 29 | val_loss: 0.81596, val_acc: 0.80840, train_loss: 1.72828, train_acc: 0.46544
[slurm61982038_gr068_gpu0_0] Sync pending: 210 items
Epoch 30 | val_loss: 0.77553, val_acc: 0.81920, train_loss: 1.71718, train_acc: 0.48669
Epoch 31 | val_loss: 0.78553, val_acc: 0.83220, train_loss: 1.71881, train_acc: 0.48407
[slurm61982038_gr068_gpu0_0] Sync pending: 210 items
Epoch 32 | val_loss: 0.74394, val_acc: 0.83260, train_loss: 1.70304, train_acc: 0.50122
Epoch 33 | val_loss: 0.78042, val_acc: 0.83040, train_loss: 1.69129, train_acc: 0.50424
[slurm61982038_gr068_gpu0_0] Sync pending: 210 items
Epoch 34 | val_loss: 0.79932, val_acc: 0.82800, train_loss: 1.69462, train_acc: 0.48900
[slurm61982038_gr068_gpu0_0] Sync pending: 210 items
Epoch 35 | val_loss: 0.77390, val_acc: 0.83440, train_loss: 1.68969, train_acc: 0.51862
Epoch 36 | val_loss: 0.77193, val_acc: 0.83120, train_loss: 1.71278, train_acc: 0.50256
[slurm61982038_gr068_gpu0_0] Sync pending: 210 items
Epoch 37 | val_loss: 0.78954, val_acc: 0.83620, train_loss: 1.69335, train_acc: 0.50076
Epoch 38 | val_loss: 0.75895, val_acc: 0.84100, train_loss: 1.69278, train_acc: 0.49878
[slurm61982038_gr068_gpu0_0] Sync pending: 210 items
Epoch 39 | val_loss: 0.73032, val_acc: 0.83600, train_loss: 1.68988, train_acc: 0.50509
[slurm61982038_gr068_gpu0_0] Sync pending: 210 items
Epoch 40 | val_loss: 0.75828, val_acc: 0.84100, train_loss: 1.66348, train_acc: 0.51033
Epoch 41 | val_loss: 0.71927, val_acc: 0.84440, train_loss: 1.69454, train_acc: 0.50884
[slurm61982038_gr068_gpu0_0] Sync pending: 214 items
Epoch 42 | val_loss: 0.73222, val_acc: 0.84120, train_loss: 1.65429, train_acc: 0.50478
Epoch 43 | val_loss: 0.74783, val_acc: 0.84660, train_loss: 1.66562, train_acc: 0.52491
[slurm61982038_gr068_gpu0_0] Sync pending: 214 items
Epoch 44 | val_loss: 0.73321, val_acc: 0.84740, train_loss: 1.67545, train_acc: 0.51004
[slurm61982038_gr068_gpu0_0] Sync pending: 218 items
Epoch 45 | val_loss: 0.75637, val_acc: 0.84540, train_loss: 1.66971, train_acc: 0.50840
Epoch 46 | val_loss: 0.74675, val_acc: 0.84600, train_loss: 1.68201, train_acc: 0.50229
[slurm61982038_gr068_gpu0_0] Sync pending: 218 items
Epoch 47 | val_loss: 0.73798, val_acc: 0.84660, train_loss: 1.66594, train_acc: 0.51229
Epoch 48 | val_loss: 0.73358, val_acc: 0.84680, train_loss: 1.66905, train_acc: 0.51384
[slurm61982038_gr068_gpu0_0] Sync pending: 218 items
Epoch 49 | val_loss: 0.72596, val_acc: 0.84900, train_loss: 1.66075, train_acc: 0.53242
[slurm61982038_gr068_gpu0_0] Job 3f776831-cbb8-4a3c-9cd8-15730e7da135 completed successfully
[slurm61982038_gr068_gpu0_0] Claimed job 9c4579d0-2b52-4b19-a68c-f0dd148b52fe (priority=195)
[slurm61982038_gr068_gpu0_0] Executing job 9c4579d0-2b52-4b19-a68c-f0dd148b52fe with _target_=dr_exp.trainers.decon_trainer.train_classification
Epoch 0 | val_loss: 2.32208, val_acc: 0.08984
`Trainer.fit` stopped: `max_epochs=50` reached.
GPU available: True (cuda), used: True
TPU available: False, using: 0 TPU cores
HPU available: False, using: 0 HPUs
LOCAL_RANK: 0 - CUDA_VISIBLE_DEVICES: [0]

  | Name      | Type             | Params | Mode 
-------------------------------------------------------
0 | model     | CifarResNet12    | 1.8 M  | train
1 | criterion | CrossEntropyLoss | 0      | train
-------------------------------------------------------
1.8 M     Trainable params
0         Non-trainable params
1.8 M     Total params
7.154     Total estimated model params size (MB)
36        Modules in train mode
0         Modules in eval mode
SLURM auto-requeueing enabled. Setting signal handlers.
[slurm61982038_gr068_gpu0_0] Sync pending: 222 items
Epoch 0 | val_loss: 2.32187, val_acc: 0.11300
Epoch 1 | val_loss: 1.67567, val_acc: 0.41380, train_loss: 2.31790, train_acc: 0.10142
[slurm61982038_gr068_gpu0_0] Sync pending: 222 items
Epoch 2 | val_loss: 1.64109, val_acc: 0.44300, train_loss: 2.21296, train_acc: 0.19298
[slurm61982038_gr068_gpu0_0] Sync pending: 222 items
Epoch 3 | val_loss: 1.45641, val_acc: 0.47720, train_loss: 2.14890, train_acc: 0.22969
Epoch 4 | val_loss: 1.43444, val_acc: 0.54500, train_loss: 2.07275, train_acc: 0.28460
[slurm61982038_gr068_gpu0_0] Sync pending: 222 items
Epoch 5 | val_loss: 1.32227, val_acc: 0.57040, train_loss: 2.00679, train_acc: 0.33469
Epoch 6 | val_loss: 1.09246, val_acc: 0.68420, train_loss: 1.95215, train_acc: 0.34909
[slurm61982038_gr068_gpu0_0] Sync pending: 222 items
Epoch 7 | val_loss: 1.08736, val_acc: 0.70400, train_loss: 1.87157, train_acc: 0.39116
[slurm61982038_gr068_gpu0_0] Sync pending: 222 items
Epoch 8 | val_loss: 1.02823, val_acc: 0.71040, train_loss: 1.84679, train_acc: 0.41424
Epoch 9 | val_loss: 0.97105, val_acc: 0.73540, train_loss: 1.83713, train_acc: 0.45409
[slurm61982038_gr068_gpu0_0] Sync pending: 222 items
Epoch 10 | val_loss: 0.87929, val_acc: 0.76520, train_loss: 1.81908, train_acc: 0.41751
Epoch 11 | val_loss: 1.06279, val_acc: 0.69360, train_loss: 1.78758, train_acc: 0.44662
[slurm61982038_gr068_gpu0_0] Sync pending: 222 items
Epoch 12 | val_loss: 0.96552, val_acc: 0.74000, train_loss: 1.77223, train_acc: 0.44947
[slurm61982038_gr068_gpu0_0] Sync pending: 222 items
Epoch 13 | val_loss: 0.81055, val_acc: 0.79060, train_loss: 1.76957, train_acc: 0.44587
Epoch 14 | val_loss: 0.83167, val_acc: 0.77560, train_loss: 1.72805, train_acc: 0.44722
[slurm61982038_gr068_gpu0_0] Sync pending: 222 items
Epoch 15 | val_loss: 0.80779, val_acc: 0.79800, train_loss: 1.73894, train_acc: 0.46942
Epoch 16 | val_loss: 0.84669, val_acc: 0.80240, train_loss: 1.74605, train_acc: 0.46211
[slurm61982038_gr068_gpu0_0] Sync pending: 222 items
Epoch 17 | val_loss: 0.80554, val_acc: 0.81920, train_loss: 1.74228, train_acc: 0.47389
[slurm61982038_gr068_gpu0_0] Sync pending: 222 items
Epoch 18 | val_loss: 0.90800, val_acc: 0.75400, train_loss: 1.72020, train_acc: 0.47211
Epoch 19 | val_loss: 0.80125, val_acc: 0.81700, train_loss: 1.71474, train_acc: 0.47127
[slurm61982038_gr068_gpu0_0] Sync pending: 222 items
Epoch 20 | val_loss: 0.78669, val_acc: 0.81320, train_loss: 1.69225, train_acc: 0.52738
[slurm61982038_gr068_gpu0_0] Sync pending: 222 items
Epoch 21 | val_loss: 0.74215, val_acc: 0.83060, train_loss: 1.69979, train_acc: 0.49593
Epoch 22 | val_loss: 0.78958, val_acc: 0.84700, train_loss: 1.68645, train_acc: 0.50280
[slurm61982038_gr068_gpu0_0] Sync pending: 222 items
Epoch 23 | val_loss: 0.73944, val_acc: 0.84480, train_loss: 1.67104, train_acc: 0.50260
[slurm61982038_gr068_gpu0_0] Sync pending: 222 items
Epoch 24 | val_loss: 0.82089, val_acc: 0.83100, train_loss: 1.66068, train_acc: 0.54191
Epoch 25 | val_loss: 0.76207, val_acc: 0.84180, train_loss: 1.67576, train_acc: 0.50438
[slurm61982038_gr068_gpu0_0] Sync pending: 223 items
Epoch 26 | val_loss: 0.71046, val_acc: 0.84540, train_loss: 1.66966, train_acc: 0.52593
[slurm61982038_gr068_gpu0_0] Sync pending: 223 items
Epoch 27 | val_loss: 0.76046, val_acc: 0.84340, train_loss: 1.63168, train_acc: 0.51176
Epoch 28 | val_loss: 0.75448, val_acc: 0.86040, train_loss: 1.63945, train_acc: 0.50258
[slurm61982038_gr068_gpu0_0] Sync pending: 231 items
Epoch 29 | val_loss: 0.76810, val_acc: 0.82980, train_loss: 1.62408, train_acc: 0.54798
[slurm61982038_gr068_gpu0_0] Sync pending: 231 items
Epoch 30 | val_loss: 0.68659, val_acc: 0.87940, train_loss: 1.62666, train_acc: 0.53544
[slurm61982038_gr068_gpu0_0] Sync pending: 235 items
Epoch 31 | val_loss: 0.74759, val_acc: 0.87120, train_loss: 1.63594, train_acc: 0.53636
Epoch 32 | val_loss: 0.68489, val_acc: 0.87860, train_loss: 1.64517, train_acc: 0.48500
[slurm61982038_gr068_gpu0_0] Sync pending: 235 items
Epoch 33 | val_loss: 0.65714, val_acc: 0.88420, train_loss: 1.59615, train_acc: 0.53264
Epoch 34 | val_loss: 0.67539, val_acc: 0.88400, train_loss: 1.59230, train_acc: 0.53942
[slurm61982038_gr068_gpu0_0] Sync pending: 235 items
Epoch 35 | val_loss: 0.69590, val_acc: 0.88820, train_loss: 1.59478, train_acc: 0.53987
[slurm61982038_gr068_gpu0_0] Sync pending: 239 items
Epoch 36 | val_loss: 0.64001, val_acc: 0.89660, train_loss: 1.58813, train_acc: 0.54687
Epoch 37 | val_loss: 0.63738, val_acc: 0.89700, train_loss: 1.59619, train_acc: 0.53547
[slurm61982038_gr068_gpu0_0] Sync pending: 239 items
Epoch 38 | val_loss: 0.63895, val_acc: 0.90100, train_loss: 1.56765, train_acc: 0.56862
Epoch 39 | val_loss: 0.63215, val_acc: 0.90200, train_loss: 1.54816, train_acc: 0.53576
[slurm61982038_gr068_gpu0_0] Sync pending: 239 items
Epoch 40 | val_loss: 0.62233, val_acc: 0.90320, train_loss: 1.57631, train_acc: 0.57013
[slurm61982038_gr068_gpu0_0] Sync pending: 239 items
Epoch 41 | val_loss: 0.55694, val_acc: 0.91020, train_loss: 1.54362, train_acc: 0.58176
Epoch 42 | val_loss: 0.54429, val_acc: 0.91300, train_loss: 1.54353, train_acc: 0.55287
[slurm61982038_gr068_gpu0_0] Sync pending: 243 items
Epoch 43 | val_loss: 0.57305, val_acc: 0.91820, train_loss: 1.51222, train_acc: 0.56038
Epoch 44 | val_loss: 0.60307, val_acc: 0.91600, train_loss: 1.54163, train_acc: 0.58173
[slurm61982038_gr068_gpu0_0] Sync pending: 243 items
Epoch 45 | val_loss: 0.58038, val_acc: 0.92080, train_loss: 1.49529, train_acc: 0.58322
[slurm61982038_gr068_gpu0_0] Sync pending: 243 items
Epoch 46 | val_loss: 0.57467, val_acc: 0.92280, train_loss: 1.51523, train_acc: 0.57353
Epoch 47 | val_loss: 0.55619, val_acc: 0.92060, train_loss: 1.52914, train_acc: 0.54167
[slurm61982038_gr068_gpu0_0] Sync pending: 243 items
Epoch 48 | val_loss: 0.56181, val_acc: 0.92200, train_loss: 1.53774, train_acc: 0.59244
Epoch 49 | val_loss: 0.56390, val_acc: 0.91980, train_loss: 1.51028, train_acc: 0.57771
[slurm61982038_gr068_gpu0_0] Job 9c4579d0-2b52-4b19-a68c-f0dd148b52fe completed successfully
[slurm61982038_gr068_gpu0_0] Claimed job 422f04da-679a-4e2c-89c8-293ab0ccf13b (priority=230)
[slurm61982038_gr068_gpu0_0] Executing job 422f04da-679a-4e2c-89c8-293ab0ccf13b with _target_=dr_exp.trainers.decon_trainer.train_classification
Epoch 0 | val_loss: 2.30143, val_acc: 0.11719
`Trainer.fit` stopped: `max_epochs=50` reached.
GPU available: True (cuda), used: True
TPU available: False, using: 0 TPU cores
HPU available: False, using: 0 HPUs
LOCAL_RANK: 0 - CUDA_VISIBLE_DEVICES: [0]

  | Name      | Type             | Params | Mode 
-------------------------------------------------------
0 | model     | CifarResNet18    | 11.2 M | train
1 | criterion | CrossEntropyLoss | 0      | train
-------------------------------------------------------
11.2 M    Trainable params
0         Non-trainable params
11.2 M    Total params
44.696    Total estimated model params size (MB)
70        Modules in train mode
0         Modules in eval mode
SLURM auto-requeueing enabled. Setting signal handlers.
[slurm61982038_gr068_gpu0_0] Sync pending: 247 items
Epoch 0 | val_loss: 2.32111, val_acc: 0.09520
[slurm61982038_gr068_gpu0_0] Sync pending: 247 items
Epoch 1 | val_loss: 1.19708, val_acc: 0.56340, train_loss: 2.31757, train_acc: 0.10002
Epoch 2 | val_loss: 0.96756, val_acc: 0.65240, train_loss: 1.50877, train_acc: 0.44542
[slurm61982038_gr068_gpu0_0] Sync pending: 247 items
Epoch 3 | val_loss: 0.85642, val_acc: 0.69560, train_loss: 1.14643, train_acc: 0.59196
Epoch 4 | val_loss: 0.78917, val_acc: 0.72820, train_loss: 0.92990, train_acc: 0.67160
[slurm61982038_gr068_gpu0_0] Sync pending: 247 items
Epoch 5 | val_loss: 0.87961, val_acc: 0.70400, train_loss: 0.79854, train_acc: 0.71933
Epoch 6 | val_loss: 0.70079, val_acc: 0.76220, train_loss: 0.72882, train_acc: 0.74422
[slurm61982038_gr068_gpu0_0] Sync pending: 247 items
Epoch 7 | val_loss: 0.61864, val_acc: 0.79000, train_loss: 0.65597, train_acc: 0.77340
Epoch 8 | val_loss: 0.90497, val_acc: 0.70820, train_loss: 0.60352, train_acc: 0.78989
[slurm61982038_gr068_gpu0_0] Sync pending: 247 items
Epoch 9 | val_loss: 0.71390, val_acc: 0.75340, train_loss: 0.57468, train_acc: 0.80031
Epoch 10 | val_loss: 0.70366, val_acc: 0.75780, train_loss: 0.54558, train_acc: 0.80973
[slurm61982038_gr068_gpu0_0] Sync pending: 247 items
Epoch 11 | val_loss: 0.56560, val_acc: 0.80340, train_loss: 0.53343, train_acc: 0.81280
Epoch 12 | val_loss: 0.69610, val_acc: 0.76180, train_loss: 0.51440, train_acc: 0.82331
[slurm61982038_gr068_gpu0_0] Sync pending: 247 items
Epoch 13 | val_loss: 0.71344, val_acc: 0.76780, train_loss: 0.50062, train_acc: 0.82664
Epoch 14 | val_loss: 0.56864, val_acc: 0.80900, train_loss: 0.48191, train_acc: 0.83231
[slurm61982038_gr068_gpu0_0] Sync pending: 247 items
Epoch 15 | val_loss: 0.53686, val_acc: 0.81580, train_loss: 0.47540, train_acc: 0.83524
Epoch 16 | val_loss: 0.49956, val_acc: 0.82760, train_loss: 0.45665, train_acc: 0.84076
[slurm61982038_gr068_gpu0_0] Sync pending: 255 items
Epoch 17 | val_loss: 0.61616, val_acc: 0.78920, train_loss: 0.43786, train_acc: 0.84889
Epoch 18 | val_loss: 0.55223, val_acc: 0.81480, train_loss: 0.43258, train_acc: 0.85067
[slurm61982038_gr068_gpu0_0] Sync pending: 263 items
Epoch 19 | val_loss: 0.54100, val_acc: 0.81920, train_loss: 0.42373, train_acc: 0.85324
Epoch 20 | val_loss: 0.55071, val_acc: 0.81620, train_loss: 0.41136, train_acc: 0.85913
[slurm61982038_gr068_gpu0_0] Sync pending: 272 items
Epoch 21 | val_loss: 0.53478, val_acc: 0.81720, train_loss: 0.39788, train_acc: 0.86220
Epoch 22 | val_loss: 0.54601, val_acc: 0.81480, train_loss: 0.39395, train_acc: 0.86384
[slurm61982038_gr068_gpu0_0] Sync pending: 280 items
Epoch 23 | val_loss: 0.60747, val_acc: 0.80080, train_loss: 0.37639, train_acc: 0.87129
[slurm61982038_gr068_gpu0_0] Sync pending: 280 items
Epoch 24 | val_loss: 0.52432, val_acc: 0.81520, train_loss: 0.37062, train_acc: 0.86967
Epoch 25 | val_loss: 0.47227, val_acc: 0.84200, train_loss: 0.35974, train_acc: 0.87613
[slurm61982038_gr068_gpu0_0] Sync pending: 288 items
Epoch 26 | val_loss: 0.45534, val_acc: 0.84620, train_loss: 0.33921, train_acc: 0.88380
Epoch 27 | val_loss: 0.48025, val_acc: 0.84080, train_loss: 0.33205, train_acc: 0.88527
[slurm61982038_gr068_gpu0_0] Sync pending: 288 items
Epoch 28 | val_loss: 0.46507, val_acc: 0.84580, train_loss: 0.32000, train_acc: 0.89060
Epoch 29 | val_loss: 0.44661, val_acc: 0.85220, train_loss: 0.30595, train_acc: 0.89511
[slurm61982038_gr068_gpu0_0] Sync pending: 288 items
Epoch 30 | val_loss: 0.40515, val_acc: 0.86520, train_loss: 0.28961, train_acc: 0.90056
Epoch 31 | val_loss: 0.43912, val_acc: 0.85280, train_loss: 0.28008, train_acc: 0.90429
[slurm61982038_gr068_gpu0_0] Sync pending: 292 items
Epoch 32 | val_loss: 0.42009, val_acc: 0.86140, train_loss: 0.25953, train_acc: 0.91029
[slurm61982038_gr068_gpu0_0] Sync pending: 292 items
Epoch 33 | val_loss: 0.41275, val_acc: 0.86620, train_loss: 0.24647, train_acc: 0.91460
Epoch 34 | val_loss: 0.47061, val_acc: 0.85420, train_loss: 0.23164, train_acc: 0.92160
[slurm61982038_gr068_gpu0_0] Sync pending: 296 items
Epoch 35 | val_loss: 0.43048, val_acc: 0.86100, train_loss: 0.21307, train_acc: 0.92693
Epoch 36 | val_loss: 0.37142, val_acc: 0.88000, train_loss: 0.19742, train_acc: 0.93269
[slurm61982038_gr068_gpu0_0] Sync pending: 300 items
Epoch 37 | val_loss: 0.36476, val_acc: 0.87840, train_loss: 0.17968, train_acc: 0.94011
Epoch 38 | val_loss: 0.33438, val_acc: 0.89380, train_loss: 0.16514, train_acc: 0.94487
[slurm61982038_gr068_gpu0_0] Sync pending: 300 items
Epoch 39 | val_loss: 0.33104, val_acc: 0.89460, train_loss: 0.14463, train_acc: 0.95280
Epoch 40 | val_loss: 0.34385, val_acc: 0.89320, train_loss: 0.12664, train_acc: 0.95862
[slurm61982038_gr068_gpu0_0] Sync pending: 300 items
Epoch 41 | val_loss: 0.32786, val_acc: 0.89640, train_loss: 0.11593, train_acc: 0.96298
Epoch 42 | val_loss: 0.31691, val_acc: 0.90060, train_loss: 0.10108, train_acc: 0.96858
[slurm61982038_gr068_gpu0_0] Sync pending: 300 items
Epoch 43 | val_loss: 0.32015, val_acc: 0.89900, train_loss: 0.08931, train_acc: 0.97351
Epoch 44 | val_loss: 0.30613, val_acc: 0.90240, train_loss: 0.08300, train_acc: 0.97600
[slurm61982038_gr068_gpu0_0] Sync pending: 300 items
Epoch 45 | val_loss: 0.30770, val_acc: 0.90520, train_loss: 0.07438, train_acc: 0.97816
Epoch 46 | val_loss: 0.31516, val_acc: 0.90240, train_loss: 0.06567, train_acc: 0.98176
[slurm61982038_gr068_gpu0_0] Sync pending: 300 items
Epoch 47 | val_loss: 0.30372, val_acc: 0.90780, train_loss: 0.06061, train_acc: 0.98362
Epoch 48 | val_loss: 0.30424, val_acc: 0.90460, train_loss: 0.05736, train_acc: 0.98451
[slurm61982038_gr068_gpu0_0] Sync pending: 300 items
Epoch 49 | val_loss: 0.30273, val_acc: 0.90460, train_loss: 0.05696, train_acc: 0.98476
[slurm61982038_gr068_gpu0_0] Job 422f04da-679a-4e2c-89c8-293ab0ccf13b completed successfully
[slurm61982038_gr068_gpu0_0] Claimed job 610fc98a-b376-47b5-8d88-bd1f06f6574c (priority=210)
[slurm61982038_gr068_gpu0_0] Executing job 610fc98a-b376-47b5-8d88-bd1f06f6574c with _target_=dr_exp.trainers.decon_trainer.train_classification
Epoch 0 | val_loss: 2.30223, val_acc: 0.08984
`Trainer.fit` stopped: `max_epochs=50` reached.
GPU available: True (cuda), used: True
TPU available: False, using: 0 TPU cores
HPU available: False, using: 0 HPUs
LOCAL_RANK: 0 - CUDA_VISIBLE_DEVICES: [0]

  | Name      | Type             | Params | Mode 
-------------------------------------------------------
0 | model     | CifarResNet18    | 11.2 M | train
1 | criterion | CrossEntropyLoss | 0      | train
-------------------------------------------------------
11.2 M    Trainable params
0         Non-trainable params
11.2 M    Total params
44.696    Total estimated model params size (MB)
70        Modules in train mode
0         Modules in eval mode
SLURM auto-requeueing enabled. Setting signal handlers.
[slurm61982038_gr068_gpu0_0] Sync pending: 304 items
Epoch 0 | val_loss: 2.30551, val_acc: 0.10480
Epoch 1 | val_loss: 1.31716, val_acc: 0.51240, train_loss: 2.30592, train_acc: 0.10487
[slurm61982038_gr068_gpu0_0] Sync pending: 304 items
Epoch 2 | val_loss: 0.94509, val_acc: 0.67680, train_loss: 1.61618, train_acc: 0.39327
Epoch 3 | val_loss: 1.11802, val_acc: 0.64920, train_loss: 1.11084, train_acc: 0.60498
[slurm61982038_gr068_gpu0_0] Sync pending: 304 items
Epoch 4 | val_loss: 0.80366, val_acc: 0.71540, train_loss: 0.87063, train_acc: 0.69791
Epoch 5 | val_loss: 0.78515, val_acc: 0.72940, train_loss: 0.76443, train_acc: 0.73829
[slurm61982038_gr068_gpu0_0] Sync pending: 304 items
Epoch 6 | val_loss: 0.64664, val_acc: 0.77700, train_loss: 0.69430, train_acc: 0.76278
Epoch 7 | val_loss: 0.67787, val_acc: 0.77360, train_loss: 0.61854, train_acc: 0.78940
Epoch 8 | val_loss: 0.72631, val_acc: 0.75880, train_loss: 0.57912, train_acc: 0.80216
[slurm61982038_gr068_gpu0_0] Sync pending: 304 items
Epoch 9 | val_loss: 0.59639, val_acc: 0.79180, train_loss: 0.55037, train_acc: 0.81033
Epoch 10 | val_loss: 0.72477, val_acc: 0.75800, train_loss: 0.53587, train_acc: 0.81564
[slurm61982038_gr068_gpu0_0] Sync pending: 304 items
Epoch 11 | val_loss: 0.71147, val_acc: 0.76400, train_loss: 0.51465, train_acc: 0.82367
Epoch 12 | val_loss: 0.59612, val_acc: 0.79340, train_loss: 0.50476, train_acc: 0.82711
[slurm61982038_gr068_gpu0_0] Sync pending: 304 items
Epoch 13 | val_loss: 0.74102, val_acc: 0.74880, train_loss: 0.48655, train_acc: 0.83427
Epoch 14 | val_loss: 0.59753, val_acc: 0.80100, train_loss: 0.47568, train_acc: 0.83691
[slurm61982038_gr068_gpu0_0] Sync pending: 312 items
Epoch 15 | val_loss: 0.55325, val_acc: 0.82260, train_loss: 0.46277, train_acc: 0.84116
Epoch 16 | val_loss: 0.77633, val_acc: 0.74460, train_loss: 0.45356, train_acc: 0.84502
[slurm61982038_gr068_gpu0_0] Sync pending: 324 items
Epoch 17 | val_loss: 0.71467, val_acc: 0.76420, train_loss: 0.44381, train_acc: 0.84744
Epoch 18 | val_loss: 0.54358, val_acc: 0.82060, train_loss: 0.42126, train_acc: 0.85744
[slurm61982038_gr068_gpu0_0] Sync pending: 332 items
Epoch 19 | val_loss: 0.65166, val_acc: 0.78680, train_loss: 0.41293, train_acc: 0.85784
Epoch 20 | val_loss: 0.76281, val_acc: 0.76560, train_loss: 0.39854, train_acc: 0.86480
[slurm61982038_gr068_gpu0_0] Sync pending: 332 items
Epoch 21 | val_loss: 0.76659, val_acc: 0.75960, train_loss: 0.38812, train_acc: 0.86778
Epoch 22 | val_loss: 0.62180, val_acc: 0.80760, train_loss: 0.36691, train_acc: 0.87496
[slurm61982038_gr068_gpu0_0] Sync pending: 332 items
Epoch 23 | val_loss: 0.50997, val_acc: 0.83460, train_loss: 0.35607, train_acc: 0.87931
Epoch 24 | val_loss: 0.52675, val_acc: 0.83480, train_loss: 0.34296, train_acc: 0.88382
[slurm61982038_gr068_gpu0_0] Sync pending: 344 items
Epoch 25 | val_loss: 0.45188, val_acc: 0.84500, train_loss: 0.33806, train_acc: 0.88578
Epoch 26 | val_loss: 0.47833, val_acc: 0.84840, train_loss: 0.31387, train_acc: 0.89376
[slurm61982038_gr068_gpu0_0] Sync pending: 344 items
Epoch 27 | val_loss: 0.44391, val_acc: 0.85060, train_loss: 0.30774, train_acc: 0.89484
Epoch 28 | val_loss: 0.44847, val_acc: 0.85780, train_loss: 0.29019, train_acc: 0.90051
[slurm61982038_gr068_gpu0_0] Sync pending: 344 items
Epoch 29 | val_loss: 0.37998, val_acc: 0.86980, train_loss: 0.27535, train_acc: 0.90562
Epoch 30 | val_loss: 0.41973, val_acc: 0.86020, train_loss: 0.26509, train_acc: 0.90836
[slurm61982038_gr068_gpu0_0] Sync pending: 344 items
Epoch 31 | val_loss: 0.45910, val_acc: 0.85040, train_loss: 0.24150, train_acc: 0.91787
Epoch 32 | val_loss: 0.39955, val_acc: 0.86480, train_loss: 0.22733, train_acc: 0.92196
[slurm61982038_gr068_gpu0_0] Sync pending: 344 items
Epoch 33 | val_loss: 0.38251, val_acc: 0.87120, train_loss: 0.20403, train_acc: 0.93009
Epoch 34 | val_loss: 0.35610, val_acc: 0.88000, train_loss: 0.19192, train_acc: 0.93478
[slurm61982038_gr068_gpu0_0] Sync pending: 356 items
Epoch 35 | val_loss: 0.38319, val_acc: 0.87620, train_loss: 0.17537, train_acc: 0.94151
Epoch 36 | val_loss: 0.33873, val_acc: 0.88900, train_loss: 0.15361, train_acc: 0.94824
[slurm61982038_gr068_gpu0_0] Sync pending: 356 items
Epoch 37 | val_loss: 0.31954, val_acc: 0.90120, train_loss: 0.13226, train_acc: 0.95524
Epoch 38 | val_loss: 0.28105, val_acc: 0.91140, train_loss: 0.11807, train_acc: 0.95967
[slurm61982038_gr068_gpu0_0] Sync pending: 356 items
Epoch 39 | val_loss: 0.27970, val_acc: 0.91300, train_loss: 0.09977, train_acc: 0.96669
Epoch 40 | val_loss: 0.30623, val_acc: 0.90840, train_loss: 0.08338, train_acc: 0.97171
[slurm61982038_gr068_gpu0_0] Sync pending: 356 items
Epoch 41 | val_loss: 0.26425, val_acc: 0.92140, train_loss: 0.06609, train_acc: 0.97789
Epoch 42 | val_loss: 0.26557, val_acc: 0.92020, train_loss: 0.05150, train_acc: 0.98396
[slurm61982038_gr068_gpu0_0] Sync pending: 360 items
Epoch 43 | val_loss: 0.26423, val_acc: 0.92080, train_loss: 0.03953, train_acc: 0.98740
Epoch 44 | val_loss: 0.26188, val_acc: 0.92060, train_loss: 0.03090, train_acc: 0.99016
[slurm61982038_gr068_gpu0_0] Sync pending: 360 items
Epoch 45 | val_loss: 0.25634, val_acc: 0.92660, train_loss: 0.02527, train_acc: 0.99271
Epoch 46 | val_loss: 0.25389, val_acc: 0.92540, train_loss: 0.02117, train_acc: 0.99376
[slurm61982038_gr068_gpu0_0] Sync pending: 360 items
Epoch 47 | val_loss: 0.24922, val_acc: 0.92760, train_loss: 0.01814, train_acc: 0.99489
Epoch 48 | val_loss: 0.24957, val_acc: 0.92900, train_loss: 0.01570, train_acc: 0.99596
[slurm61982038_gr068_gpu0_0] Sync pending: 360 items
Epoch 49 | val_loss: 0.24992, val_acc: 0.92820, train_loss: 0.01421, train_acc: 0.99633
[slurm61982038_gr068_gpu0_0] Job 610fc98a-b376-47b5-8d88-bd1f06f6574c completed successfully
[slurm61982038_gr068_gpu0_0] Claimed job d1e3270a-eacd-44d2-9509-40ee729cec55 (priority=190)
[slurm61982038_gr068_gpu0_0] Executing job d1e3270a-eacd-44d2-9509-40ee729cec55 with _target_=dr_exp.trainers.decon_trainer.train_classification
Epoch 0 | val_loss: 2.33560, val_acc: 0.11719
`Trainer.fit` stopped: `max_epochs=50` reached.
GPU available: True (cuda), used: True
TPU available: False, using: 0 TPU cores
HPU available: False, using: 0 HPUs
LOCAL_RANK: 0 - CUDA_VISIBLE_DEVICES: [0]

  | Name      | Type             | Params | Mode 
-------------------------------------------------------
0 | model     | CifarResNet18    | 11.2 M | train
1 | criterion | CrossEntropyLoss | 0      | train
-------------------------------------------------------
11.2 M    Trainable params
0         Non-trainable params
11.2 M    Total params
44.696    Total estimated model params size (MB)
70        Modules in train mode
0         Modules in eval mode
SLURM auto-requeueing enabled. Setting signal handlers.
Epoch 0 | val_loss: 2.33764, val_acc: 0.08860
[slurm61982038_gr068_gpu0_0] Sync pending: 364 items
Epoch 1 | val_loss: 1.99506, val_acc: 0.28920, train_loss: 2.32760, train_acc: 0.09887
[slurm61982038_gr068_gpu0_0] Sync pending: 364 items
Epoch 2 | val_loss: 1.74890, val_acc: 0.40980, train_loss: 2.26087, train_acc: 0.14844
Epoch 3 | val_loss: 1.65819, val_acc: 0.42780, train_loss: 2.16775, train_acc: 0.20973
[slurm61982038_gr068_gpu0_0] Sync pending: 364 items
Epoch 4 | val_loss: 1.52797, val_acc: 0.48880, train_loss: 2.12727, train_acc: 0.24278
[slurm61982038_gr068_gpu0_0] Sync pending: 364 items
Epoch 5 | val_loss: 1.45323, val_acc: 0.52980, train_loss: 2.08869, train_acc: 0.26593
Epoch 6 | val_loss: 1.36869, val_acc: 0.56880, train_loss: 2.04921, train_acc: 0.28929
[slurm61982038_gr068_gpu0_0] Sync pending: 364 items
Epoch 7 | val_loss: 1.31527, val_acc: 0.57080, train_loss: 2.01978, train_acc: 0.31656
[slurm61982038_gr068_gpu0_0] Sync pending: 364 items
Epoch 8 | val_loss: 1.22574, val_acc: 0.59840, train_loss: 1.98222, train_acc: 0.34984
Epoch 9 | val_loss: 1.15287, val_acc: 0.65120, train_loss: 1.96159, train_acc: 0.35038
[slurm61982038_gr068_gpu0_0] Sync pending: 368 items
Epoch 10 | val_loss: 1.07537, val_acc: 0.68020, train_loss: 1.93072, train_acc: 0.36456
[slurm61982038_gr068_gpu0_0] Sync pending: 368 items
Epoch 11 | val_loss: 1.03575, val_acc: 0.70060, train_loss: 1.91196, train_acc: 0.37720
Epoch 12 | val_loss: 1.02531, val_acc: 0.71200, train_loss: 1.88269, train_acc: 0.40913
[slurm61982038_gr068_gpu0_0] Sync pending: 372 items
Epoch 13 | val_loss: 1.01699, val_acc: 0.71820, train_loss: 1.87029, train_acc: 0.39080
[slurm61982038_gr068_gpu0_0] Sync pending: 372 items
Epoch 14 | val_loss: 0.95484, val_acc: 0.73160, train_loss: 1.85971, train_acc: 0.40407
Epoch 15 | val_loss: 0.98093, val_acc: 0.73860, train_loss: 1.83172, train_acc: 0.41167
[slurm61982038_gr068_gpu0_0] Sync pending: 384 items
Epoch 16 | val_loss: 0.96620, val_acc: 0.72340, train_loss: 1.82413, train_acc: 0.43618
Epoch 17 | val_loss: 0.97925, val_acc: 0.74180, train_loss: 1.82320, train_acc: 0.42191
[slurm61982038_gr068_gpu0_0] Sync pending: 388 items
Epoch 18 | val_loss: 0.87977, val_acc: 0.77180, train_loss: 1.80969, train_acc: 0.44644
[slurm61982038_gr068_gpu0_0] Sync pending: 392 items
Epoch 19 | val_loss: 0.89318, val_acc: 0.75900, train_loss: 1.80571, train_acc: 0.44831
Epoch 20 | val_loss: 0.94444, val_acc: 0.75260, train_loss: 1.80783, train_acc: 0.45309
[slurm61982038_gr068_gpu0_0] Sync pending: 392 items
Epoch 21 | val_loss: 0.88072, val_acc: 0.78860, train_loss: 1.78792, train_acc: 0.41942
Epoch 22 | val_loss: 0.89730, val_acc: 0.75740, train_loss: 1.79416, train_acc: 0.44398
[slurm61982038_gr068_gpu0_0] Sync pending: 392 items
Epoch 23 | val_loss: 0.85163, val_acc: 0.78880, train_loss: 1.76277, train_acc: 0.47233
[slurm61982038_gr068_gpu0_0] Sync pending: 392 items
Epoch 24 | val_loss: 0.82074, val_acc: 0.79240, train_loss: 1.76788, train_acc: 0.45344
Epoch 25 | val_loss: 0.83222, val_acc: 0.79340, train_loss: 1.76812, train_acc: 0.46042
[slurm61982038_gr068_gpu0_0] Sync pending: 392 items
Epoch 26 | val_loss: 0.85411, val_acc: 0.79700, train_loss: 1.76306, train_acc: 0.46542
Epoch 27 | val_loss: 0.86840, val_acc: 0.78640, train_loss: 1.75591, train_acc: 0.46744
[slurm61982038_gr068_gpu0_0] Sync pending: 400 items
Epoch 28 | val_loss: 0.79159, val_acc: 0.79820, train_loss: 1.73595, train_acc: 0.48131
[slurm61982038_gr068_gpu0_0] Sync pending: 400 items
Epoch 29 | val_loss: 0.79319, val_acc: 0.81220, train_loss: 1.72826, train_acc: 0.44856
Epoch 30 | val_loss: 0.82536, val_acc: 0.80280, train_loss: 1.73043, train_acc: 0.46400
[slurm61982038_gr068_gpu0_0] Sync pending: 404 items
Epoch 31 | val_loss: 0.78996, val_acc: 0.81260, train_loss: 1.72826, train_acc: 0.48484
[slurm61982038_gr068_gpu0_0] Sync pending: 404 items
Epoch 32 | val_loss: 0.85285, val_acc: 0.80560, train_loss: 1.72612, train_acc: 0.47309
Epoch 33 | val_loss: 0.80736, val_acc: 0.80740, train_loss: 1.73085, train_acc: 0.47807
[slurm61982038_gr068_gpu0_0] Sync pending: 408 items
Epoch 34 | val_loss: 0.80389, val_acc: 0.80880, train_loss: 1.72382, train_acc: 0.47807
[slurm61982038_gr068_gpu0_0] Sync pending: 412 items
Epoch 35 | val_loss: 0.83178, val_acc: 0.80940, train_loss: 1.71439, train_acc: 0.48031
Epoch 36 | val_loss: 0.77616, val_acc: 0.81980, train_loss: 1.72565, train_acc: 0.49896
[slurm61982038_gr068_gpu0_0] Sync pending: 416 items
Epoch 37 | val_loss: 0.77559, val_acc: 0.82140, train_loss: 1.68867, train_acc: 0.50536
Epoch 38 | val_loss: 0.80269, val_acc: 0.82160, train_loss: 1.71183, train_acc: 0.48391
[slurm61982038_gr068_gpu0_0] Sync pending: 416 items
Epoch 39 | val_loss: 0.78628, val_acc: 0.82080, train_loss: 1.69320, train_acc: 0.49202
[slurm61982038_gr068_gpu0_0] Sync pending: 416 items
Epoch 40 | val_loss: 0.77422, val_acc: 0.82220, train_loss: 1.71065, train_acc: 0.51136
Epoch 41 | val_loss: 0.78064, val_acc: 0.82460, train_loss: 1.69352, train_acc: 0.48513
[slurm61982038_gr068_gpu0_0] Sync pending: 420 items
Epoch 42 | val_loss: 0.76996, val_acc: 0.82220, train_loss: 1.69684, train_acc: 0.49940
Epoch 43 | val_loss: 0.77817, val_acc: 0.82800, train_loss: 1.69777, train_acc: 0.49464
[slurm61982038_gr068_gpu0_0] Sync pending: 420 items
Epoch 44 | val_loss: 0.77382, val_acc: 0.82940, train_loss: 1.68007, train_acc: 0.47589
[slurm61982038_gr068_gpu0_0] Sync pending: 420 items
Epoch 45 | val_loss: 0.76445, val_acc: 0.82900, train_loss: 1.67582, train_acc: 0.50684
Epoch 46 | val_loss: 0.77270, val_acc: 0.83220, train_loss: 1.69740, train_acc: 0.50111
[slurm61982038_gr068_gpu0_0] Sync pending: 420 items
Epoch 47 | val_loss: 0.77473, val_acc: 0.83000, train_loss: 1.69078, train_acc: 0.49009
Epoch 48 | val_loss: 0.76741, val_acc: 0.82940, train_loss: 1.70767, train_acc: 0.47404
[slurm61982038_gr068_gpu0_0] Sync pending: 420 items
Epoch 49 | val_loss: 0.77454, val_acc: 0.83140, train_loss: 1.71241, train_acc: 0.48111
[slurm61982038_gr068_gpu0_0] Job d1e3270a-eacd-44d2-9509-40ee729cec55 completed successfully
[slurm61982038_gr068_gpu0_0] Claimed job c14076b5-c14c-4618-b91f-f6341056d251 (priority=180)
[slurm61982038_gr068_gpu0_0] Executing job c14076b5-c14c-4618-b91f-f6341056d251 with _target_=dr_exp.trainers.decon_trainer.train_classification
Epoch 0 | val_loss: 2.31540, val_acc: 0.08594
`Trainer.fit` stopped: `max_epochs=50` reached.
GPU available: True (cuda), used: True
TPU available: False, using: 0 TPU cores
HPU available: False, using: 0 HPUs
LOCAL_RANK: 0 - CUDA_VISIBLE_DEVICES: [0]

  | Name      | Type             | Params | Mode 
-------------------------------------------------------
0 | model     | CifarResNet18    | 11.2 M | train
1 | criterion | CrossEntropyLoss | 0      | train
-------------------------------------------------------
11.2 M    Trainable params
0         Non-trainable params
11.2 M    Total params
44.696    Total estimated model params size (MB)
70        Modules in train mode
0         Modules in eval mode
SLURM auto-requeueing enabled. Setting signal handlers.
[slurm61982038_gr068_gpu0_0] Sync pending: 424 items
Epoch 0 | val_loss: 2.31123, val_acc: 0.10600
[slurm61982038_gr068_gpu0_0] Sync pending: 428 items
Epoch 1 | val_loss: 1.93731, val_acc: 0.31480, train_loss: 2.31853, train_acc: 0.10013
Epoch 2 | val_loss: 1.77133, val_acc: 0.35100, train_loss: 2.23422, train_acc: 0.16531
[slurm61982038_gr068_gpu0_0] Sync pending: 432 items
Epoch 3 | val_loss: 1.55833, val_acc: 0.46800, train_loss: 2.14901, train_acc: 0.22902
[slurm61982038_gr068_gpu0_0] Sync pending: 432 items
Epoch 4 | val_loss: 1.48985, val_acc: 0.50040, train_loss: 2.10627, train_acc: 0.26933
Epoch 5 | val_loss: 1.28889, val_acc: 0.57420, train_loss: 2.07617, train_acc: 0.27796
[slurm61982038_gr068_gpu0_0] Sync pending: 436 items
Epoch 6 | val_loss: 1.27089, val_acc: 0.56540, train_loss: 2.02533, train_acc: 0.32389
[slurm61982038_gr068_gpu0_0] Sync pending: 436 items
Epoch 7 | val_loss: 1.21645, val_acc: 0.67360, train_loss: 1.98025, train_acc: 0.34287
Epoch 8 | val_loss: 1.07931, val_acc: 0.68400, train_loss: 1.95002, train_acc: 0.36458
[slurm61982038_gr068_gpu0_0] Sync pending: 440 items
Epoch 9 | val_loss: 1.04358, val_acc: 0.70660, train_loss: 1.90760, train_acc: 0.37967
[slurm61982038_gr068_gpu0_0] Sync pending: 440 items
Epoch 10 | val_loss: 0.99674, val_acc: 0.71820, train_loss: 1.86292, train_acc: 0.39047
Epoch 11 | val_loss: 0.97888, val_acc: 0.72980, train_loss: 1.84534, train_acc: 0.39931
[slurm61982038_gr068_gpu0_0] Sync pending: 448 items
Epoch 12 | val_loss: 0.96884, val_acc: 0.73680, train_loss: 1.85927, train_acc: 0.42956
[slurm61982038_gr068_gpu0_0] Sync pending: 452 items
Epoch 13 | val_loss: 0.94087, val_acc: 0.74460, train_loss: 1.82442, train_acc: 0.44076
Epoch 14 | val_loss: 0.87980, val_acc: 0.75800, train_loss: 1.81833, train_acc: 0.44138
[slurm61982038_gr068_gpu0_0] Sync pending: 456 items
Epoch 15 | val_loss: 0.85093, val_acc: 0.78340, train_loss: 1.79187, train_acc: 0.45640
[slurm61982038_gr068_gpu0_0] Sync pending: 456 items
Epoch 16 | val_loss: 0.89278, val_acc: 0.78500, train_loss: 1.80515, train_acc: 0.43329
Epoch 17 | val_loss: 0.96846, val_acc: 0.74980, train_loss: 1.78056, train_acc: 0.45791
[slurm61982038_gr068_gpu0_0] Sync pending: 456 items
Epoch 18 | val_loss: 0.88923, val_acc: 0.79160, train_loss: 1.78009, train_acc: 0.45744
[slurm61982038_gr068_gpu0_0] Sync pending: 464 items
Epoch 19 | val_loss: 0.86021, val_acc: 0.76800, train_loss: 1.77577, train_acc: 0.44978
Epoch 20 | val_loss: 0.82474, val_acc: 0.79580, train_loss: 1.75244, train_acc: 0.45113
[slurm61982038_gr068_gpu0_0] Sync pending: 468 items
Epoch 21 | val_loss: 0.75589, val_acc: 0.81200, train_loss: 1.73715, train_acc: 0.48118
[slurm61982038_gr068_gpu0_0] Sync pending: 472 items
Epoch 22 | val_loss: 0.82447, val_acc: 0.80240, train_loss: 1.72704, train_acc: 0.50080
[slurm61982038_gr068_gpu0_0] Sync pending: 472 items
Epoch 23 | val_loss: 0.83623, val_acc: 0.78580, train_loss: 1.74520, train_acc: 0.48818
Epoch 24 | val_loss: 0.83127, val_acc: 0.80820, train_loss: 1.74054, train_acc: 0.46204
[slurm61982038_gr068_gpu0_0] Sync pending: 472 items
Epoch 25 | val_loss: 0.83117, val_acc: 0.81920, train_loss: 1.71304, train_acc: 0.48616
[slurm61982038_gr068_gpu0_0] Sync pending: 476 items
Epoch 26 | val_loss: 0.80164, val_acc: 0.82360, train_loss: 1.71668, train_acc: 0.50796
Epoch 27 | val_loss: 0.82353, val_acc: 0.81960, train_loss: 1.70818, train_acc: 0.48604
[slurm61982038_gr068_gpu0_0] Sync pending: 476 items
Epoch 28 | val_loss: 0.74874, val_acc: 0.82980, train_loss: 1.72214, train_acc: 0.47816
[slurm61982038_gr068_gpu0_0] Sync pending: 480 items
Epoch 29 | val_loss: 0.80119, val_acc: 0.82660, train_loss: 1.67093, train_acc: 0.49220
Epoch 30 | val_loss: 0.78202, val_acc: 0.82060, train_loss: 1.69651, train_acc: 0.49984
[slurm61982038_gr068_gpu0_0] Sync pending: 480 items
Epoch 31 | val_loss: 0.76395, val_acc: 0.83480, train_loss: 1.69551, train_acc: 0.49298
[slurm61982038_gr068_gpu0_0] Sync pending: 480 items
Epoch 32 | val_loss: 0.76923, val_acc: 0.83220, train_loss: 1.66976, train_acc: 0.52202
Epoch 33 | val_loss: 0.79256, val_acc: 0.83520, train_loss: 1.69267, train_acc: 0.51147
[slurm61982038_gr068_gpu0_0] Sync pending: 480 items
Epoch 34 | val_loss: 0.75470, val_acc: 0.84340, train_loss: 1.67609, train_acc: 0.49971
[slurm61982038_gr068_gpu0_0] Sync pending: 484 items
Epoch 35 | val_loss: 0.77244, val_acc: 0.84320, train_loss: 1.66414, train_acc: 0.49316
Epoch 36 | val_loss: 0.72626, val_acc: 0.84700, train_loss: 1.68505, train_acc: 0.49096
[slurm61982038_gr068_gpu0_0] Sync pending: 484 items
Epoch 37 | val_loss: 0.73011, val_acc: 0.83780, train_loss: 1.64205, train_acc: 0.51176
[slurm61982038_gr068_gpu0_0] Sync pending: 484 items
Epoch 38 | val_loss: 0.72788, val_acc: 0.84920, train_loss: 1.67224, train_acc: 0.49873
Epoch 39 | val_loss: 0.75785, val_acc: 0.84700, train_loss: 1.65418, train_acc: 0.50189
[slurm61982038_gr068_gpu0_0] Sync pending: 484 items
Epoch 40 | val_loss: 0.75318, val_acc: 0.84840, train_loss: 1.65806, train_acc: 0.51400
[slurm61982038_gr068_gpu0_0] Sync pending: 488 items
Epoch 41 | val_loss: 0.72106, val_acc: 0.85640, train_loss: 1.65523, train_acc: 0.51260
Epoch 42 | val_loss: 0.74640, val_acc: 0.85160, train_loss: 1.67292, train_acc: 0.52020
[slurm61982038_gr068_gpu0_0] Sync pending: 488 items
Epoch 43 | val_loss: 0.73311, val_acc: 0.85220, train_loss: 1.67698, train_acc: 0.51453
[slurm61982038_gr068_gpu0_0] Sync pending: 488 items
Epoch 44 | val_loss: 0.73661, val_acc: 0.85620, train_loss: 1.66384, train_acc: 0.51582
Epoch 45 | val_loss: 0.75213, val_acc: 0.85520, train_loss: 1.65069, train_acc: 0.50780
[slurm61982038_gr068_gpu0_0] Sync pending: 492 items
Epoch 46 | val_loss: 0.70995, val_acc: 0.85420, train_loss: 1.63187, train_acc: 0.51660
[slurm61982038_gr068_gpu0_0] Sync pending: 500 items
Epoch 47 | val_loss: 0.74031, val_acc: 0.85340, train_loss: 1.64764, train_acc: 0.51740
Epoch 48 | val_loss: 0.71429, val_acc: 0.85260, train_loss: 1.65210, train_acc: 0.49931
[slurm61982038_gr068_gpu0_0] Sync pending: 504 items
Epoch 49 | val_loss: 0.75439, val_acc: 0.85160, train_loss: 1.64280, train_acc: 0.52007
[slurm61982038_gr068_gpu0_0] Job c14076b5-c14c-4618-b91f-f6341056d251 completed successfully
[slurm61982038_gr068_gpu0_0] Claimed job 70486b2c-1334-4697-8373-623bbecd3c48 (priority=155)
[slurm61982038_gr068_gpu0_0] Executing job 70486b2c-1334-4697-8373-623bbecd3c48 with _target_=dr_exp.trainers.decon_trainer.train_classification
Epoch 0 | val_loss: 2.30918, val_acc: 0.11719
`Trainer.fit` stopped: `max_epochs=50` reached.
GPU available: True (cuda), used: True
TPU available: False, using: 0 TPU cores
HPU available: False, using: 0 HPUs
LOCAL_RANK: 0 - CUDA_VISIBLE_DEVICES: [0]

  | Name      | Type             | Params | Mode 
-------------------------------------------------------
0 | model     | CifarAlexNet     | 2.4 M  | train
1 | criterion | CrossEntropyLoss | 0      | train
-------------------------------------------------------
2.4 M     Trainable params
0         Non-trainable params
2.4 M     Total params
9.768     Total estimated model params size (MB)
24        Modules in train mode
0         Modules in eval mode
SLURM auto-requeueing enabled. Setting signal handlers.
[slurm61982038_gr068_gpu0_0] Sync pending: 508 items
Epoch 0 | val_loss: 1.74454, val_acc: 0.40340
Epoch 1 | val_loss: 1.10285, val_acc: 0.61380, train_loss: 1.88768, train_acc: 0.35898
[slurm61982038_gr068_gpu0_0] Sync pending: 520 items
Epoch 2 | val_loss: 0.89223, val_acc: 0.70420, train_loss: 1.46738, train_acc: 0.56011
Epoch 3 | val_loss: 0.88078, val_acc: 0.70760, train_loss: 1.24948, train_acc: 0.67147
[slurm61982038_gr068_gpu0_0] Sync pending: 524 items
Epoch 4 | val_loss: 0.74368, val_acc: 0.76540, train_loss: 1.12917, train_acc: 0.72629
Epoch 5 | val_loss: 0.70367, val_acc: 0.76900, train_loss: 1.04333, train_acc: 0.76422
[slurm61982038_gr068_gpu0_0] Sync pending: 524 items
Epoch 6 | val_loss: 0.60503, val_acc: 0.80640, train_loss: 0.99683, train_acc: 0.78607
Epoch 7 | val_loss: 0.71207, val_acc: 0.77780, train_loss: 0.95708, train_acc: 0.80444
[slurm61982038_gr068_gpu0_0] Sync pending: 524 items
Epoch 8 | val_loss: 0.64007, val_acc: 0.79940, train_loss: 0.92280, train_acc: 0.81940
Epoch 9 | val_loss: 0.72077, val_acc: 0.76660, train_loss: 0.89495, train_acc: 0.83044
[slurm61982038_gr068_gpu0_0] Sync pending: 524 items
Epoch 10 | val_loss: 0.57101, val_acc: 0.82540, train_loss: 0.86615, train_acc: 0.84442
[slurm61982038_gr068_gpu0_0] Sync pending: 528 items
Epoch 11 | val_loss: 0.73094, val_acc: 0.77180, train_loss: 0.85136, train_acc: 0.85064
Epoch 12 | val_loss: 0.51351, val_acc: 0.84420, train_loss: 0.83070, train_acc: 0.85831
[slurm61982038_gr068_gpu0_0] Sync pending: 528 items
Epoch 13 | val_loss: 0.54083, val_acc: 0.83280, train_loss: 0.81785, train_acc: 0.86340
Epoch 14 | val_loss: 0.57622, val_acc: 0.82980, train_loss: 0.79952, train_acc: 0.87116
[slurm61982038_gr068_gpu0_0] Sync pending: 532 items
Epoch 15 | val_loss: 0.49271, val_acc: 0.85180, train_loss: 0.78078, train_acc: 0.87916
Epoch 16 | val_loss: 0.52260, val_acc: 0.84860, train_loss: 0.77149, train_acc: 0.88464
[slurm61982038_gr068_gpu0_0] Sync pending: 540 items
Epoch 17 | val_loss: 0.43948, val_acc: 0.86480, train_loss: 0.75825, train_acc: 0.88904
Epoch 18 | val_loss: 0.50168, val_acc: 0.85120, train_loss: 0.74485, train_acc: 0.89440
[slurm61982038_gr068_gpu0_0] Sync pending: 540 items
Epoch 19 | val_loss: 0.50545, val_acc: 0.85320, train_loss: 0.73005, train_acc: 0.90313
Epoch 20 | val_loss: 0.44430, val_acc: 0.87020, train_loss: 0.72832, train_acc: 0.90213
[slurm61982038_gr068_gpu0_0] Sync pending: 544 items
Epoch 21 | val_loss: 0.43124, val_acc: 0.87600, train_loss: 0.71569, train_acc: 0.90876
Epoch 22 | val_loss: 0.38197, val_acc: 0.89000, train_loss: 0.70615, train_acc: 0.91298
[slurm61982038_gr068_gpu0_0] Sync pending: 544 items
Epoch 23 | val_loss: 0.40379, val_acc: 0.88700, train_loss: 0.69644, train_acc: 0.91702
[slurm61982038_gr068_gpu0_0] Sync pending: 548 items
Epoch 24 | val_loss: 0.42633, val_acc: 0.87640, train_loss: 0.67970, train_acc: 0.92449
Epoch 25 | val_loss: 0.38938, val_acc: 0.88920, train_loss: 0.67362, train_acc: 0.92638
[slurm61982038_gr068_gpu0_0] Sync pending: 548 items
Epoch 26 | val_loss: 0.38904, val_acc: 0.89420, train_loss: 0.66978, train_acc: 0.92831
Epoch 27 | val_loss: 0.40201, val_acc: 0.88560, train_loss: 0.65779, train_acc: 0.93387
[slurm61982038_gr068_gpu0_0] Sync pending: 548 items
Epoch 28 | val_loss: 0.35835, val_acc: 0.90240, train_loss: 0.64391, train_acc: 0.94067
Epoch 29 | val_loss: 0.36555, val_acc: 0.90360, train_loss: 0.63624, train_acc: 0.94442
[slurm61982038_gr068_gpu0_0] Sync pending: 548 items
Epoch 30 | val_loss: 0.35356, val_acc: 0.90280, train_loss: 0.62839, train_acc: 0.94676
Epoch 31 | val_loss: 0.35396, val_acc: 0.91000, train_loss: 0.61459, train_acc: 0.95362
[slurm61982038_gr068_gpu0_0] Sync pending: 552 items
Epoch 32 | val_loss: 0.33498, val_acc: 0.91180, train_loss: 0.60509, train_acc: 0.95818
Epoch 33 | val_loss: 0.33206, val_acc: 0.91380, train_loss: 0.59620, train_acc: 0.96113
[slurm61982038_gr068_gpu0_0] Sync pending: 556 items
Epoch 34 | val_loss: 0.37877, val_acc: 0.89900, train_loss: 0.58547, train_acc: 0.96576
[slurm61982038_gr068_gpu0_0] Sync pending: 556 items
Epoch 35 | val_loss: 0.33399, val_acc: 0.91640, train_loss: 0.57369, train_acc: 0.97102
Epoch 36 | val_loss: 0.32246, val_acc: 0.91740, train_loss: 0.56532, train_acc: 0.97571
[slurm61982038_gr068_gpu0_0] Sync pending: 556 items
Epoch 37 | val_loss: 0.30669, val_acc: 0.92280, train_loss: 0.55749, train_acc: 0.97884
Epoch 38 | val_loss: 0.32573, val_acc: 0.91640, train_loss: 0.54904, train_acc: 0.98238
[slurm61982038_gr068_gpu0_0] Sync pending: 560 items
Epoch 39 | val_loss: 0.30359, val_acc: 0.92580, train_loss: 0.54473, train_acc: 0.98440
Epoch 40 | val_loss: 0.30520, val_acc: 0.92500, train_loss: 0.53528, train_acc: 0.98860
[slurm61982038_gr068_gpu0_0] Sync pending: 560 items
Epoch 41 | val_loss: 0.30059, val_acc: 0.92700, train_loss: 0.53185, train_acc: 0.98973
Epoch 42 | val_loss: 0.30592, val_acc: 0.92700, train_loss: 0.52736, train_acc: 0.99113
[slurm61982038_gr068_gpu0_0] Sync pending: 564 items
Epoch 43 | val_loss: 0.29655, val_acc: 0.93100, train_loss: 0.52368, train_acc: 0.99349
Epoch 44 | val_loss: 0.29827, val_acc: 0.92760, train_loss: 0.52205, train_acc: 0.99360
[slurm61982038_gr068_gpu0_0] Sync pending: 564 items
Epoch 45 | val_loss: 0.29329, val_acc: 0.93060, train_loss: 0.52007, train_acc: 0.99436
Epoch 46 | val_loss: 0.29240, val_acc: 0.93060, train_loss: 0.51923, train_acc: 0.99456
[slurm61982038_gr068_gpu0_0] Sync pending: 572 items
Epoch 47 | val_loss: 0.29190, val_acc: 0.93080, train_loss: 0.51824, train_acc: 0.99511
[slurm61982038_gr068_gpu0_0] Sync pending: 576 items
Epoch 48 | val_loss: 0.29002, val_acc: 0.93220, train_loss: 0.51702, train_acc: 0.99598
Epoch 49 | val_loss: 0.28919, val_acc: 0.93220, train_loss: 0.51659, train_acc: 0.99589
[slurm61982038_gr068_gpu0_0] Job 70486b2c-1334-4697-8373-623bbecd3c48 completed successfully
[slurm61982038_gr068_gpu0_0] Claimed job 045561c7-c314-4342-b137-b142659d3e0f (priority=125)
[slurm61982038_gr068_gpu0_0] Executing job 045561c7-c314-4342-b137-b142659d3e0f with _target_=dr_exp.trainers.decon_trainer.train_classification
Epoch 0 | val_loss: 2.38304, val_acc: 0.09375
`Trainer.fit` stopped: `max_epochs=50` reached.
