GPU available: True (cuda), used: True
TPU available: False, using: 0 TPU cores
HPU available: False, using: 0 HPUs
/scratch/ddr8143/repos/dr_exp/.venv/lib/python3.12/site-packages/lightning/pytorch/trainer/connectors/logger_connector/logger_connector.py:76: Starting from v1.9.0, `tensorboardX` has been removed as a dependency of the `lightning.pytorch` package, due to potential conflicts with other packages in the ML ecosystem. For this reason, `logger=True` will use `CSVLogger` as the default logger, unless the `tensorboard` or `tensorboardX` packages are found. Please `pip install lightning[extra]` or one of them to enable TensorBoard support by default
LOCAL_RANK: 0 - CUDA_VISIBLE_DEVICES: [0]

  | Name      | Type             | Params | Mode 
-------------------------------------------------------
0 | model     | CifarResNet18    | 11.2 M | train
1 | criterion | CrossEntropyLoss | 0      | train
-------------------------------------------------------
11.2 M    Trainable params
0         Non-trainable params
11.2 M    Total params
44.696    Total estimated model params size (MB)
70        Modules in train mode
0         Modules in eval mode
SLURM auto-requeueing enabled. Setting signal handlers.
[SyncHandler] Failed to initialize Supabase: Supabase URL and key must be provided or set in environment
[SyncHandler] Sync disabled - files will remain in queue
[slurm61982040_gr016_gpu0_0] Sync disabled - Supabase not available
Sync: enabled (Supabase not available - queue only)
Starting worker slurm61982040_gr016_gpu0_0
Experiment: cluster_t0 at /scratch/ddr8143/logs/dcnn_workers
------------------------------------------------------------
[slurm61982040_gr016_gpu0_0] Worker started
[slurm61982040_gr016_gpu0_0] Sync thread started
[slurm61982040_gr016_gpu0_0] Heartbeat thread started
[slurm61982040_gr016_gpu0_0] Claimed job aaf991db-9683-4147-ba80-8aa36a3ed15e (priority=200)
[slurm61982040_gr016_gpu0_0] Executing job aaf991db-9683-4147-ba80-8aa36a3ed15e with _target_=dr_exp.trainers.decon_trainer.train_classification
Epoch 0 | val_loss: 2.32028, val_acc: 0.12109
/scratch/ddr8143/repos/dr_exp/.venv/lib/python3.12/site-packages/torch/optim/lr_scheduler.py:198: UserWarning: The epoch parameter in `scheduler.step()` was not necessary and is being deprecated where possible. Please use `scheduler.step()` to step the scheduler. During the deprecation, if epoch is different from None, the closed form is used instead of the new chainable form, where available. Please open an issue if you are unable to replicate your use case: https://github.com/pytorch/pytorch/issues/new/choose.
  warnings.warn(EPOCH_DEPRECATION_WARNING, UserWarning)
`Trainer.fit` stopped: `max_epochs=50` reached.
GPU available: True (cuda), used: True
TPU available: False, using: 0 TPU cores
HPU available: False, using: 0 HPUs
LOCAL_RANK: 0 - CUDA_VISIBLE_DEVICES: [0]

  | Name      | Type             | Params | Mode 
-------------------------------------------------------
0 | model     | CifarResNet18    | 11.2 M | train
1 | criterion | CrossEntropyLoss | 0      | train
-------------------------------------------------------
11.2 M    Trainable params
0         Non-trainable params
11.2 M    Total params
44.696    Total estimated model params size (MB)
70        Modules in train mode
0         Modules in eval mode
SLURM auto-requeueing enabled. Setting signal handlers.
[slurm61982040_gr016_gpu0_0] Sync pending: 210 items
Epoch 0 | val_loss: 2.32516, val_acc: 0.08320
Epoch 1 | val_loss: 1.97008, val_acc: 0.29960, train_loss: 2.32127, train_acc: 0.09460
[slurm61982040_gr016_gpu0_0] Sync pending: 210 items
Epoch 2 | val_loss: 1.75976, val_acc: 0.40320, train_loss: 2.25181, train_acc: 0.15204
[slurm61982040_gr016_gpu0_0] Sync pending: 210 items
Epoch 3 | val_loss: 1.66531, val_acc: 0.42620, train_loss: 2.17170, train_acc: 0.20567
Epoch 4 | val_loss: 1.53678, val_acc: 0.48700, train_loss: 2.12868, train_acc: 0.23998
[slurm61982040_gr016_gpu0_0] Sync pending: 210 items
Epoch 5 | val_loss: 1.42991, val_acc: 0.50820, train_loss: 2.08412, train_acc: 0.27060
Epoch 6 | val_loss: 1.33156, val_acc: 0.56500, train_loss: 2.04755, train_acc: 0.29598
[slurm61982040_gr016_gpu0_0] Sync pending: 210 items
Epoch 7 | val_loss: 1.21348, val_acc: 0.62660, train_loss: 2.00507, train_acc: 0.33113
[slurm61982040_gr016_gpu0_0] Sync pending: 210 items
Epoch 8 | val_loss: 1.18498, val_acc: 0.64040, train_loss: 1.97338, train_acc: 0.33116
Epoch 9 | val_loss: 1.10220, val_acc: 0.68520, train_loss: 1.93752, train_acc: 0.35547
[slurm61982040_gr016_gpu0_0] Sync pending: 210 items
Epoch 10 | val_loss: 1.10148, val_acc: 0.68060, train_loss: 1.90950, train_acc: 0.39080
Epoch 11 | val_loss: 1.10749, val_acc: 0.65920, train_loss: 1.88300, train_acc: 0.38640
[slurm61982040_gr016_gpu0_0] Sync pending: 210 items
Epoch 12 | val_loss: 0.95646, val_acc: 0.72420, train_loss: 1.87188, train_acc: 0.39513
[slurm61982040_gr016_gpu0_0] Sync pending: 210 items
Epoch 13 | val_loss: 1.00395, val_acc: 0.72300, train_loss: 1.83675, train_acc: 0.41787
Epoch 14 | val_loss: 1.01413, val_acc: 0.72080, train_loss: 1.82589, train_acc: 0.42371
[slurm61982040_gr016_gpu0_0] Sync pending: 210 items
Epoch 15 | val_loss: 0.91166, val_acc: 0.76380, train_loss: 1.83550, train_acc: 0.42084
Epoch 16 | val_loss: 0.96739, val_acc: 0.76220, train_loss: 1.82437, train_acc: 0.44898
[slurm61982040_gr016_gpu0_0] Sync pending: 210 items
Epoch 17 | val_loss: 0.91807, val_acc: 0.75820, train_loss: 1.81884, train_acc: 0.42442
Epoch 18 | val_loss: 0.91765, val_acc: 0.76900, train_loss: 1.78939, train_acc: 0.46113
[slurm61982040_gr016_gpu0_0] Sync pending: 210 items
Epoch 19 | val_loss: 0.87663, val_acc: 0.78040, train_loss: 1.78785, train_acc: 0.45602
[slurm61982040_gr016_gpu0_0] Sync pending: 210 items
Epoch 20 | val_loss: 0.87691, val_acc: 0.77880, train_loss: 1.77351, train_acc: 0.45180
Epoch 21 | val_loss: 0.91233, val_acc: 0.77760, train_loss: 1.75898, train_acc: 0.44447
[slurm61982040_gr016_gpu0_0] Sync pending: 210 items
Epoch 22 | val_loss: 0.88020, val_acc: 0.77120, train_loss: 1.77462, train_acc: 0.45953
Epoch 23 | val_loss: 0.83521, val_acc: 0.78480, train_loss: 1.74709, train_acc: 0.47942
[slurm61982040_gr016_gpu0_0] Sync pending: 210 items
Epoch 24 | val_loss: 0.83215, val_acc: 0.79320, train_loss: 1.72907, train_acc: 0.46158
Epoch 25 | val_loss: 0.81167, val_acc: 0.81120, train_loss: 1.74187, train_acc: 0.47089
[slurm61982040_gr016_gpu0_0] Sync pending: 210 items
Epoch 26 | val_loss: 0.85551, val_acc: 0.79420, train_loss: 1.74622, train_acc: 0.47738
[slurm61982040_gr016_gpu0_0] Sync pending: 210 items
Epoch 27 | val_loss: 0.81792, val_acc: 0.81020, train_loss: 1.74827, train_acc: 0.48371
Epoch 28 | val_loss: 0.77754, val_acc: 0.82740, train_loss: 1.72596, train_acc: 0.47773
[slurm61982040_gr016_gpu0_0] Sync pending: 210 items
Epoch 29 | val_loss: 0.77267, val_acc: 0.83100, train_loss: 1.70847, train_acc: 0.47962
Epoch 30 | val_loss: 0.77017, val_acc: 0.81640, train_loss: 1.70250, train_acc: 0.50404
[slurm61982040_gr016_gpu0_0] Sync pending: 210 items
Epoch 31 | val_loss: 0.75684, val_acc: 0.82680, train_loss: 1.71121, train_acc: 0.50651
[slurm61982040_gr016_gpu0_0] Sync pending: 210 items
Epoch 32 | val_loss: 0.84136, val_acc: 0.81980, train_loss: 1.70671, train_acc: 0.49122
Epoch 33 | val_loss: 0.77285, val_acc: 0.82860, train_loss: 1.71974, train_acc: 0.50089
[slurm61982040_gr016_gpu0_0] Sync pending: 210 items
Epoch 34 | val_loss: 0.78814, val_acc: 0.82640, train_loss: 1.71451, train_acc: 0.49033
Epoch 35 | val_loss: 0.74335, val_acc: 0.83580, train_loss: 1.70452, train_acc: 0.49382
[slurm61982040_gr016_gpu0_0] Sync pending: 210 items
Epoch 36 | val_loss: 0.80148, val_acc: 0.82560, train_loss: 1.68044, train_acc: 0.50484
Epoch 37 | val_loss: 0.76949, val_acc: 0.83360, train_loss: 1.68795, train_acc: 0.48822
[slurm61982040_gr016_gpu0_0] Sync pending: 210 items
Epoch 38 | val_loss: 0.75855, val_acc: 0.83960, train_loss: 1.69700, train_acc: 0.49433
[slurm61982040_gr016_gpu0_0] Sync pending: 210 items
Epoch 39 | val_loss: 0.71740, val_acc: 0.84640, train_loss: 1.69504, train_acc: 0.49102
Epoch 40 | val_loss: 0.77733, val_acc: 0.84080, train_loss: 1.68248, train_acc: 0.52529
[slurm61982040_gr016_gpu0_0] Sync pending: 210 items
Epoch 41 | val_loss: 0.72456, val_acc: 0.84400, train_loss: 1.68291, train_acc: 0.51238
Epoch 42 | val_loss: 0.72720, val_acc: 0.84540, train_loss: 1.66820, train_acc: 0.50867
[slurm61982040_gr016_gpu0_0] Sync pending: 210 items
Epoch 43 | val_loss: 0.75523, val_acc: 0.84240, train_loss: 1.67700, train_acc: 0.49109
[slurm61982040_gr016_gpu0_0] Sync pending: 210 items
Epoch 44 | val_loss: 0.77748, val_acc: 0.84200, train_loss: 1.66610, train_acc: 0.49069
Epoch 45 | val_loss: 0.75880, val_acc: 0.84180, train_loss: 1.68690, train_acc: 0.50140
[slurm61982040_gr016_gpu0_0] Sync pending: 210 items
Epoch 46 | val_loss: 0.74004, val_acc: 0.84620, train_loss: 1.67803, train_acc: 0.53218
Epoch 47 | val_loss: 0.73732, val_acc: 0.84360, train_loss: 1.67260, train_acc: 0.49620
[slurm61982040_gr016_gpu0_0] Sync pending: 214 items
Epoch 48 | val_loss: 0.75645, val_acc: 0.84120, train_loss: 1.67690, train_acc: 0.52738
Epoch 49 | val_loss: 0.75920, val_acc: 0.84500, train_loss: 1.66957, train_acc: 0.51718
[slurm61982040_gr016_gpu0_0] Job aaf991db-9683-4147-ba80-8aa36a3ed15e completed successfully
[slurm61982040_gr016_gpu0_0] Claimed job a3cbd37e-b794-4d73-ac26-84bbcf52acd2 (priority=195)
[slurm61982040_gr016_gpu0_0] Executing job a3cbd37e-b794-4d73-ac26-84bbcf52acd2 with _target_=dr_exp.trainers.decon_trainer.train_classification
[slurm61982040_gr016_gpu0_0] Sync pending: 218 items
Epoch 0 | val_loss: 2.32191, val_acc: 0.08984
`Trainer.fit` stopped: `max_epochs=50` reached.
GPU available: True (cuda), used: True
TPU available: False, using: 0 TPU cores
HPU available: False, using: 0 HPUs
LOCAL_RANK: 0 - CUDA_VISIBLE_DEVICES: [0]

  | Name      | Type             | Params | Mode 
-------------------------------------------------------
0 | model     | CifarResNet12    | 1.8 M  | train
1 | criterion | CrossEntropyLoss | 0      | train
-------------------------------------------------------
1.8 M     Trainable params
0         Non-trainable params
1.8 M     Total params
7.154     Total estimated model params size (MB)
36        Modules in train mode
0         Modules in eval mode
SLURM auto-requeueing enabled. Setting signal handlers.
Epoch 0 | val_loss: 2.30021, val_acc: 0.10980
[slurm61982040_gr016_gpu0_0] Sync pending: 218 items
Epoch 1 | val_loss: 1.75335, val_acc: 0.38520, train_loss: 2.30799, train_acc: 0.10071
Epoch 2 | val_loss: 1.60703, val_acc: 0.43960, train_loss: 2.20554, train_acc: 0.19020
[slurm61982040_gr016_gpu0_0] Sync pending: 218 items
Epoch 3 | val_loss: 1.44170, val_acc: 0.53600, train_loss: 2.15499, train_acc: 0.23744
Epoch 4 | val_loss: 1.28446, val_acc: 0.59900, train_loss: 2.08764, train_acc: 0.28462
[slurm61982040_gr016_gpu0_0] Sync pending: 222 items
Epoch 5 | val_loss: 1.17696, val_acc: 0.65280, train_loss: 2.01559, train_acc: 0.32793
[slurm61982040_gr016_gpu0_0] Sync pending: 222 items
Epoch 6 | val_loss: 1.15431, val_acc: 0.67100, train_loss: 1.94786, train_acc: 0.37802
Epoch 7 | val_loss: 1.04115, val_acc: 0.69840, train_loss: 1.88963, train_acc: 0.38027
[slurm61982040_gr016_gpu0_0] Sync pending: 222 items
Epoch 8 | val_loss: 0.98431, val_acc: 0.74760, train_loss: 1.85447, train_acc: 0.40596
Epoch 9 | val_loss: 1.03088, val_acc: 0.74160, train_loss: 1.83645, train_acc: 0.41473
[slurm61982040_gr016_gpu0_0] Sync pending: 222 items
Epoch 10 | val_loss: 0.97813, val_acc: 0.73800, train_loss: 1.79673, train_acc: 0.43193
[slurm61982040_gr016_gpu0_0] Sync pending: 222 items
Epoch 11 | val_loss: 1.00438, val_acc: 0.73340, train_loss: 1.79050, train_acc: 0.44169
Epoch 12 | val_loss: 0.92801, val_acc: 0.75620, train_loss: 1.77229, train_acc: 0.47213
[slurm61982040_gr016_gpu0_0] Sync pending: 222 items
Epoch 13 | val_loss: 0.95108, val_acc: 0.74660, train_loss: 1.77177, train_acc: 0.44160
Epoch 14 | val_loss: 0.92600, val_acc: 0.77280, train_loss: 1.74990, train_acc: 0.49444
[slurm61982040_gr016_gpu0_0] Sync pending: 222 items
Epoch 15 | val_loss: 0.81295, val_acc: 0.80900, train_loss: 1.74018, train_acc: 0.47376
Epoch 16 | val_loss: 0.89411, val_acc: 0.75620, train_loss: 1.74681, train_acc: 0.48191
[slurm61982040_gr016_gpu0_0] Sync pending: 222 items
Epoch 17 | val_loss: 0.80001, val_acc: 0.80540, train_loss: 1.71362, train_acc: 0.48160
[slurm61982040_gr016_gpu0_0] Sync pending: 222 items
Epoch 18 | val_loss: 0.83755, val_acc: 0.81500, train_loss: 1.70945, train_acc: 0.46438
Epoch 19 | val_loss: 0.77562, val_acc: 0.81860, train_loss: 1.71128, train_acc: 0.46816
[slurm61982040_gr016_gpu0_0] Sync pending: 222 items
Epoch 20 | val_loss: 0.83224, val_acc: 0.80220, train_loss: 1.69381, train_acc: 0.49931
Epoch 21 | val_loss: 0.83105, val_acc: 0.81040, train_loss: 1.69808, train_acc: 0.49782
[slurm61982040_gr016_gpu0_0] Sync pending: 222 items
Epoch 22 | val_loss: 0.77138, val_acc: 0.83620, train_loss: 1.69387, train_acc: 0.48340
[slurm61982040_gr016_gpu0_0] Sync pending: 222 items
Epoch 23 | val_loss: 0.78994, val_acc: 0.83760, train_loss: 1.67726, train_acc: 0.47507
Epoch 24 | val_loss: 0.76748, val_acc: 0.84100, train_loss: 1.68439, train_acc: 0.51047
[slurm61982040_gr016_gpu0_0] Sync pending: 222 items
Epoch 25 | val_loss: 0.69284, val_acc: 0.86500, train_loss: 1.68109, train_acc: 0.50844
Epoch 26 | val_loss: 0.72218, val_acc: 0.85680, train_loss: 1.65399, train_acc: 0.51431
[slurm61982040_gr016_gpu0_0] Sync pending: 222 items
Epoch 27 | val_loss: 0.79206, val_acc: 0.82400, train_loss: 1.65579, train_acc: 0.53144
[slurm61982040_gr016_gpu0_0] Sync pending: 222 items
Epoch 28 | val_loss: 0.75268, val_acc: 0.85400, train_loss: 1.64584, train_acc: 0.51338
Epoch 29 | val_loss: 0.73605, val_acc: 0.87080, train_loss: 1.62566, train_acc: 0.49824
[slurm61982040_gr016_gpu0_0] Sync pending: 222 items
Epoch 30 | val_loss: 0.72799, val_acc: 0.85960, train_loss: 1.62482, train_acc: 0.53933
Epoch 31 | val_loss: 0.74408, val_acc: 0.86380, train_loss: 1.62565, train_acc: 0.52907
[slurm61982040_gr016_gpu0_0] Sync pending: 223 items
Epoch 32 | val_loss: 0.72114, val_acc: 0.86640, train_loss: 1.59920, train_acc: 0.52956
Epoch 33 | val_loss: 0.65937, val_acc: 0.88160, train_loss: 1.60546, train_acc: 0.52747
[slurm61982040_gr016_gpu0_0] Sync pending: 223 items
Epoch 34 | val_loss: 0.72092, val_acc: 0.88180, train_loss: 1.62567, train_acc: 0.53369
[slurm61982040_gr016_gpu0_0] Sync pending: 231 items
Epoch 35 | val_loss: 0.64861, val_acc: 0.89860, train_loss: 1.58366, train_acc: 0.52849
Epoch 36 | val_loss: 0.67846, val_acc: 0.89480, train_loss: 1.58126, train_acc: 0.54333
[slurm61982040_gr016_gpu0_0] Sync pending: 231 items
Epoch 37 | val_loss: 0.63990, val_acc: 0.89700, train_loss: 1.59071, train_acc: 0.54873
Epoch 38 | val_loss: 0.59182, val_acc: 0.90760, train_loss: 1.56999, train_acc: 0.56136
[slurm61982040_gr016_gpu0_0] Sync pending: 235 items
Epoch 39 | val_loss: 0.59547, val_acc: 0.90640, train_loss: 1.56236, train_acc: 0.53804
[slurm61982040_gr016_gpu0_0] Sync pending: 235 items
Epoch 40 | val_loss: 0.59631, val_acc: 0.90860, train_loss: 1.58236, train_acc: 0.56940
Epoch 41 | val_loss: 0.62404, val_acc: 0.90980, train_loss: 1.55520, train_acc: 0.57904
[slurm61982040_gr016_gpu0_0] Sync pending: 235 items
Epoch 42 | val_loss: 0.56476, val_acc: 0.92200, train_loss: 1.55464, train_acc: 0.57384
Epoch 43 | val_loss: 0.55448, val_acc: 0.91940, train_loss: 1.54531, train_acc: 0.56140
[slurm61982040_gr016_gpu0_0] Sync pending: 239 items
Epoch 44 | val_loss: 0.60558, val_acc: 0.92140, train_loss: 1.53258, train_acc: 0.56684
Epoch 45 | val_loss: 0.55584, val_acc: 0.92440, train_loss: 1.54342, train_acc: 0.56113
[slurm61982040_gr016_gpu0_0] Sync pending: 239 items
Epoch 46 | val_loss: 0.59086, val_acc: 0.92380, train_loss: 1.51384, train_acc: 0.59813
[slurm61982040_gr016_gpu0_0] Sync pending: 239 items
Epoch 47 | val_loss: 0.63003, val_acc: 0.92520, train_loss: 1.51120, train_acc: 0.59880
Epoch 48 | val_loss: 0.57904, val_acc: 0.92680, train_loss: 1.49841, train_acc: 0.59058
[slurm61982040_gr016_gpu0_0] Sync pending: 239 items
Epoch 49 | val_loss: 0.54271, val_acc: 0.92480, train_loss: 1.51180, train_acc: 0.58082
[slurm61982040_gr016_gpu0_0] Job a3cbd37e-b794-4d73-ac26-84bbcf52acd2 completed successfully
[slurm61982040_gr016_gpu0_0] Claimed job 0282f280-ec73-47c8-a13a-825837248a24 (priority=230)
[slurm61982040_gr016_gpu0_0] Executing job 0282f280-ec73-47c8-a13a-825837248a24 with _target_=dr_exp.trainers.decon_trainer.train_classification
Epoch 0 | val_loss: 2.30305, val_acc: 0.07812
`Trainer.fit` stopped: `max_epochs=50` reached.
GPU available: True (cuda), used: True
TPU available: False, using: 0 TPU cores
HPU available: False, using: 0 HPUs
LOCAL_RANK: 0 - CUDA_VISIBLE_DEVICES: [0]

  | Name      | Type             | Params | Mode 
-------------------------------------------------------
0 | model     | CifarResNet18    | 11.2 M | train
1 | criterion | CrossEntropyLoss | 0      | train
-------------------------------------------------------
11.2 M    Trainable params
0         Non-trainable params
11.2 M    Total params
44.696    Total estimated model params size (MB)
70        Modules in train mode
0         Modules in eval mode
SLURM auto-requeueing enabled. Setting signal handlers.
Epoch 0 | val_loss: 2.30912, val_acc: 0.09440
[slurm61982040_gr016_gpu0_0] Sync pending: 243 items
Epoch 1 | val_loss: 1.20328, val_acc: 0.56040, train_loss: 2.30980, train_acc: 0.09427
Epoch 2 | val_loss: 1.07789, val_acc: 0.61740, train_loss: 1.53860, train_acc: 0.43493
[slurm61982040_gr016_gpu0_0] Sync pending: 243 items
Epoch 3 | val_loss: 0.88463, val_acc: 0.69320, train_loss: 1.14592, train_acc: 0.59107
Epoch 4 | val_loss: 0.88560, val_acc: 0.69560, train_loss: 0.92528, train_acc: 0.67344
[slurm61982040_gr016_gpu0_0] Sync pending: 243 items
Epoch 5 | val_loss: 0.68763, val_acc: 0.75580, train_loss: 0.80050, train_acc: 0.71909
Epoch 6 | val_loss: 0.77334, val_acc: 0.74100, train_loss: 0.72342, train_acc: 0.74816
[slurm61982040_gr016_gpu0_0] Sync pending: 243 items
Epoch 7 | val_loss: 0.77250, val_acc: 0.73520, train_loss: 0.64602, train_acc: 0.77684
Epoch 8 | val_loss: 0.68741, val_acc: 0.76080, train_loss: 0.59870, train_acc: 0.79162
[slurm61982040_gr016_gpu0_0] Sync pending: 247 items
Epoch 9 | val_loss: 0.74526, val_acc: 0.74980, train_loss: 0.56738, train_acc: 0.80329
Epoch 10 | val_loss: 0.66550, val_acc: 0.77900, train_loss: 0.54992, train_acc: 0.80847
[slurm61982040_gr016_gpu0_0] Sync pending: 247 items
Epoch 11 | val_loss: 0.69011, val_acc: 0.76920, train_loss: 0.52735, train_acc: 0.81700
Epoch 12 | val_loss: 0.53505, val_acc: 0.82120, train_loss: 0.50465, train_acc: 0.82680
[slurm61982040_gr016_gpu0_0] Sync pending: 247 items
Epoch 13 | val_loss: 0.56910, val_acc: 0.79980, train_loss: 0.49068, train_acc: 0.83142
Epoch 14 | val_loss: 0.76506, val_acc: 0.74220, train_loss: 0.47475, train_acc: 0.83573
[slurm61982040_gr016_gpu0_0] Sync pending: 247 items
Epoch 15 | val_loss: 0.58726, val_acc: 0.80100, train_loss: 0.46934, train_acc: 0.83896
Epoch 16 | val_loss: 0.62721, val_acc: 0.79680, train_loss: 0.45437, train_acc: 0.84391
[slurm61982040_gr016_gpu0_0] Sync pending: 247 items
Epoch 17 | val_loss: 0.53742, val_acc: 0.81880, train_loss: 0.44178, train_acc: 0.84664
Epoch 18 | val_loss: 0.65872, val_acc: 0.78120, train_loss: 0.43501, train_acc: 0.85111
[slurm61982040_gr016_gpu0_0] Sync pending: 247 items
Epoch 19 | val_loss: 0.56586, val_acc: 0.81100, train_loss: 0.42026, train_acc: 0.85396
Epoch 20 | val_loss: 0.63795, val_acc: 0.78740, train_loss: 0.40811, train_acc: 0.85878
Epoch 21 | val_loss: 0.49057, val_acc: 0.83060, train_loss: 0.39970, train_acc: 0.86251
[slurm61982040_gr016_gpu0_0] Sync pending: 247 items
Epoch 22 | val_loss: 0.49853, val_acc: 0.82780, train_loss: 0.38628, train_acc: 0.86504
Epoch 23 | val_loss: 0.46372, val_acc: 0.84060, train_loss: 0.37697, train_acc: 0.87107
[slurm61982040_gr016_gpu0_0] Sync pending: 247 items
Epoch 24 | val_loss: 0.50573, val_acc: 0.83560, train_loss: 0.36115, train_acc: 0.87549
Epoch 25 | val_loss: 0.45858, val_acc: 0.84380, train_loss: 0.35636, train_acc: 0.87733
[slurm61982040_gr016_gpu0_0] Sync pending: 247 items
Epoch 26 | val_loss: 0.55802, val_acc: 0.81560, train_loss: 0.34504, train_acc: 0.88044
Epoch 27 | val_loss: 0.49551, val_acc: 0.82660, train_loss: 0.32811, train_acc: 0.88731
[slurm61982040_gr016_gpu0_0] Sync pending: 251 items
Epoch 28 | val_loss: 0.46250, val_acc: 0.83860, train_loss: 0.32259, train_acc: 0.88789
Epoch 29 | val_loss: 0.42402, val_acc: 0.86100, train_loss: 0.30154, train_acc: 0.89551
[slurm61982040_gr016_gpu0_0] Sync pending: 255 items
Epoch 30 | val_loss: 0.50554, val_acc: 0.83000, train_loss: 0.29307, train_acc: 0.89907
Epoch 31 | val_loss: 0.40853, val_acc: 0.85920, train_loss: 0.27679, train_acc: 0.90549
[slurm61982040_gr016_gpu0_0] Sync pending: 272 items
Epoch 32 | val_loss: 0.40041, val_acc: 0.86420, train_loss: 0.26078, train_acc: 0.91191
Epoch 33 | val_loss: 0.37581, val_acc: 0.87140, train_loss: 0.24828, train_acc: 0.91480
[slurm61982040_gr016_gpu0_0] Sync pending: 280 items
Epoch 34 | val_loss: 0.36087, val_acc: 0.87760, train_loss: 0.23028, train_acc: 0.92060
Epoch 35 | val_loss: 0.42633, val_acc: 0.86080, train_loss: 0.21898, train_acc: 0.92442
[slurm61982040_gr016_gpu0_0] Sync pending: 280 items
Epoch 36 | val_loss: 0.38325, val_acc: 0.87440, train_loss: 0.19218, train_acc: 0.93436
Epoch 37 | val_loss: 0.34989, val_acc: 0.88580, train_loss: 0.18065, train_acc: 0.93933
[slurm61982040_gr016_gpu0_0] Sync pending: 284 items
Epoch 38 | val_loss: 0.37696, val_acc: 0.87940, train_loss: 0.16795, train_acc: 0.94327
Epoch 39 | val_loss: 0.36246, val_acc: 0.88420, train_loss: 0.15058, train_acc: 0.94929
[slurm61982040_gr016_gpu0_0] Sync pending: 288 items
Epoch 40 | val_loss: 0.32569, val_acc: 0.89320, train_loss: 0.13117, train_acc: 0.95662
Epoch 41 | val_loss: 0.32506, val_acc: 0.89680, train_loss: 0.11458, train_acc: 0.96324
[slurm61982040_gr016_gpu0_0] Sync pending: 288 items
Epoch 42 | val_loss: 0.31611, val_acc: 0.89720, train_loss: 0.10542, train_acc: 0.96656
Epoch 43 | val_loss: 0.31562, val_acc: 0.89960, train_loss: 0.09212, train_acc: 0.97138
Epoch 44 | val_loss: 0.30536, val_acc: 0.90280, train_loss: 0.08083, train_acc: 0.97656
[slurm61982040_gr016_gpu0_0] Sync pending: 292 items
Epoch 45 | val_loss: 0.30826, val_acc: 0.90280, train_loss: 0.07219, train_acc: 0.97911
Epoch 46 | val_loss: 0.30340, val_acc: 0.90340, train_loss: 0.06747, train_acc: 0.98187
[slurm61982040_gr016_gpu0_0] Sync pending: 292 items
Epoch 47 | val_loss: 0.29948, val_acc: 0.90400, train_loss: 0.06407, train_acc: 0.98156
Epoch 48 | val_loss: 0.30063, val_acc: 0.90580, train_loss: 0.06141, train_acc: 0.98324
[slurm61982040_gr016_gpu0_0] Sync pending: 296 items
Epoch 49 | val_loss: 0.29931, val_acc: 0.90580, train_loss: 0.05739, train_acc: 0.98456
[slurm61982040_gr016_gpu0_0] Job 0282f280-ec73-47c8-a13a-825837248a24 completed successfully
[slurm61982040_gr016_gpu0_0] Claimed job c651f5a5-d77e-4320-b989-1a0099d9c05d (priority=210)
[slurm61982040_gr016_gpu0_0] Executing job c651f5a5-d77e-4320-b989-1a0099d9c05d with _target_=dr_exp.trainers.decon_trainer.train_classification
Epoch 0 | val_loss: 2.30252, val_acc: 0.12109
`Trainer.fit` stopped: `max_epochs=50` reached.
GPU available: True (cuda), used: True
TPU available: False, using: 0 TPU cores
HPU available: False, using: 0 HPUs
LOCAL_RANK: 0 - CUDA_VISIBLE_DEVICES: [0]

  | Name      | Type             | Params | Mode 
-------------------------------------------------------
0 | model     | CifarResNet18    | 11.2 M | train
1 | criterion | CrossEntropyLoss | 0      | train
-------------------------------------------------------
11.2 M    Trainable params
0         Non-trainable params
11.2 M    Total params
44.696    Total estimated model params size (MB)
70        Modules in train mode
0         Modules in eval mode
SLURM auto-requeueing enabled. Setting signal handlers.
[slurm61982040_gr016_gpu0_0] Sync pending: 300 items
Epoch 0 | val_loss: 2.31399, val_acc: 0.08380
Epoch 1 | val_loss: 1.30457, val_acc: 0.52760, train_loss: 2.30846, train_acc: 0.09164
[slurm61982040_gr016_gpu0_0] Sync pending: 300 items
Epoch 2 | val_loss: 1.09341, val_acc: 0.63880, train_loss: 1.61061, train_acc: 0.39618
Epoch 3 | val_loss: 0.81508, val_acc: 0.71420, train_loss: 1.10223, train_acc: 0.60884
Epoch 4 | val_loss: 0.76438, val_acc: 0.74320, train_loss: 0.86151, train_acc: 0.70224
[slurm61982040_gr016_gpu0_0] Sync pending: 300 items
Epoch 5 | val_loss: 1.02027, val_acc: 0.66380, train_loss: 0.74976, train_acc: 0.74113
Epoch 6 | val_loss: 0.73538, val_acc: 0.74760, train_loss: 0.69034, train_acc: 0.76367
[slurm61982040_gr016_gpu0_0] Sync pending: 300 items
Epoch 7 | val_loss: 0.76456, val_acc: 0.74800, train_loss: 0.62146, train_acc: 0.78667
Epoch 8 | val_loss: 0.58061, val_acc: 0.79680, train_loss: 0.57415, train_acc: 0.80504
[slurm61982040_gr016_gpu0_0] Sync pending: 300 items
Epoch 9 | val_loss: 0.68834, val_acc: 0.77360, train_loss: 0.55233, train_acc: 0.81347
Epoch 10 | val_loss: 0.74274, val_acc: 0.75780, train_loss: 0.52960, train_acc: 0.81929
[slurm61982040_gr016_gpu0_0] Sync pending: 300 items
Epoch 11 | val_loss: 0.77109, val_acc: 0.73700, train_loss: 0.51641, train_acc: 0.82287
Epoch 12 | val_loss: 0.91950, val_acc: 0.71680, train_loss: 0.49811, train_acc: 0.83233
[slurm61982040_gr016_gpu0_0] Sync pending: 300 items
Epoch 13 | val_loss: 0.59117, val_acc: 0.80440, train_loss: 0.48760, train_acc: 0.83362
Epoch 14 | val_loss: 0.72523, val_acc: 0.75720, train_loss: 0.47955, train_acc: 0.83660
[slurm61982040_gr016_gpu0_0] Sync pending: 304 items
Epoch 15 | val_loss: 0.83328, val_acc: 0.74020, train_loss: 0.45713, train_acc: 0.84500
Epoch 16 | val_loss: 0.72164, val_acc: 0.76700, train_loss: 0.45013, train_acc: 0.84473
[slurm61982040_gr016_gpu0_0] Sync pending: 304 items
Epoch 17 | val_loss: 0.73207, val_acc: 0.75840, train_loss: 0.43606, train_acc: 0.85262
Epoch 18 | val_loss: 0.51928, val_acc: 0.82480, train_loss: 0.42290, train_acc: 0.85818
[slurm61982040_gr016_gpu0_0] Sync pending: 304 items
Epoch 19 | val_loss: 0.52918, val_acc: 0.82640, train_loss: 0.41456, train_acc: 0.85740
Epoch 20 | val_loss: 0.53475, val_acc: 0.82560, train_loss: 0.39890, train_acc: 0.86304
[slurm61982040_gr016_gpu0_0] Sync pending: 304 items
Epoch 21 | val_loss: 0.65025, val_acc: 0.79520, train_loss: 0.38613, train_acc: 0.86987
Epoch 22 | val_loss: 0.48804, val_acc: 0.83540, train_loss: 0.36723, train_acc: 0.87507
[slurm61982040_gr016_gpu0_0] Sync pending: 304 items
Epoch 23 | val_loss: 0.50920, val_acc: 0.83180, train_loss: 0.36719, train_acc: 0.87504
Epoch 24 | val_loss: 0.67668, val_acc: 0.78280, train_loss: 0.34461, train_acc: 0.88384
[slurm61982040_gr016_gpu0_0] Sync pending: 304 items
Epoch 25 | val_loss: 0.41763, val_acc: 0.85940, train_loss: 0.33348, train_acc: 0.88671
Epoch 26 | val_loss: 0.46398, val_acc: 0.84760, train_loss: 0.31883, train_acc: 0.89058
[slurm61982040_gr016_gpu0_0] Sync pending: 304 items
Epoch 27 | val_loss: 0.43112, val_acc: 0.85840, train_loss: 0.30732, train_acc: 0.89564
Epoch 28 | val_loss: 0.63392, val_acc: 0.80520, train_loss: 0.28367, train_acc: 0.90280
[slurm61982040_gr016_gpu0_0] Sync pending: 312 items
Epoch 29 | val_loss: 0.40294, val_acc: 0.86800, train_loss: 0.27789, train_acc: 0.90596
Epoch 30 | val_loss: 0.42879, val_acc: 0.85540, train_loss: 0.25999, train_acc: 0.91267
[slurm61982040_gr016_gpu0_0] Sync pending: 320 items
Epoch 31 | val_loss: 0.41439, val_acc: 0.86640, train_loss: 0.24413, train_acc: 0.91520
Epoch 32 | val_loss: 0.33814, val_acc: 0.89200, train_loss: 0.22816, train_acc: 0.92156
[slurm61982040_gr016_gpu0_0] Sync pending: 328 items
Epoch 33 | val_loss: 0.40365, val_acc: 0.87200, train_loss: 0.20998, train_acc: 0.92867
Epoch 34 | val_loss: 0.40213, val_acc: 0.87100, train_loss: 0.18795, train_acc: 0.93562
[slurm61982040_gr016_gpu0_0] Sync pending: 332 items
Epoch 35 | val_loss: 0.42062, val_acc: 0.87260, train_loss: 0.17461, train_acc: 0.94058
Epoch 36 | val_loss: 0.33812, val_acc: 0.89120, train_loss: 0.15547, train_acc: 0.94700
[slurm61982040_gr016_gpu0_0] Sync pending: 332 items
Epoch 37 | val_loss: 0.31471, val_acc: 0.89640, train_loss: 0.13625, train_acc: 0.95287
Epoch 38 | val_loss: 0.28850, val_acc: 0.90840, train_loss: 0.11604, train_acc: 0.96098
[slurm61982040_gr016_gpu0_0] Sync pending: 340 items
Epoch 39 | val_loss: 0.30160, val_acc: 0.90860, train_loss: 0.09831, train_acc: 0.96680
Epoch 40 | val_loss: 0.29173, val_acc: 0.91340, train_loss: 0.08187, train_acc: 0.97276
[slurm61982040_gr016_gpu0_0] Sync pending: 344 items
Epoch 41 | val_loss: 0.27557, val_acc: 0.91920, train_loss: 0.06832, train_acc: 0.97713
Epoch 42 | val_loss: 0.26268, val_acc: 0.92120, train_loss: 0.05225, train_acc: 0.98309
[slurm61982040_gr016_gpu0_0] Sync pending: 344 items
Epoch 43 | val_loss: 0.25516, val_acc: 0.92500, train_loss: 0.03984, train_acc: 0.98753
Epoch 44 | val_loss: 0.25430, val_acc: 0.92640, train_loss: 0.02959, train_acc: 0.99084
[slurm61982040_gr016_gpu0_0] Sync pending: 344 items
Epoch 45 | val_loss: 0.24789, val_acc: 0.93020, train_loss: 0.02627, train_acc: 0.99213
Epoch 46 | val_loss: 0.24649, val_acc: 0.93040, train_loss: 0.01958, train_acc: 0.99431
Epoch 47 | val_loss: 0.25300, val_acc: 0.92980, train_loss: 0.01813, train_acc: 0.99516
[slurm61982040_gr016_gpu0_0] Sync pending: 344 items
Epoch 48 | val_loss: 0.25154, val_acc: 0.92980, train_loss: 0.01554, train_acc: 0.99549
Epoch 49 | val_loss: 0.25148, val_acc: 0.92960, train_loss: 0.01476, train_acc: 0.99638
[slurm61982040_gr016_gpu0_0] Job c651f5a5-d77e-4320-b989-1a0099d9c05d completed successfully
[slurm61982040_gr016_gpu0_0] Claimed job e0cbac16-84ea-4dac-84ff-cde93881d2cf (priority=190)
[slurm61982040_gr016_gpu0_0] Executing job e0cbac16-84ea-4dac-84ff-cde93881d2cf with _target_=dr_exp.trainers.decon_trainer.train_classification
[slurm61982040_gr016_gpu0_0] Sync pending: 356 items
Epoch 0 | val_loss: 2.32541, val_acc: 0.14062
`Trainer.fit` stopped: `max_epochs=50` reached.
GPU available: True (cuda), used: True
TPU available: False, using: 0 TPU cores
HPU available: False, using: 0 HPUs
LOCAL_RANK: 0 - CUDA_VISIBLE_DEVICES: [0]

  | Name      | Type             | Params | Mode 
-------------------------------------------------------
0 | model     | CifarResNet18    | 11.2 M | train
1 | criterion | CrossEntropyLoss | 0      | train
-------------------------------------------------------
11.2 M    Trainable params
0         Non-trainable params
11.2 M    Total params
44.696    Total estimated model params size (MB)
70        Modules in train mode
0         Modules in eval mode
SLURM auto-requeueing enabled. Setting signal handlers.
Epoch 0 | val_loss: 2.31792, val_acc: 0.09540
[slurm61982040_gr016_gpu0_0] Sync pending: 356 items
Epoch 1 | val_loss: 1.97918, val_acc: 0.30900, train_loss: 2.31636, train_acc: 0.10036
Epoch 2 | val_loss: 1.75221, val_acc: 0.38360, train_loss: 2.25030, train_acc: 0.15878
[slurm61982040_gr016_gpu0_0] Sync pending: 356 items
Epoch 3 | val_loss: 1.64737, val_acc: 0.44940, train_loss: 2.17019, train_acc: 0.20647
[slurm61982040_gr016_gpu0_0] Sync pending: 356 items
Epoch 4 | val_loss: 1.61899, val_acc: 0.42440, train_loss: 2.12051, train_acc: 0.24353
Epoch 5 | val_loss: 1.41738, val_acc: 0.52380, train_loss: 2.08793, train_acc: 0.26262
[slurm61982040_gr016_gpu0_0] Sync pending: 360 items
Epoch 6 | val_loss: 1.33535, val_acc: 0.58320, train_loss: 2.05349, train_acc: 0.29482
Epoch 7 | val_loss: 1.29423, val_acc: 0.57120, train_loss: 2.00620, train_acc: 0.32596
[slurm61982040_gr016_gpu0_0] Sync pending: 360 items
Epoch 8 | val_loss: 1.16968, val_acc: 0.63160, train_loss: 1.98110, train_acc: 0.33909
[slurm61982040_gr016_gpu0_0] Sync pending: 360 items
Epoch 9 | val_loss: 1.12811, val_acc: 0.65780, train_loss: 1.92528, train_acc: 0.38156
Epoch 10 | val_loss: 1.09516, val_acc: 0.68780, train_loss: 1.91303, train_acc: 0.36098
[slurm61982040_gr016_gpu0_0] Sync pending: 360 items
Epoch 11 | val_loss: 1.02097, val_acc: 0.68720, train_loss: 1.90660, train_acc: 0.39224
Epoch 12 | val_loss: 1.01895, val_acc: 0.71420, train_loss: 1.87669, train_acc: 0.39162
[slurm61982040_gr016_gpu0_0] Sync pending: 364 items
Epoch 13 | val_loss: 1.01405, val_acc: 0.71960, train_loss: 1.86428, train_acc: 0.40267
Epoch 14 | val_loss: 0.96906, val_acc: 0.73960, train_loss: 1.85194, train_acc: 0.41922
[slurm61982040_gr016_gpu0_0] Sync pending: 364 items
Epoch 15 | val_loss: 1.01511, val_acc: 0.70920, train_loss: 1.83363, train_acc: 0.41853
[slurm61982040_gr016_gpu0_0] Sync pending: 364 items
Epoch 16 | val_loss: 0.94909, val_acc: 0.73920, train_loss: 1.82204, train_acc: 0.44229
Epoch 17 | val_loss: 0.90942, val_acc: 0.76660, train_loss: 1.81545, train_acc: 0.42676
[slurm61982040_gr016_gpu0_0] Sync pending: 364 items
Epoch 18 | val_loss: 0.92699, val_acc: 0.74680, train_loss: 1.82803, train_acc: 0.42049
Epoch 19 | val_loss: 0.91897, val_acc: 0.76160, train_loss: 1.77925, train_acc: 0.44231
[slurm61982040_gr016_gpu0_0] Sync pending: 364 items
Epoch 20 | val_loss: 0.91260, val_acc: 0.78340, train_loss: 1.79853, train_acc: 0.46251
Epoch 21 | val_loss: 0.87146, val_acc: 0.77460, train_loss: 1.77490, train_acc: 0.43982
[slurm61982040_gr016_gpu0_0] Sync pending: 364 items
Epoch 22 | val_loss: 0.91083, val_acc: 0.76160, train_loss: 1.77291, train_acc: 0.45636
[slurm61982040_gr016_gpu0_0] Sync pending: 364 items
Epoch 23 | val_loss: 0.84893, val_acc: 0.77940, train_loss: 1.76371, train_acc: 0.45364
Epoch 24 | val_loss: 0.88160, val_acc: 0.79420, train_loss: 1.76351, train_acc: 0.47151
[slurm61982040_gr016_gpu0_0] Sync pending: 368 items
Epoch 25 | val_loss: 0.82941, val_acc: 0.79500, train_loss: 1.76144, train_acc: 0.45676
Epoch 26 | val_loss: 0.83058, val_acc: 0.80780, train_loss: 1.75296, train_acc: 0.45902
[slurm61982040_gr016_gpu0_0] Sync pending: 368 items
Epoch 27 | val_loss: 0.84396, val_acc: 0.80700, train_loss: 1.75860, train_acc: 0.45369
[slurm61982040_gr016_gpu0_0] Sync pending: 372 items
Epoch 28 | val_loss: 0.81068, val_acc: 0.80640, train_loss: 1.77610, train_acc: 0.47047
Epoch 29 | val_loss: 0.87396, val_acc: 0.80340, train_loss: 1.74790, train_acc: 0.47213
[slurm61982040_gr016_gpu0_0] Sync pending: 384 items
Epoch 30 | val_loss: 0.83320, val_acc: 0.79820, train_loss: 1.75186, train_acc: 0.48389
Epoch 31 | val_loss: 0.80008, val_acc: 0.82400, train_loss: 1.74635, train_acc: 0.47069
[slurm61982040_gr016_gpu0_0] Sync pending: 388 items
Epoch 32 | val_loss: 0.84843, val_acc: 0.80080, train_loss: 1.72388, train_acc: 0.47867
Epoch 33 | val_loss: 0.82385, val_acc: 0.81800, train_loss: 1.72159, train_acc: 0.48527
[slurm61982040_gr016_gpu0_0] Sync pending: 388 items
Epoch 34 | val_loss: 0.80203, val_acc: 0.82060, train_loss: 1.71496, train_acc: 0.48187
[slurm61982040_gr016_gpu0_0] Sync pending: 392 items
Epoch 35 | val_loss: 0.78174, val_acc: 0.82180, train_loss: 1.72807, train_acc: 0.47964
Epoch 36 | val_loss: 0.78532, val_acc: 0.82280, train_loss: 1.69315, train_acc: 0.48716
[slurm61982040_gr016_gpu0_0] Sync pending: 392 items
Epoch 37 | val_loss: 0.78543, val_acc: 0.83100, train_loss: 1.70375, train_acc: 0.47989
Epoch 38 | val_loss: 0.78652, val_acc: 0.82500, train_loss: 1.71017, train_acc: 0.47898
[slurm61982040_gr016_gpu0_0] Sync pending: 392 items
Epoch 39 | val_loss: 0.77153, val_acc: 0.83200, train_loss: 1.70785, train_acc: 0.49029
[slurm61982040_gr016_gpu0_0] Sync pending: 392 items
Epoch 40 | val_loss: 0.76701, val_acc: 0.82820, train_loss: 1.69027, train_acc: 0.49684
Epoch 41 | val_loss: 0.76845, val_acc: 0.83320, train_loss: 1.70476, train_acc: 0.49527
[slurm61982040_gr016_gpu0_0] Sync pending: 400 items
Epoch 42 | val_loss: 0.77507, val_acc: 0.82980, train_loss: 1.69107, train_acc: 0.46713
Epoch 43 | val_loss: 0.76847, val_acc: 0.82720, train_loss: 1.69649, train_acc: 0.51613
[slurm61982040_gr016_gpu0_0] Sync pending: 400 items
Epoch 44 | val_loss: 0.76349, val_acc: 0.83240, train_loss: 1.68145, train_acc: 0.50156
Epoch 45 | val_loss: 0.78035, val_acc: 0.82800, train_loss: 1.68137, train_acc: 0.50591
[slurm61982040_gr016_gpu0_0] Sync pending: 404 items
Epoch 46 | val_loss: 0.76801, val_acc: 0.83100, train_loss: 1.71134, train_acc: 0.47944
[slurm61982040_gr016_gpu0_0] Sync pending: 404 items
Epoch 47 | val_loss: 0.76505, val_acc: 0.82980, train_loss: 1.67232, train_acc: 0.50453
Epoch 48 | val_loss: 0.77829, val_acc: 0.83300, train_loss: 1.70622, train_acc: 0.49780
[slurm61982040_gr016_gpu0_0] Sync pending: 408 items
Epoch 49 | val_loss: 0.77867, val_acc: 0.83080, train_loss: 1.68834, train_acc: 0.51722
[slurm61982040_gr016_gpu0_0] Job e0cbac16-84ea-4dac-84ff-cde93881d2cf completed successfully
[slurm61982040_gr016_gpu0_0] Claimed job cd0adb70-7dbf-42c5-8c93-bb264a439efb (priority=180)
[slurm61982040_gr016_gpu0_0] Executing job cd0adb70-7dbf-42c5-8c93-bb264a439efb with _target_=dr_exp.trainers.decon_trainer.train_classification
Epoch 0 | val_loss: 2.35303, val_acc: 0.08594
`Trainer.fit` stopped: `max_epochs=50` reached.
GPU available: True (cuda), used: True
TPU available: False, using: 0 TPU cores
HPU available: False, using: 0 HPUs
LOCAL_RANK: 0 - CUDA_VISIBLE_DEVICES: [0]

  | Name      | Type             | Params | Mode 
-------------------------------------------------------
0 | model     | CifarResNet18    | 11.2 M | train
1 | criterion | CrossEntropyLoss | 0      | train
-------------------------------------------------------
11.2 M    Trainable params
0         Non-trainable params
11.2 M    Total params
44.696    Total estimated model params size (MB)
70        Modules in train mode
0         Modules in eval mode
SLURM auto-requeueing enabled. Setting signal handlers.
[slurm61982040_gr016_gpu0_0] Sync pending: 412 items
Epoch 0 | val_loss: 2.31591, val_acc: 0.10360
Epoch 1 | val_loss: 1.89371, val_acc: 0.29220, train_loss: 2.31675, train_acc: 0.10067
[slurm61982040_gr016_gpu0_0] Sync pending: 416 items
Epoch 2 | val_loss: 1.68037, val_acc: 0.41680, train_loss: 2.24119, train_acc: 0.15949
Epoch 3 | val_loss: 1.54139, val_acc: 0.47020, train_loss: 2.14750, train_acc: 0.22344
[slurm61982040_gr016_gpu0_0] Sync pending: 416 items
Epoch 4 | val_loss: 1.37501, val_acc: 0.55220, train_loss: 2.10453, train_acc: 0.25418
Epoch 5 | val_loss: 1.32006, val_acc: 0.56560, train_loss: 2.07279, train_acc: 0.27249
[slurm61982040_gr016_gpu0_0] Sync pending: 416 items
Epoch 6 | val_loss: 1.20472, val_acc: 0.59200, train_loss: 2.04124, train_acc: 0.30187
[slurm61982040_gr016_gpu0_0] Sync pending: 420 items
Epoch 7 | val_loss: 1.12968, val_acc: 0.65700, train_loss: 1.97074, train_acc: 0.33860
Epoch 8 | val_loss: 1.03673, val_acc: 0.68520, train_loss: 1.93685, train_acc: 0.36116
[slurm61982040_gr016_gpu0_0] Sync pending: 420 items
Epoch 9 | val_loss: 1.05136, val_acc: 0.69700, train_loss: 1.92345, train_acc: 0.38273
Epoch 10 | val_loss: 1.01871, val_acc: 0.72000, train_loss: 1.87409, train_acc: 0.40504
[slurm61982040_gr016_gpu0_0] Sync pending: 420 items
Epoch 11 | val_loss: 1.00239, val_acc: 0.70980, train_loss: 1.86584, train_acc: 0.39196
[slurm61982040_gr016_gpu0_0] Sync pending: 420 items
Epoch 12 | val_loss: 0.93768, val_acc: 0.73940, train_loss: 1.82980, train_acc: 0.42169
Epoch 13 | val_loss: 0.86606, val_acc: 0.76820, train_loss: 1.80675, train_acc: 0.45167
[slurm61982040_gr016_gpu0_0] Sync pending: 420 items
Epoch 14 | val_loss: 0.94988, val_acc: 0.73760, train_loss: 1.79404, train_acc: 0.44824
Epoch 15 | val_loss: 0.84289, val_acc: 0.77480, train_loss: 1.80044, train_acc: 0.44889
[slurm61982040_gr016_gpu0_0] Sync pending: 424 items
Epoch 16 | val_loss: 0.86088, val_acc: 0.78860, train_loss: 1.79678, train_acc: 0.44747
Epoch 17 | val_loss: 0.87048, val_acc: 0.78340, train_loss: 1.77441, train_acc: 0.44367
[slurm61982040_gr016_gpu0_0] Sync pending: 428 items
Epoch 18 | val_loss: 0.90215, val_acc: 0.78680, train_loss: 1.78692, train_acc: 0.45127
[slurm61982040_gr016_gpu0_0] Sync pending: 432 items
Epoch 19 | val_loss: 0.80831, val_acc: 0.80520, train_loss: 1.75169, train_acc: 0.46378
Epoch 20 | val_loss: 0.86748, val_acc: 0.79080, train_loss: 1.75750, train_acc: 0.45529
[slurm61982040_gr016_gpu0_0] Sync pending: 432 items
Epoch 21 | val_loss: 0.82946, val_acc: 0.79780, train_loss: 1.76660, train_acc: 0.46664
Epoch 22 | val_loss: 0.84938, val_acc: 0.79640, train_loss: 1.73318, train_acc: 0.47096
[slurm61982040_gr016_gpu0_0] Sync pending: 436 items
Epoch 23 | val_loss: 0.80495, val_acc: 0.81500, train_loss: 1.72106, train_acc: 0.48429
[slurm61982040_gr016_gpu0_0] Sync pending: 436 items
Epoch 24 | val_loss: 0.79717, val_acc: 0.80900, train_loss: 1.71562, train_acc: 0.48347
Epoch 25 | val_loss: 0.79122, val_acc: 0.82420, train_loss: 1.72260, train_acc: 0.48918
[slurm61982040_gr016_gpu0_0] Sync pending: 440 items
Epoch 26 | val_loss: 0.82129, val_acc: 0.81380, train_loss: 1.70083, train_acc: 0.49073
Epoch 27 | val_loss: 0.82558, val_acc: 0.82540, train_loss: 1.72842, train_acc: 0.49011
[slurm61982040_gr016_gpu0_0] Sync pending: 440 items
Epoch 28 | val_loss: 0.77097, val_acc: 0.80140, train_loss: 1.70913, train_acc: 0.49302
Epoch 29 | val_loss: 0.75218, val_acc: 0.82540, train_loss: 1.69722, train_acc: 0.50071
[slurm61982040_gr016_gpu0_0] Sync pending: 444 items
Epoch 30 | val_loss: 0.74059, val_acc: 0.83940, train_loss: 1.68173, train_acc: 0.49809
[slurm61982040_gr016_gpu0_0] Sync pending: 452 items
Epoch 31 | val_loss: 0.80398, val_acc: 0.84020, train_loss: 1.69442, train_acc: 0.50178
Epoch 32 | val_loss: 0.76700, val_acc: 0.84260, train_loss: 1.68527, train_acc: 0.48167
[slurm61982040_gr016_gpu0_0] Sync pending: 456 items
Epoch 33 | val_loss: 0.72104, val_acc: 0.83620, train_loss: 1.68765, train_acc: 0.50656
Epoch 34 | val_loss: 0.77071, val_acc: 0.83460, train_loss: 1.68751, train_acc: 0.50740
[slurm61982040_gr016_gpu0_0] Sync pending: 456 items
Epoch 35 | val_loss: 0.71440, val_acc: 0.84380, train_loss: 1.67050, train_acc: 0.49229
[slurm61982040_gr016_gpu0_0] Sync pending: 456 items
Epoch 36 | val_loss: 0.75276, val_acc: 0.85040, train_loss: 1.65102, train_acc: 0.49940
Epoch 37 | val_loss: 0.76670, val_acc: 0.84740, train_loss: 1.66643, train_acc: 0.48989
[slurm61982040_gr016_gpu0_0] Sync pending: 464 items
Epoch 38 | val_loss: 0.71743, val_acc: 0.84820, train_loss: 1.66308, train_acc: 0.50653
Epoch 39 | val_loss: 0.69432, val_acc: 0.85720, train_loss: 1.64808, train_acc: 0.53218
[slurm61982040_gr016_gpu0_0] Sync pending: 468 items
Epoch 40 | val_loss: 0.71057, val_acc: 0.85240, train_loss: 1.64954, train_acc: 0.49913
Epoch 41 | val_loss: 0.71863, val_acc: 0.85720, train_loss: 1.64708, train_acc: 0.52789
[slurm61982040_gr016_gpu0_0] Sync pending: 468 items
Epoch 42 | val_loss: 0.73174, val_acc: 0.85800, train_loss: 1.64961, train_acc: 0.53809
[slurm61982040_gr016_gpu0_0] Sync pending: 472 items
Epoch 43 | val_loss: 0.74466, val_acc: 0.86300, train_loss: 1.67427, train_acc: 0.51387
Epoch 44 | val_loss: 0.71576, val_acc: 0.85900, train_loss: 1.63337, train_acc: 0.51036
[slurm61982040_gr016_gpu0_0] Sync pending: 472 items
Epoch 45 | val_loss: 0.73063, val_acc: 0.86100, train_loss: 1.66935, train_acc: 0.52884
Epoch 46 | val_loss: 0.71844, val_acc: 0.86040, train_loss: 1.63681, train_acc: 0.53502
[slurm61982040_gr016_gpu0_0] Sync pending: 476 items
Epoch 47 | val_loss: 0.72964, val_acc: 0.86140, train_loss: 1.64663, train_acc: 0.53116
Epoch 48 | val_loss: 0.74127, val_acc: 0.85980, train_loss: 1.65902, train_acc: 0.53382
[slurm61982040_gr016_gpu0_0] Sync pending: 476 items
Epoch 49 | val_loss: 0.71852, val_acc: 0.86060, train_loss: 1.64886, train_acc: 0.49973
[slurm61982040_gr016_gpu0_0] Job cd0adb70-7dbf-42c5-8c93-bb264a439efb completed successfully
[slurm61982040_gr016_gpu0_0] Claimed job fe15cadc-c1c1-4725-9a15-6b17634a428d (priority=165)
[slurm61982040_gr016_gpu0_0] Executing job fe15cadc-c1c1-4725-9a15-6b17634a428d with _target_=dr_exp.trainers.decon_trainer.train_classification
Epoch 0 | val_loss: 2.32820, val_acc: 0.11328
`Trainer.fit` stopped: `max_epochs=50` reached.
GPU available: True (cuda), used: True
TPU available: False, using: 0 TPU cores
HPU available: False, using: 0 HPUs
LOCAL_RANK: 0 - CUDA_VISIBLE_DEVICES: [0]

  | Name      | Type             | Params | Mode 
-------------------------------------------------------
0 | model     | CifarResNet18    | 11.2 M | train
1 | criterion | CrossEntropyLoss | 0      | train
-------------------------------------------------------
11.2 M    Trainable params
0         Non-trainable params
11.2 M    Total params
44.696    Total estimated model params size (MB)
70        Modules in train mode
0         Modules in eval mode
SLURM auto-requeueing enabled. Setting signal handlers.
[slurm61982040_gr016_gpu0_0] Sync pending: 480 items
Epoch 0 | val_loss: 2.30655, val_acc: 0.10820
Epoch 1 | val_loss: 1.47439, val_acc: 0.46180, train_loss: 2.30918, train_acc: 0.10507
[slurm61982040_gr016_gpu0_0] Sync pending: 480 items
Epoch 2 | val_loss: 1.07849, val_acc: 0.63280, train_loss: 1.83108, train_acc: 0.37453
Epoch 3 | val_loss: 0.85761, val_acc: 0.71100, train_loss: 1.53157, train_acc: 0.53476
[slurm61982040_gr016_gpu0_0] Sync pending: 480 items
Epoch 4 | val_loss: 0.75036, val_acc: 0.76080, train_loss: 1.32064, train_acc: 0.64693
Epoch 5 | val_loss: 0.86240, val_acc: 0.71660, train_loss: 1.17420, train_acc: 0.71073
[slurm61982040_gr016_gpu0_0] Sync pending: 480 items
Epoch 6 | val_loss: 0.78120, val_acc: 0.75140, train_loss: 1.10391, train_acc: 0.74336
[slurm61982040_gr016_gpu0_0] Sync pending: 484 items
Epoch 7 | val_loss: 0.77680, val_acc: 0.74800, train_loss: 1.01075, train_acc: 0.78291
Epoch 8 | val_loss: 0.65672, val_acc: 0.79360, train_loss: 0.96145, train_acc: 0.80447
[slurm61982040_gr016_gpu0_0] Sync pending: 484 items
Epoch 9 | val_loss: 0.58007, val_acc: 0.82860, train_loss: 0.92349, train_acc: 0.81958
Epoch 10 | val_loss: 0.64844, val_acc: 0.79600, train_loss: 0.89322, train_acc: 0.83140
[slurm61982040_gr016_gpu0_0] Sync pending: 484 items
Epoch 11 | val_loss: 0.58589, val_acc: 0.81460, train_loss: 0.87061, train_acc: 0.84202
Epoch 12 | val_loss: 0.50221, val_acc: 0.84920, train_loss: 0.84572, train_acc: 0.85213
[slurm61982040_gr016_gpu0_0] Sync pending: 484 items
Epoch 13 | val_loss: 0.47583, val_acc: 0.86240, train_loss: 0.82778, train_acc: 0.85824
Epoch 14 | val_loss: 0.54046, val_acc: 0.83600, train_loss: 0.81119, train_acc: 0.86662
[slurm61982040_gr016_gpu0_0] Sync pending: 488 items
Epoch 15 | val_loss: 0.50704, val_acc: 0.85140, train_loss: 0.80210, train_acc: 0.86971
Epoch 16 | val_loss: 0.50250, val_acc: 0.85200, train_loss: 0.78580, train_acc: 0.87753
[slurm61982040_gr016_gpu0_0] Sync pending: 488 items
Epoch 17 | val_loss: 0.45439, val_acc: 0.87120, train_loss: 0.77136, train_acc: 0.88331
Epoch 18 | val_loss: 0.46555, val_acc: 0.87240, train_loss: 0.75608, train_acc: 0.89156
[slurm61982040_gr016_gpu0_0] Sync pending: 488 items
Epoch 19 | val_loss: 0.45745, val_acc: 0.86280, train_loss: 0.75233, train_acc: 0.89336
Epoch 20 | val_loss: 0.43637, val_acc: 0.87320, train_loss: 0.73889, train_acc: 0.89749
[slurm61982040_gr016_gpu0_0] Sync pending: 492 items
Epoch 21 | val_loss: 0.42083, val_acc: 0.87980, train_loss: 0.72764, train_acc: 0.90284
Epoch 22 | val_loss: 0.49158, val_acc: 0.85760, train_loss: 0.72028, train_acc: 0.90582
[slurm61982040_gr016_gpu0_0] Sync pending: 500 items
Epoch 23 | val_loss: 0.39808, val_acc: 0.89080, train_loss: 0.70876, train_acc: 0.91198
[slurm61982040_gr016_gpu0_0] Sync pending: 504 items
Epoch 24 | val_loss: 0.43817, val_acc: 0.87400, train_loss: 0.69824, train_acc: 0.91587
Epoch 25 | val_loss: 0.40819, val_acc: 0.88800, train_loss: 0.68800, train_acc: 0.92087
[slurm61982040_gr016_gpu0_0] Sync pending: 508 items
Epoch 26 | val_loss: 0.44392, val_acc: 0.87060, train_loss: 0.68278, train_acc: 0.92247
Epoch 27 | val_loss: 0.41129, val_acc: 0.88040, train_loss: 0.67096, train_acc: 0.92700
[slurm61982040_gr016_gpu0_0] Sync pending: 516 items
Epoch 28 | val_loss: 0.40646, val_acc: 0.88840, train_loss: 0.66188, train_acc: 0.93242
Epoch 29 | val_loss: 0.38642, val_acc: 0.89480, train_loss: 0.65163, train_acc: 0.93593
[slurm61982040_gr016_gpu0_0] Sync pending: 524 items
Epoch 30 | val_loss: 0.36751, val_acc: 0.90060, train_loss: 0.63743, train_acc: 0.94427
Epoch 31 | val_loss: 0.36829, val_acc: 0.90080, train_loss: 0.62656, train_acc: 0.94864
[slurm61982040_gr016_gpu0_0] Sync pending: 524 items
Epoch 32 | val_loss: 0.34502, val_acc: 0.90620, train_loss: 0.61868, train_acc: 0.95118
Epoch 33 | val_loss: 0.37150, val_acc: 0.89900, train_loss: 0.60658, train_acc: 0.95642
[slurm61982040_gr016_gpu0_0] Sync pending: 524 items
Epoch 34 | val_loss: 0.33916, val_acc: 0.91080, train_loss: 0.59517, train_acc: 0.96207
Epoch 35 | val_loss: 0.36387, val_acc: 0.90320, train_loss: 0.58348, train_acc: 0.96804
[slurm61982040_gr016_gpu0_0] Sync pending: 524 items
Epoch 36 | val_loss: 0.32043, val_acc: 0.92120, train_loss: 0.57839, train_acc: 0.96933
Epoch 37 | val_loss: 0.33157, val_acc: 0.91740, train_loss: 0.56806, train_acc: 0.97496
[slurm61982040_gr016_gpu0_0] Sync pending: 528 items
Epoch 38 | val_loss: 0.31579, val_acc: 0.92200, train_loss: 0.55732, train_acc: 0.97898
[slurm61982040_gr016_gpu0_0] Sync pending: 528 items
Epoch 39 | val_loss: 0.30507, val_acc: 0.92760, train_loss: 0.54856, train_acc: 0.98324
Epoch 40 | val_loss: 0.30798, val_acc: 0.92560, train_loss: 0.54129, train_acc: 0.98564
[slurm61982040_gr016_gpu0_0] Sync pending: 532 items
Epoch 41 | val_loss: 0.29444, val_acc: 0.93080, train_loss: 0.53463, train_acc: 0.98867
Epoch 42 | val_loss: 0.29364, val_acc: 0.93060, train_loss: 0.53102, train_acc: 0.99024
[slurm61982040_gr016_gpu0_0] Sync pending: 540 items
Epoch 43 | val_loss: 0.28786, val_acc: 0.93320, train_loss: 0.52722, train_acc: 0.99167
Epoch 44 | val_loss: 0.28744, val_acc: 0.93320, train_loss: 0.52450, train_acc: 0.99300
[slurm61982040_gr016_gpu0_0] Sync pending: 540 items
Epoch 45 | val_loss: 0.28385, val_acc: 0.93400, train_loss: 0.52185, train_acc: 0.99391
Epoch 46 | val_loss: 0.28237, val_acc: 0.93440, train_loss: 0.51907, train_acc: 0.99529
[slurm61982040_gr016_gpu0_0] Sync pending: 544 items
Epoch 47 | val_loss: 0.28099, val_acc: 0.93500, train_loss: 0.51891, train_acc: 0.99533
Epoch 48 | val_loss: 0.28214, val_acc: 0.93380, train_loss: 0.51726, train_acc: 0.99573
[slurm61982040_gr016_gpu0_0] Sync pending: 544 items
Epoch 49 | val_loss: 0.28118, val_acc: 0.93520, train_loss: 0.51860, train_acc: 0.99524
[slurm61982040_gr016_gpu0_0] Job fe15cadc-c1c1-4725-9a15-6b17634a428d completed successfully
[slurm61982040_gr016_gpu0_0] Claimed job 48f38cc2-0fc7-4b5d-a12b-327ee4befb74 (priority=145)
[slurm61982040_gr016_gpu0_0] Executing job 48f38cc2-0fc7-4b5d-a12b-327ee4befb74 with _target_=dr_exp.trainers.decon_trainer.train_classification
Epoch 0 | val_loss: 2.36226, val_acc: 0.11719
`Trainer.fit` stopped: `max_epochs=50` reached.
GPU available: True (cuda), used: True
TPU available: False, using: 0 TPU cores
HPU available: False, using: 0 HPUs
LOCAL_RANK: 0 - CUDA_VISIBLE_DEVICES: [0]

  | Name      | Type             | Params | Mode 
-------------------------------------------------------
0 | model     | CifarAlexNet     | 2.4 M  | train
1 | criterion | CrossEntropyLoss | 0      | train
-------------------------------------------------------
2.4 M     Trainable params
0         Non-trainable params
2.4 M     Total params
9.768     Total estimated model params size (MB)
24        Modules in train mode
0         Modules in eval mode
SLURM auto-requeueing enabled. Setting signal handlers.
[slurm61982040_gr016_gpu0_0] Sync pending: 548 items
Epoch 0 | val_loss: 1.35886, val_acc: 0.50340
Epoch 1 | val_loss: 1.19123, val_acc: 0.58720, train_loss: 1.85367, train_acc: 0.36913
[slurm61982040_gr016_gpu0_0] Sync pending: 548 items
Epoch 2 | val_loss: 0.93386, val_acc: 0.68660, train_loss: 1.43786, train_acc: 0.57327
Epoch 3 | val_loss: 1.05052, val_acc: 0.65980, train_loss: 1.21304, train_acc: 0.68649
[slurm61982040_gr016_gpu0_0] Sync pending: 548 items
Epoch 4 | val_loss: 0.77347, val_acc: 0.74960, train_loss: 1.09957, train_acc: 0.74251
Epoch 5 | val_loss: 0.68244, val_acc: 0.78480, train_loss: 1.03518, train_acc: 0.76784
[slurm61982040_gr016_gpu0_0] Sync pending: 548 items
Epoch 6 | val_loss: 0.68691, val_acc: 0.78180, train_loss: 0.98387, train_acc: 0.79058
Epoch 7 | val_loss: 0.72258, val_acc: 0.76680, train_loss: 0.94605, train_acc: 0.80904
[slurm61982040_gr016_gpu0_0] Sync pending: 552 items
Epoch 8 | val_loss: 0.55451, val_acc: 0.83400, train_loss: 0.91173, train_acc: 0.82487
Epoch 9 | val_loss: 0.66522, val_acc: 0.78820, train_loss: 0.89221, train_acc: 0.83198
[slurm61982040_gr016_gpu0_0] Sync pending: 556 items
Epoch 10 | val_loss: 0.59742, val_acc: 0.81700, train_loss: 0.86885, train_acc: 0.84258
Epoch 11 | val_loss: 0.54639, val_acc: 0.83540, train_loss: 0.84780, train_acc: 0.85173
[slurm61982040_gr016_gpu0_0] Sync pending: 556 items
Epoch 12 | val_loss: 0.52861, val_acc: 0.83920, train_loss: 0.83169, train_acc: 0.85771
Epoch 13 | val_loss: 0.57683, val_acc: 0.82640, train_loss: 0.81722, train_acc: 0.86316
[slurm61982040_gr016_gpu0_0] Sync pending: 556 items
Epoch 14 | val_loss: 0.56735, val_acc: 0.82860, train_loss: 0.80336, train_acc: 0.86996
[slurm61982040_gr016_gpu0_0] Sync pending: 560 items
Epoch 15 | val_loss: 0.52000, val_acc: 0.84320, train_loss: 0.79936, train_acc: 0.87042
Epoch 16 | val_loss: 0.54820, val_acc: 0.83360, train_loss: 0.78859, train_acc: 0.87644
[slurm61982040_gr016_gpu0_0] Sync pending: 560 items
Epoch 17 | val_loss: 0.60220, val_acc: 0.81840, train_loss: 0.78207, train_acc: 0.87824
Epoch 18 | val_loss: 0.47842, val_acc: 0.85820, train_loss: 0.77165, train_acc: 0.88264
[slurm61982040_gr016_gpu0_0] Sync pending: 564 items
Epoch 19 | val_loss: 0.46059, val_acc: 0.86460, train_loss: 0.76971, train_acc: 0.88313
Epoch 20 | val_loss: 0.48883, val_acc: 0.85100, train_loss: 0.76302, train_acc: 0.88751
[slurm61982040_gr016_gpu0_0] Sync pending: 564 items
Epoch 21 | val_loss: 0.56758, val_acc: 0.82660, train_loss: 0.75728, train_acc: 0.88978
Epoch 22 | val_loss: 0.47776, val_acc: 0.86000, train_loss: 0.75510, train_acc: 0.89160
[slurm61982040_gr016_gpu0_0] Sync pending: 572 items
Epoch 23 | val_loss: 0.45164, val_acc: 0.87240, train_loss: 0.75112, train_acc: 0.89422
Epoch 24 | val_loss: 0.46742, val_acc: 0.86040, train_loss: 0.75191, train_acc: 0.89293
[slurm61982040_gr016_gpu0_0] Sync pending: 576 items
Epoch 25 | val_loss: 0.52415, val_acc: 0.84500, train_loss: 0.74371, train_acc: 0.89578
Epoch 26 | val_loss: 0.49223, val_acc: 0.85420, train_loss: 0.74245, train_acc: 0.89678
[slurm61982040_gr016_gpu0_0] Sync pending: 580 items
Epoch 27 | val_loss: 0.47955, val_acc: 0.85920, train_loss: 0.73546, train_acc: 0.89907
Epoch 28 | val_loss: 0.45456, val_acc: 0.87080, train_loss: 0.73227, train_acc: 0.90096
[slurm61982040_gr016_gpu0_0] Sync pending: 592 items
Epoch 29 | val_loss: 0.44282, val_acc: 0.87400, train_loss: 0.73905, train_acc: 0.89664
[slurm61982040_gr016_gpu0_0] Sync pending: 596 items
Epoch 30 | val_loss: 0.30782, val_acc: 0.92340, train_loss: 0.72799, train_acc: 0.90284
Epoch 31 | val_loss: 0.30219, val_acc: 0.92520, train_loss: 0.63414, train_acc: 0.94544
[slurm61982040_gr016_gpu0_0] Sync pending: 596 items
Epoch 32 | val_loss: 0.29082, val_acc: 0.92780, train_loss: 0.60436, train_acc: 0.95884
Epoch 33 | val_loss: 0.28877, val_acc: 0.92900, train_loss: 0.59292, train_acc: 0.96438
[slurm61982040_gr016_gpu0_0] Sync pending: 596 items
Epoch 34 | val_loss: 0.29110, val_acc: 0.92860, train_loss: 0.58453, train_acc: 0.96762
Epoch 35 | val_loss: 0.29110, val_acc: 0.92860, train_loss: 0.57711, train_acc: 0.97076
[slurm61982040_gr016_gpu0_0] Sync pending: 596 items
Epoch 36 | val_loss: 0.29053, val_acc: 0.92740, train_loss: 0.57366, train_acc: 0.97173
Epoch 37 | val_loss: 0.28411, val_acc: 0.93080, train_loss: 0.56844, train_acc: 0.97504
[slurm61982040_gr016_gpu0_0] Sync pending: 600 items
Epoch 38 | val_loss: 0.28551, val_acc: 0.92980, train_loss: 0.56398, train_acc: 0.97700
Epoch 39 | val_loss: 0.28422, val_acc: 0.93280, train_loss: 0.56050, train_acc: 0.97851
[slurm61982040_gr016_gpu0_0] Sync pending: 600 items
Epoch 40 | val_loss: 0.28581, val_acc: 0.93000, train_loss: 0.55779, train_acc: 0.97891
Epoch 41 | val_loss: 0.28625, val_acc: 0.93200, train_loss: 0.55323, train_acc: 0.98153
[slurm61982040_gr016_gpu0_0] Sync pending: 604 items
Epoch 42 | val_loss: 0.29168, val_acc: 0.92700, train_loss: 0.54975, train_acc: 0.98269
Epoch 43 | val_loss: 0.29059, val_acc: 0.93220, train_loss: 0.54585, train_acc: 0.98393
[slurm61982040_gr016_gpu0_0] Sync pending: 612 items
Epoch 44 | val_loss: 0.29370, val_acc: 0.92980, train_loss: 0.54457, train_acc: 0.98462
Epoch 45 | val_loss: 0.29766, val_acc: 0.92700, train_loss: 0.54269, train_acc: 0.98487
[slurm61982040_gr016_gpu0_0] Sync pending: 612 items
Epoch 46 | val_loss: 0.28859, val_acc: 0.93080, train_loss: 0.54106, train_acc: 0.98638
[slurm61982040_gr016_gpu0_0] Sync pending: 616 items
Epoch 47 | val_loss: 0.29388, val_acc: 0.92720, train_loss: 0.53989, train_acc: 0.98667
Epoch 48 | val_loss: 0.28201, val_acc: 0.93500, train_loss: 0.53704, train_acc: 0.98778
[slurm61982040_gr016_gpu0_0] Sync pending: 616 items
Epoch 49 | val_loss: 0.29039, val_acc: 0.93120, train_loss: 0.53549, train_acc: 0.98864
[slurm61982040_gr016_gpu0_0] Job 48f38cc2-0fc7-4b5d-a12b-327ee4befb74 completed successfully
[slurm61982040_gr016_gpu0_0] Claimed job 5206e40f-f5a9-4c92-912e-8a1099a49f48 (priority=115)
[slurm61982040_gr016_gpu0_0] Executing job 5206e40f-f5a9-4c92-912e-8a1099a49f48 with _target_=dr_exp.trainers.decon_trainer.train_classification
Epoch 0 | val_loss: 2.34776, val_acc: 0.10938
`Trainer.fit` stopped: `max_epochs=50` reached.
