GPU available: True (cuda), used: True
TPU available: False, using: 0 TPU cores
HPU available: False, using: 0 HPUs
/scratch/ddr8143/repos/dr_exp/.venv/lib/python3.12/site-packages/lightning/pytorch/trainer/connectors/logger_connector/logger_connector.py:76: Starting from v1.9.0, `tensorboardX` has been removed as a dependency of the `lightning.pytorch` package, due to potential conflicts with other packages in the ML ecosystem. For this reason, `logger=True` will use `CSVLogger` as the default logger, unless the `tensorboard` or `tensorboardX` packages are found. Please `pip install lightning[extra]` or one of them to enable TensorBoard support by default
LOCAL_RANK: 0 - CUDA_VISIBLE_DEVICES: [0]

  | Name      | Type             | Params | Mode 
-------------------------------------------------------
0 | model     | CifarResNet18    | 11.2 M | train
1 | criterion | CrossEntropyLoss | 0      | train
-------------------------------------------------------
11.2 M    Trainable params
0         Non-trainable params
11.2 M    Total params
44.696    Total estimated model params size (MB)
70        Modules in train mode
0         Modules in eval mode
SLURM auto-requeueing enabled. Setting signal handlers.
[SyncHandler] Failed to initialize Supabase: Supabase URL and key must be provided or set in environment
[SyncHandler] Sync disabled - files will remain in queue
[slurm61972820_gr070_gpu0_0] Sync disabled - Supabase not available
Sync: enabled (Supabase not available - queue only)
Starting worker slurm61972820_gr070_gpu0_0
Experiment: cluster_t0 at /scratch/ddr8143/logs/dcnn_workers
------------------------------------------------------------
[slurm61972820_gr070_gpu0_0] Worker started
[slurm61972820_gr070_gpu0_0] Sync thread started
[slurm61972820_gr070_gpu0_0] Heartbeat thread started
[slurm61972820_gr070_gpu0_0] No jobs available
[slurm61972820_gr070_gpu0_0] Claimed job ea677fb6-baab-4306-9235-f4e8c9f477e3 (priority=10)
[slurm61972820_gr070_gpu0_0] Executing job ea677fb6-baab-4306-9235-f4e8c9f477e3 with _target_=dr_exp.trainers.decon_trainer.train_classification
Epoch 0 | val_loss: 2.38067, val_acc: 0.09766
/scratch/ddr8143/repos/dr_exp/.venv/lib/python3.12/site-packages/torch/optim/lr_scheduler.py:198: UserWarning: The epoch parameter in `scheduler.step()` was not necessary and is being deprecated where possible. Please use `scheduler.step()` to step the scheduler. During the deprecation, if epoch is different from None, the closed form is used instead of the new chainable form, where available. Please open an issue if you are unable to replicate your use case: https://github.com/pytorch/pytorch/issues/new/choose.
  warnings.warn(EPOCH_DEPRECATION_WARNING, UserWarning)
`Trainer.fit` stopped: `max_epochs=50` reached.
GPU available: True (cuda), used: True
TPU available: False, using: 0 TPU cores
HPU available: False, using: 0 HPUs
LOCAL_RANK: 0 - CUDA_VISIBLE_DEVICES: [0]

  | Name      | Type             | Params | Mode 
-------------------------------------------------------
0 | model     | CifarResNet12    | 1.8 M  | train
1 | criterion | CrossEntropyLoss | 0      | train
-------------------------------------------------------
1.8 M     Trainable params
0         Non-trainable params
1.8 M     Total params
7.143     Total estimated model params size (MB)
36        Modules in train mode
0         Modules in eval mode
SLURM auto-requeueing enabled. Setting signal handlers.
Epoch 0 | val_loss: 2.36096, val_acc: 0.09160
Epoch 1 | val_loss: 1.68870, val_acc: 0.42660, train_loss: 2.34402, train_acc: 0.09980
Epoch 2 | val_loss: 1.59561, val_acc: 0.43280, train_loss: 2.20575, train_acc: 0.21431
Epoch 3 | val_loss: 1.40909, val_acc: 0.55120, train_loss: 2.05083, train_acc: 0.28311
Epoch 4 | val_loss: 1.22758, val_acc: 0.62780, train_loss: 1.99125, train_acc: 0.32896
Epoch 5 | val_loss: 1.31582, val_acc: 0.59840, train_loss: 1.90304, train_acc: 0.38473
Epoch 6 | val_loss: 1.11999, val_acc: 0.63960, train_loss: 1.84757, train_acc: 0.42487
Epoch 7 | val_loss: 1.13953, val_acc: 0.68420, train_loss: 1.83307, train_acc: 0.43127
Epoch 8 | val_loss: 1.03228, val_acc: 0.69700, train_loss: 1.79970, train_acc: 0.43218
Epoch 9 | val_loss: 1.07290, val_acc: 0.67840, train_loss: 1.74057, train_acc: 0.49102
Epoch 10 | val_loss: 0.97962, val_acc: 0.73860, train_loss: 1.71926, train_acc: 0.50056
Epoch 11 | val_loss: 0.97631, val_acc: 0.73400, train_loss: 1.71872, train_acc: 0.48989
Epoch 12 | val_loss: 0.87450, val_acc: 0.77200, train_loss: 1.70955, train_acc: 0.48496
Epoch 13 | val_loss: 1.02995, val_acc: 0.72420, train_loss: 1.69180, train_acc: 0.50604
Epoch 14 | val_loss: 0.94155, val_acc: 0.76140, train_loss: 1.68602, train_acc: 0.52687
Epoch 15 | val_loss: 0.88482, val_acc: 0.75800, train_loss: 1.68369, train_acc: 0.48156
Epoch 16 | val_loss: 0.92041, val_acc: 0.75760, train_loss: 1.68091, train_acc: 0.49847
Epoch 17 | val_loss: 0.83507, val_acc: 0.80400, train_loss: 1.67180, train_acc: 0.51044
Epoch 18 | val_loss: 0.93924, val_acc: 0.77120, train_loss: 1.66993, train_acc: 0.50862
Epoch 19 | val_loss: 0.91034, val_acc: 0.79240, train_loss: 1.66603, train_acc: 0.51860
Epoch 20 | val_loss: 0.79171, val_acc: 0.82220, train_loss: 1.64768, train_acc: 0.54198
Epoch 21 | val_loss: 0.84833, val_acc: 0.79820, train_loss: 1.64728, train_acc: 0.49947
Epoch 22 | val_loss: 0.81515, val_acc: 0.79320, train_loss: 1.62478, train_acc: 0.52444
Epoch 23 | val_loss: 0.78358, val_acc: 0.82200, train_loss: 1.62256, train_acc: 0.52796
Epoch 24 | val_loss: 0.77068, val_acc: 0.85180, train_loss: 1.63364, train_acc: 0.52409
Epoch 25 | val_loss: 0.78625, val_acc: 0.79800, train_loss: 1.61954, train_acc: 0.53071
Epoch 26 | val_loss: 0.78046, val_acc: 0.82680, train_loss: 1.59967, train_acc: 0.55836
Epoch 27 | val_loss: 0.73991, val_acc: 0.84600, train_loss: 1.60900, train_acc: 0.55418
Epoch 28 | val_loss: 0.74423, val_acc: 0.85440, train_loss: 1.59075, train_acc: 0.54853
Epoch 29 | val_loss: 0.88116, val_acc: 0.79680, train_loss: 1.58374, train_acc: 0.56078
Epoch 30 | val_loss: 0.65500, val_acc: 0.85680, train_loss: 1.56847, train_acc: 0.55347
Epoch 31 | val_loss: 0.62094, val_acc: 0.87340, train_loss: 1.55497, train_acc: 0.56789
Epoch 32 | val_loss: 0.70522, val_acc: 0.88380, train_loss: 1.54919, train_acc: 0.57960
Epoch 33 | val_loss: 0.68138, val_acc: 0.88500, train_loss: 1.57699, train_acc: 0.54460
Epoch 34 | val_loss: 0.66645, val_acc: 0.89220, train_loss: 1.56507, train_acc: 0.57840
Epoch 35 | val_loss: 0.68234, val_acc: 0.88120, train_loss: 1.54450, train_acc: 0.56729
Epoch 36 | val_loss: 0.65837, val_acc: 0.87400, train_loss: 1.53258, train_acc: 0.59107
Epoch 37 | val_loss: 0.60733, val_acc: 0.89540, train_loss: 1.52117, train_acc: 0.59456
Epoch 38 | val_loss: 0.64712, val_acc: 0.90040, train_loss: 1.50023, train_acc: 0.61209
Epoch 39 | val_loss: 0.61700, val_acc: 0.90240, train_loss: 1.51831, train_acc: 0.58449
Epoch 40 | val_loss: 0.64139, val_acc: 0.90380, train_loss: 1.48206, train_acc: 0.59560
Epoch 41 | val_loss: 0.63067, val_acc: 0.91500, train_loss: 1.48364, train_acc: 0.57618
Epoch 42 | val_loss: 0.64482, val_acc: 0.91700, train_loss: 1.49460, train_acc: 0.59467
Epoch 43 | val_loss: 0.53257, val_acc: 0.92780, train_loss: 1.47269, train_acc: 0.60578
Epoch 44 | val_loss: 0.56228, val_acc: 0.92240, train_loss: 1.46163, train_acc: 0.63082
Epoch 45 | val_loss: 0.58261, val_acc: 0.92760, train_loss: 1.46071, train_acc: 0.62149
[slurm61972820_gr070_gpu0_0] Sync pending: 4 items
Epoch 46 | val_loss: 0.56219, val_acc: 0.93360, train_loss: 1.44346, train_acc: 0.60589
[slurm61972820_gr070_gpu0_0] Sync pending: 20 items
Epoch 47 | val_loss: 0.51381, val_acc: 0.93340, train_loss: 1.43701, train_acc: 0.62993
Epoch 48 | val_loss: 0.57645, val_acc: 0.93140, train_loss: 1.44931, train_acc: 0.60607
[slurm61972820_gr070_gpu0_0] Sync pending: 24 items
Epoch 49 | val_loss: 0.56901, val_acc: 0.93340, train_loss: 1.41021, train_acc: 0.62269
[slurm61972820_gr070_gpu0_0] Job ea677fb6-baab-4306-9235-f4e8c9f477e3 completed successfully
[slurm61972820_gr070_gpu0_0] Claimed job 9bdef9a7-0166-4944-b75b-032153298213 (priority=10)
[slurm61972820_gr070_gpu0_0] Executing job 9bdef9a7-0166-4944-b75b-032153298213 with _target_=dr_exp.trainers.decon_trainer.train_classification
Epoch 0 | val_loss: 2.30258, val_acc: 0.12109
`Trainer.fit` stopped: `max_epochs=50` reached.
GPU available: True (cuda), used: True
TPU available: False, using: 0 TPU cores
HPU available: False, using: 0 HPUs
LOCAL_RANK: 0 - CUDA_VISIBLE_DEVICES: [0]

  | Name      | Type             | Params | Mode 
-------------------------------------------------------
0 | model     | CifarAlexNet     | 2.4 M  | train
1 | criterion | CrossEntropyLoss | 0      | train
-------------------------------------------------------
2.4 M     Trainable params
0         Non-trainable params
2.4 M     Total params
9.768     Total estimated model params size (MB)
24        Modules in train mode
0         Modules in eval mode
SLURM auto-requeueing enabled. Setting signal handlers.
Epoch 0 | val_loss: 1.83276, val_acc: 0.34600
[slurm61972820_gr070_gpu0_0] Sync pending: 30 items
Epoch 1 | val_loss: 1.60896, val_acc: 0.41100, train_loss: 2.13834, train_acc: 0.22340
Epoch 2 | val_loss: 1.29871, val_acc: 0.54660, train_loss: 1.86736, train_acc: 0.37153
[slurm61972820_gr070_gpu0_0] Sync pending: 25 items
Epoch 3 | val_loss: 1.30915, val_acc: 0.55580, train_loss: 1.69997, train_acc: 0.46016
Epoch 4 | val_loss: 1.10685, val_acc: 0.63660, train_loss: 1.58750, train_acc: 0.52247
[slurm61972820_gr070_gpu0_0] Sync pending: 24 items
Epoch 5 | val_loss: 1.01104, val_acc: 0.66600, train_loss: 1.48097, train_acc: 0.58136
Epoch 6 | val_loss: 0.96030, val_acc: 0.67780, train_loss: 1.40040, train_acc: 0.61876
[slurm61972820_gr070_gpu0_0] Sync pending: 19 items
Epoch 7 | val_loss: 0.96152, val_acc: 0.67680, train_loss: 1.35649, train_acc: 0.64456
Epoch 8 | val_loss: 0.91029, val_acc: 0.69140, train_loss: 1.31446, train_acc: 0.66371
[slurm61972820_gr070_gpu0_0] Sync pending: 16 items
Epoch 9 | val_loss: 0.83337, val_acc: 0.74100, train_loss: 1.28867, train_acc: 0.67780
Epoch 10 | val_loss: 0.81177, val_acc: 0.73200, train_loss: 1.26220, train_acc: 0.68991
[slurm61972820_gr070_gpu0_0] Sync pending: 16 items
Epoch 11 | val_loss: 0.82363, val_acc: 0.73160, train_loss: 1.23257, train_acc: 0.70531
Epoch 12 | val_loss: 0.78451, val_acc: 0.75260, train_loss: 1.21021, train_acc: 0.71676
[slurm61972820_gr070_gpu0_0] Sync pending: 11 items
Epoch 13 | val_loss: 0.75669, val_acc: 0.75000, train_loss: 1.20924, train_acc: 0.71678
Epoch 14 | val_loss: 0.75256, val_acc: 0.74700, train_loss: 1.19001, train_acc: 0.72773
[slurm61972820_gr070_gpu0_0] Sync pending: 9 items
Epoch 15 | val_loss: 0.69888, val_acc: 0.78460, train_loss: 1.17731, train_acc: 0.73171
Epoch 16 | val_loss: 0.85624, val_acc: 0.73020, train_loss: 1.17756, train_acc: 0.73236
[slurm61972820_gr070_gpu0_0] Sync pending: 6 items
Epoch 17 | val_loss: 0.83253, val_acc: 0.73560, train_loss: 1.15694, train_acc: 0.74124
Epoch 18 | val_loss: 0.76299, val_acc: 0.75960, train_loss: 1.15723, train_acc: 0.74256
Epoch 19 | val_loss: 0.69774, val_acc: 0.77240, train_loss: 1.15092, train_acc: 0.74551
[slurm61972820_gr070_gpu0_0] Sync pending: 2 items
Epoch 20 | val_loss: 0.73471, val_acc: 0.76120, train_loss: 1.13266, train_acc: 0.75442
Epoch 21 | val_loss: 0.83926, val_acc: 0.74460, train_loss: 1.14532, train_acc: 0.74789
[slurm61972820_gr070_gpu0_0] Sync pending: 2 items
Epoch 22 | val_loss: 0.81981, val_acc: 0.74060, train_loss: 1.12758, train_acc: 0.75551
Epoch 23 | val_loss: 0.70044, val_acc: 0.76720, train_loss: 1.12952, train_acc: 0.75376
Epoch 24 | val_loss: 0.65821, val_acc: 0.78420, train_loss: 1.12903, train_acc: 0.75247
Epoch 25 | val_loss: 0.69750, val_acc: 0.77380, train_loss: 1.11934, train_acc: 0.75931
[slurm61972820_gr070_gpu0_0] Sync pending: 4 items
Epoch 26 | val_loss: 0.72489, val_acc: 0.78140, train_loss: 1.10897, train_acc: 0.76360
Epoch 27 | val_loss: 0.71839, val_acc: 0.77900, train_loss: 1.10606, train_acc: 0.76647
[slurm61972820_gr070_gpu0_0] Sync pending: 4 items
Epoch 28 | val_loss: 0.70595, val_acc: 0.76760, train_loss: 1.09730, train_acc: 0.76836
Epoch 29 | val_loss: 0.65711, val_acc: 0.78220, train_loss: 1.10194, train_acc: 0.76729
[slurm61972820_gr070_gpu0_0] Sync pending: 3 items
Epoch 30 | val_loss: 0.50560, val_acc: 0.83540, train_loss: 1.09540, train_acc: 0.76993
Epoch 31 | val_loss: 0.50604, val_acc: 0.84420, train_loss: 0.96570, train_acc: 0.82796
[slurm61972820_gr070_gpu0_0] Sync pending: 3 items
Epoch 32 | val_loss: 0.50186, val_acc: 0.84140, train_loss: 0.91939, train_acc: 0.84553
Epoch 33 | val_loss: 0.49550, val_acc: 0.84980, train_loss: 0.89916, train_acc: 0.85604
[slurm61972820_gr070_gpu0_0] Sync pending: 7 items
Epoch 34 | val_loss: 0.47428, val_acc: 0.85580, train_loss: 0.88759, train_acc: 0.86104
Epoch 35 | val_loss: 0.54589, val_acc: 0.83080, train_loss: 0.87624, train_acc: 0.86513
[slurm61972820_gr070_gpu0_0] Sync pending: 10 items
Epoch 36 | val_loss: 0.45393, val_acc: 0.85720, train_loss: 0.86521, train_acc: 0.87109
Epoch 37 | val_loss: 0.46946, val_acc: 0.86000, train_loss: 0.86007, train_acc: 0.87242
[slurm61972820_gr070_gpu0_0] Sync pending: 13 items
Epoch 38 | val_loss: 0.48877, val_acc: 0.85220, train_loss: 0.85102, train_acc: 0.87633
Epoch 39 | val_loss: 0.48000, val_acc: 0.85440, train_loss: 0.84493, train_acc: 0.87922
[slurm61972820_gr070_gpu0_0] Sync pending: 13 items
Epoch 40 | val_loss: 0.48395, val_acc: 0.85640, train_loss: 0.84386, train_acc: 0.87907
Epoch 41 | val_loss: 0.46401, val_acc: 0.86200, train_loss: 0.83537, train_acc: 0.88216
[slurm61972820_gr070_gpu0_0] Sync pending: 13 items
Epoch 42 | val_loss: 0.46759, val_acc: 0.85620, train_loss: 0.83341, train_acc: 0.88496
Epoch 43 | val_loss: 0.46498, val_acc: 0.86340, train_loss: 0.82833, train_acc: 0.88629
[slurm61972820_gr070_gpu0_0] Sync pending: 9 items
Epoch 44 | val_loss: 0.45284, val_acc: 0.85740, train_loss: 0.82307, train_acc: 0.88760
Epoch 45 | val_loss: 0.45360, val_acc: 0.86200, train_loss: 0.81562, train_acc: 0.89093
[slurm61972820_gr070_gpu0_0] Sync pending: 5 items
Epoch 46 | val_loss: 0.46095, val_acc: 0.86480, train_loss: 0.81352, train_acc: 0.89278
Epoch 47 | val_loss: 0.47038, val_acc: 0.85700, train_loss: 0.81242, train_acc: 0.89440
[slurm61972820_gr070_gpu0_0] Sync pending: 1 items
Epoch 48 | val_loss: 0.46844, val_acc: 0.86660, train_loss: 0.80872, train_acc: 0.89529
Epoch 49 | val_loss: 0.46889, val_acc: 0.86260, train_loss: 0.80479, train_acc: 0.89824
[slurm61972820_gr070_gpu0_0] Job 9bdef9a7-0166-4944-b75b-032153298213 completed successfully
[slurm61972820_gr070_gpu0_0] Claimed job a2e596b6-73ee-4898-944c-6e2487ab6345 (priority=10)
[slurm61972820_gr070_gpu0_0] Executing job a2e596b6-73ee-4898-944c-6e2487ab6345 with _target_=dr_exp.trainers.decon_trainer.train_classification
Epoch 0 | val_loss: 2.34246, val_acc: 0.11328
`Trainer.fit` stopped: `max_epochs=50` reached.
GPU available: True (cuda), used: True
TPU available: False, using: 0 TPU cores
HPU available: False, using: 0 HPUs
LOCAL_RANK: 0 - CUDA_VISIBLE_DEVICES: [0]

  | Name      | Type             | Params | Mode 
-------------------------------------------------------
0 | model     | CifarResNet18    | 11.2 M | train
1 | criterion | CrossEntropyLoss | 0      | train
-------------------------------------------------------
11.2 M    Trainable params
0         Non-trainable params
11.2 M    Total params
44.657    Total estimated model params size (MB)
70        Modules in train mode
0         Modules in eval mode
SLURM auto-requeueing enabled. Setting signal handlers.
Epoch 0 | val_loss: 2.27526, val_acc: 0.22640
[slurm61972820_gr070_gpu0_0] Sync pending: 5 items
Epoch 1 | val_loss: 1.91972, val_acc: 0.35320, train_loss: 2.73780, train_acc: 0.20733
Epoch 2 | val_loss: 1.54989, val_acc: 0.45280, train_loss: 2.19301, train_acc: 0.30364
Epoch 3 | val_loss: 1.49697, val_acc: 0.49040, train_loss: 1.90360, train_acc: 0.40071
[slurm61972820_gr070_gpu0_0] Sync pending: 9 items
Epoch 4 | val_loss: 1.39549, val_acc: 0.52460, train_loss: 1.72575, train_acc: 0.46989
Epoch 5 | val_loss: 1.26818, val_acc: 0.56160, train_loss: 1.61029, train_acc: 0.52278
Epoch 6 | val_loss: 1.17870, val_acc: 0.59560, train_loss: 1.54004, train_acc: 0.55069
Epoch 7 | val_loss: 1.14138, val_acc: 0.60820, train_loss: 1.43442, train_acc: 0.59751
[slurm61972820_gr070_gpu0_0] Sync pending: 8 items
Epoch 8 | val_loss: 1.18671, val_acc: 0.60640, train_loss: 1.38643, train_acc: 0.61547
Epoch 9 | val_loss: 1.15481, val_acc: 0.60520, train_loss: 1.33993, train_acc: 0.63749
Epoch 10 | val_loss: 1.02218, val_acc: 0.66320, train_loss: 1.28282, train_acc: 0.66193
[slurm61972820_gr070_gpu0_0] Sync pending: 8 items
Epoch 11 | val_loss: 0.98157, val_acc: 0.67300, train_loss: 1.25098, train_acc: 0.67664
Epoch 12 | val_loss: 1.10792, val_acc: 0.61740, train_loss: 1.22896, train_acc: 0.68396
Epoch 13 | val_loss: 1.00415, val_acc: 0.66840, train_loss: 1.20029, train_acc: 0.69773
Epoch 14 | val_loss: 0.90274, val_acc: 0.70100, train_loss: 1.18962, train_acc: 0.70329
[slurm61972820_gr070_gpu0_0] Sync pending: 16 items
Epoch 15 | val_loss: 0.92280, val_acc: 0.69780, train_loss: 1.17321, train_acc: 0.71100
Epoch 16 | val_loss: 0.93211, val_acc: 0.69740, train_loss: 1.15167, train_acc: 0.72049
Epoch 17 | val_loss: 0.95401, val_acc: 0.68160, train_loss: 1.13206, train_acc: 0.72742
Epoch 18 | val_loss: 0.92120, val_acc: 0.69080, train_loss: 1.13030, train_acc: 0.72762
[slurm61972820_gr070_gpu0_0] Sync pending: 16 items
Epoch 19 | val_loss: 0.83247, val_acc: 0.72960, train_loss: 1.11393, train_acc: 0.73731
Epoch 20 | val_loss: 0.92734, val_acc: 0.69740, train_loss: 1.10066, train_acc: 0.74098
Epoch 21 | val_loss: 0.94473, val_acc: 0.68880, train_loss: 1.10105, train_acc: 0.74138
[slurm61972820_gr070_gpu0_0] Sync pending: 14 items
Epoch 22 | val_loss: 0.91131, val_acc: 0.69900, train_loss: 1.08852, train_acc: 0.74767
Epoch 23 | val_loss: 0.90593, val_acc: 0.70380, train_loss: 1.08617, train_acc: 0.75004
Epoch 24 | val_loss: 0.84600, val_acc: 0.72300, train_loss: 1.06086, train_acc: 0.75864
Epoch 25 | val_loss: 0.84254, val_acc: 0.73160, train_loss: 1.06109, train_acc: 0.75887
[slurm61972820_gr070_gpu0_0] Sync pending: 18 items
Epoch 26 | val_loss: 0.85288, val_acc: 0.71260, train_loss: 1.05850, train_acc: 0.76138
Epoch 27 | val_loss: 0.82262, val_acc: 0.73600, train_loss: 1.04855, train_acc: 0.76351
Epoch 28 | val_loss: 0.84864, val_acc: 0.72700, train_loss: 1.05770, train_acc: 0.76282
[slurm61972820_gr070_gpu0_0] Sync pending: 19 items
Epoch 29 | val_loss: 0.84022, val_acc: 0.72420, train_loss: 1.04573, train_acc: 0.76669
Epoch 30 | val_loss: 0.65010, val_acc: 0.80060, train_loss: 1.03772, train_acc: 0.76960
Epoch 31 | val_loss: 0.62819, val_acc: 0.80660, train_loss: 0.83737, train_acc: 0.85976
Epoch 32 | val_loss: 0.62305, val_acc: 0.80920, train_loss: 0.77236, train_acc: 0.89209
[slurm61972820_gr070_gpu0_0] Sync pending: 27 items
Epoch 33 | val_loss: 0.62400, val_acc: 0.81120, train_loss: 0.73857, train_acc: 0.90889
Epoch 34 | val_loss: 0.61703, val_acc: 0.81020, train_loss: 0.71087, train_acc: 0.92229
Epoch 35 | val_loss: 0.61374, val_acc: 0.81280, train_loss: 0.68942, train_acc: 0.93322
Epoch 36 | val_loss: 0.62094, val_acc: 0.81360, train_loss: 0.67009, train_acc: 0.94276
[slurm61972820_gr070_gpu0_0] Sync pending: 26 items
Epoch 37 | val_loss: 0.61829, val_acc: 0.81440, train_loss: 0.65176, train_acc: 0.95182
Epoch 38 | val_loss: 0.61961, val_acc: 0.81240, train_loss: 0.63513, train_acc: 0.96013
Epoch 39 | val_loss: 0.62523, val_acc: 0.81380, train_loss: 0.62218, train_acc: 0.96616
[slurm61972820_gr070_gpu0_0] Sync pending: 23 items
Epoch 40 | val_loss: 0.62070, val_acc: 0.81720, train_loss: 0.60932, train_acc: 0.97173
Epoch 41 | val_loss: 0.62911, val_acc: 0.81400, train_loss: 0.59813, train_acc: 0.97667
Epoch 42 | val_loss: 0.63763, val_acc: 0.81540, train_loss: 0.58692, train_acc: 0.98180
Epoch 43 | val_loss: 0.63123, val_acc: 0.81320, train_loss: 0.57864, train_acc: 0.98471
[slurm61972820_gr070_gpu0_0] Sync pending: 23 items
Epoch 44 | val_loss: 0.63001, val_acc: 0.81800, train_loss: 0.57243, train_acc: 0.98691
Epoch 45 | val_loss: 0.63896, val_acc: 0.80940, train_loss: 0.56528, train_acc: 0.98956
Epoch 46 | val_loss: 0.63331, val_acc: 0.81680, train_loss: 0.55911, train_acc: 0.99138
[slurm61972820_gr070_gpu0_0] Sync pending: 23 items
Epoch 47 | val_loss: 0.63517, val_acc: 0.81920, train_loss: 0.55598, train_acc: 0.99218
Epoch 48 | val_loss: 0.63653, val_acc: 0.81280, train_loss: 0.55142, train_acc: 0.99396
Epoch 49 | val_loss: 0.64316, val_acc: 0.81240, train_loss: 0.54780, train_acc: 0.99471
[slurm61972820_gr070_gpu0_0] Job a2e596b6-73ee-4898-944c-6e2487ab6345 completed successfully
[slurm61972820_gr070_gpu0_0] Claimed job 3bdd2e55-61cb-4957-985b-b07b3d22abce (priority=10)
[slurm61972820_gr070_gpu0_0] Executing job 3bdd2e55-61cb-4957-985b-b07b3d22abce with _target_=dr_exp.trainers.decon_trainer.train_classification
Epoch 0 | val_loss: 2.30259, val_acc: 0.11719
`Trainer.fit` stopped: `max_epochs=50` reached.
GPU available: True (cuda), used: True
TPU available: False, using: 0 TPU cores
HPU available: False, using: 0 HPUs
LOCAL_RANK: 0 - CUDA_VISIBLE_DEVICES: [0]

  | Name      | Type             | Params | Mode 
-------------------------------------------------------
0 | model     | CifarAlexNet     | 2.4 M  | train
1 | criterion | CrossEntropyLoss | 0      | train
-------------------------------------------------------
2.4 M     Trainable params
0         Non-trainable params
2.4 M     Total params
9.768     Total estimated model params size (MB)
24        Modules in train mode
0         Modules in eval mode
SLURM auto-requeueing enabled. Setting signal handlers.
[slurm61972820_gr070_gpu0_0] Sync pending: 29 items
Epoch 0 | val_loss: 2.30490, val_acc: 0.09800
Epoch 1 | val_loss: 2.30441, val_acc: 0.10260, train_loss: 2.30391, train_acc: 0.09944
[slurm61972820_gr070_gpu0_0] Sync pending: 27 items
Epoch 2 | val_loss: 2.30467, val_acc: 0.09980, train_loss: 2.30192, train_acc: 0.10436
Epoch 3 | val_loss: 2.30307, val_acc: 0.10460, train_loss: 2.30396, train_acc: 0.09947
[slurm61972820_gr070_gpu0_0] Sync pending: 28 items
Epoch 4 | val_loss: 2.30457, val_acc: 0.09800, train_loss: 2.30423, train_acc: 0.10107
Epoch 5 | val_loss: 2.30691, val_acc: 0.10260, train_loss: 2.30416, train_acc: 0.10138
[slurm61972820_gr070_gpu0_0] Sync pending: 26 items
Epoch 6 | val_loss: 2.30561, val_acc: 0.09340, train_loss: 2.30400, train_acc: 0.09829
Epoch 7 | val_loss: 2.30384, val_acc: 0.09980, train_loss: 2.30414, train_acc: 0.09907
[slurm61972820_gr070_gpu0_0] Sync pending: 24 items
Epoch 8 | val_loss: 2.30431, val_acc: 0.09980, train_loss: 2.30400, train_acc: 0.10144
Epoch 9 | val_loss: 2.30542, val_acc: 0.09800, train_loss: 2.30421, train_acc: 0.10071
[slurm61972820_gr070_gpu0_0] Sync pending: 24 items
Epoch 10 | val_loss: 2.30612, val_acc: 0.09800, train_loss: 2.30412, train_acc: 0.09927
Epoch 11 | val_loss: 2.30324, val_acc: 0.11100, train_loss: 2.30391, train_acc: 0.10100
[slurm61972820_gr070_gpu0_0] Sync pending: 23 items
Epoch 12 | val_loss: 2.30292, val_acc: 0.10260, train_loss: 2.30421, train_acc: 0.10004
Epoch 13 | val_loss: 2.30278, val_acc: 0.09340, train_loss: 2.30388, train_acc: 0.09867
[slurm61972820_gr070_gpu0_0] Sync pending: 21 items
Epoch 14 | val_loss: 2.30440, val_acc: 0.09420, train_loss: 2.30423, train_acc: 0.09878
Epoch 15 | val_loss: 2.30370, val_acc: 0.11100, train_loss: 2.30408, train_acc: 0.09773
[slurm61972820_gr070_gpu0_0] Sync pending: 19 items
Epoch 16 | val_loss: 2.30381, val_acc: 0.11100, train_loss: 2.30422, train_acc: 0.09916
Epoch 17 | val_loss: 2.30410, val_acc: 0.10260, train_loss: 2.30396, train_acc: 0.09869
[slurm61972820_gr070_gpu0_0] Sync pending: 22 items
Epoch 18 | val_loss: 2.30502, val_acc: 0.09480, train_loss: 2.30398, train_acc: 0.10124
Epoch 19 | val_loss: 2.30278, val_acc: 0.11100, train_loss: 2.30429, train_acc: 0.09887
[slurm61972820_gr070_gpu0_0] Sync pending: 21 items
Epoch 20 | val_loss: 2.30486, val_acc: 0.09800, train_loss: 2.30391, train_acc: 0.10144
Epoch 21 | val_loss: 2.30585, val_acc: 0.09900, train_loss: 2.30420, train_acc: 0.10080
[slurm61972820_gr070_gpu0_0] Sync pending: 20 items
Epoch 22 | val_loss: 2.30338, val_acc: 0.09900, train_loss: 2.30408, train_acc: 0.09702
Epoch 23 | val_loss: 2.30596, val_acc: 0.09480, train_loss: 2.30425, train_acc: 0.09880
Epoch 24 | val_loss: 2.30279, val_acc: 0.11100, train_loss: 2.30407, train_acc: 0.09662
[slurm61972820_gr070_gpu0_0] Sync pending: 20 items
Epoch 25 | val_loss: 2.30226, val_acc: 0.11100, train_loss: 2.30426, train_acc: 0.10140
Epoch 26 | val_loss: 2.30255, val_acc: 0.10460, train_loss: 2.30425, train_acc: 0.10169
[slurm61972820_gr070_gpu0_0] Sync pending: 24 items
Epoch 27 | val_loss: 2.30399, val_acc: 0.09900, train_loss: 2.30398, train_acc: 0.09953
Epoch 28 | val_loss: 2.30501, val_acc: 0.09340, train_loss: 2.30401, train_acc: 0.10202
[slurm61972820_gr070_gpu0_0] Sync pending: 24 items
Epoch 29 | val_loss: 2.30493, val_acc: 0.09340, train_loss: 2.30392, train_acc: 0.09858
Epoch 30 | val_loss: 2.30233, val_acc: 0.11100, train_loss: 2.30399, train_acc: 0.09918
[slurm61972820_gr070_gpu0_0] Sync pending: 28 items
Epoch 31 | val_loss: 2.30314, val_acc: 0.09420, train_loss: 2.30300, train_acc: 0.10067
Epoch 32 | val_loss: 2.30334, val_acc: 0.09800, train_loss: 2.30280, train_acc: 0.09889
[slurm61972820_gr070_gpu0_0] Sync pending: 27 items
Epoch 33 | val_loss: 2.30306, val_acc: 0.09420, train_loss: 2.30276, train_acc: 0.10056
Epoch 34 | val_loss: 2.30282, val_acc: 0.09900, train_loss: 2.30275, train_acc: 0.09849
[slurm61972820_gr070_gpu0_0] Sync pending: 35 items
Epoch 35 | val_loss: 2.30283, val_acc: 0.09420, train_loss: 2.30278, train_acc: 0.09822
Epoch 36 | val_loss: 2.30302, val_acc: 0.09340, train_loss: 2.30278, train_acc: 0.09867
[slurm61972820_gr070_gpu0_0] Sync pending: 38 items
Epoch 37 | val_loss: 2.30296, val_acc: 0.09980, train_loss: 2.30275, train_acc: 0.10029
Epoch 38 | val_loss: 2.30316, val_acc: 0.09900, train_loss: 2.30278, train_acc: 0.09913
[slurm61972820_gr070_gpu0_0] Sync pending: 38 items
Epoch 39 | val_loss: 2.30279, val_acc: 0.09900, train_loss: 2.30277, train_acc: 0.09733
Epoch 40 | val_loss: 2.30258, val_acc: 0.09420, train_loss: 2.30278, train_acc: 0.09871
[slurm61972820_gr070_gpu0_0] Sync pending: 37 items
Epoch 41 | val_loss: 2.30274, val_acc: 0.10260, train_loss: 2.30275, train_acc: 0.09807
Epoch 42 | val_loss: 2.30306, val_acc: 0.09420, train_loss: 2.30276, train_acc: 0.09862
[slurm61972820_gr070_gpu0_0] Sync pending: 44 items
Epoch 43 | val_loss: 2.30317, val_acc: 0.09900, train_loss: 2.30278, train_acc: 0.09864
Epoch 44 | val_loss: 2.30301, val_acc: 0.09800, train_loss: 2.30280, train_acc: 0.09796
[slurm61972820_gr070_gpu0_0] Sync pending: 43 items
Epoch 45 | val_loss: 2.30297, val_acc: 0.10260, train_loss: 2.30275, train_acc: 0.10131
Epoch 46 | val_loss: 2.30291, val_acc: 0.09980, train_loss: 2.30277, train_acc: 0.10009
[slurm61972820_gr070_gpu0_0] Sync pending: 42 items
Epoch 47 | val_loss: 2.30286, val_acc: 0.09480, train_loss: 2.30277, train_acc: 0.09896
Epoch 48 | val_loss: 2.30311, val_acc: 0.09340, train_loss: 2.30277, train_acc: 0.09811
[slurm61972820_gr070_gpu0_0] Sync pending: 42 items
Epoch 49 | val_loss: 2.30324, val_acc: 0.09340, train_loss: 2.30272, train_acc: 0.10089
[slurm61972820_gr070_gpu0_0] Job 3bdd2e55-61cb-4957-985b-b07b3d22abce completed successfully
[slurm61972820_gr070_gpu0_0] Claimed job f737f86b-eafa-4365-8180-a6ac2ad3b61b (priority=10)
[slurm61972820_gr070_gpu0_0] Executing job f737f86b-eafa-4365-8180-a6ac2ad3b61b with _target_=dr_exp.trainers.decon_trainer.train_classification
Epoch 0 | val_loss: 2.34119, val_acc: 0.12891
`Trainer.fit` stopped: `max_epochs=50` reached.
GPU available: True (cuda), used: True
TPU available: False, using: 0 TPU cores
HPU available: False, using: 0 HPUs
LOCAL_RANK: 0 - CUDA_VISIBLE_DEVICES: [0]

  | Name      | Type             | Params | Mode 
-------------------------------------------------------
0 | model     | CifarResNet18    | 11.2 M | train
1 | criterion | CrossEntropyLoss | 0      | train
-------------------------------------------------------
11.2 M    Trainable params
0         Non-trainable params
11.2 M    Total params
44.696    Total estimated model params size (MB)
70        Modules in train mode
0         Modules in eval mode
SLURM auto-requeueing enabled. Setting signal handlers.
Epoch 0 | val_loss: 1.92505, val_acc: 0.31680
[slurm61972820_gr070_gpu0_0] Sync pending: 46 items
Epoch 1 | val_loss: 1.57744, val_acc: 0.43880, train_loss: 2.18650, train_acc: 0.27056
Epoch 2 | val_loss: 1.61735, val_acc: 0.42100, train_loss: 1.91276, train_acc: 0.37202
[slurm61972820_gr070_gpu0_0] Sync pending: 46 items
Epoch 3 | val_loss: 1.50863, val_acc: 0.47320, train_loss: 1.78952, train_acc: 0.42713
Epoch 4 | val_loss: 1.31757, val_acc: 0.54260, train_loss: 1.70837, train_acc: 0.46838
[slurm61972820_gr070_gpu0_0] Sync pending: 46 items
Epoch 5 | val_loss: 1.21816, val_acc: 0.58360, train_loss: 1.61712, train_acc: 0.51029
Epoch 6 | val_loss: 1.19848, val_acc: 0.58720, train_loss: 1.54409, train_acc: 0.54340
[slurm61972820_gr070_gpu0_0] Sync pending: 53 items
Epoch 7 | val_loss: 1.26890, val_acc: 0.56280, train_loss: 1.49625, train_acc: 0.56440
Epoch 8 | val_loss: 1.23993, val_acc: 0.58420, train_loss: 1.45188, train_acc: 0.58427
[slurm61972820_gr070_gpu0_0] Sync pending: 56 items
Epoch 9 | val_loss: 1.09991, val_acc: 0.62320, train_loss: 1.41863, train_acc: 0.59871
Epoch 10 | val_loss: 1.00040, val_acc: 0.66540, train_loss: 1.39213, train_acc: 0.61429
[slurm61972820_gr070_gpu0_0] Sync pending: 59 items
Epoch 11 | val_loss: 1.08111, val_acc: 0.62560, train_loss: 1.37107, train_acc: 0.61784
Epoch 12 | val_loss: 1.08346, val_acc: 0.63960, train_loss: 1.33970, train_acc: 0.63493
[slurm61972820_gr070_gpu0_0] Sync pending: 58 items
Epoch 13 | val_loss: 1.00267, val_acc: 0.67480, train_loss: 1.33569, train_acc: 0.63524
Epoch 14 | val_loss: 0.95931, val_acc: 0.68240, train_loss: 1.31866, train_acc: 0.64389
[slurm61972820_gr070_gpu0_0] Sync pending: 57 items
Epoch 15 | val_loss: 0.97001, val_acc: 0.67660, train_loss: 1.30778, train_acc: 0.65233
Epoch 16 | val_loss: 1.03751, val_acc: 0.64200, train_loss: 1.28687, train_acc: 0.65896
[slurm61972820_gr070_gpu0_0] Sync pending: 56 items
Epoch 17 | val_loss: 0.93346, val_acc: 0.68840, train_loss: 1.27264, train_acc: 0.66507
Epoch 18 | val_loss: 1.02094, val_acc: 0.66280, train_loss: 1.27251, train_acc: 0.66604
[slurm61972820_gr070_gpu0_0] Sync pending: 56 items
Epoch 19 | val_loss: 1.03348, val_acc: 0.65220, train_loss: 1.26252, train_acc: 0.67040
Epoch 20 | val_loss: 0.93265, val_acc: 0.68780, train_loss: 1.27325, train_acc: 0.66438
[slurm61972820_gr070_gpu0_0] Sync pending: 56 items
Epoch 21 | val_loss: 0.95805, val_acc: 0.68660, train_loss: 1.24677, train_acc: 0.67807
Epoch 22 | val_loss: 0.97489, val_acc: 0.67460, train_loss: 1.24867, train_acc: 0.67833
[slurm61972820_gr070_gpu0_0] Sync pending: 59 items
Epoch 23 | val_loss: 0.89991, val_acc: 0.70540, train_loss: 1.24676, train_acc: 0.67798
Epoch 24 | val_loss: 0.94718, val_acc: 0.68920, train_loss: 1.24037, train_acc: 0.68042
[slurm61972820_gr070_gpu0_0] Sync pending: 59 items
Epoch 25 | val_loss: 0.84464, val_acc: 0.71900, train_loss: 1.21502, train_acc: 0.69051
Epoch 26 | val_loss: 0.88284, val_acc: 0.70880, train_loss: 1.21596, train_acc: 0.68960
[slurm61972820_gr070_gpu0_0] Sync pending: 59 items
Epoch 27 | val_loss: 0.84877, val_acc: 0.71520, train_loss: 1.21894, train_acc: 0.69031
Epoch 28 | val_loss: 0.89551, val_acc: 0.70600, train_loss: 1.21726, train_acc: 0.69087
[slurm61972820_gr070_gpu0_0] Sync pending: 58 items
Epoch 29 | val_loss: 0.87192, val_acc: 0.71440, train_loss: 1.20804, train_acc: 0.69507
Epoch 30 | val_loss: 0.72771, val_acc: 0.76840, train_loss: 1.21183, train_acc: 0.69562
Epoch 31 | val_loss: 0.68918, val_acc: 0.78260, train_loss: 1.01750, train_acc: 0.77447
[slurm61972820_gr070_gpu0_0] Sync pending: 58 items
Epoch 32 | val_loss: 0.67821, val_acc: 0.78880, train_loss: 0.96857, train_acc: 0.79413
Epoch 33 | val_loss: 0.64655, val_acc: 0.79620, train_loss: 0.95015, train_acc: 0.80447
[slurm61972820_gr070_gpu0_0] Sync pending: 58 items
Epoch 34 | val_loss: 0.65522, val_acc: 0.79540, train_loss: 0.93677, train_acc: 0.80898
Epoch 35 | val_loss: 0.63238, val_acc: 0.80300, train_loss: 0.92221, train_acc: 0.81704
[slurm61972820_gr070_gpu0_0] Sync pending: 62 items
Epoch 36 | val_loss: 0.63408, val_acc: 0.80180, train_loss: 0.90722, train_acc: 0.82380
Epoch 37 | val_loss: 0.62392, val_acc: 0.80720, train_loss: 0.89912, train_acc: 0.82840
[slurm61972820_gr070_gpu0_0] Sync pending: 70 items
Epoch 38 | val_loss: 0.62060, val_acc: 0.80820, train_loss: 0.89004, train_acc: 0.83082
Epoch 39 | val_loss: 0.61743, val_acc: 0.81060, train_loss: 0.87749, train_acc: 0.83696
[slurm61972820_gr070_gpu0_0] Sync pending: 74 items
Epoch 40 | val_loss: 0.61093, val_acc: 0.81220, train_loss: 0.87203, train_acc: 0.83920
Epoch 41 | val_loss: 0.61364, val_acc: 0.81000, train_loss: 0.86522, train_acc: 0.84327
[slurm61972820_gr070_gpu0_0] Sync pending: 74 items
Epoch 42 | val_loss: 0.60623, val_acc: 0.81400, train_loss: 0.85986, train_acc: 0.84629
Epoch 43 | val_loss: 0.62226, val_acc: 0.80720, train_loss: 0.85274, train_acc: 0.84873
[slurm61972820_gr070_gpu0_0] Sync pending: 78 items
Epoch 44 | val_loss: 0.60610, val_acc: 0.81260, train_loss: 0.84664, train_acc: 0.85164
Epoch 45 | val_loss: 0.59116, val_acc: 0.81720, train_loss: 0.83763, train_acc: 0.85562
[slurm61972820_gr070_gpu0_0] Sync pending: 78 items
Epoch 46 | val_loss: 0.62035, val_acc: 0.81000, train_loss: 0.83751, train_acc: 0.85542
Epoch 47 | val_loss: 0.58692, val_acc: 0.81640, train_loss: 0.82872, train_acc: 0.86087
[slurm61972820_gr070_gpu0_0] Sync pending: 82 items
Epoch 48 | val_loss: 0.58843, val_acc: 0.81520, train_loss: 0.82896, train_acc: 0.86096
Epoch 49 | val_loss: 0.59779, val_acc: 0.81220, train_loss: 0.82115, train_acc: 0.86447
[slurm61972820_gr070_gpu0_0] Job f737f86b-eafa-4365-8180-a6ac2ad3b61b completed successfully
[slurm61972820_gr070_gpu0_0] Claimed job bee2bca7-abce-4711-8a2f-574684a3d310 (priority=10)
[slurm61972820_gr070_gpu0_0] Executing job bee2bca7-abce-4711-8a2f-574684a3d310 with _target_=dr_exp.trainers.decon_trainer.train_classification
Epoch 0 | val_loss: 2.34817, val_acc: 0.06641
`Trainer.fit` stopped: `max_epochs=50` reached.
GPU available: True (cuda), used: True
TPU available: False, using: 0 TPU cores
HPU available: False, using: 0 HPUs
LOCAL_RANK: 0 - CUDA_VISIBLE_DEVICES: [0]

  | Name      | Type             | Params | Mode 
-------------------------------------------------------
0 | model     | CifarAlexNet     | 2.4 M  | train
1 | criterion | CrossEntropyLoss | 0      | train
-------------------------------------------------------
2.4 M     Trainable params
0         Non-trainable params
2.4 M     Total params
9.768     Total estimated model params size (MB)
24        Modules in train mode
0         Modules in eval mode
SLURM auto-requeueing enabled. Setting signal handlers.
[slurm61972820_gr070_gpu0_0] Sync pending: 86 items
Epoch 0 | val_loss: 2.33770, val_acc: 0.09800
Epoch 1 | val_loss: 1.64576, val_acc: 0.42320, train_loss: 2.32830, train_acc: 0.10022
[slurm61972820_gr070_gpu0_0] Sync pending: 86 items
Epoch 2 | val_loss: 1.57978, val_acc: 0.44760, train_loss: 2.18280, train_acc: 0.23856
Epoch 3 | val_loss: 1.34428, val_acc: 0.58560, train_loss: 2.04664, train_acc: 0.29576
[slurm61972820_gr070_gpu0_0] Sync pending: 86 items
Epoch 4 | val_loss: 1.21989, val_acc: 0.66660, train_loss: 1.96460, train_acc: 0.34984
Epoch 5 | val_loss: 1.20130, val_acc: 0.65520, train_loss: 1.89915, train_acc: 0.37989
[slurm61972820_gr070_gpu0_0] Sync pending: 86 items
Epoch 6 | val_loss: 1.08247, val_acc: 0.70440, train_loss: 1.85382, train_acc: 0.40798
[slurm61972820_gr070_gpu0_0] Sync pending: 86 items
Epoch 7 | val_loss: 1.09978, val_acc: 0.69700, train_loss: 1.81387, train_acc: 0.44258
Epoch 8 | val_loss: 1.13138, val_acc: 0.67700, train_loss: 1.77709, train_acc: 0.45964
[slurm61972820_gr070_gpu0_0] Sync pending: 90 items
Epoch 9 | val_loss: 0.88837, val_acc: 0.76160, train_loss: 1.76684, train_acc: 0.47416
Epoch 10 | val_loss: 1.13476, val_acc: 0.64600, train_loss: 1.73647, train_acc: 0.47393
[slurm61972820_gr070_gpu0_0] Sync pending: 94 items
Epoch 11 | val_loss: 0.94046, val_acc: 0.75480, train_loss: 1.71770, train_acc: 0.45982
Epoch 12 | val_loss: 0.87331, val_acc: 0.78800, train_loss: 1.72734, train_acc: 0.48807
[slurm61972820_gr070_gpu0_0] Sync pending: 94 items
Epoch 13 | val_loss: 0.89506, val_acc: 0.76960, train_loss: 1.69075, train_acc: 0.49536
Epoch 14 | val_loss: 0.83001, val_acc: 0.79500, train_loss: 1.69405, train_acc: 0.52238
[slurm61972820_gr070_gpu0_0] Sync pending: 94 items
Epoch 15 | val_loss: 0.96705, val_acc: 0.75980, train_loss: 1.70649, train_acc: 0.49313
Epoch 16 | val_loss: 0.85450, val_acc: 0.80080, train_loss: 1.67348, train_acc: 0.51827
[slurm61972820_gr070_gpu0_0] Sync pending: 94 items
Epoch 17 | val_loss: 0.86716, val_acc: 0.81080, train_loss: 1.66972, train_acc: 0.51676
Epoch 18 | val_loss: 0.87328, val_acc: 0.79580, train_loss: 1.66985, train_acc: 0.52880
[slurm61972820_gr070_gpu0_0] Sync pending: 98 items
Epoch 19 | val_loss: 0.90153, val_acc: 0.78640, train_loss: 1.64969, train_acc: 0.52271
Epoch 20 | val_loss: 0.94597, val_acc: 0.75620, train_loss: 1.65455, train_acc: 0.52507
[slurm61972820_gr070_gpu0_0] Sync pending: 102 items
Epoch 21 | val_loss: 0.82377, val_acc: 0.81960, train_loss: 1.64659, train_acc: 0.51731
[slurm61972820_gr070_gpu0_0] Sync pending: 106 items
Epoch 22 | val_loss: 0.72012, val_acc: 0.85200, train_loss: 1.65133, train_acc: 0.53451
Epoch 23 | val_loss: 0.84902, val_acc: 0.78820, train_loss: 1.65336, train_acc: 0.52038
[slurm61972820_gr070_gpu0_0] Sync pending: 106 items
Epoch 24 | val_loss: 0.84672, val_acc: 0.83640, train_loss: 1.61570, train_acc: 0.53469
Epoch 25 | val_loss: 0.75906, val_acc: 0.80740, train_loss: 1.61010, train_acc: 0.53484
[slurm61972820_gr070_gpu0_0] Sync pending: 106 items
Epoch 26 | val_loss: 0.74291, val_acc: 0.84720, train_loss: 1.60695, train_acc: 0.50118
Epoch 27 | val_loss: 0.68143, val_acc: 0.85300, train_loss: 1.61005, train_acc: 0.54751
[slurm61972820_gr070_gpu0_0] Sync pending: 106 items
Epoch 28 | val_loss: 0.79355, val_acc: 0.84280, train_loss: 1.57911, train_acc: 0.59629
Epoch 29 | val_loss: 0.70942, val_acc: 0.85820, train_loss: 1.59732, train_acc: 0.55616
[slurm61972820_gr070_gpu0_0] Sync pending: 106 items
Epoch 30 | val_loss: 0.69062, val_acc: 0.86140, train_loss: 1.56899, train_acc: 0.56889
Epoch 31 | val_loss: 0.70475, val_acc: 0.85500, train_loss: 1.58362, train_acc: 0.57698
[slurm61972820_gr070_gpu0_0] Sync pending: 110 items
Epoch 32 | val_loss: 0.71404, val_acc: 0.85560, train_loss: 1.56677, train_acc: 0.56536
Epoch 33 | val_loss: 0.70435, val_acc: 0.87960, train_loss: 1.54508, train_acc: 0.55889
[slurm61972820_gr070_gpu0_0] Sync pending: 110 items
Epoch 34 | val_loss: 0.64013, val_acc: 0.89060, train_loss: 1.57627, train_acc: 0.56933
Epoch 35 | val_loss: 0.70640, val_acc: 0.88120, train_loss: 1.53963, train_acc: 0.57169
[slurm61972820_gr070_gpu0_0] Sync pending: 114 items
Epoch 36 | val_loss: 0.58637, val_acc: 0.89660, train_loss: 1.52337, train_acc: 0.59776
Epoch 37 | val_loss: 0.70594, val_acc: 0.88240, train_loss: 1.52694, train_acc: 0.59649
[slurm61972820_gr070_gpu0_0] Sync pending: 118 items
Epoch 38 | val_loss: 0.65131, val_acc: 0.91180, train_loss: 1.51530, train_acc: 0.59262
[slurm61972820_gr070_gpu0_0] Sync pending: 118 items
Epoch 39 | val_loss: 0.62748, val_acc: 0.90680, train_loss: 1.51487, train_acc: 0.58980
Epoch 40 | val_loss: 0.61009, val_acc: 0.91140, train_loss: 1.49534, train_acc: 0.57642
[slurm61972820_gr070_gpu0_0] Sync pending: 118 items
Epoch 41 | val_loss: 0.57051, val_acc: 0.91920, train_loss: 1.49432, train_acc: 0.56598
Epoch 42 | val_loss: 0.58549, val_acc: 0.91800, train_loss: 1.49826, train_acc: 0.60276
[slurm61972820_gr070_gpu0_0] Sync pending: 118 items
Epoch 43 | val_loss: 0.59326, val_acc: 0.92160, train_loss: 1.47608, train_acc: 0.59971
Epoch 44 | val_loss: 0.55906, val_acc: 0.92640, train_loss: 1.44891, train_acc: 0.59673
[slurm61972820_gr070_gpu0_0] Sync pending: 118 items
Epoch 45 | val_loss: 0.50669, val_acc: 0.93300, train_loss: 1.46125, train_acc: 0.59433
Epoch 46 | val_loss: 0.56834, val_acc: 0.93180, train_loss: 1.42806, train_acc: 0.60649
[slurm61972820_gr070_gpu0_0] Sync pending: 118 items
Epoch 47 | val_loss: 0.54811, val_acc: 0.93320, train_loss: 1.44724, train_acc: 0.63049
Epoch 48 | val_loss: 0.55434, val_acc: 0.93380, train_loss: 1.44974, train_acc: 0.60447
[slurm61972820_gr070_gpu0_0] Sync pending: 118 items
Epoch 49 | val_loss: 0.59798, val_acc: 0.93300, train_loss: 1.41624, train_acc: 0.61089
[slurm61972820_gr070_gpu0_0] Job bee2bca7-abce-4711-8a2f-574684a3d310 completed successfully
[slurm61972820_gr070_gpu0_0] Claimed job 4b2df564-072c-4fd2-93a9-a0d901143820 (priority=10)
[slurm61972820_gr070_gpu0_0] Executing job 4b2df564-072c-4fd2-93a9-a0d901143820 with _target_=dr_exp.trainers.decon_trainer.train_classification
Epoch 0 | val_loss: 2.30668, val_acc: 0.08984
`Trainer.fit` stopped: `max_epochs=50` reached.
GPU available: True (cuda), used: True
TPU available: False, using: 0 TPU cores
HPU available: False, using: 0 HPUs
LOCAL_RANK: 0 - CUDA_VISIBLE_DEVICES: [0]

  | Name      | Type             | Params | Mode 
-------------------------------------------------------
0 | model     | CifarResNet18    | 11.2 M | train
1 | criterion | CrossEntropyLoss | 0      | train
-------------------------------------------------------
11.2 M    Trainable params
0         Non-trainable params
11.2 M    Total params
44.696    Total estimated model params size (MB)
70        Modules in train mode
0         Modules in eval mode
SLURM auto-requeueing enabled. Setting signal handlers.
Epoch 0 | val_loss: 1.57316, val_acc: 0.42960
[slurm61972820_gr070_gpu0_0] Sync pending: 122 items
Epoch 1 | val_loss: 1.48702, val_acc: 0.47640, train_loss: 1.96976, train_acc: 0.29973
Epoch 2 | val_loss: 1.24488, val_acc: 0.56560, train_loss: 1.74094, train_acc: 0.42411
[slurm61972820_gr070_gpu0_0] Sync pending: 126 items
Epoch 3 | val_loss: 1.12705, val_acc: 0.61940, train_loss: 1.61984, train_acc: 0.49258
Epoch 4 | val_loss: 1.05212, val_acc: 0.64860, train_loss: 1.52308, train_acc: 0.54173
[slurm61972820_gr070_gpu0_0] Sync pending: 130 items
Epoch 5 | val_loss: 1.11654, val_acc: 0.62580, train_loss: 1.47871, train_acc: 0.56818
Epoch 6 | val_loss: 1.04660, val_acc: 0.64620, train_loss: 1.42495, train_acc: 0.59536
[slurm61972820_gr070_gpu0_0] Sync pending: 130 items
Epoch 7 | val_loss: 0.99231, val_acc: 0.67640, train_loss: 1.38259, train_acc: 0.61624
Epoch 8 | val_loss: 0.96757, val_acc: 0.68760, train_loss: 1.36004, train_acc: 0.62591
[slurm61972820_gr070_gpu0_0] Sync pending: 134 items
Epoch 9 | val_loss: 0.97382, val_acc: 0.68840, train_loss: 1.34788, train_acc: 0.63084
Epoch 10 | val_loss: 0.90262, val_acc: 0.70860, train_loss: 1.32565, train_acc: 0.64453
[slurm61972820_gr070_gpu0_0] Sync pending: 138 items
Epoch 11 | val_loss: 0.89383, val_acc: 0.71160, train_loss: 1.30246, train_acc: 0.65673
Epoch 12 | val_loss: 0.97439, val_acc: 0.67680, train_loss: 1.29228, train_acc: 0.66031
[slurm61972820_gr070_gpu0_0] Sync pending: 142 items
Epoch 13 | val_loss: 0.89658, val_acc: 0.71160, train_loss: 1.27170, train_acc: 0.67131
Epoch 14 | val_loss: 0.85302, val_acc: 0.71300, train_loss: 1.26618, train_acc: 0.67371
[slurm61972820_gr070_gpu0_0] Sync pending: 142 items
Epoch 15 | val_loss: 0.88942, val_acc: 0.71680, train_loss: 1.25381, train_acc: 0.67867
Epoch 16 | val_loss: 0.86487, val_acc: 0.72360, train_loss: 1.24247, train_acc: 0.68540
[slurm61972820_gr070_gpu0_0] Sync pending: 142 items
Epoch 17 | val_loss: 0.82992, val_acc: 0.72900, train_loss: 1.22655, train_acc: 0.69111
Epoch 18 | val_loss: 0.90162, val_acc: 0.70700, train_loss: 1.22300, train_acc: 0.69389
[slurm61972820_gr070_gpu0_0] Sync pending: 142 items
Epoch 19 | val_loss: 0.81928, val_acc: 0.73760, train_loss: 1.22407, train_acc: 0.69458
Epoch 20 | val_loss: 0.86157, val_acc: 0.71980, train_loss: 1.21361, train_acc: 0.69889
[slurm61972820_gr070_gpu0_0] Sync pending: 142 items
Epoch 21 | val_loss: 0.78093, val_acc: 0.74720, train_loss: 1.21019, train_acc: 0.70149
Epoch 22 | val_loss: 0.81921, val_acc: 0.74240, train_loss: 1.20299, train_acc: 0.70469
[slurm61972820_gr070_gpu0_0] Sync pending: 142 items
Epoch 23 | val_loss: 0.87991, val_acc: 0.71420, train_loss: 1.19538, train_acc: 0.70629
Epoch 24 | val_loss: 0.84347, val_acc: 0.73660, train_loss: 1.18612, train_acc: 0.70971
[slurm61972820_gr070_gpu0_0] Sync pending: 142 items
Epoch 25 | val_loss: 0.78148, val_acc: 0.76000, train_loss: 1.18902, train_acc: 0.71018
Epoch 26 | val_loss: 0.82432, val_acc: 0.73900, train_loss: 1.17500, train_acc: 0.71409
[slurm61972820_gr070_gpu0_0] Sync pending: 142 items
Epoch 27 | val_loss: 0.79389, val_acc: 0.74940, train_loss: 1.16392, train_acc: 0.71958
Epoch 28 | val_loss: 0.88311, val_acc: 0.72640, train_loss: 1.17108, train_acc: 0.71747
Epoch 29 | val_loss: 0.82371, val_acc: 0.74040, train_loss: 1.17255, train_acc: 0.71909
[slurm61972820_gr070_gpu0_0] Sync pending: 142 items
Epoch 30 | val_loss: 0.59900, val_acc: 0.81440, train_loss: 1.15665, train_acc: 0.72382
Epoch 31 | val_loss: 0.58177, val_acc: 0.82200, train_loss: 0.97755, train_acc: 0.79891
[slurm61972820_gr070_gpu0_0] Sync pending: 146 items
Epoch 32 | val_loss: 0.57971, val_acc: 0.82060, train_loss: 0.91986, train_acc: 0.82178
Epoch 33 | val_loss: 0.54752, val_acc: 0.83440, train_loss: 0.89508, train_acc: 0.83122
[slurm61972820_gr070_gpu0_0] Sync pending: 146 items
Epoch 34 | val_loss: 0.54191, val_acc: 0.83640, train_loss: 0.87835, train_acc: 0.83891
Epoch 35 | val_loss: 0.53273, val_acc: 0.83920, train_loss: 0.86778, train_acc: 0.84296
[slurm61972820_gr070_gpu0_0] Sync pending: 150 items
Epoch 36 | val_loss: 0.52570, val_acc: 0.84400, train_loss: 0.85026, train_acc: 0.84976
Epoch 37 | val_loss: 0.52556, val_acc: 0.83980, train_loss: 0.83805, train_acc: 0.85782
[slurm61972820_gr070_gpu0_0] Sync pending: 154 items
Epoch 38 | val_loss: 0.51966, val_acc: 0.84360, train_loss: 0.83107, train_acc: 0.85889
Epoch 39 | val_loss: 0.50628, val_acc: 0.85120, train_loss: 0.81814, train_acc: 0.86356
[slurm61972820_gr070_gpu0_0] Sync pending: 154 items
Epoch 40 | val_loss: 0.49080, val_acc: 0.85520, train_loss: 0.81387, train_acc: 0.86624
Epoch 41 | val_loss: 0.49443, val_acc: 0.85240, train_loss: 0.80372, train_acc: 0.86998
[slurm61972820_gr070_gpu0_0] Sync pending: 154 items
Epoch 42 | val_loss: 0.51563, val_acc: 0.84980, train_loss: 0.79519, train_acc: 0.87422
Epoch 43 | val_loss: 0.50346, val_acc: 0.85000, train_loss: 0.79002, train_acc: 0.87736
[slurm61972820_gr070_gpu0_0] Sync pending: 153 items
Epoch 44 | val_loss: 0.49614, val_acc: 0.84980, train_loss: 0.78391, train_acc: 0.87956
Epoch 45 | val_loss: 0.47430, val_acc: 0.85840, train_loss: 0.77874, train_acc: 0.88091
[slurm61972820_gr070_gpu0_0] Sync pending: 153 items
Epoch 46 | val_loss: 0.46590, val_acc: 0.86480, train_loss: 0.77207, train_acc: 0.88278
Epoch 47 | val_loss: 0.49172, val_acc: 0.85200, train_loss: 0.76658, train_acc: 0.88656
[slurm61972820_gr070_gpu0_0] Sync pending: 153 items
Epoch 48 | val_loss: 0.49378, val_acc: 0.85420, train_loss: 0.76285, train_acc: 0.88993
Epoch 49 | val_loss: 0.47697, val_acc: 0.85820, train_loss: 0.75937, train_acc: 0.89087
[slurm61972820_gr070_gpu0_0] Job 4b2df564-072c-4fd2-93a9-a0d901143820 completed successfully
[slurm61972820_gr070_gpu0_0] Claimed job 115a2e3c-a425-494e-8003-c1ebef6c462c (priority=10)
[slurm61972820_gr070_gpu0_0] Executing job 115a2e3c-a425-494e-8003-c1ebef6c462c with _target_=dr_exp.trainers.decon_trainer.train_classification
Epoch 0 | val_loss: 2.30218, val_acc: 0.11719
`Trainer.fit` stopped: `max_epochs=50` reached.
