2025-06-11 20:04:55,292 - dr_exp.worker.launcher - INFO - Starting launcher on node gr072
2025-06-11 20:04:55,292 - dr_exp.worker.launcher - INFO - Found 1 GPUs: [0]
2025-06-11 20:04:55,292 - dr_exp.worker.launcher - INFO - Spawning worker slurm61972869_gr072_gpu0_0 on GPU 0
2025-06-11 20:04:55,340 - dr_exp.worker.launcher - INFO - Running maintenance
2025-06-11 20:04:55,347 - dr_exp.worker.launcher - INFO - Workers alive: 1
2025-06-11 20:04:55,353 - dr_exp.worker.launcher - INFO - Jobs queued: 63
2025-06-11 20:04:55,354 - dr_exp.worker.launcher - INFO - Runtime: 0.0 hours
2025-06-11 20:14:55,674 - dr_exp.worker.launcher - INFO - Running maintenance
2025-06-11 20:14:55,680 - dr_exp.worker.launcher - INFO - Workers alive: 1
2025-06-11 20:14:55,687 - dr_exp.worker.launcher - INFO - Jobs queued: 55
2025-06-11 20:14:55,687 - dr_exp.worker.launcher - INFO - Runtime: 0.2 hours
2025-06-11 20:24:56,005 - dr_exp.worker.launcher - INFO - Running maintenance
2025-06-11 20:24:56,011 - dr_exp.worker.launcher - INFO - Workers alive: 1
2025-06-11 20:24:56,018 - dr_exp.worker.launcher - INFO - Jobs queued: 43
2025-06-11 20:24:56,018 - dr_exp.worker.launcher - INFO - Runtime: 0.3 hours
2025-06-11 20:34:56,350 - dr_exp.worker.launcher - INFO - Running maintenance
2025-06-11 20:34:56,357 - dr_exp.worker.launcher - INFO - Workers alive: 1
2025-06-11 20:34:56,363 - dr_exp.worker.launcher - INFO - Jobs queued: 34
2025-06-11 20:34:56,363 - dr_exp.worker.launcher - INFO - Runtime: 0.5 hours
2025-06-11 20:44:58,181 - dr_exp.worker.launcher - INFO - Running maintenance
2025-06-11 20:44:58,188 - dr_exp.worker.launcher - INFO - Workers alive: 1
2025-06-11 20:44:58,195 - dr_exp.worker.launcher - INFO - Jobs queued: 26
2025-06-11 20:44:58,195 - dr_exp.worker.launcher - INFO - Runtime: 0.7 hours
2025-06-11 20:54:58,537 - dr_exp.worker.launcher - INFO - Running maintenance
2025-06-11 20:54:58,544 - dr_exp.worker.launcher - INFO - Workers alive: 1
2025-06-11 20:54:58,550 - dr_exp.worker.launcher - INFO - Jobs queued: 16
2025-06-11 20:54:58,550 - dr_exp.worker.launcher - INFO - Runtime: 0.8 hours
2025-06-11 21:04:58,878 - dr_exp.worker.launcher - INFO - Running maintenance
2025-06-11 21:04:58,885 - dr_exp.worker.launcher - INFO - Workers alive: 1
2025-06-11 21:04:58,891 - dr_exp.worker.launcher - INFO - Jobs queued: 7
2025-06-11 21:04:58,891 - dr_exp.worker.launcher - INFO - Runtime: 1.0 hours
2025-06-11 21:14:59,212 - dr_exp.worker.launcher - INFO - Running maintenance
2025-06-11 21:14:59,219 - dr_exp.worker.launcher - INFO - Workers alive: 1
2025-06-11 21:14:59,225 - dr_exp.worker.launcher - INFO - Jobs queued: 2
2025-06-11 21:14:59,225 - dr_exp.worker.launcher - INFO - Runtime: 1.2 hours
2025-06-11 21:24:59,529 - dr_exp.worker.launcher - INFO - Running maintenance
2025-06-11 21:24:59,536 - dr_exp.worker.launcher - INFO - Workers alive: 1
2025-06-11 21:24:59,542 - dr_exp.worker.launcher - INFO - Jobs queued: 0
2025-06-11 21:24:59,542 - dr_exp.worker.launcher - INFO - Runtime: 1.3 hours
2025-06-11 21:34:59,822 - dr_exp.worker.launcher - INFO - Running maintenance
2025-06-11 21:34:59,829 - dr_exp.worker.launcher - INFO - Workers alive: 1
2025-06-11 21:34:59,836 - dr_exp.worker.launcher - INFO - Jobs queued: 0
2025-06-11 21:34:59,836 - dr_exp.worker.launcher - INFO - Runtime: 1.5 hours
2025-06-11 21:45:00,112 - dr_exp.worker.launcher - INFO - Running maintenance
2025-06-11 21:45:00,119 - dr_exp.worker.launcher - INFO - Workers alive: 1
2025-06-11 21:45:00,126 - dr_exp.worker.launcher - INFO - Jobs queued: 0
2025-06-11 21:45:00,126 - dr_exp.worker.launcher - INFO - Runtime: 1.7 hours
2025-06-11 21:55:00,398 - dr_exp.worker.launcher - INFO - Running maintenance
2025-06-11 21:55:00,405 - dr_exp.worker.launcher - INFO - Workers alive: 1
2025-06-11 21:55:00,411 - dr_exp.worker.launcher - INFO - Jobs queued: 0
2025-06-11 21:55:00,411 - dr_exp.worker.launcher - INFO - Runtime: 1.8 hours
2025-06-11 22:05:00,685 - dr_exp.worker.launcher - INFO - Running maintenance
2025-06-11 22:05:00,692 - dr_exp.worker.launcher - INFO - Workers alive: 1
2025-06-11 22:05:00,698 - dr_exp.worker.launcher - INFO - Jobs queued: 0
2025-06-11 22:05:00,698 - dr_exp.worker.launcher - INFO - Runtime: 2.0 hours
2025-06-11 22:15:00,966 - dr_exp.worker.launcher - INFO - Running maintenance
2025-06-11 22:15:00,973 - dr_exp.worker.launcher - INFO - Workers alive: 1
2025-06-11 22:15:00,979 - dr_exp.worker.launcher - INFO - Jobs queued: 0
2025-06-11 22:15:00,979 - dr_exp.worker.launcher - INFO - Runtime: 2.2 hours
2025-06-11 22:25:01,244 - dr_exp.worker.launcher - INFO - Running maintenance
2025-06-11 22:25:01,251 - dr_exp.worker.launcher - INFO - Workers alive: 1
2025-06-11 22:25:01,258 - dr_exp.worker.launcher - INFO - Jobs queued: 0
2025-06-11 22:25:01,258 - dr_exp.worker.launcher - INFO - Runtime: 2.3 hours
2025-06-11 22:35:01,522 - dr_exp.worker.launcher - INFO - Running maintenance
2025-06-11 22:35:01,529 - dr_exp.worker.launcher - INFO - Workers alive: 1
2025-06-11 22:35:01,535 - dr_exp.worker.launcher - INFO - Jobs queued: 0
2025-06-11 22:35:01,535 - dr_exp.worker.launcher - INFO - Runtime: 2.5 hours
2025-06-11 22:45:01,800 - dr_exp.worker.launcher - INFO - Running maintenance
2025-06-11 22:45:01,807 - dr_exp.worker.launcher - INFO - Workers alive: 1
2025-06-11 22:45:01,813 - dr_exp.worker.launcher - INFO - Jobs queued: 0
2025-06-11 22:45:01,813 - dr_exp.worker.launcher - INFO - Runtime: 2.7 hours
2025-06-11 22:55:02,077 - dr_exp.worker.launcher - INFO - Running maintenance
2025-06-11 22:55:02,084 - dr_exp.worker.launcher - INFO - Workers alive: 1
2025-06-11 22:55:02,091 - dr_exp.worker.launcher - INFO - Jobs queued: 0
2025-06-11 22:55:02,091 - dr_exp.worker.launcher - INFO - Runtime: 2.8 hours
2025-06-11 23:05:02,353 - dr_exp.worker.launcher - INFO - Running maintenance
2025-06-11 23:05:02,360 - dr_exp.worker.launcher - INFO - Workers alive: 1
2025-06-11 23:05:02,367 - dr_exp.worker.launcher - INFO - Jobs queued: 0
2025-06-11 23:05:02,367 - dr_exp.worker.launcher - INFO - Runtime: 3.0 hours
2025-06-11 23:15:02,627 - dr_exp.worker.launcher - INFO - Running maintenance
2025-06-11 23:15:02,634 - dr_exp.worker.launcher - INFO - Workers alive: 1
2025-06-11 23:15:02,640 - dr_exp.worker.launcher - INFO - Jobs queued: 0
2025-06-11 23:15:02,640 - dr_exp.worker.launcher - INFO - Runtime: 3.2 hours
2025-06-11 23:25:02,899 - dr_exp.worker.launcher - INFO - Running maintenance
2025-06-11 23:25:02,906 - dr_exp.worker.launcher - INFO - Workers alive: 1
2025-06-11 23:25:02,912 - dr_exp.worker.launcher - INFO - Jobs queued: 0
2025-06-11 23:25:02,912 - dr_exp.worker.launcher - INFO - Runtime: 3.3 hours
2025-06-11 23:35:03,171 - dr_exp.worker.launcher - INFO - Running maintenance
2025-06-11 23:35:03,178 - dr_exp.worker.launcher - INFO - Workers alive: 1
2025-06-11 23:35:03,184 - dr_exp.worker.launcher - INFO - Jobs queued: 0
2025-06-11 23:35:03,184 - dr_exp.worker.launcher - INFO - Runtime: 3.5 hours
2025-06-11 23:45:03,442 - dr_exp.worker.launcher - INFO - Running maintenance
2025-06-11 23:45:03,448 - dr_exp.worker.launcher - INFO - Workers alive: 1
2025-06-11 23:45:03,454 - dr_exp.worker.launcher - INFO - Jobs queued: 0
2025-06-11 23:45:03,455 - dr_exp.worker.launcher - INFO - Runtime: 3.7 hours
2025-06-11 23:55:03,711 - dr_exp.worker.launcher - INFO - Running maintenance
2025-06-11 23:55:03,718 - dr_exp.worker.launcher - INFO - Workers alive: 1
2025-06-11 23:55:03,724 - dr_exp.worker.launcher - INFO - Jobs queued: 0
2025-06-11 23:55:03,724 - dr_exp.worker.launcher - INFO - Runtime: 3.8 hours
