2025-06-11 19:50:50,759 - dr_exp.worker.launcher - INFO - Starting launcher on node gr069
2025-06-11 19:50:50,759 - dr_exp.worker.launcher - INFO - Found 1 GPUs: [0]
2025-06-11 19:50:50,759 - dr_exp.worker.launcher - INFO - Spawning worker slurm61972818_gr069_gpu0_0 on GPU 0
2025-06-11 19:50:50,763 - dr_exp.worker.launcher - INFO - Spawning worker slurm61972818_gr069_gpu0_1 on GPU 0
2025-06-11 19:50:50,823 - dr_exp.worker.launcher - INFO - Running maintenance
2025-06-11 19:50:50,827 - dr_exp.worker.launcher - INFO - Workers alive: 2
2025-06-11 19:50:50,831 - dr_exp.worker.launcher - INFO - Jobs queued: 43
2025-06-11 19:50:50,831 - dr_exp.worker.launcher - INFO - Runtime: 0.0 hours
2025-06-11 20:00:51,107 - dr_exp.worker.launcher - INFO - Running maintenance
2025-06-11 20:00:51,113 - dr_exp.worker.launcher - INFO - Workers alive: 2
2025-06-11 20:00:51,119 - dr_exp.worker.launcher - INFO - Jobs queued: 72
2025-06-11 20:00:51,119 - dr_exp.worker.launcher - INFO - Runtime: 0.2 hours
2025-06-11 20:10:51,427 - dr_exp.worker.launcher - INFO - Running maintenance
2025-06-11 20:10:51,433 - dr_exp.worker.launcher - INFO - Workers alive: 2
2025-06-11 20:10:51,440 - dr_exp.worker.launcher - INFO - Jobs queued: 58
2025-06-11 20:10:51,440 - dr_exp.worker.launcher - INFO - Runtime: 0.3 hours
2025-06-11 20:20:51,737 - dr_exp.worker.launcher - INFO - Running maintenance
2025-06-11 20:20:51,744 - dr_exp.worker.launcher - INFO - Workers alive: 2
2025-06-11 20:20:51,750 - dr_exp.worker.launcher - INFO - Jobs queued: 46
2025-06-11 20:20:51,750 - dr_exp.worker.launcher - INFO - Runtime: 0.5 hours
2025-06-11 20:30:52,055 - dr_exp.worker.launcher - INFO - Running maintenance
2025-06-11 20:30:52,062 - dr_exp.worker.launcher - INFO - Workers alive: 2
2025-06-11 20:30:52,068 - dr_exp.worker.launcher - INFO - Jobs queued: 40
2025-06-11 20:30:52,068 - dr_exp.worker.launcher - INFO - Runtime: 0.7 hours
2025-06-11 20:40:52,374 - dr_exp.worker.launcher - INFO - Running maintenance
2025-06-11 20:40:52,380 - dr_exp.worker.launcher - INFO - Workers alive: 2
2025-06-11 20:40:52,386 - dr_exp.worker.launcher - INFO - Jobs queued: 29
2025-06-11 20:40:52,386 - dr_exp.worker.launcher - INFO - Runtime: 0.8 hours
2025-06-11 20:50:52,970 - dr_exp.worker.launcher - INFO - Running maintenance
2025-06-11 20:50:52,977 - dr_exp.worker.launcher - INFO - Workers alive: 2
2025-06-11 20:50:52,983 - dr_exp.worker.launcher - INFO - Jobs queued: 19
2025-06-11 20:50:52,983 - dr_exp.worker.launcher - INFO - Runtime: 1.0 hours
2025-06-11 21:00:53,313 - dr_exp.worker.launcher - INFO - Running maintenance
2025-06-11 21:00:53,320 - dr_exp.worker.launcher - INFO - Workers alive: 2
2025-06-11 21:00:53,326 - dr_exp.worker.launcher - INFO - Jobs queued: 13
2025-06-11 21:00:53,326 - dr_exp.worker.launcher - INFO - Runtime: 1.2 hours
2025-06-11 21:10:53,643 - dr_exp.worker.launcher - INFO - Running maintenance
2025-06-11 21:10:53,651 - dr_exp.worker.launcher - INFO - Workers alive: 2
2025-06-11 21:10:53,657 - dr_exp.worker.launcher - INFO - Jobs queued: 4
2025-06-11 21:10:53,657 - dr_exp.worker.launcher - INFO - Runtime: 1.3 hours
2025-06-11 21:20:53,951 - dr_exp.worker.launcher - INFO - Running maintenance
2025-06-11 21:20:53,958 - dr_exp.worker.launcher - INFO - Workers alive: 2
2025-06-11 21:20:53,964 - dr_exp.worker.launcher - INFO - Jobs queued: 0
2025-06-11 21:20:53,964 - dr_exp.worker.launcher - INFO - Runtime: 1.5 hours
2025-06-11 21:30:54,223 - dr_exp.worker.launcher - INFO - Running maintenance
2025-06-11 21:30:54,230 - dr_exp.worker.launcher - INFO - Workers alive: 2
2025-06-11 21:30:54,236 - dr_exp.worker.launcher - INFO - Jobs queued: 0
2025-06-11 21:30:54,236 - dr_exp.worker.launcher - INFO - Runtime: 1.7 hours
2025-06-11 21:40:54,491 - dr_exp.worker.launcher - INFO - Running maintenance
2025-06-11 21:40:54,498 - dr_exp.worker.launcher - INFO - Workers alive: 2
2025-06-11 21:40:54,507 - dr_exp.worker.launcher - INFO - Jobs queued: 0
2025-06-11 21:40:54,508 - dr_exp.worker.launcher - INFO - Runtime: 1.8 hours
2025-06-11 21:50:54,760 - dr_exp.worker.launcher - INFO - Running maintenance
2025-06-11 21:50:54,767 - dr_exp.worker.launcher - INFO - Workers alive: 2
2025-06-11 21:50:54,773 - dr_exp.worker.launcher - INFO - Jobs queued: 0
2025-06-11 21:50:54,773 - dr_exp.worker.launcher - INFO - Runtime: 2.0 hours
2025-06-11 22:00:55,026 - dr_exp.worker.launcher - INFO - Running maintenance
2025-06-11 22:00:55,033 - dr_exp.worker.launcher - INFO - Workers alive: 2
2025-06-11 22:00:55,039 - dr_exp.worker.launcher - INFO - Jobs queued: 0
2025-06-11 22:00:55,039 - dr_exp.worker.launcher - INFO - Runtime: 2.2 hours
2025-06-11 22:10:55,294 - dr_exp.worker.launcher - INFO - Running maintenance
2025-06-11 22:10:55,300 - dr_exp.worker.launcher - INFO - Workers alive: 2
2025-06-11 22:10:55,306 - dr_exp.worker.launcher - INFO - Jobs queued: 0
2025-06-11 22:10:55,306 - dr_exp.worker.launcher - INFO - Runtime: 2.3 hours
2025-06-11 22:20:55,561 - dr_exp.worker.launcher - INFO - Running maintenance
2025-06-11 22:20:55,568 - dr_exp.worker.launcher - INFO - Workers alive: 2
2025-06-11 22:20:55,574 - dr_exp.worker.launcher - INFO - Jobs queued: 0
2025-06-11 22:20:55,574 - dr_exp.worker.launcher - INFO - Runtime: 2.5 hours
2025-06-11 22:30:55,828 - dr_exp.worker.launcher - INFO - Running maintenance
2025-06-11 22:30:55,834 - dr_exp.worker.launcher - INFO - Workers alive: 2
2025-06-11 22:30:55,840 - dr_exp.worker.launcher - INFO - Jobs queued: 0
2025-06-11 22:30:55,840 - dr_exp.worker.launcher - INFO - Runtime: 2.7 hours
2025-06-11 22:40:56,093 - dr_exp.worker.launcher - INFO - Running maintenance
2025-06-11 22:40:56,100 - dr_exp.worker.launcher - INFO - Workers alive: 2
2025-06-11 22:40:56,106 - dr_exp.worker.launcher - INFO - Jobs queued: 0
2025-06-11 22:40:56,106 - dr_exp.worker.launcher - INFO - Runtime: 2.8 hours
2025-06-11 22:50:56,358 - dr_exp.worker.launcher - INFO - Running maintenance
2025-06-11 22:50:56,365 - dr_exp.worker.launcher - INFO - Workers alive: 2
2025-06-11 22:50:56,371 - dr_exp.worker.launcher - INFO - Jobs queued: 0
2025-06-11 22:50:56,371 - dr_exp.worker.launcher - INFO - Runtime: 3.0 hours
2025-06-11 23:00:56,626 - dr_exp.worker.launcher - INFO - Running maintenance
2025-06-11 23:00:56,632 - dr_exp.worker.launcher - INFO - Workers alive: 2
2025-06-11 23:00:56,638 - dr_exp.worker.launcher - INFO - Jobs queued: 0
2025-06-11 23:00:56,638 - dr_exp.worker.launcher - INFO - Runtime: 3.2 hours
2025-06-11 23:10:56,894 - dr_exp.worker.launcher - INFO - Running maintenance
2025-06-11 23:10:56,901 - dr_exp.worker.launcher - INFO - Workers alive: 2
2025-06-11 23:10:56,906 - dr_exp.worker.launcher - INFO - Jobs queued: 0
2025-06-11 23:10:56,907 - dr_exp.worker.launcher - INFO - Runtime: 3.3 hours
2025-06-11 23:20:57,160 - dr_exp.worker.launcher - INFO - Running maintenance
2025-06-11 23:20:57,167 - dr_exp.worker.launcher - INFO - Workers alive: 2
2025-06-11 23:20:57,172 - dr_exp.worker.launcher - INFO - Jobs queued: 0
2025-06-11 23:20:57,173 - dr_exp.worker.launcher - INFO - Runtime: 3.5 hours
2025-06-11 23:30:57,427 - dr_exp.worker.launcher - INFO - Running maintenance
2025-06-11 23:30:57,433 - dr_exp.worker.launcher - INFO - Workers alive: 2
2025-06-11 23:30:57,439 - dr_exp.worker.launcher - INFO - Jobs queued: 0
2025-06-11 23:30:57,439 - dr_exp.worker.launcher - INFO - Runtime: 3.7 hours
2025-06-11 23:40:57,691 - dr_exp.worker.launcher - INFO - Running maintenance
2025-06-11 23:40:57,698 - dr_exp.worker.launcher - INFO - Workers alive: 2
2025-06-11 23:40:57,703 - dr_exp.worker.launcher - INFO - Jobs queued: 0
2025-06-11 23:40:57,703 - dr_exp.worker.launcher - INFO - Runtime: 3.8 hours
2025-06-11 23:50:57,955 - dr_exp.worker.launcher - INFO - Running maintenance
2025-06-11 23:50:57,961 - dr_exp.worker.launcher - INFO - Workers alive: 2
2025-06-11 23:50:57,967 - dr_exp.worker.launcher - INFO - Jobs queued: 0
2025-06-11 23:50:57,967 - dr_exp.worker.launcher - INFO - Runtime: 4.0 hours
2025-06-12 00:00:58,219 - dr_exp.worker.launcher - INFO - Running maintenance
2025-06-12 00:00:58,225 - dr_exp.worker.launcher - INFO - Workers alive: 2
2025-06-12 00:00:58,231 - dr_exp.worker.launcher - INFO - Jobs queued: 0
2025-06-12 00:00:58,231 - dr_exp.worker.launcher - INFO - Runtime: 4.2 hours
