GPU available: True (cuda), used: True
TPU available: False, using: 0 TPU cores
HPU available: False, using: 0 HPUs
/scratch/ddr8143/repos/dr_exp/.venv/lib/python3.12/site-packages/lightning/pytorch/trainer/connectors/logger_connector/logger_connector.py:76: Starting from v1.9.0, `tensorboardX` has been removed as a dependency of the `lightning.pytorch` package, due to potential conflicts with other packages in the ML ecosystem. For this reason, `logger=True` will use `CSVLogger` as the default logger, unless the `tensorboard` or `tensorboardX` packages are found. Please `pip install lightning[extra]` or one of them to enable TensorBoard support by default
LOCAL_RANK: 0 - CUDA_VISIBLE_DEVICES: [0]

  | Name      | Type             | Params | Mode 
-------------------------------------------------------
0 | model     | CifarResNet18    | 11.2 M | train
1 | criterion | CrossEntropyLoss | 0      | train
-------------------------------------------------------
11.2 M    Trainable params
0         Non-trainable params
11.2 M    Total params
44.696    Total estimated model params size (MB)
70        Modules in train mode
0         Modules in eval mode
[SyncHandler] Failed to initialize Supabase: Supabase URL and key must be provided or set in environment
[SyncHandler] Sync disabled - files will remain in queue
[slurm61964575_gr072_gpu0_0] Sync disabled - Supabase not available
Sync: enabled (Supabase not available - queue only)
Starting worker slurm61964575_gr072_gpu0_0
Experiment: cluster_t0 at /scratch/ddr8143/logs/dcnn_workers
------------------------------------------------------------
[slurm61964575_gr072_gpu0_0] Worker started
[slurm61964575_gr072_gpu0_0] Sync thread started
[slurm61964575_gr072_gpu0_0] Heartbeat thread started
[slurm61964575_gr072_gpu0_0] No jobs available
[slurm61964575_gr072_gpu0_0] No jobs available
[slurm61964575_gr072_gpu0_0] No jobs available
[slurm61964575_gr072_gpu0_0] No jobs available
[slurm61964575_gr072_gpu0_0] No jobs available
[slurm61964575_gr072_gpu0_0] No jobs available
[slurm61964575_gr072_gpu0_0] No jobs available
[slurm61964575_gr072_gpu0_0] No jobs available
[slurm61964575_gr072_gpu0_0] No jobs available
[slurm61964575_gr072_gpu0_0] No jobs available
[slurm61964575_gr072_gpu0_0] No jobs available
[slurm61964575_gr072_gpu0_0] No jobs available
[slurm61964575_gr072_gpu0_0] No jobs available
[slurm61964575_gr072_gpu0_0] No jobs available
[slurm61964575_gr072_gpu0_0] No jobs available
[slurm61964575_gr072_gpu0_0] No jobs available
[slurm61964575_gr072_gpu0_0] No jobs available
[slurm61964575_gr072_gpu0_0] No jobs available
[slurm61964575_gr072_gpu0_0] No jobs available
[slurm61964575_gr072_gpu0_0] Claimed job 6e9d1a85-28bb-4c04-b7ec-2bae6f341310 (priority=10)
[slurm61964575_gr072_gpu0_0] Executing job 6e9d1a85-28bb-4c04-b7ec-2bae6f341310 with _target_=dr_exp.trainers.decon_trainer.train_classification
Epoch 0 | val_loss: 2.31992, val_acc: 0.06641
/scratch/ddr8143/repos/dr_exp/.venv/lib/python3.12/site-packages/torch/optim/lr_scheduler.py:198: UserWarning: The epoch parameter in `scheduler.step()` was not necessary and is being deprecated where possible. Please use `scheduler.step()` to step the scheduler. During the deprecation, if epoch is different from None, the closed form is used instead of the new chainable form, where available. Please open an issue if you are unable to replicate your use case: https://github.com/pytorch/pytorch/issues/new/choose.
  warnings.warn(EPOCH_DEPRECATION_WARNING, UserWarning)
`Trainer.fit` stopped: `max_epochs=50` reached.
GPU available: True (cuda), used: True
TPU available: False, using: 0 TPU cores
HPU available: False, using: 0 HPUs
LOCAL_RANK: 0 - CUDA_VISIBLE_DEVICES: [0]

  | Name      | Type             | Params | Mode 
-------------------------------------------------------
0 | model     | CifarAlexNet     | 2.4 M  | train
1 | criterion | CrossEntropyLoss | 0      | train
-------------------------------------------------------
2.4 M     Trainable params
0         Non-trainable params
2.4 M     Total params
9.768     Total estimated model params size (MB)
24        Modules in train mode
0         Modules in eval mode
Epoch 0 | val_loss: 2.31756, val_acc: 0.09800
Epoch 1 | val_loss: 1.70452, val_acc: 0.39100, train_loss: 2.31774, train_acc: 0.10033
Epoch 2 | val_loss: 1.62486, val_acc: 0.48560, train_loss: 2.21555, train_acc: 0.19724
Epoch 3 | val_loss: 1.40511, val_acc: 0.52200, train_loss: 2.11434, train_acc: 0.25507
Epoch 4 | val_loss: 1.22917, val_acc: 0.61100, train_loss: 2.03882, train_acc: 0.31142
Epoch 5 | val_loss: 1.19388, val_acc: 0.62940, train_loss: 1.99599, train_acc: 0.33098
Epoch 6 | val_loss: 1.13118, val_acc: 0.65320, train_loss: 1.92762, train_acc: 0.36324
Epoch 7 | val_loss: 1.08689, val_acc: 0.69460, train_loss: 1.88927, train_acc: 0.39298
Epoch 8 | val_loss: 1.01281, val_acc: 0.73160, train_loss: 1.86411, train_acc: 0.40498
Epoch 9 | val_loss: 1.12162, val_acc: 0.70000, train_loss: 1.82121, train_acc: 0.43080
Epoch 10 | val_loss: 1.05220, val_acc: 0.70980, train_loss: 1.81503, train_acc: 0.41869
Epoch 11 | val_loss: 1.03579, val_acc: 0.71980, train_loss: 1.79668, train_acc: 0.44184
Epoch 12 | val_loss: 0.98156, val_acc: 0.76040, train_loss: 1.77471, train_acc: 0.45693
Epoch 13 | val_loss: 0.91886, val_acc: 0.75360, train_loss: 1.80445, train_acc: 0.41993
Epoch 14 | val_loss: 0.90855, val_acc: 0.79040, train_loss: 1.77761, train_acc: 0.45413
Epoch 15 | val_loss: 0.90366, val_acc: 0.75380, train_loss: 1.76662, train_acc: 0.44578
Epoch 16 | val_loss: 0.95921, val_acc: 0.74200, train_loss: 1.74827, train_acc: 0.47673
Epoch 17 | val_loss: 0.88110, val_acc: 0.77480, train_loss: 1.76239, train_acc: 0.46304
Epoch 18 | val_loss: 0.88483, val_acc: 0.79160, train_loss: 1.74631, train_acc: 0.46453
Epoch 19 | val_loss: 0.89520, val_acc: 0.77780, train_loss: 1.71894, train_acc: 0.48044
Epoch 20 | val_loss: 0.89974, val_acc: 0.78280, train_loss: 1.74297, train_acc: 0.48311
Epoch 21 | val_loss: 0.77870, val_acc: 0.82620, train_loss: 1.74135, train_acc: 0.49216
Epoch 22 | val_loss: 0.89247, val_acc: 0.79560, train_loss: 1.72267, train_acc: 0.47176
Epoch 23 | val_loss: 0.87754, val_acc: 0.79800, train_loss: 1.70727, train_acc: 0.48480
Epoch 24 | val_loss: 0.69807, val_acc: 0.84040, train_loss: 1.70263, train_acc: 0.48398
Epoch 25 | val_loss: 0.80196, val_acc: 0.82640, train_loss: 1.71592, train_acc: 0.47391
Epoch 26 | val_loss: 0.90230, val_acc: 0.79960, train_loss: 1.68649, train_acc: 0.46991
Epoch 27 | val_loss: 0.83282, val_acc: 0.82660, train_loss: 1.70602, train_acc: 0.48940
Epoch 28 | val_loss: 0.72020, val_acc: 0.84100, train_loss: 1.70144, train_acc: 0.50358
Epoch 29 | val_loss: 0.75627, val_acc: 0.84340, train_loss: 1.70316, train_acc: 0.47624
Epoch 30 | val_loss: 0.71709, val_acc: 0.84680, train_loss: 1.66522, train_acc: 0.51353
Epoch 31 | val_loss: 0.81150, val_acc: 0.82980, train_loss: 1.63182, train_acc: 0.53129
Epoch 32 | val_loss: 0.82206, val_acc: 0.83800, train_loss: 1.65211, train_acc: 0.51631
Epoch 33 | val_loss: 0.74210, val_acc: 0.85380, train_loss: 1.62891, train_acc: 0.50887
Epoch 34 | val_loss: 0.68922, val_acc: 0.87640, train_loss: 1.63095, train_acc: 0.52631
Epoch 35 | val_loss: 0.64738, val_acc: 0.89180, train_loss: 1.63434, train_acc: 0.52967
[slurm61964575_gr072_gpu0_0] Sync pending: 3 items
Epoch 36 | val_loss: 0.67691, val_acc: 0.87720, train_loss: 1.62946, train_acc: 0.52031
Epoch 37 | val_loss: 0.70554, val_acc: 0.89380, train_loss: 1.59346, train_acc: 0.53616
Epoch 38 | val_loss: 0.63128, val_acc: 0.89440, train_loss: 1.58692, train_acc: 0.53842
Epoch 39 | val_loss: 0.64900, val_acc: 0.89820, train_loss: 1.59935, train_acc: 0.54602
Epoch 40 | val_loss: 0.64210, val_acc: 0.90320, train_loss: 1.57709, train_acc: 0.55849
Epoch 41 | val_loss: 0.58734, val_acc: 0.90800, train_loss: 1.57363, train_acc: 0.55773
[slurm61964575_gr072_gpu0_0] Sync pending: 4 items
Epoch 42 | val_loss: 0.61817, val_acc: 0.91200, train_loss: 1.57120, train_acc: 0.54849
[slurm61964575_gr072_gpu0_0] Sync pending: 4 items
Epoch 43 | val_loss: 0.59396, val_acc: 0.91600, train_loss: 1.54259, train_acc: 0.56991
[slurm61964575_gr072_gpu0_0] Sync pending: 4 items
Epoch 44 | val_loss: 0.55188, val_acc: 0.91820, train_loss: 1.53832, train_acc: 0.57569
[slurm61964575_gr072_gpu0_0] Sync pending: 4 items
Epoch 45 | val_loss: 0.56496, val_acc: 0.92340, train_loss: 1.53535, train_acc: 0.55127
[slurm61964575_gr072_gpu0_0] Sync pending: 4 items
Epoch 46 | val_loss: 0.53886, val_acc: 0.92300, train_loss: 1.50715, train_acc: 0.56747
Epoch 47 | val_loss: 0.61082, val_acc: 0.92020, train_loss: 1.52463, train_acc: 0.57136
Epoch 48 | val_loss: 0.53022, val_acc: 0.92460, train_loss: 1.51295, train_acc: 0.54911
Epoch 49 | val_loss: 0.60383, val_acc: 0.92320, train_loss: 1.50855, train_acc: 0.56387
[slurm61964575_gr072_gpu0_0] Job 6e9d1a85-28bb-4c04-b7ec-2bae6f341310 completed successfully
[slurm61964575_gr072_gpu0_0] Claimed job 8c03248f-676f-4fc1-b9b5-db95e8455565 (priority=10)
[slurm61964575_gr072_gpu0_0] Executing job 8c03248f-676f-4fc1-b9b5-db95e8455565 with _target_=dr_exp.trainers.decon_trainer.train_classification
Epoch 0 | val_loss: 2.30405, val_acc: 0.10547
`Trainer.fit` stopped: `max_epochs=50` reached.
GPU available: True (cuda), used: True
TPU available: False, using: 0 TPU cores
HPU available: False, using: 0 HPUs
LOCAL_RANK: 0 - CUDA_VISIBLE_DEVICES: [0]

  | Name      | Type             | Params | Mode 
-------------------------------------------------------
0 | model     | CifarAlexNet     | 2.4 M  | train
1 | criterion | CrossEntropyLoss | 0      | train
-------------------------------------------------------
2.4 M     Trainable params
0         Non-trainable params
2.4 M     Total params
9.768     Total estimated model params size (MB)
24        Modules in train mode
0         Modules in eval mode
[slurm61964575_gr072_gpu0_0] Sync pending: 12 items
Epoch 0 | val_loss: 1.89475, val_acc: 0.30860
Epoch 1 | val_loss: 1.65631, val_acc: 0.40200, train_loss: 2.17109, train_acc: 0.19827
[slurm61964575_gr072_gpu0_0] Sync pending: 12 items
Epoch 2 | val_loss: 1.46531, val_acc: 0.45980, train_loss: 1.89392, train_acc: 0.34311
[slurm61964575_gr072_gpu0_0] Sync pending: 12 items
Epoch 3 | val_loss: 1.53296, val_acc: 0.45780, train_loss: 1.77290, train_acc: 0.40453
Epoch 4 | val_loss: 1.22926, val_acc: 0.56740, train_loss: 1.67630, train_acc: 0.46084
[slurm61964575_gr072_gpu0_0] Sync pending: 12 items
Epoch 5 | val_loss: 1.24952, val_acc: 0.57800, train_loss: 1.62313, train_acc: 0.49469
[slurm61964575_gr072_gpu0_0] Sync pending: 7 items
Epoch 6 | val_loss: 1.21528, val_acc: 0.59240, train_loss: 1.55909, train_acc: 0.52818
Epoch 7 | val_loss: 1.12581, val_acc: 0.62220, train_loss: 1.49995, train_acc: 0.55858
[slurm61964575_gr072_gpu0_0] Sync pending: 2 items
Epoch 8 | val_loss: 1.08991, val_acc: 0.62800, train_loss: 1.45038, train_acc: 0.58258
Epoch 9 | val_loss: 1.07298, val_acc: 0.64040, train_loss: 1.42070, train_acc: 0.60036
Epoch 10 | val_loss: 1.01110, val_acc: 0.66520, train_loss: 1.39669, train_acc: 0.61136
Epoch 11 | val_loss: 1.02364, val_acc: 0.66740, train_loss: 1.37365, train_acc: 0.62213
Epoch 12 | val_loss: 1.07823, val_acc: 0.65700, train_loss: 1.35769, train_acc: 0.63109
Epoch 13 | val_loss: 0.93229, val_acc: 0.69900, train_loss: 1.34801, train_acc: 0.63724
Epoch 14 | val_loss: 0.90059, val_acc: 0.70300, train_loss: 1.34112, train_acc: 0.63800
Epoch 15 | val_loss: 0.86384, val_acc: 0.72120, train_loss: 1.31729, train_acc: 0.65111
Epoch 16 | val_loss: 0.90057, val_acc: 0.70920, train_loss: 1.29675, train_acc: 0.66264
Epoch 17 | val_loss: 0.96957, val_acc: 0.69740, train_loss: 1.29999, train_acc: 0.65736
Epoch 18 | val_loss: 0.93837, val_acc: 0.70320, train_loss: 1.28234, train_acc: 0.66604
Epoch 19 | val_loss: 0.91222, val_acc: 0.70560, train_loss: 1.27482, train_acc: 0.67133
Epoch 20 | val_loss: 0.88413, val_acc: 0.71260, train_loss: 1.28411, train_acc: 0.66929
Epoch 21 | val_loss: 0.87893, val_acc: 0.71360, train_loss: 1.25039, train_acc: 0.68458
Epoch 22 | val_loss: 0.87208, val_acc: 0.72780, train_loss: 1.25657, train_acc: 0.67940
Epoch 23 | val_loss: 0.87255, val_acc: 0.72720, train_loss: 1.24998, train_acc: 0.68227
Epoch 24 | val_loss: 0.85645, val_acc: 0.71740, train_loss: 1.23759, train_acc: 0.68809
Epoch 25 | val_loss: 0.86943, val_acc: 0.72700, train_loss: 1.23736, train_acc: 0.68609
Epoch 26 | val_loss: 0.96021, val_acc: 0.69020, train_loss: 1.22874, train_acc: 0.69344
Epoch 27 | val_loss: 0.79613, val_acc: 0.74080, train_loss: 1.21905, train_acc: 0.69618
Epoch 28 | val_loss: 0.91718, val_acc: 0.72120, train_loss: 1.21473, train_acc: 0.69604
Epoch 29 | val_loss: 0.79484, val_acc: 0.74320, train_loss: 1.21271, train_acc: 0.69967
Epoch 30 | val_loss: 0.62964, val_acc: 0.80500, train_loss: 1.20725, train_acc: 0.70362
Epoch 31 | val_loss: 0.61899, val_acc: 0.80620, train_loss: 1.02507, train_acc: 0.78002
Epoch 32 | val_loss: 0.62136, val_acc: 0.80300, train_loss: 0.96575, train_acc: 0.80140
Epoch 33 | val_loss: 0.58656, val_acc: 0.81760, train_loss: 0.93769, train_acc: 0.81427
Epoch 34 | val_loss: 0.57410, val_acc: 0.82280, train_loss: 0.91988, train_acc: 0.81989
Epoch 35 | val_loss: 0.59444, val_acc: 0.81520, train_loss: 0.90736, train_acc: 0.82549
Epoch 36 | val_loss: 0.56280, val_acc: 0.82560, train_loss: 0.88417, train_acc: 0.83649
Epoch 37 | val_loss: 0.55267, val_acc: 0.83180, train_loss: 0.87568, train_acc: 0.83929
Epoch 38 | val_loss: 0.54000, val_acc: 0.83340, train_loss: 0.86714, train_acc: 0.84236
Epoch 39 | val_loss: 0.53537, val_acc: 0.83420, train_loss: 0.85755, train_acc: 0.84500
Epoch 40 | val_loss: 0.55012, val_acc: 0.83000, train_loss: 0.84656, train_acc: 0.85111
Epoch 41 | val_loss: 0.52789, val_acc: 0.83780, train_loss: 0.83881, train_acc: 0.85373
Epoch 42 | val_loss: 0.51013, val_acc: 0.84520, train_loss: 0.83444, train_acc: 0.85789
Epoch 43 | val_loss: 0.51906, val_acc: 0.83920, train_loss: 0.82411, train_acc: 0.86096
Epoch 44 | val_loss: 0.51884, val_acc: 0.84440, train_loss: 0.82056, train_acc: 0.86318
Epoch 45 | val_loss: 0.51263, val_acc: 0.84220, train_loss: 0.81297, train_acc: 0.86638
Epoch 46 | val_loss: 0.52684, val_acc: 0.84000, train_loss: 0.80970, train_acc: 0.86596
Epoch 47 | val_loss: 0.50527, val_acc: 0.84720, train_loss: 0.80313, train_acc: 0.87022
Epoch 48 | val_loss: 0.50031, val_acc: 0.84940, train_loss: 0.80116, train_acc: 0.87267
[slurm61964575_gr072_gpu0_0] Sync pending: 4 items
Epoch 49 | val_loss: 0.49772, val_acc: 0.85140, train_loss: 0.79637, train_acc: 0.87287
[slurm61964575_gr072_gpu0_0] Job 8c03248f-676f-4fc1-b9b5-db95e8455565 completed successfully
[slurm61964575_gr072_gpu0_0] Claimed job 9cc1b680-0ba6-45d7-bbb9-a0e602d8b835 (priority=10)
[slurm61964575_gr072_gpu0_0] Executing job 9cc1b680-0ba6-45d7-bbb9-a0e602d8b835 with _target_=dr_exp.trainers.decon_trainer.train_classification
Epoch 0 | val_loss: 2.30444, val_acc: 0.10156
`Trainer.fit` stopped: `max_epochs=50` reached.
GPU available: True (cuda), used: True
TPU available: False, using: 0 TPU cores
HPU available: False, using: 0 HPUs
LOCAL_RANK: 0 - CUDA_VISIBLE_DEVICES: [0]

  | Name      | Type             | Params | Mode 
-------------------------------------------------------
0 | model     | CifarAlexNet     | 2.4 M  | train
1 | criterion | CrossEntropyLoss | 0      | train
-------------------------------------------------------
2.4 M     Trainable params
0         Non-trainable params
2.4 M     Total params
9.768     Total estimated model params size (MB)
24        Modules in train mode
0         Modules in eval mode
Epoch 0 | val_loss: 1.49740, val_acc: 0.46440
[slurm61964575_gr072_gpu0_0] Sync pending: 24 items
Epoch 1 | val_loss: 1.27405, val_acc: 0.54500, train_loss: 1.90927, train_acc: 0.33191
[slurm61964575_gr072_gpu0_0] Sync pending: 24 items
Epoch 2 | val_loss: 1.16940, val_acc: 0.59800, train_loss: 1.62657, train_acc: 0.48269
Epoch 3 | val_loss: 1.01265, val_acc: 0.65900, train_loss: 1.47632, train_acc: 0.56196
[slurm61964575_gr072_gpu0_0] Sync pending: 30 items
Epoch 4 | val_loss: 1.08899, val_acc: 0.64620, train_loss: 1.37679, train_acc: 0.61269
[slurm61964575_gr072_gpu0_0] Sync pending: 25 items
Epoch 5 | val_loss: 0.97627, val_acc: 0.67520, train_loss: 1.32417, train_acc: 0.63780
Epoch 6 | val_loss: 0.96375, val_acc: 0.68180, train_loss: 1.28175, train_acc: 0.66113
[slurm61964575_gr072_gpu0_0] Sync pending: 24 items
Epoch 7 | val_loss: 0.85091, val_acc: 0.72420, train_loss: 1.24217, train_acc: 0.67704
[slurm61964575_gr072_gpu0_0] Sync pending: 19 items
Epoch 8 | val_loss: 0.91272, val_acc: 0.70260, train_loss: 1.20973, train_acc: 0.69336
Epoch 9 | val_loss: 0.84644, val_acc: 0.72760, train_loss: 1.20032, train_acc: 0.69664
[slurm61964575_gr072_gpu0_0] Sync pending: 16 items
Epoch 10 | val_loss: 0.87956, val_acc: 0.71520, train_loss: 1.17054, train_acc: 0.71158
[slurm61964575_gr072_gpu0_0] Sync pending: 16 items
Epoch 11 | val_loss: 0.77306, val_acc: 0.75200, train_loss: 1.15669, train_acc: 0.71789
Epoch 12 | val_loss: 0.82467, val_acc: 0.74580, train_loss: 1.15326, train_acc: 0.71942
[slurm61964575_gr072_gpu0_0] Sync pending: 11 items
Epoch 13 | val_loss: 0.77345, val_acc: 0.75580, train_loss: 1.13588, train_acc: 0.72749
[slurm61964575_gr072_gpu0_0] Sync pending: 9 items
Epoch 14 | val_loss: 0.87368, val_acc: 0.72580, train_loss: 1.12475, train_acc: 0.73353
Epoch 15 | val_loss: 0.82506, val_acc: 0.73440, train_loss: 1.11384, train_acc: 0.73564
[slurm61964575_gr072_gpu0_0] Sync pending: 6 items
Epoch 16 | val_loss: 0.78413, val_acc: 0.75040, train_loss: 1.09663, train_acc: 0.74511
[slurm61964575_gr072_gpu0_0] Sync pending: 2 items
Epoch 17 | val_loss: 0.74245, val_acc: 0.75680, train_loss: 1.09588, train_acc: 0.74491
Epoch 18 | val_loss: 0.78126, val_acc: 0.75680, train_loss: 1.09535, train_acc: 0.74753
[slurm61964575_gr072_gpu0_0] Sync pending: 2 items
Epoch 19 | val_loss: 0.78188, val_acc: 0.75760, train_loss: 1.08702, train_acc: 0.74893
Epoch 20 | val_loss: 0.78033, val_acc: 0.74860, train_loss: 1.06812, train_acc: 0.75887
Epoch 21 | val_loss: 0.79427, val_acc: 0.74920, train_loss: 1.06247, train_acc: 0.75967
[slurm61964575_gr072_gpu0_0] Sync pending: 8 items
Epoch 22 | val_loss: 0.73210, val_acc: 0.77120, train_loss: 1.06338, train_acc: 0.76042
[slurm61964575_gr072_gpu0_0] Sync pending: 4 items
Epoch 23 | val_loss: 0.72512, val_acc: 0.77400, train_loss: 1.05957, train_acc: 0.76280
Epoch 24 | val_loss: 0.77591, val_acc: 0.75680, train_loss: 1.05545, train_acc: 0.76509
[slurm61964575_gr072_gpu0_0] Sync pending: 3 items
Epoch 25 | val_loss: 0.70802, val_acc: 0.77500, train_loss: 1.05461, train_acc: 0.76391
[slurm61964575_gr072_gpu0_0] Sync pending: 3 items
Epoch 26 | val_loss: 0.75602, val_acc: 0.75900, train_loss: 1.04827, train_acc: 0.76547
Epoch 27 | val_loss: 0.81380, val_acc: 0.73560, train_loss: 1.04539, train_acc: 0.76669
[slurm61964575_gr072_gpu0_0] Sync pending: 7 items
Epoch 28 | val_loss: 0.75942, val_acc: 0.76180, train_loss: 1.04394, train_acc: 0.77118
[slurm61964575_gr072_gpu0_0] Sync pending: 10 items
Epoch 29 | val_loss: 0.72321, val_acc: 0.76900, train_loss: 1.03141, train_acc: 0.77529
Epoch 30 | val_loss: 0.55145, val_acc: 0.83500, train_loss: 1.02414, train_acc: 0.77756
[slurm61964575_gr072_gpu0_0] Sync pending: 13 items
Epoch 31 | val_loss: 0.52712, val_acc: 0.83620, train_loss: 0.85936, train_acc: 0.84784
[slurm61964575_gr072_gpu0_0] Sync pending: 13 items
Epoch 32 | val_loss: 0.51717, val_acc: 0.84200, train_loss: 0.80949, train_acc: 0.86933
Epoch 33 | val_loss: 0.49819, val_acc: 0.84840, train_loss: 0.78966, train_acc: 0.87844
[slurm61964575_gr072_gpu0_0] Sync pending: 13 items
Epoch 34 | val_loss: 0.51642, val_acc: 0.83940, train_loss: 0.77319, train_acc: 0.88520
[slurm61964575_gr072_gpu0_0] Sync pending: 9 items
Epoch 35 | val_loss: 0.49097, val_acc: 0.85140, train_loss: 0.75823, train_acc: 0.89093
Epoch 36 | val_loss: 0.48862, val_acc: 0.85520, train_loss: 0.74910, train_acc: 0.89484
[slurm61964575_gr072_gpu0_0] Sync pending: 5 items
Epoch 37 | val_loss: 0.48306, val_acc: 0.85580, train_loss: 0.73792, train_acc: 0.90164
[slurm61964575_gr072_gpu0_0] Sync pending: 1 items
Epoch 38 | val_loss: 0.47653, val_acc: 0.86060, train_loss: 0.72700, train_acc: 0.90667
Epoch 39 | val_loss: 0.46253, val_acc: 0.86600, train_loss: 0.72293, train_acc: 0.90793
[slurm61964575_gr072_gpu0_0] Sync pending: 5 items
Epoch 40 | val_loss: 0.47314, val_acc: 0.86140, train_loss: 0.71510, train_acc: 0.91078
[slurm61964575_gr072_gpu0_0] Sync pending: 9 items
Epoch 41 | val_loss: 0.46849, val_acc: 0.86280, train_loss: 0.70612, train_acc: 0.91538
Epoch 42 | val_loss: 0.46246, val_acc: 0.86680, train_loss: 0.70155, train_acc: 0.91856
[slurm61964575_gr072_gpu0_0] Sync pending: 8 items
Epoch 43 | val_loss: 0.47385, val_acc: 0.86320, train_loss: 0.69532, train_acc: 0.92002
[slurm61964575_gr072_gpu0_0] Sync pending: 8 items
Epoch 44 | val_loss: 0.45187, val_acc: 0.86980, train_loss: 0.68815, train_acc: 0.92362
[slurm61964575_gr072_gpu0_0] Sync pending: 16 items
Epoch 45 | val_loss: 0.46862, val_acc: 0.86700, train_loss: 0.68310, train_acc: 0.92589
Epoch 46 | val_loss: 0.45794, val_acc: 0.86860, train_loss: 0.68056, train_acc: 0.92838
[slurm61964575_gr072_gpu0_0] Sync pending: 16 items
Epoch 47 | val_loss: 0.45580, val_acc: 0.86660, train_loss: 0.67382, train_acc: 0.92993
[slurm61964575_gr072_gpu0_0] Sync pending: 14 items
Epoch 48 | val_loss: 0.47327, val_acc: 0.86580, train_loss: 0.67055, train_acc: 0.93184
Epoch 49 | val_loss: 0.44222, val_acc: 0.87060, train_loss: 0.66819, train_acc: 0.93400
[slurm61964575_gr072_gpu0_0] Job 9cc1b680-0ba6-45d7-bbb9-a0e602d8b835 completed successfully
[slurm61964575_gr072_gpu0_0] Claimed job 15e82176-b213-4f4f-8998-9a0bd870c493 (priority=10)
[slurm61964575_gr072_gpu0_0] Executing job 15e82176-b213-4f4f-8998-9a0bd870c493 with _target_=dr_exp.trainers.decon_trainer.train_classification
[slurm61964575_gr072_gpu0_0] Sync pending: 18 items
Epoch 0 | val_loss: 2.30669, val_acc: 0.07812
`Trainer.fit` stopped: `max_epochs=50` reached.
GPU available: True (cuda), used: True
TPU available: False, using: 0 TPU cores
HPU available: False, using: 0 HPUs
LOCAL_RANK: 0 - CUDA_VISIBLE_DEVICES: [0]

  | Name      | Type             | Params | Mode 
-------------------------------------------------------
0 | model     | CifarResNet12    | 1.8 M  | train
1 | criterion | CrossEntropyLoss | 0      | train
-------------------------------------------------------
1.8 M     Trainable params
0         Non-trainable params
1.8 M     Total params
7.143     Total estimated model params size (MB)
36        Modules in train mode
0         Modules in eval mode
Epoch 0 | val_loss: 1.58380, val_acc: 0.41640
[slurm61964575_gr072_gpu0_0] Sync pending: 19 items
Epoch 1 | val_loss: 1.42734, val_acc: 0.48380, train_loss: 1.97737, train_acc: 0.29558
[slurm61964575_gr072_gpu0_0] Sync pending: 27 items
Epoch 2 | val_loss: 1.28024, val_acc: 0.53920, train_loss: 1.73797, train_acc: 0.42240
Epoch 3 | val_loss: 1.13939, val_acc: 0.62020, train_loss: 1.61844, train_acc: 0.49227
[slurm61964575_gr072_gpu0_0] Sync pending: 26 items
Epoch 4 | val_loss: 1.13200, val_acc: 0.61460, train_loss: 1.52510, train_acc: 0.53924
[slurm61964575_gr072_gpu0_0] Sync pending: 23 items
Epoch 5 | val_loss: 1.08688, val_acc: 0.62880, train_loss: 1.47546, train_acc: 0.56796
Epoch 6 | val_loss: 1.03578, val_acc: 0.65320, train_loss: 1.41812, train_acc: 0.59884
[slurm61964575_gr072_gpu0_0] Sync pending: 23 items
Epoch 7 | val_loss: 1.03730, val_acc: 0.64820, train_loss: 1.39433, train_acc: 0.61016
[slurm61964575_gr072_gpu0_0] Sync pending: 22 items
Epoch 8 | val_loss: 0.97383, val_acc: 0.68760, train_loss: 1.36712, train_acc: 0.62409
Epoch 9 | val_loss: 0.96845, val_acc: 0.68800, train_loss: 1.34648, train_acc: 0.63260
[slurm61964575_gr072_gpu0_0] Sync pending: 29 items
Epoch 10 | val_loss: 0.94379, val_acc: 0.69340, train_loss: 1.32765, train_acc: 0.64342
[slurm61964575_gr072_gpu0_0] Sync pending: 31 items
Epoch 11 | val_loss: 1.05688, val_acc: 0.66340, train_loss: 1.30721, train_acc: 0.65398
Epoch 12 | val_loss: 0.91112, val_acc: 0.71020, train_loss: 1.29552, train_acc: 0.66176
[slurm61964575_gr072_gpu0_0] Sync pending: 28 items
Epoch 13 | val_loss: 0.96839, val_acc: 0.68080, train_loss: 1.27791, train_acc: 0.66722
[slurm61964575_gr072_gpu0_0] Sync pending: 26 items
Epoch 14 | val_loss: 0.89980, val_acc: 0.70740, train_loss: 1.26849, train_acc: 0.67304
[slurm61964575_gr072_gpu0_0] Sync pending: 24 items
Epoch 15 | val_loss: 0.89660, val_acc: 0.71500, train_loss: 1.26911, train_acc: 0.67100
Epoch 16 | val_loss: 0.89796, val_acc: 0.70760, train_loss: 1.25364, train_acc: 0.68047
[slurm61964575_gr072_gpu0_0] Sync pending: 24 items
Epoch 17 | val_loss: 0.87398, val_acc: 0.71660, train_loss: 1.24193, train_acc: 0.68602
[slurm61964575_gr072_gpu0_0] Sync pending: 23 items
Epoch 18 | val_loss: 0.89997, val_acc: 0.70540, train_loss: 1.24255, train_acc: 0.68544
Epoch 19 | val_loss: 0.88802, val_acc: 0.71040, train_loss: 1.23011, train_acc: 0.69102
[slurm61964575_gr072_gpu0_0] Sync pending: 21 items
Epoch 20 | val_loss: 0.86831, val_acc: 0.71920, train_loss: 1.22331, train_acc: 0.69493
[slurm61964575_gr072_gpu0_0] Sync pending: 19 items
Epoch 21 | val_loss: 0.91064, val_acc: 0.70620, train_loss: 1.21086, train_acc: 0.70027
Epoch 22 | val_loss: 0.88979, val_acc: 0.72040, train_loss: 1.20958, train_acc: 0.70024
[slurm61964575_gr072_gpu0_0] Sync pending: 22 items
Epoch 23 | val_loss: 0.88032, val_acc: 0.71880, train_loss: 1.20475, train_acc: 0.70304
[slurm61964575_gr072_gpu0_0] Sync pending: 21 items
Epoch 24 | val_loss: 0.87155, val_acc: 0.72360, train_loss: 1.19733, train_acc: 0.70764
[slurm61964575_gr072_gpu0_0] Sync pending: 20 items
Epoch 25 | val_loss: 0.87960, val_acc: 0.72060, train_loss: 1.19276, train_acc: 0.71080
Epoch 26 | val_loss: 0.84252, val_acc: 0.72800, train_loss: 1.18904, train_acc: 0.71120
[slurm61964575_gr072_gpu0_0] Sync pending: 20 items
Epoch 27 | val_loss: 0.83866, val_acc: 0.72500, train_loss: 1.17873, train_acc: 0.71444
[slurm61964575_gr072_gpu0_0] Sync pending: 24 items
Epoch 28 | val_loss: 0.75174, val_acc: 0.76180, train_loss: 1.18370, train_acc: 0.71007
Epoch 29 | val_loss: 0.86643, val_acc: 0.72160, train_loss: 1.18153, train_acc: 0.71351
[slurm61964575_gr072_gpu0_0] Sync pending: 24 items
Epoch 30 | val_loss: 0.61618, val_acc: 0.81000, train_loss: 1.16913, train_acc: 0.72069
[slurm61964575_gr072_gpu0_0] Sync pending: 28 items
Epoch 31 | val_loss: 0.58969, val_acc: 0.81780, train_loss: 0.98964, train_acc: 0.79284
Epoch 32 | val_loss: 0.57937, val_acc: 0.82360, train_loss: 0.93050, train_acc: 0.81740
[slurm61964575_gr072_gpu0_0] Sync pending: 27 items
Epoch 33 | val_loss: 0.57836, val_acc: 0.81940, train_loss: 0.90457, train_acc: 0.82878
[slurm61964575_gr072_gpu0_0] Sync pending: 34 items
Epoch 34 | val_loss: 0.56490, val_acc: 0.82660, train_loss: 0.88884, train_acc: 0.83573
Epoch 35 | val_loss: 0.54809, val_acc: 0.83280, train_loss: 0.86877, train_acc: 0.84291
[slurm61964575_gr072_gpu0_0] Sync pending: 38 items
Epoch 36 | val_loss: 0.53745, val_acc: 0.83460, train_loss: 0.86184, train_acc: 0.84558
[slurm61964575_gr072_gpu0_0] Sync pending: 38 items
Epoch 37 | val_loss: 0.53694, val_acc: 0.83560, train_loss: 0.85144, train_acc: 0.85076
Epoch 38 | val_loss: 0.53152, val_acc: 0.83320, train_loss: 0.83731, train_acc: 0.85636
[slurm61964575_gr072_gpu0_0] Sync pending: 37 items
Epoch 39 | val_loss: 0.52270, val_acc: 0.84220, train_loss: 0.82772, train_acc: 0.86093
[slurm61964575_gr072_gpu0_0] Sync pending: 44 items
Epoch 40 | val_loss: 0.51230, val_acc: 0.84440, train_loss: 0.82041, train_acc: 0.86291
Epoch 41 | val_loss: 0.48939, val_acc: 0.85180, train_loss: 0.81130, train_acc: 0.86802
[slurm61964575_gr072_gpu0_0] Sync pending: 43 items
Epoch 42 | val_loss: 0.51147, val_acc: 0.84760, train_loss: 0.80621, train_acc: 0.87016
[slurm61964575_gr072_gpu0_0] Sync pending: 42 items
Epoch 43 | val_loss: 0.50240, val_acc: 0.84860, train_loss: 0.80139, train_acc: 0.87080
Epoch 44 | val_loss: 0.48659, val_acc: 0.85160, train_loss: 0.79324, train_acc: 0.87538
[slurm61964575_gr072_gpu0_0] Sync pending: 42 items
Epoch 45 | val_loss: 0.48827, val_acc: 0.85680, train_loss: 0.78694, train_acc: 0.87707
[slurm61964575_gr072_gpu0_0] Sync pending: 46 items
Epoch 46 | val_loss: 0.46930, val_acc: 0.86000, train_loss: 0.78274, train_acc: 0.88067
Epoch 47 | val_loss: 0.47754, val_acc: 0.85880, train_loss: 0.78020, train_acc: 0.87949
[slurm61964575_gr072_gpu0_0] Sync pending: 46 items
Epoch 48 | val_loss: 0.48927, val_acc: 0.85320, train_loss: 0.76976, train_acc: 0.88553
[slurm61964575_gr072_gpu0_0] Sync pending: 46 items
Epoch 49 | val_loss: 0.47740, val_acc: 0.85900, train_loss: 0.76595, train_acc: 0.88687
[slurm61964575_gr072_gpu0_0] Job 15e82176-b213-4f4f-8998-9a0bd870c493 completed successfully
[slurm61964575_gr072_gpu0_0] Claimed job 8066572e-02c3-4611-ae2a-48c8a9bdf7b6 (priority=10)
[slurm61964575_gr072_gpu0_0] Executing job 8066572e-02c3-4611-ae2a-48c8a9bdf7b6 with _target_=dr_exp.trainers.decon_trainer.train_classification
Epoch 0 | val_loss: 2.30226, val_acc: 0.08594
`Trainer.fit` stopped: `max_epochs=50` reached.
GPU available: True (cuda), used: True
TPU available: False, using: 0 TPU cores
HPU available: False, using: 0 HPUs
LOCAL_RANK: 0 - CUDA_VISIBLE_DEVICES: [0]

  | Name      | Type             | Params | Mode 
-------------------------------------------------------
0 | model     | CifarResNet18    | 11.2 M | train
1 | criterion | CrossEntropyLoss | 0      | train
-------------------------------------------------------
11.2 M    Trainable params
0         Non-trainable params
11.2 M    Total params
44.657    Total estimated model params size (MB)
70        Modules in train mode
0         Modules in eval mode
Epoch 0 | val_loss: 1.98997, val_acc: 0.29040
[slurm61964575_gr072_gpu0_0] Sync pending: 57 items
Epoch 1 | val_loss: 1.58524, val_acc: 0.44160, train_loss: 2.19312, train_acc: 0.18989
[slurm61964575_gr072_gpu0_0] Sync pending: 60 items
Epoch 2 | val_loss: 1.40299, val_acc: 0.50820, train_loss: 1.89834, train_acc: 0.35018
Epoch 3 | val_loss: 1.37751, val_acc: 0.53480, train_loss: 1.74749, train_acc: 0.43860
[slurm61964575_gr072_gpu0_0] Sync pending: 59 items
Epoch 4 | val_loss: 1.10321, val_acc: 0.61520, train_loss: 1.61884, train_acc: 0.50567
[slurm61964575_gr072_gpu0_0] Sync pending: 58 items
Epoch 5 | val_loss: 1.07116, val_acc: 0.63920, train_loss: 1.54626, train_acc: 0.54722
Epoch 6 | val_loss: 1.02064, val_acc: 0.65080, train_loss: 1.46878, train_acc: 0.58564
[slurm61964575_gr072_gpu0_0] Sync pending: 57 items
Epoch 7 | val_loss: 0.89094, val_acc: 0.70240, train_loss: 1.40044, train_acc: 0.62207
[slurm61964575_gr072_gpu0_0] Sync pending: 56 items
Epoch 8 | val_loss: 0.90243, val_acc: 0.71120, train_loss: 1.35458, train_acc: 0.64424
Epoch 9 | val_loss: 0.98320, val_acc: 0.67440, train_loss: 1.32424, train_acc: 0.66027
[slurm61964575_gr072_gpu0_0] Sync pending: 56 items
Epoch 10 | val_loss: 0.97822, val_acc: 0.67460, train_loss: 1.30674, train_acc: 0.66840
Epoch 11 | val_loss: 0.80356, val_acc: 0.72980, train_loss: 1.28648, train_acc: 0.68049
[slurm61964575_gr072_gpu0_0] Sync pending: 56 items
Epoch 12 | val_loss: 0.85419, val_acc: 0.71780, train_loss: 1.25868, train_acc: 0.69327
[slurm61964575_gr072_gpu0_0] Sync pending: 59 items
Epoch 13 | val_loss: 0.79111, val_acc: 0.73940, train_loss: 1.25047, train_acc: 0.69920
Epoch 14 | val_loss: 0.79064, val_acc: 0.74740, train_loss: 1.22891, train_acc: 0.70822
[slurm61964575_gr072_gpu0_0] Sync pending: 59 items
Epoch 15 | val_loss: 0.79391, val_acc: 0.74120, train_loss: 1.21021, train_acc: 0.71536
[slurm61964575_gr072_gpu0_0] Sync pending: 58 items
Epoch 16 | val_loss: 0.80485, val_acc: 0.74160, train_loss: 1.20741, train_acc: 0.71933
Epoch 17 | val_loss: 0.77595, val_acc: 0.74500, train_loss: 1.20287, train_acc: 0.71976
[slurm61964575_gr072_gpu0_0] Sync pending: 58 items
Epoch 18 | val_loss: 0.73095, val_acc: 0.77440, train_loss: 1.18029, train_acc: 0.72920
[slurm61964575_gr072_gpu0_0] Sync pending: 58 items
Epoch 19 | val_loss: 0.74393, val_acc: 0.75380, train_loss: 1.17148, train_acc: 0.73591
Epoch 20 | val_loss: 0.70826, val_acc: 0.77040, train_loss: 1.17053, train_acc: 0.73407
[slurm61964575_gr072_gpu0_0] Sync pending: 58 items
Epoch 21 | val_loss: 0.69768, val_acc: 0.77900, train_loss: 1.16013, train_acc: 0.74062
[slurm61964575_gr072_gpu0_0] Sync pending: 62 items
Epoch 22 | val_loss: 0.76478, val_acc: 0.76240, train_loss: 1.15823, train_acc: 0.74071
Epoch 23 | val_loss: 0.74651, val_acc: 0.76060, train_loss: 1.14914, train_acc: 0.74762
[slurm61964575_gr072_gpu0_0] Sync pending: 70 items
Epoch 24 | val_loss: 0.73982, val_acc: 0.75840, train_loss: 1.14275, train_acc: 0.74867
[slurm61964575_gr072_gpu0_0] Sync pending: 74 items
Epoch 25 | val_loss: 0.72213, val_acc: 0.77220, train_loss: 1.13190, train_acc: 0.75329
Epoch 26 | val_loss: 0.74759, val_acc: 0.75400, train_loss: 1.14105, train_acc: 0.74909
[slurm61964575_gr072_gpu0_0] Sync pending: 74 items
Epoch 27 | val_loss: 0.64605, val_acc: 0.79060, train_loss: 1.12164, train_acc: 0.75667
[slurm61964575_gr072_gpu0_0] Sync pending: 78 items
Epoch 28 | val_loss: 0.76434, val_acc: 0.77120, train_loss: 1.11764, train_acc: 0.76089
Epoch 29 | val_loss: 0.69526, val_acc: 0.79060, train_loss: 1.12715, train_acc: 0.75604
[slurm61964575_gr072_gpu0_0] Sync pending: 82 items
Epoch 30 | val_loss: 0.55521, val_acc: 0.82820, train_loss: 1.11216, train_acc: 0.76311
Epoch 31 | val_loss: 0.51713, val_acc: 0.84040, train_loss: 0.97432, train_acc: 0.82418
[slurm61964575_gr072_gpu0_0] Sync pending: 82 items
Epoch 32 | val_loss: 0.51224, val_acc: 0.84200, train_loss: 0.93504, train_acc: 0.84102
Epoch 33 | val_loss: 0.50175, val_acc: 0.85080, train_loss: 0.91571, train_acc: 0.84764
[slurm61964575_gr072_gpu0_0] Sync pending: 86 items
Epoch 34 | val_loss: 0.52157, val_acc: 0.84820, train_loss: 0.89708, train_acc: 0.85664
[slurm61964575_gr072_gpu0_0] Sync pending: 86 items
Epoch 35 | val_loss: 0.49770, val_acc: 0.84780, train_loss: 0.88927, train_acc: 0.85862
Epoch 36 | val_loss: 0.46900, val_acc: 0.85640, train_loss: 0.88119, train_acc: 0.86282
[slurm61964575_gr072_gpu0_0] Sync pending: 86 items
Epoch 37 | val_loss: 0.46695, val_acc: 0.85880, train_loss: 0.87152, train_acc: 0.86907
Epoch 38 | val_loss: 0.46219, val_acc: 0.86400, train_loss: 0.86708, train_acc: 0.86867
[slurm61964575_gr072_gpu0_0] Sync pending: 86 items
Epoch 39 | val_loss: 0.47930, val_acc: 0.85880, train_loss: 0.85846, train_acc: 0.87282
Epoch 40 | val_loss: 0.45375, val_acc: 0.86540, train_loss: 0.85230, train_acc: 0.87660
[slurm61964575_gr072_gpu0_0] Sync pending: 86 items
Epoch 41 | val_loss: 0.47677, val_acc: 0.85580, train_loss: 0.84752, train_acc: 0.87887
[slurm61964575_gr072_gpu0_0] Sync pending: 90 items
Epoch 42 | val_loss: 0.47562, val_acc: 0.86120, train_loss: 0.84493, train_acc: 0.87829
Epoch 43 | val_loss: 0.48154, val_acc: 0.86480, train_loss: 0.84099, train_acc: 0.88058
[slurm61964575_gr072_gpu0_0] Sync pending: 94 items
Epoch 44 | val_loss: 0.46484, val_acc: 0.86000, train_loss: 0.83408, train_acc: 0.88227
Epoch 45 | val_loss: 0.47457, val_acc: 0.86100, train_loss: 0.83217, train_acc: 0.88396
[slurm61964575_gr072_gpu0_0] Sync pending: 94 items
Epoch 46 | val_loss: 0.46997, val_acc: 0.86300, train_loss: 0.83125, train_acc: 0.88496
Epoch 47 | val_loss: 0.49290, val_acc: 0.85420, train_loss: 0.82125, train_acc: 0.88884
[slurm61964575_gr072_gpu0_0] Sync pending: 94 items
Epoch 48 | val_loss: 0.47001, val_acc: 0.86300, train_loss: 0.82287, train_acc: 0.88956
[slurm61964575_gr072_gpu0_0] Sync pending: 94 items
Epoch 49 | val_loss: 0.44713, val_acc: 0.86500, train_loss: 0.81451, train_acc: 0.89151
[slurm61964575_gr072_gpu0_0] Job 8066572e-02c3-4611-ae2a-48c8a9bdf7b6 completed successfully
[slurm61964575_gr072_gpu0_0] Claimed job bc156110-2699-48c0-b6d3-dd174e4dddb6 (priority=10)
[slurm61964575_gr072_gpu0_0] Executing job bc156110-2699-48c0-b6d3-dd174e4dddb6 with _target_=dr_exp.trainers.decon_trainer.train_classification
Epoch 0 | val_loss: 2.30258, val_acc: 0.08984
`Trainer.fit` stopped: `max_epochs=50` reached.
