GPU available: True (cuda), used: True
TPU available: False, using: 0 TPU cores
HPU available: False, using: 0 HPUs
/scratch/ddr8143/repos/dr_exp/.venv/lib/python3.12/site-packages/lightning/pytorch/trainer/connectors/logger_connector/logger_connector.py:76: Starting from v1.9.0, `tensorboardX` has been removed as a dependency of the `lightning.pytorch` package, due to potential conflicts with other packages in the ML ecosystem. For this reason, `logger=True` will use `CSVLogger` as the default logger, unless the `tensorboard` or `tensorboardX` packages are found. Please `pip install lightning[extra]` or one of them to enable TensorBoard support by default
LOCAL_RANK: 0 - CUDA_VISIBLE_DEVICES: [0]

  | Name      | Type             | Params | Mode 
-------------------------------------------------------
0 | model     | CifarResNet18    | 11.2 M | train
1 | criterion | CrossEntropyLoss | 0      | train
-------------------------------------------------------
11.2 M    Trainable params
0         Non-trainable params
11.2 M    Total params
44.696    Total estimated model params size (MB)
70        Modules in train mode
0         Modules in eval mode
SLURM auto-requeueing enabled. Setting signal handlers.
[SyncHandler] Failed to initialize Supabase: Supabase URL and key must be provided or set in environment
[SyncHandler] Sync disabled - files will remain in queue
[slurm61982039_gr003_gpu0_0] Sync disabled - Supabase not available
Sync: enabled (Supabase not available - queue only)
Starting worker slurm61982039_gr003_gpu0_0
Experiment: cluster_t0 at /scratch/ddr8143/logs/dcnn_workers
------------------------------------------------------------
[slurm61982039_gr003_gpu0_0] Worker started
[slurm61982039_gr003_gpu0_0] Sync thread started
[slurm61982039_gr003_gpu0_0] Heartbeat thread started
[slurm61982039_gr003_gpu0_0] Claimed job 60c1bdb6-733f-4d44-bc5f-2f1af90a05f8 (priority=200)
[slurm61982039_gr003_gpu0_0] Executing job 60c1bdb6-733f-4d44-bc5f-2f1af90a05f8 with _target_=dr_exp.trainers.decon_trainer.train_classification
Epoch 0 | val_loss: 2.34769, val_acc: 0.06641
/scratch/ddr8143/repos/dr_exp/.venv/lib/python3.12/site-packages/torch/optim/lr_scheduler.py:198: UserWarning: The epoch parameter in `scheduler.step()` was not necessary and is being deprecated where possible. Please use `scheduler.step()` to step the scheduler. During the deprecation, if epoch is different from None, the closed form is used instead of the new chainable form, where available. Please open an issue if you are unable to replicate your use case: https://github.com/pytorch/pytorch/issues/new/choose.
  warnings.warn(EPOCH_DEPRECATION_WARNING, UserWarning)
`Trainer.fit` stopped: `max_epochs=50` reached.
GPU available: True (cuda), used: True
TPU available: False, using: 0 TPU cores
HPU available: False, using: 0 HPUs
LOCAL_RANK: 0 - CUDA_VISIBLE_DEVICES: [0]

  | Name      | Type             | Params | Mode 
-------------------------------------------------------
0 | model     | CifarResNet18    | 11.2 M | train
1 | criterion | CrossEntropyLoss | 0      | train
-------------------------------------------------------
11.2 M    Trainable params
0         Non-trainable params
11.2 M    Total params
44.696    Total estimated model params size (MB)
70        Modules in train mode
0         Modules in eval mode
SLURM auto-requeueing enabled. Setting signal handlers.
[slurm61982039_gr003_gpu0_0] Sync pending: 210 items
Epoch 0 | val_loss: 2.30168, val_acc: 0.09320
Epoch 1 | val_loss: 1.98478, val_acc: 0.30080, train_loss: 2.30981, train_acc: 0.09800
[slurm61982039_gr003_gpu0_0] Sync pending: 210 items
Epoch 2 | val_loss: 1.83071, val_acc: 0.35620, train_loss: 2.25501, train_acc: 0.15260
[slurm61982039_gr003_gpu0_0] Sync pending: 210 items
Epoch 3 | val_loss: 1.64687, val_acc: 0.40940, train_loss: 2.17210, train_acc: 0.20567
Epoch 4 | val_loss: 1.52269, val_acc: 0.48220, train_loss: 2.12199, train_acc: 0.23922
[slurm61982039_gr003_gpu0_0] Sync pending: 210 items
Epoch 5 | val_loss: 1.38274, val_acc: 0.55280, train_loss: 2.09306, train_acc: 0.27344
Epoch 6 | val_loss: 1.31551, val_acc: 0.57600, train_loss: 2.03813, train_acc: 0.29698
[slurm61982039_gr003_gpu0_0] Sync pending: 210 items
Epoch 7 | val_loss: 1.16904, val_acc: 0.61200, train_loss: 2.00912, train_acc: 0.32269
Epoch 8 | val_loss: 1.13059, val_acc: 0.66100, train_loss: 1.96306, train_acc: 0.34598
[slurm61982039_gr003_gpu0_0] Sync pending: 210 items
Epoch 9 | val_loss: 1.10906, val_acc: 0.65640, train_loss: 1.92316, train_acc: 0.35891
Epoch 10 | val_loss: 1.04206, val_acc: 0.68500, train_loss: 1.90416, train_acc: 0.38258
[slurm61982039_gr003_gpu0_0] Sync pending: 210 items
Epoch 11 | val_loss: 1.00559, val_acc: 0.72500, train_loss: 1.87939, train_acc: 0.41756
Epoch 12 | val_loss: 1.01592, val_acc: 0.69120, train_loss: 1.88303, train_acc: 0.40109
[slurm61982039_gr003_gpu0_0] Sync pending: 210 items
Epoch 13 | val_loss: 0.94992, val_acc: 0.73100, train_loss: 1.85367, train_acc: 0.42160
[slurm61982039_gr003_gpu0_0] Sync pending: 210 items
Epoch 14 | val_loss: 0.97500, val_acc: 0.75760, train_loss: 1.82533, train_acc: 0.41427
Epoch 15 | val_loss: 0.96877, val_acc: 0.73780, train_loss: 1.83333, train_acc: 0.43547
[slurm61982039_gr003_gpu0_0] Sync pending: 210 items
Epoch 16 | val_loss: 0.92158, val_acc: 0.76360, train_loss: 1.79960, train_acc: 0.44507
Epoch 17 | val_loss: 0.89265, val_acc: 0.75200, train_loss: 1.82796, train_acc: 0.42969
[slurm61982039_gr003_gpu0_0] Sync pending: 210 items
Epoch 18 | val_loss: 0.91789, val_acc: 0.75500, train_loss: 1.79013, train_acc: 0.43827
Epoch 19 | val_loss: 0.88636, val_acc: 0.76580, train_loss: 1.79604, train_acc: 0.44813
[slurm61982039_gr003_gpu0_0] Sync pending: 210 items
Epoch 20 | val_loss: 0.87005, val_acc: 0.78040, train_loss: 1.79775, train_acc: 0.46129
Epoch 21 | val_loss: 0.87557, val_acc: 0.78200, train_loss: 1.77156, train_acc: 0.45087
[slurm61982039_gr003_gpu0_0] Sync pending: 210 items
Epoch 22 | val_loss: 0.82382, val_acc: 0.79980, train_loss: 1.75596, train_acc: 0.45064
Epoch 23 | val_loss: 0.82342, val_acc: 0.80360, train_loss: 1.74083, train_acc: 0.46898
[slurm61982039_gr003_gpu0_0] Sync pending: 210 items
Epoch 24 | val_loss: 0.82492, val_acc: 0.80100, train_loss: 1.73419, train_acc: 0.46662
Epoch 25 | val_loss: 0.81592, val_acc: 0.80500, train_loss: 1.73952, train_acc: 0.44578
[slurm61982039_gr003_gpu0_0] Sync pending: 210 items
Epoch 26 | val_loss: 0.82028, val_acc: 0.80380, train_loss: 1.73691, train_acc: 0.46884
[slurm61982039_gr003_gpu0_0] Sync pending: 210 items
Epoch 27 | val_loss: 0.80629, val_acc: 0.80840, train_loss: 1.73510, train_acc: 0.45644
Epoch 28 | val_loss: 0.78698, val_acc: 0.81760, train_loss: 1.70614, train_acc: 0.47576
[slurm61982039_gr003_gpu0_0] Sync pending: 210 items
Epoch 29 | val_loss: 0.78692, val_acc: 0.81540, train_loss: 1.70204, train_acc: 0.48820
Epoch 30 | val_loss: 0.81980, val_acc: 0.82360, train_loss: 1.69371, train_acc: 0.50016
[slurm61982039_gr003_gpu0_0] Sync pending: 210 items
Epoch 31 | val_loss: 0.80299, val_acc: 0.81560, train_loss: 1.71499, train_acc: 0.48969
Epoch 32 | val_loss: 0.81253, val_acc: 0.82140, train_loss: 1.69509, train_acc: 0.49251
[slurm61982039_gr003_gpu0_0] Sync pending: 210 items
Epoch 33 | val_loss: 0.80017, val_acc: 0.82920, train_loss: 1.72103, train_acc: 0.49371
Epoch 34 | val_loss: 0.74428, val_acc: 0.83260, train_loss: 1.69578, train_acc: 0.47158
[slurm61982039_gr003_gpu0_0] Sync pending: 210 items
Epoch 35 | val_loss: 0.76006, val_acc: 0.83780, train_loss: 1.66372, train_acc: 0.50600
Epoch 36 | val_loss: 0.78536, val_acc: 0.83920, train_loss: 1.67804, train_acc: 0.54436
[slurm61982039_gr003_gpu0_0] Sync pending: 210 items
Epoch 37 | val_loss: 0.73182, val_acc: 0.83700, train_loss: 1.68480, train_acc: 0.51618
[slurm61982039_gr003_gpu0_0] Sync pending: 210 items
Epoch 38 | val_loss: 0.77174, val_acc: 0.83480, train_loss: 1.66739, train_acc: 0.51538
Epoch 39 | val_loss: 0.76761, val_acc: 0.83700, train_loss: 1.67733, train_acc: 0.51731
[slurm61982039_gr003_gpu0_0] Sync pending: 210 items
Epoch 40 | val_loss: 0.74448, val_acc: 0.84140, train_loss: 1.68864, train_acc: 0.51109
Epoch 41 | val_loss: 0.74263, val_acc: 0.83920, train_loss: 1.68154, train_acc: 0.47300
[slurm61982039_gr003_gpu0_0] Sync pending: 210 items
Epoch 42 | val_loss: 0.76507, val_acc: 0.83840, train_loss: 1.67842, train_acc: 0.49182
Epoch 43 | val_loss: 0.75762, val_acc: 0.84220, train_loss: 1.67388, train_acc: 0.53429
[slurm61982039_gr003_gpu0_0] Sync pending: 210 items
Epoch 44 | val_loss: 0.73679, val_acc: 0.84400, train_loss: 1.66404, train_acc: 0.52458
Epoch 45 | val_loss: 0.74903, val_acc: 0.84020, train_loss: 1.67920, train_acc: 0.50476
[slurm61982039_gr003_gpu0_0] Sync pending: 210 items
Epoch 46 | val_loss: 0.76708, val_acc: 0.84320, train_loss: 1.66092, train_acc: 0.51978
Epoch 47 | val_loss: 0.73738, val_acc: 0.84600, train_loss: 1.66858, train_acc: 0.50722
[slurm61982039_gr003_gpu0_0] Sync pending: 210 items
Epoch 48 | val_loss: 0.72809, val_acc: 0.84900, train_loss: 1.66465, train_acc: 0.50000
[slurm61982039_gr003_gpu0_0] Sync pending: 210 items
Epoch 49 | val_loss: 0.75422, val_acc: 0.84720, train_loss: 1.66497, train_acc: 0.50242
[slurm61982039_gr003_gpu0_0] Job 60c1bdb6-733f-4d44-bc5f-2f1af90a05f8 completed successfully
[slurm61982039_gr003_gpu0_0] Claimed job d0cbe190-193d-4d8b-909c-ce149768649a (priority=195)
[slurm61982039_gr003_gpu0_0] Executing job d0cbe190-193d-4d8b-909c-ce149768649a with _target_=dr_exp.trainers.decon_trainer.train_classification
Epoch 0 | val_loss: 2.34467, val_acc: 0.08594
`Trainer.fit` stopped: `max_epochs=50` reached.
GPU available: True (cuda), used: True
TPU available: False, using: 0 TPU cores
HPU available: False, using: 0 HPUs
LOCAL_RANK: 0 - CUDA_VISIBLE_DEVICES: [0]

  | Name      | Type             | Params | Mode 
-------------------------------------------------------
0 | model     | CifarResNet18    | 11.2 M | train
1 | criterion | CrossEntropyLoss | 0      | train
-------------------------------------------------------
11.2 M    Trainable params
0         Non-trainable params
11.2 M    Total params
44.696    Total estimated model params size (MB)
70        Modules in train mode
0         Modules in eval mode
SLURM auto-requeueing enabled. Setting signal handlers.
Epoch 0 | val_loss: 2.32544, val_acc: 0.08780
[slurm61982039_gr003_gpu0_0] Sync pending: 214 items
Epoch 1 | val_loss: 1.73368, val_acc: 0.37440, train_loss: 2.31448, train_acc: 0.09884
Epoch 2 | val_loss: 1.54977, val_acc: 0.49000, train_loss: 2.21303, train_acc: 0.19138
[slurm61982039_gr003_gpu0_0] Sync pending: 218 items
Epoch 3 | val_loss: 1.40228, val_acc: 0.53280, train_loss: 2.14344, train_acc: 0.24611
[slurm61982039_gr003_gpu0_0] Sync pending: 218 items
Epoch 4 | val_loss: 1.26041, val_acc: 0.61140, train_loss: 2.04928, train_acc: 0.30373
Epoch 5 | val_loss: 1.23840, val_acc: 0.61340, train_loss: 1.98074, train_acc: 0.32736
[slurm61982039_gr003_gpu0_0] Sync pending: 218 items
Epoch 6 | val_loss: 1.07483, val_acc: 0.67380, train_loss: 1.93227, train_acc: 0.36762
Epoch 7 | val_loss: 1.08296, val_acc: 0.70580, train_loss: 1.87934, train_acc: 0.39442
[slurm61982039_gr003_gpu0_0] Sync pending: 222 items
Epoch 8 | val_loss: 1.06454, val_acc: 0.71820, train_loss: 1.85706, train_acc: 0.41460
Epoch 9 | val_loss: 1.00252, val_acc: 0.73260, train_loss: 1.84006, train_acc: 0.41920
[slurm61982039_gr003_gpu0_0] Sync pending: 222 items
Epoch 10 | val_loss: 0.98548, val_acc: 0.73180, train_loss: 1.80642, train_acc: 0.43198
Epoch 11 | val_loss: 0.90419, val_acc: 0.76140, train_loss: 1.78145, train_acc: 0.43231
[slurm61982039_gr003_gpu0_0] Sync pending: 222 items
Epoch 12 | val_loss: 0.96544, val_acc: 0.74880, train_loss: 1.76371, train_acc: 0.44024
Epoch 13 | val_loss: 0.96094, val_acc: 0.75940, train_loss: 1.75451, train_acc: 0.44656
[slurm61982039_gr003_gpu0_0] Sync pending: 222 items
Epoch 14 | val_loss: 0.92511, val_acc: 0.74380, train_loss: 1.75662, train_acc: 0.46842
[slurm61982039_gr003_gpu0_0] Sync pending: 222 items
Epoch 15 | val_loss: 0.93513, val_acc: 0.79440, train_loss: 1.76232, train_acc: 0.46884
Epoch 16 | val_loss: 0.88529, val_acc: 0.78420, train_loss: 1.73698, train_acc: 0.47618
[slurm61982039_gr003_gpu0_0] Sync pending: 222 items
Epoch 17 | val_loss: 0.82015, val_acc: 0.79600, train_loss: 1.72695, train_acc: 0.49040
Epoch 18 | val_loss: 0.86226, val_acc: 0.78200, train_loss: 1.71496, train_acc: 0.50142
[slurm61982039_gr003_gpu0_0] Sync pending: 222 items
Epoch 19 | val_loss: 0.77055, val_acc: 0.81560, train_loss: 1.69156, train_acc: 0.49398
Epoch 20 | val_loss: 0.82387, val_acc: 0.81320, train_loss: 1.71584, train_acc: 0.49511
[slurm61982039_gr003_gpu0_0] Sync pending: 222 items
Epoch 21 | val_loss: 0.81527, val_acc: 0.80420, train_loss: 1.68677, train_acc: 0.51762
Epoch 22 | val_loss: 0.95942, val_acc: 0.75260, train_loss: 1.68294, train_acc: 0.48798
[slurm61982039_gr003_gpu0_0] Sync pending: 222 items
Epoch 23 | val_loss: 0.85067, val_acc: 0.80880, train_loss: 1.68466, train_acc: 0.48131
[slurm61982039_gr003_gpu0_0] Sync pending: 222 items
Epoch 24 | val_loss: 0.80742, val_acc: 0.81700, train_loss: 1.65881, train_acc: 0.50487
Epoch 25 | val_loss: 0.72156, val_acc: 0.84480, train_loss: 1.69545, train_acc: 0.48716
[slurm61982039_gr003_gpu0_0] Sync pending: 222 items
Epoch 26 | val_loss: 0.79130, val_acc: 0.84860, train_loss: 1.67013, train_acc: 0.51529
Epoch 27 | val_loss: 0.73156, val_acc: 0.85320, train_loss: 1.64923, train_acc: 0.54876
[slurm61982039_gr003_gpu0_0] Sync pending: 222 items
Epoch 28 | val_loss: 0.75170, val_acc: 0.84720, train_loss: 1.65195, train_acc: 0.50429
Epoch 29 | val_loss: 0.73971, val_acc: 0.85600, train_loss: 1.64121, train_acc: 0.52204
[slurm61982039_gr003_gpu0_0] Sync pending: 222 items
Epoch 30 | val_loss: 0.68438, val_acc: 0.87660, train_loss: 1.61243, train_acc: 0.53789
Epoch 31 | val_loss: 0.70603, val_acc: 0.87060, train_loss: 1.61930, train_acc: 0.54918
[slurm61982039_gr003_gpu0_0] Sync pending: 222 items
Epoch 32 | val_loss: 0.66630, val_acc: 0.87640, train_loss: 1.63500, train_acc: 0.50487
Epoch 33 | val_loss: 0.64750, val_acc: 0.88640, train_loss: 1.61189, train_acc: 0.54798
[slurm61982039_gr003_gpu0_0] Sync pending: 222 items
Epoch 34 | val_loss: 0.63372, val_acc: 0.88220, train_loss: 1.60727, train_acc: 0.54196
[slurm61982039_gr003_gpu0_0] Sync pending: 222 items
Epoch 35 | val_loss: 0.66920, val_acc: 0.87380, train_loss: 1.59252, train_acc: 0.52993
Epoch 36 | val_loss: 0.66341, val_acc: 0.88540, train_loss: 1.58926, train_acc: 0.55822
[slurm61982039_gr003_gpu0_0] Sync pending: 223 items
Epoch 37 | val_loss: 0.67212, val_acc: 0.89100, train_loss: 1.57851, train_acc: 0.57196
Epoch 38 | val_loss: 0.64252, val_acc: 0.89740, train_loss: 1.58545, train_acc: 0.55344
[slurm61982039_gr003_gpu0_0] Sync pending: 223 items
Epoch 39 | val_loss: 0.61829, val_acc: 0.90000, train_loss: 1.59694, train_acc: 0.53971
Epoch 40 | val_loss: 0.62622, val_acc: 0.90840, train_loss: 1.56193, train_acc: 0.55662
[slurm61982039_gr003_gpu0_0] Sync pending: 231 items
Epoch 41 | val_loss: 0.61529, val_acc: 0.90860, train_loss: 1.56497, train_acc: 0.54304
Epoch 42 | val_loss: 0.57482, val_acc: 0.91360, train_loss: 1.54957, train_acc: 0.57200
[slurm61982039_gr003_gpu0_0] Sync pending: 231 items
Epoch 43 | val_loss: 0.65662, val_acc: 0.91040, train_loss: 1.54793, train_acc: 0.57640
[slurm61982039_gr003_gpu0_0] Sync pending: 235 items
Epoch 44 | val_loss: 0.60329, val_acc: 0.91920, train_loss: 1.52939, train_acc: 0.56849
Epoch 45 | val_loss: 0.58976, val_acc: 0.91900, train_loss: 1.50234, train_acc: 0.57033
[slurm61982039_gr003_gpu0_0] Sync pending: 235 items
Epoch 46 | val_loss: 0.56716, val_acc: 0.92020, train_loss: 1.51381, train_acc: 0.57433
Epoch 47 | val_loss: 0.56125, val_acc: 0.92380, train_loss: 1.53122, train_acc: 0.57358
[slurm61982039_gr003_gpu0_0] Sync pending: 235 items
Epoch 48 | val_loss: 0.52887, val_acc: 0.92460, train_loss: 1.52847, train_acc: 0.57998
Epoch 49 | val_loss: 0.56883, val_acc: 0.92420, train_loss: 1.51256, train_acc: 0.57884
[slurm61982039_gr003_gpu0_0] Job d0cbe190-193d-4d8b-909c-ce149768649a completed successfully
[slurm61982039_gr003_gpu0_0] Claimed job 3fb626cb-47da-4225-a382-b0822cb759d7 (priority=240)
[slurm61982039_gr003_gpu0_0] Executing job 3fb626cb-47da-4225-a382-b0822cb759d7 with _target_=dr_exp.trainers.decon_trainer.train_classification
Epoch 0 | val_loss: 2.31318, val_acc: 0.10938
`Trainer.fit` stopped: `max_epochs=50` reached.
GPU available: True (cuda), used: True
TPU available: False, using: 0 TPU cores
HPU available: False, using: 0 HPUs
LOCAL_RANK: 0 - CUDA_VISIBLE_DEVICES: [0]

  | Name      | Type             | Params | Mode 
-------------------------------------------------------
0 | model     | CifarResNet18    | 11.2 M | train
1 | criterion | CrossEntropyLoss | 0      | train
-------------------------------------------------------
11.2 M    Trainable params
0         Non-trainable params
11.2 M    Total params
44.696    Total estimated model params size (MB)
70        Modules in train mode
0         Modules in eval mode
SLURM auto-requeueing enabled. Setting signal handlers.
[slurm61982039_gr003_gpu0_0] Sync pending: 239 items
Epoch 0 | val_loss: 2.30851, val_acc: 0.11820
Epoch 1 | val_loss: 1.61473, val_acc: 0.38980, train_loss: 2.30374, train_acc: 0.11598
[slurm61982039_gr003_gpu0_0] Sync pending: 239 items
Epoch 2 | val_loss: 1.37415, val_acc: 0.49060, train_loss: 1.86846, train_acc: 0.30173
[slurm61982039_gr003_gpu0_0] Sync pending: 239 items
Epoch 3 | val_loss: 1.15256, val_acc: 0.58260, train_loss: 1.48921, train_acc: 0.44720
Epoch 4 | val_loss: 1.06463, val_acc: 0.61500, train_loss: 1.24929, train_acc: 0.54491
[slurm61982039_gr003_gpu0_0] Sync pending: 239 items
Epoch 5 | val_loss: 0.78743, val_acc: 0.71820, train_loss: 1.04336, train_acc: 0.62656
Epoch 6 | val_loss: 0.74203, val_acc: 0.73560, train_loss: 0.88075, train_acc: 0.68687
[slurm61982039_gr003_gpu0_0] Sync pending: 243 items
Epoch 7 | val_loss: 0.74169, val_acc: 0.74880, train_loss: 0.74098, train_acc: 0.73729
Epoch 8 | val_loss: 0.65383, val_acc: 0.78120, train_loss: 0.64918, train_acc: 0.77171
[slurm61982039_gr003_gpu0_0] Sync pending: 243 items
Epoch 9 | val_loss: 0.61931, val_acc: 0.78980, train_loss: 0.58726, train_acc: 0.79227
Epoch 10 | val_loss: 0.54756, val_acc: 0.81280, train_loss: 0.52368, train_acc: 0.81720
[slurm61982039_gr003_gpu0_0] Sync pending: 243 items
Epoch 11 | val_loss: 0.56646, val_acc: 0.80780, train_loss: 0.47585, train_acc: 0.83431
Epoch 12 | val_loss: 0.56100, val_acc: 0.81260, train_loss: 0.44620, train_acc: 0.84389
[slurm61982039_gr003_gpu0_0] Sync pending: 243 items
Epoch 13 | val_loss: 0.58710, val_acc: 0.81160, train_loss: 0.41193, train_acc: 0.85453
[slurm61982039_gr003_gpu0_0] Sync pending: 247 items
Epoch 14 | val_loss: 0.50987, val_acc: 0.83180, train_loss: 0.37177, train_acc: 0.86980
Epoch 15 | val_loss: 0.44336, val_acc: 0.84980, train_loss: 0.34378, train_acc: 0.87953
[slurm61982039_gr003_gpu0_0] Sync pending: 247 items
Epoch 16 | val_loss: 0.51850, val_acc: 0.83420, train_loss: 0.31223, train_acc: 0.89136
Epoch 17 | val_loss: 0.49331, val_acc: 0.84040, train_loss: 0.29426, train_acc: 0.89802
[slurm61982039_gr003_gpu0_0] Sync pending: 247 items
Epoch 18 | val_loss: 0.43527, val_acc: 0.86220, train_loss: 0.28020, train_acc: 0.90136
Epoch 19 | val_loss: 0.44235, val_acc: 0.85700, train_loss: 0.25190, train_acc: 0.91098
[slurm61982039_gr003_gpu0_0] Sync pending: 247 items
Epoch 20 | val_loss: 0.45182, val_acc: 0.85920, train_loss: 0.23551, train_acc: 0.91824
Epoch 21 | val_loss: 0.50093, val_acc: 0.84460, train_loss: 0.20649, train_acc: 0.92671
[slurm61982039_gr003_gpu0_0] Sync pending: 247 items
Epoch 22 | val_loss: 0.48586, val_acc: 0.84940, train_loss: 0.19947, train_acc: 0.93042
Epoch 23 | val_loss: 0.43689, val_acc: 0.86760, train_loss: 0.17717, train_acc: 0.93949
[slurm61982039_gr003_gpu0_0] Sync pending: 247 items
Epoch 24 | val_loss: 0.42631, val_acc: 0.87020, train_loss: 0.16406, train_acc: 0.94400
Epoch 25 | val_loss: 0.41315, val_acc: 0.87640, train_loss: 0.15021, train_acc: 0.94882
[slurm61982039_gr003_gpu0_0] Sync pending: 247 items
Epoch 26 | val_loss: 0.44567, val_acc: 0.86920, train_loss: 0.13713, train_acc: 0.95200
[slurm61982039_gr003_gpu0_0] Sync pending: 247 items
Epoch 27 | val_loss: 0.41166, val_acc: 0.87960, train_loss: 0.12569, train_acc: 0.95633
Epoch 28 | val_loss: 0.40924, val_acc: 0.88060, train_loss: 0.11204, train_acc: 0.96278
[slurm61982039_gr003_gpu0_0] Sync pending: 247 items
Epoch 29 | val_loss: 0.47299, val_acc: 0.87260, train_loss: 0.10486, train_acc: 0.96509
Epoch 30 | val_loss: 0.42280, val_acc: 0.87800, train_loss: 0.09600, train_acc: 0.96729
[slurm61982039_gr003_gpu0_0] Sync pending: 251 items
Epoch 31 | val_loss: 0.40601, val_acc: 0.88440, train_loss: 0.08292, train_acc: 0.97182
Epoch 32 | val_loss: 0.42513, val_acc: 0.88020, train_loss: 0.07391, train_acc: 0.97536
[slurm61982039_gr003_gpu0_0] Sync pending: 255 items
Epoch 33 | val_loss: 0.42699, val_acc: 0.88100, train_loss: 0.06884, train_acc: 0.97627
Epoch 34 | val_loss: 0.40628, val_acc: 0.88980, train_loss: 0.06261, train_acc: 0.97942
[slurm61982039_gr003_gpu0_0] Sync pending: 272 items
Epoch 35 | val_loss: 0.40526, val_acc: 0.88700, train_loss: 0.05962, train_acc: 0.98098
Epoch 36 | val_loss: 0.41013, val_acc: 0.89160, train_loss: 0.05386, train_acc: 0.98347
[slurm61982039_gr003_gpu0_0] Sync pending: 280 items
Epoch 37 | val_loss: 0.40233, val_acc: 0.89380, train_loss: 0.04659, train_acc: 0.98560
[slurm61982039_gr003_gpu0_0] Sync pending: 280 items
Epoch 38 | val_loss: 0.40567, val_acc: 0.89140, train_loss: 0.04464, train_acc: 0.98604
Epoch 39 | val_loss: 0.39987, val_acc: 0.89080, train_loss: 0.04232, train_acc: 0.98653
[slurm61982039_gr003_gpu0_0] Sync pending: 284 items
Epoch 40 | val_loss: 0.39194, val_acc: 0.89420, train_loss: 0.03927, train_acc: 0.98776
Epoch 41 | val_loss: 0.39247, val_acc: 0.89460, train_loss: 0.03680, train_acc: 0.98900
[slurm61982039_gr003_gpu0_0] Sync pending: 288 items
Epoch 42 | val_loss: 0.39256, val_acc: 0.89600, train_loss: 0.03524, train_acc: 0.98964
Epoch 43 | val_loss: 0.39799, val_acc: 0.89380, train_loss: 0.03491, train_acc: 0.98962
[slurm61982039_gr003_gpu0_0] Sync pending: 288 items
Epoch 44 | val_loss: 0.39361, val_acc: 0.89520, train_loss: 0.03210, train_acc: 0.99036
Epoch 45 | val_loss: 0.39299, val_acc: 0.89560, train_loss: 0.03120, train_acc: 0.99131
[slurm61982039_gr003_gpu0_0] Sync pending: 292 items
Epoch 46 | val_loss: 0.39032, val_acc: 0.89680, train_loss: 0.02946, train_acc: 0.99164
Epoch 47 | val_loss: 0.38934, val_acc: 0.89560, train_loss: 0.03083, train_acc: 0.99113
[slurm61982039_gr003_gpu0_0] Sync pending: 292 items
Epoch 48 | val_loss: 0.38865, val_acc: 0.89860, train_loss: 0.02958, train_acc: 0.99104
Epoch 49 | val_loss: 0.39048, val_acc: 0.89520, train_loss: 0.02841, train_acc: 0.99193
[slurm61982039_gr003_gpu0_0] Job 3fb626cb-47da-4225-a382-b0822cb759d7 completed successfully
[slurm61982039_gr003_gpu0_0] Claimed job 2ae616a5-828c-4c68-a31a-fe6287e9577c (priority=210)
[slurm61982039_gr003_gpu0_0] Executing job 2ae616a5-828c-4c68-a31a-fe6287e9577c with _target_=dr_exp.trainers.decon_trainer.train_classification
[slurm61982039_gr003_gpu0_0] Sync pending: 296 items
Epoch 0 | val_loss: 2.30254, val_acc: 0.11719
`Trainer.fit` stopped: `max_epochs=50` reached.
GPU available: True (cuda), used: True
TPU available: False, using: 0 TPU cores
HPU available: False, using: 0 HPUs
LOCAL_RANK: 0 - CUDA_VISIBLE_DEVICES: [0]

  | Name      | Type             | Params | Mode 
-------------------------------------------------------
0 | model     | CifarResNet18    | 11.2 M | train
1 | criterion | CrossEntropyLoss | 0      | train
-------------------------------------------------------
11.2 M    Trainable params
0         Non-trainable params
11.2 M    Total params
44.696    Total estimated model params size (MB)
70        Modules in train mode
0         Modules in eval mode
SLURM auto-requeueing enabled. Setting signal handlers.
Epoch 0 | val_loss: 2.31180, val_acc: 0.06700
[slurm61982039_gr003_gpu0_0] Sync pending: 300 items
Epoch 1 | val_loss: 1.39905, val_acc: 0.48180, train_loss: 2.30678, train_acc: 0.08480
Epoch 2 | val_loss: 1.40828, val_acc: 0.53720, train_loss: 1.64895, train_acc: 0.38307
[slurm61982039_gr003_gpu0_0] Sync pending: 300 items
Epoch 3 | val_loss: 0.76696, val_acc: 0.73900, train_loss: 1.19281, train_acc: 0.57516
Epoch 4 | val_loss: 0.78343, val_acc: 0.73580, train_loss: 0.91622, train_acc: 0.68371
[slurm61982039_gr003_gpu0_0] Sync pending: 300 items
Epoch 5 | val_loss: 0.81216, val_acc: 0.72580, train_loss: 0.76863, train_acc: 0.73542
Epoch 6 | val_loss: 0.68921, val_acc: 0.76480, train_loss: 0.70285, train_acc: 0.75647
[slurm61982039_gr003_gpu0_0] Sync pending: 300 items
Epoch 7 | val_loss: 0.67790, val_acc: 0.76840, train_loss: 0.62735, train_acc: 0.78564
Epoch 8 | val_loss: 0.88017, val_acc: 0.70960, train_loss: 0.58613, train_acc: 0.79891
[slurm61982039_gr003_gpu0_0] Sync pending: 300 items
Epoch 9 | val_loss: 0.58690, val_acc: 0.79740, train_loss: 0.55830, train_acc: 0.80980
Epoch 10 | val_loss: 0.55075, val_acc: 0.81680, train_loss: 0.53186, train_acc: 0.81936
Epoch 11 | val_loss: 0.65634, val_acc: 0.78040, train_loss: 0.51025, train_acc: 0.82662
[slurm61982039_gr003_gpu0_0] Sync pending: 300 items
Epoch 12 | val_loss: 0.54303, val_acc: 0.81280, train_loss: 0.49447, train_acc: 0.83149
Epoch 13 | val_loss: 0.63155, val_acc: 0.79200, train_loss: 0.48989, train_acc: 0.83420
[slurm61982039_gr003_gpu0_0] Sync pending: 300 items
Epoch 14 | val_loss: 0.77789, val_acc: 0.74420, train_loss: 0.47574, train_acc: 0.83638
Epoch 15 | val_loss: 0.68951, val_acc: 0.78300, train_loss: 0.46372, train_acc: 0.84142
[slurm61982039_gr003_gpu0_0] Sync pending: 304 items
Epoch 16 | val_loss: 0.56122, val_acc: 0.81360, train_loss: 0.44929, train_acc: 0.84709
Epoch 17 | val_loss: 0.48905, val_acc: 0.83580, train_loss: 0.43077, train_acc: 0.85407
[slurm61982039_gr003_gpu0_0] Sync pending: 304 items
Epoch 18 | val_loss: 0.72905, val_acc: 0.76580, train_loss: 0.42692, train_acc: 0.85498
Epoch 19 | val_loss: 0.54805, val_acc: 0.81800, train_loss: 0.40471, train_acc: 0.86293
[slurm61982039_gr003_gpu0_0] Sync pending: 304 items
Epoch 20 | val_loss: 0.62246, val_acc: 0.80040, train_loss: 0.39766, train_acc: 0.86600
Epoch 21 | val_loss: 0.56399, val_acc: 0.81580, train_loss: 0.39189, train_acc: 0.86691
[slurm61982039_gr003_gpu0_0] Sync pending: 304 items
Epoch 22 | val_loss: 0.65928, val_acc: 0.79100, train_loss: 0.37211, train_acc: 0.87444
Epoch 23 | val_loss: 0.48369, val_acc: 0.83480, train_loss: 0.36278, train_acc: 0.87573
[slurm61982039_gr003_gpu0_0] Sync pending: 304 items
Epoch 24 | val_loss: 0.72856, val_acc: 0.77060, train_loss: 0.34804, train_acc: 0.88024
Epoch 25 | val_loss: 0.51405, val_acc: 0.82660, train_loss: 0.33288, train_acc: 0.88596
[slurm61982039_gr003_gpu0_0] Sync pending: 304 items
Epoch 26 | val_loss: 0.51369, val_acc: 0.82600, train_loss: 0.31941, train_acc: 0.89051
Epoch 27 | val_loss: 0.46364, val_acc: 0.84900, train_loss: 0.30605, train_acc: 0.89631
[slurm61982039_gr003_gpu0_0] Sync pending: 304 items
Epoch 28 | val_loss: 0.42094, val_acc: 0.86240, train_loss: 0.29181, train_acc: 0.90089
Epoch 29 | val_loss: 0.42125, val_acc: 0.85940, train_loss: 0.28221, train_acc: 0.90349
[slurm61982039_gr003_gpu0_0] Sync pending: 312 items
Epoch 30 | val_loss: 0.41733, val_acc: 0.86180, train_loss: 0.25134, train_acc: 0.91451
Epoch 31 | val_loss: 0.39113, val_acc: 0.87340, train_loss: 0.23854, train_acc: 0.91873
[slurm61982039_gr003_gpu0_0] Sync pending: 320 items
Epoch 32 | val_loss: 0.36261, val_acc: 0.87760, train_loss: 0.22349, train_acc: 0.92487
Epoch 33 | val_loss: 0.34914, val_acc: 0.88600, train_loss: 0.20964, train_acc: 0.92729
[slurm61982039_gr003_gpu0_0] Sync pending: 328 items
Epoch 34 | val_loss: 0.34616, val_acc: 0.89060, train_loss: 0.19145, train_acc: 0.93482
Epoch 35 | val_loss: 0.36133, val_acc: 0.89060, train_loss: 0.17257, train_acc: 0.94173
[slurm61982039_gr003_gpu0_0] Sync pending: 332 items
Epoch 36 | val_loss: 0.33808, val_acc: 0.89280, train_loss: 0.15092, train_acc: 0.94849
Epoch 37 | val_loss: 0.35156, val_acc: 0.89420, train_loss: 0.13211, train_acc: 0.95498
[slurm61982039_gr003_gpu0_0] Sync pending: 332 items
Epoch 38 | val_loss: 0.33617, val_acc: 0.89920, train_loss: 0.11889, train_acc: 0.95989
Epoch 39 | val_loss: 0.29010, val_acc: 0.91240, train_loss: 0.09971, train_acc: 0.96620
[slurm61982039_gr003_gpu0_0] Sync pending: 340 items
Epoch 40 | val_loss: 0.29240, val_acc: 0.91740, train_loss: 0.07823, train_acc: 0.97449
Epoch 41 | val_loss: 0.26501, val_acc: 0.92160, train_loss: 0.06409, train_acc: 0.97902
[slurm61982039_gr003_gpu0_0] Sync pending: 344 items
Epoch 42 | val_loss: 0.25714, val_acc: 0.92620, train_loss: 0.05143, train_acc: 0.98284
Epoch 43 | val_loss: 0.25484, val_acc: 0.92860, train_loss: 0.04020, train_acc: 0.98689
[slurm61982039_gr003_gpu0_0] Sync pending: 344 items
Epoch 44 | val_loss: 0.25419, val_acc: 0.93160, train_loss: 0.03115, train_acc: 0.99058
Epoch 45 | val_loss: 0.25019, val_acc: 0.93340, train_loss: 0.02599, train_acc: 0.99196
[slurm61982039_gr003_gpu0_0] Sync pending: 344 items
Epoch 46 | val_loss: 0.25328, val_acc: 0.93280, train_loss: 0.01961, train_acc: 0.99460
Epoch 47 | val_loss: 0.24975, val_acc: 0.93240, train_loss: 0.01824, train_acc: 0.99518
[slurm61982039_gr003_gpu0_0] Sync pending: 344 items
Epoch 48 | val_loss: 0.24861, val_acc: 0.93260, train_loss: 0.01542, train_acc: 0.99624
Epoch 49 | val_loss: 0.24827, val_acc: 0.93280, train_loss: 0.01469, train_acc: 0.99642
[slurm61982039_gr003_gpu0_0] Job 2ae616a5-828c-4c68-a31a-fe6287e9577c completed successfully
[slurm61982039_gr003_gpu0_0] Claimed job beec0c1d-6343-4e3d-9419-3617f914b805 (priority=190)
[slurm61982039_gr003_gpu0_0] Executing job beec0c1d-6343-4e3d-9419-3617f914b805 with _target_=dr_exp.trainers.decon_trainer.train_classification
Epoch 0 | val_loss: 2.31836, val_acc: 0.13281
`Trainer.fit` stopped: `max_epochs=50` reached.
GPU available: True (cuda), used: True
TPU available: False, using: 0 TPU cores
HPU available: False, using: 0 HPUs
LOCAL_RANK: 0 - CUDA_VISIBLE_DEVICES: [0]

  | Name      | Type             | Params | Mode 
-------------------------------------------------------
0 | model     | CifarResNet18    | 11.2 M | train
1 | criterion | CrossEntropyLoss | 0      | train
-------------------------------------------------------
11.2 M    Trainable params
0         Non-trainable params
11.2 M    Total params
44.696    Total estimated model params size (MB)
70        Modules in train mode
0         Modules in eval mode
SLURM auto-requeueing enabled. Setting signal handlers.
[slurm61982039_gr003_gpu0_0] Sync pending: 356 items
Epoch 0 | val_loss: 2.33310, val_acc: 0.10440
Epoch 1 | val_loss: 1.38897, val_acc: 0.51200, train_loss: 2.33503, train_acc: 0.09747
[slurm61982039_gr003_gpu0_0] Sync pending: 356 items
Epoch 2 | val_loss: 1.02671, val_acc: 0.64420, train_loss: 1.65902, train_acc: 0.39971
Epoch 3 | val_loss: 0.86382, val_acc: 0.70440, train_loss: 1.18997, train_acc: 0.57904
[slurm61982039_gr003_gpu0_0] Sync pending: 356 items
Epoch 4 | val_loss: 0.83592, val_acc: 0.71800, train_loss: 0.92448, train_acc: 0.67811
Epoch 5 | val_loss: 0.81857, val_acc: 0.72000, train_loss: 0.78499, train_acc: 0.72776
[slurm61982039_gr003_gpu0_0] Sync pending: 356 items
Epoch 6 | val_loss: 0.68634, val_acc: 0.77020, train_loss: 0.70252, train_acc: 0.75758
Epoch 7 | val_loss: 0.64082, val_acc: 0.77780, train_loss: 0.62211, train_acc: 0.78420
[slurm61982039_gr003_gpu0_0] Sync pending: 360 items
Epoch 8 | val_loss: 0.63316, val_acc: 0.78860, train_loss: 0.56775, train_acc: 0.80536
Epoch 9 | val_loss: 0.78447, val_acc: 0.74060, train_loss: 0.51873, train_acc: 0.82322
[slurm61982039_gr003_gpu0_0] Sync pending: 360 items
Epoch 10 | val_loss: 0.70875, val_acc: 0.77260, train_loss: 0.49687, train_acc: 0.82873
[slurm61982039_gr003_gpu0_0] Sync pending: 360 items
Epoch 11 | val_loss: 0.61104, val_acc: 0.79420, train_loss: 0.47198, train_acc: 0.83853
Epoch 12 | val_loss: 0.57010, val_acc: 0.81020, train_loss: 0.45728, train_acc: 0.84193
[slurm61982039_gr003_gpu0_0] Sync pending: 360 items
Epoch 13 | val_loss: 0.65429, val_acc: 0.78780, train_loss: 0.43936, train_acc: 0.84940
Epoch 14 | val_loss: 0.67997, val_acc: 0.78860, train_loss: 0.43018, train_acc: 0.85384
[slurm61982039_gr003_gpu0_0] Sync pending: 364 items
Epoch 15 | val_loss: 0.56517, val_acc: 0.81880, train_loss: 0.41759, train_acc: 0.85767
Epoch 16 | val_loss: 0.54417, val_acc: 0.81440, train_loss: 0.40003, train_acc: 0.86220
[slurm61982039_gr003_gpu0_0] Sync pending: 364 items
Epoch 17 | val_loss: 0.52846, val_acc: 0.81880, train_loss: 0.38816, train_acc: 0.86771
Epoch 18 | val_loss: 0.49105, val_acc: 0.83560, train_loss: 0.37628, train_acc: 0.87047
[slurm61982039_gr003_gpu0_0] Sync pending: 364 items
Epoch 19 | val_loss: 0.45011, val_acc: 0.84740, train_loss: 0.36636, train_acc: 0.87362
Epoch 20 | val_loss: 0.42485, val_acc: 0.85860, train_loss: 0.34657, train_acc: 0.88104
[slurm61982039_gr003_gpu0_0] Sync pending: 364 items
Epoch 21 | val_loss: 0.55068, val_acc: 0.81700, train_loss: 0.34183, train_acc: 0.88184
Epoch 22 | val_loss: 0.49557, val_acc: 0.83120, train_loss: 0.32457, train_acc: 0.88942
[slurm61982039_gr003_gpu0_0] Sync pending: 364 items
Epoch 23 | val_loss: 0.48284, val_acc: 0.84460, train_loss: 0.31639, train_acc: 0.89189
Epoch 24 | val_loss: 0.40330, val_acc: 0.86800, train_loss: 0.30387, train_acc: 0.89602
[slurm61982039_gr003_gpu0_0] Sync pending: 364 items
Epoch 25 | val_loss: 0.39149, val_acc: 0.86900, train_loss: 0.28604, train_acc: 0.90140
Epoch 26 | val_loss: 0.40013, val_acc: 0.86700, train_loss: 0.26895, train_acc: 0.90776
[slurm61982039_gr003_gpu0_0] Sync pending: 364 items
Epoch 27 | val_loss: 0.41428, val_acc: 0.86860, train_loss: 0.25613, train_acc: 0.91362
[slurm61982039_gr003_gpu0_0] Sync pending: 368 items
Epoch 28 | val_loss: 0.38788, val_acc: 0.87140, train_loss: 0.24603, train_acc: 0.91389
Epoch 29 | val_loss: 0.40137, val_acc: 0.87060, train_loss: 0.23334, train_acc: 0.91978
[slurm61982039_gr003_gpu0_0] Sync pending: 368 items
Epoch 30 | val_loss: 0.38350, val_acc: 0.87440, train_loss: 0.21250, train_acc: 0.92704
Epoch 31 | val_loss: 0.33061, val_acc: 0.89500, train_loss: 0.20136, train_acc: 0.93220
[slurm61982039_gr003_gpu0_0] Sync pending: 372 items
Epoch 32 | val_loss: 0.34886, val_acc: 0.89020, train_loss: 0.18192, train_acc: 0.93811
Epoch 33 | val_loss: 0.35085, val_acc: 0.88980, train_loss: 0.16800, train_acc: 0.94282
[slurm61982039_gr003_gpu0_0] Sync pending: 384 items
Epoch 34 | val_loss: 0.32590, val_acc: 0.90020, train_loss: 0.14456, train_acc: 0.95069
Epoch 35 | val_loss: 0.33369, val_acc: 0.89600, train_loss: 0.14214, train_acc: 0.95040
[slurm61982039_gr003_gpu0_0] Sync pending: 388 items
Epoch 36 | val_loss: 0.27215, val_acc: 0.91040, train_loss: 0.11259, train_acc: 0.96229
Epoch 37 | val_loss: 0.29163, val_acc: 0.91360, train_loss: 0.10256, train_acc: 0.96562
[slurm61982039_gr003_gpu0_0] Sync pending: 388 items
Epoch 38 | val_loss: 0.27698, val_acc: 0.91960, train_loss: 0.08430, train_acc: 0.97182
Epoch 39 | val_loss: 0.28095, val_acc: 0.91420, train_loss: 0.06973, train_acc: 0.97673
[slurm61982039_gr003_gpu0_0] Sync pending: 392 items
Epoch 40 | val_loss: 0.25660, val_acc: 0.92540, train_loss: 0.05363, train_acc: 0.98322
Epoch 41 | val_loss: 0.24750, val_acc: 0.92520, train_loss: 0.04752, train_acc: 0.98527
[slurm61982039_gr003_gpu0_0] Sync pending: 392 items
Epoch 42 | val_loss: 0.23883, val_acc: 0.92980, train_loss: 0.03364, train_acc: 0.99042
Epoch 43 | val_loss: 0.24049, val_acc: 0.93140, train_loss: 0.02671, train_acc: 0.99229
[slurm61982039_gr003_gpu0_0] Sync pending: 392 items
Epoch 44 | val_loss: 0.24550, val_acc: 0.93040, train_loss: 0.02034, train_acc: 0.99473
[slurm61982039_gr003_gpu0_0] Sync pending: 392 items
Epoch 45 | val_loss: 0.23283, val_acc: 0.93640, train_loss: 0.01695, train_acc: 0.99553
Epoch 46 | val_loss: 0.22789, val_acc: 0.93720, train_loss: 0.01472, train_acc: 0.99633
[slurm61982039_gr003_gpu0_0] Sync pending: 400 items
Epoch 47 | val_loss: 0.22843, val_acc: 0.93720, train_loss: 0.01441, train_acc: 0.99636
Epoch 48 | val_loss: 0.22704, val_acc: 0.93800, train_loss: 0.01203, train_acc: 0.99720
[slurm61982039_gr003_gpu0_0] Sync pending: 400 items
Epoch 49 | val_loss: 0.22842, val_acc: 0.93760, train_loss: 0.01115, train_acc: 0.99789
[slurm61982039_gr003_gpu0_0] Job beec0c1d-6343-4e3d-9419-3617f914b805 completed successfully
[slurm61982039_gr003_gpu0_0] Claimed job e9a3ae66-007a-4350-a8db-42a5c06f90e9 (priority=185)
[slurm61982039_gr003_gpu0_0] Executing job e9a3ae66-007a-4350-a8db-42a5c06f90e9 with _target_=dr_exp.trainers.decon_trainer.train_classification
Epoch 0 | val_loss: 2.36309, val_acc: 0.08984
`Trainer.fit` stopped: `max_epochs=50` reached.
GPU available: True (cuda), used: True
TPU available: False, using: 0 TPU cores
HPU available: False, using: 0 HPUs
LOCAL_RANK: 0 - CUDA_VISIBLE_DEVICES: [0]

  | Name      | Type             | Params | Mode 
-------------------------------------------------------
0 | model     | CifarResNet18    | 11.2 M | train
1 | criterion | CrossEntropyLoss | 0      | train
-------------------------------------------------------
11.2 M    Trainable params
0         Non-trainable params
11.2 M    Total params
44.696    Total estimated model params size (MB)
70        Modules in train mode
0         Modules in eval mode
SLURM auto-requeueing enabled. Setting signal handlers.
Epoch 0 | val_loss: 2.33848, val_acc: 0.09980
[slurm61982039_gr003_gpu0_0] Sync pending: 404 items
Epoch 1 | val_loss: 1.69603, val_acc: 0.41240, train_loss: 2.32085, train_acc: 0.10189
Epoch 2 | val_loss: 1.52896, val_acc: 0.50460, train_loss: 2.16568, train_acc: 0.22004
[slurm61982039_gr003_gpu0_0] Sync pending: 404 items
Epoch 3 | val_loss: 1.41529, val_acc: 0.54620, train_loss: 2.06382, train_acc: 0.28916
Epoch 4 | val_loss: 1.19786, val_acc: 0.63740, train_loss: 1.99419, train_acc: 0.31864
[slurm61982039_gr003_gpu0_0] Sync pending: 408 items
Epoch 5 | val_loss: 1.19598, val_acc: 0.64020, train_loss: 1.92450, train_acc: 0.38320
[slurm61982039_gr003_gpu0_0] Sync pending: 412 items
Epoch 6 | val_loss: 1.04747, val_acc: 0.69780, train_loss: 1.87841, train_acc: 0.39851
Epoch 7 | val_loss: 1.09033, val_acc: 0.68480, train_loss: 1.80173, train_acc: 0.44018
[slurm61982039_gr003_gpu0_0] Sync pending: 416 items
Epoch 8 | val_loss: 1.06484, val_acc: 0.71140, train_loss: 1.77764, train_acc: 0.44940
Epoch 9 | val_loss: 0.94340, val_acc: 0.76120, train_loss: 1.75041, train_acc: 0.47991
[slurm61982039_gr003_gpu0_0] Sync pending: 416 items
Epoch 10 | val_loss: 0.94576, val_acc: 0.76540, train_loss: 1.73330, train_acc: 0.47711
Epoch 11 | val_loss: 0.90859, val_acc: 0.76200, train_loss: 1.72273, train_acc: 0.49558
[slurm61982039_gr003_gpu0_0] Sync pending: 416 items
Epoch 12 | val_loss: 0.84815, val_acc: 0.78380, train_loss: 1.72888, train_acc: 0.49249
Epoch 13 | val_loss: 0.85644, val_acc: 0.79120, train_loss: 1.66213, train_acc: 0.50271
[slurm61982039_gr003_gpu0_0] Sync pending: 420 items
Epoch 14 | val_loss: 0.87273, val_acc: 0.79960, train_loss: 1.67230, train_acc: 0.51131
Epoch 15 | val_loss: 0.87847, val_acc: 0.79780, train_loss: 1.67500, train_acc: 0.49587
[slurm61982039_gr003_gpu0_0] Sync pending: 420 items
Epoch 16 | val_loss: 0.83490, val_acc: 0.82240, train_loss: 1.66081, train_acc: 0.52731
Epoch 17 | val_loss: 0.80109, val_acc: 0.83200, train_loss: 1.63729, train_acc: 0.50598
[slurm61982039_gr003_gpu0_0] Sync pending: 420 items
Epoch 18 | val_loss: 0.85487, val_acc: 0.82340, train_loss: 1.65086, train_acc: 0.51409
Epoch 19 | val_loss: 0.96744, val_acc: 0.72680, train_loss: 1.62344, train_acc: 0.50289
[slurm61982039_gr003_gpu0_0] Sync pending: 420 items
Epoch 20 | val_loss: 0.73023, val_acc: 0.82520, train_loss: 1.61967, train_acc: 0.51840
Epoch 21 | val_loss: 0.79524, val_acc: 0.82780, train_loss: 1.59234, train_acc: 0.50373
[slurm61982039_gr003_gpu0_0] Sync pending: 420 items
Epoch 22 | val_loss: 0.81497, val_acc: 0.81980, train_loss: 1.61893, train_acc: 0.52516
[slurm61982039_gr003_gpu0_0] Sync pending: 424 items
Epoch 23 | val_loss: 0.72940, val_acc: 0.85040, train_loss: 1.60457, train_acc: 0.53904
Epoch 24 | val_loss: 0.74268, val_acc: 0.85780, train_loss: 1.60302, train_acc: 0.54813
[slurm61982039_gr003_gpu0_0] Sync pending: 428 items
Epoch 25 | val_loss: 0.70732, val_acc: 0.86160, train_loss: 1.58109, train_acc: 0.55196
Epoch 26 | val_loss: 0.64422, val_acc: 0.88140, train_loss: 1.56867, train_acc: 0.53629
[slurm61982039_gr003_gpu0_0] Sync pending: 432 items
Epoch 27 | val_loss: 0.63427, val_acc: 0.87100, train_loss: 1.57165, train_acc: 0.53244
Epoch 28 | val_loss: 0.70742, val_acc: 0.87600, train_loss: 1.57241, train_acc: 0.55262
[slurm61982039_gr003_gpu0_0] Sync pending: 432 items
Epoch 29 | val_loss: 0.72367, val_acc: 0.88900, train_loss: 1.55603, train_acc: 0.54360
Epoch 30 | val_loss: 0.67793, val_acc: 0.88300, train_loss: 1.55389, train_acc: 0.53458
[slurm61982039_gr003_gpu0_0] Sync pending: 436 items
Epoch 31 | val_loss: 0.70750, val_acc: 0.87300, train_loss: 1.54027, train_acc: 0.53382
Epoch 32 | val_loss: 0.65283, val_acc: 0.88680, train_loss: 1.54445, train_acc: 0.57264
[slurm61982039_gr003_gpu0_0] Sync pending: 436 items
Epoch 33 | val_loss: 0.69309, val_acc: 0.88440, train_loss: 1.53889, train_acc: 0.56656
Epoch 34 | val_loss: 0.58331, val_acc: 0.90520, train_loss: 1.53041, train_acc: 0.57842
[slurm61982039_gr003_gpu0_0] Sync pending: 440 items
Epoch 35 | val_loss: 0.59309, val_acc: 0.90640, train_loss: 1.51994, train_acc: 0.59422
Epoch 36 | val_loss: 0.66857, val_acc: 0.89960, train_loss: 1.50124, train_acc: 0.56642
[slurm61982039_gr003_gpu0_0] Sync pending: 440 items
Epoch 37 | val_loss: 0.61011, val_acc: 0.91480, train_loss: 1.48946, train_acc: 0.61058
Epoch 38 | val_loss: 0.58008, val_acc: 0.91580, train_loss: 1.50496, train_acc: 0.60307
[slurm61982039_gr003_gpu0_0] Sync pending: 444 items
Epoch 39 | val_loss: 0.55564, val_acc: 0.91960, train_loss: 1.49198, train_acc: 0.58651
[slurm61982039_gr003_gpu0_0] Sync pending: 452 items
Epoch 40 | val_loss: 0.56864, val_acc: 0.92020, train_loss: 1.47373, train_acc: 0.58927
Epoch 41 | val_loss: 0.57697, val_acc: 0.92100, train_loss: 1.46407, train_acc: 0.61944
[slurm61982039_gr003_gpu0_0] Sync pending: 456 items
Epoch 42 | val_loss: 0.56536, val_acc: 0.92920, train_loss: 1.45792, train_acc: 0.58331
Epoch 43 | val_loss: 0.56946, val_acc: 0.92640, train_loss: 1.46966, train_acc: 0.61822
[slurm61982039_gr003_gpu0_0] Sync pending: 456 items
Epoch 44 | val_loss: 0.54092, val_acc: 0.92600, train_loss: 1.44506, train_acc: 0.60049
Epoch 45 | val_loss: 0.55743, val_acc: 0.92780, train_loss: 1.44093, train_acc: 0.62456
[slurm61982039_gr003_gpu0_0] Sync pending: 456 items
Epoch 46 | val_loss: 0.50801, val_acc: 0.93240, train_loss: 1.42075, train_acc: 0.62647
Epoch 47 | val_loss: 0.52335, val_acc: 0.93380, train_loss: 1.43930, train_acc: 0.64611
[slurm61982039_gr003_gpu0_0] Sync pending: 464 items
Epoch 48 | val_loss: 0.54436, val_acc: 0.93280, train_loss: 1.43296, train_acc: 0.62778
Epoch 49 | val_loss: 0.59751, val_acc: 0.93280, train_loss: 1.42215, train_acc: 0.64173
[slurm61982039_gr003_gpu0_0] Job e9a3ae66-007a-4350-a8db-42a5c06f90e9 completed successfully
[slurm61982039_gr003_gpu0_0] Claimed job a9df925a-936a-4b75-912c-445663b95da1 (priority=170)
[slurm61982039_gr003_gpu0_0] Executing job a9df925a-936a-4b75-912c-445663b95da1 with _target_=dr_exp.trainers.decon_trainer.train_classification
Epoch 0 | val_loss: 2.33932, val_acc: 0.11719
`Trainer.fit` stopped: `max_epochs=50` reached.
GPU available: True (cuda), used: True
TPU available: False, using: 0 TPU cores
HPU available: False, using: 0 HPUs
LOCAL_RANK: 0 - CUDA_VISIBLE_DEVICES: [0]

  | Name      | Type             | Params | Mode 
-------------------------------------------------------
0 | model     | CifarResNet18    | 11.2 M | train
1 | criterion | CrossEntropyLoss | 0      | train
-------------------------------------------------------
11.2 M    Trainable params
0         Non-trainable params
11.2 M    Total params
44.696    Total estimated model params size (MB)
70        Modules in train mode
0         Modules in eval mode
SLURM auto-requeueing enabled. Setting signal handlers.
[slurm61982039_gr003_gpu0_0] Sync pending: 468 items
Epoch 0 | val_loss: 2.31877, val_acc: 0.08820
[slurm61982039_gr003_gpu0_0] Sync pending: 468 items
Epoch 1 | val_loss: 2.07218, val_acc: 0.24140, train_loss: 2.31558, train_acc: 0.09920
Epoch 2 | val_loss: 1.83911, val_acc: 0.37260, train_loss: 2.27444, train_acc: 0.13744
[slurm61982039_gr003_gpu0_0] Sync pending: 472 items
Epoch 3 | val_loss: 1.69862, val_acc: 0.42500, train_loss: 2.19396, train_acc: 0.19256
Epoch 4 | val_loss: 1.62839, val_acc: 0.44620, train_loss: 2.14272, train_acc: 0.23187
[slurm61982039_gr003_gpu0_0] Sync pending: 472 items
Epoch 5 | val_loss: 1.54134, val_acc: 0.46220, train_loss: 2.11259, train_acc: 0.24431
Epoch 6 | val_loss: 1.42477, val_acc: 0.55740, train_loss: 2.08337, train_acc: 0.26922
[slurm61982039_gr003_gpu0_0] Sync pending: 476 items
Epoch 7 | val_loss: 1.36328, val_acc: 0.54900, train_loss: 2.05422, train_acc: 0.29073
Epoch 8 | val_loss: 1.30828, val_acc: 0.57940, train_loss: 2.02389, train_acc: 0.30902
[slurm61982039_gr003_gpu0_0] Sync pending: 476 items
Epoch 9 | val_loss: 1.25568, val_acc: 0.58640, train_loss: 1.98404, train_acc: 0.33542
[slurm61982039_gr003_gpu0_0] Sync pending: 480 items
Epoch 10 | val_loss: 1.14565, val_acc: 0.65820, train_loss: 1.95319, train_acc: 0.35200
Epoch 11 | val_loss: 1.13435, val_acc: 0.64600, train_loss: 1.94477, train_acc: 0.35598
[slurm61982039_gr003_gpu0_0] Sync pending: 480 items
Epoch 12 | val_loss: 1.07276, val_acc: 0.67860, train_loss: 1.91108, train_acc: 0.37158
Epoch 13 | val_loss: 1.07338, val_acc: 0.69320, train_loss: 1.88113, train_acc: 0.37242
[slurm61982039_gr003_gpu0_0] Sync pending: 480 items
Epoch 14 | val_loss: 1.05635, val_acc: 0.69040, train_loss: 1.88294, train_acc: 0.40236
Epoch 15 | val_loss: 0.98396, val_acc: 0.71100, train_loss: 1.87160, train_acc: 0.41513
[slurm61982039_gr003_gpu0_0] Sync pending: 480 items
Epoch 16 | val_loss: 0.97591, val_acc: 0.73420, train_loss: 1.82931, train_acc: 0.41251
Epoch 17 | val_loss: 0.99504, val_acc: 0.72240, train_loss: 1.84624, train_acc: 0.43498
[slurm61982039_gr003_gpu0_0] Sync pending: 484 items
Epoch 18 | val_loss: 0.95172, val_acc: 0.73440, train_loss: 1.85052, train_acc: 0.41682
Epoch 19 | val_loss: 0.96986, val_acc: 0.72500, train_loss: 1.82856, train_acc: 0.41571
[slurm61982039_gr003_gpu0_0] Sync pending: 484 items
Epoch 20 | val_loss: 0.93328, val_acc: 0.73240, train_loss: 1.80901, train_acc: 0.41911
[slurm61982039_gr003_gpu0_0] Sync pending: 484 items
Epoch 21 | val_loss: 0.90535, val_acc: 0.76540, train_loss: 1.80991, train_acc: 0.43667
Epoch 22 | val_loss: 0.92430, val_acc: 0.74440, train_loss: 1.79934, train_acc: 0.44904
[slurm61982039_gr003_gpu0_0] Sync pending: 484 items
Epoch 23 | val_loss: 0.88812, val_acc: 0.77760, train_loss: 1.79727, train_acc: 0.43478
Epoch 24 | val_loss: 0.89990, val_acc: 0.75280, train_loss: 1.77806, train_acc: 0.46438
[slurm61982039_gr003_gpu0_0] Sync pending: 488 items
Epoch 25 | val_loss: 0.91395, val_acc: 0.77080, train_loss: 1.80156, train_acc: 0.45360
Epoch 26 | val_loss: 0.87777, val_acc: 0.77280, train_loss: 1.77992, train_acc: 0.46604
[slurm61982039_gr003_gpu0_0] Sync pending: 488 items
Epoch 27 | val_loss: 0.88876, val_acc: 0.78580, train_loss: 1.77706, train_acc: 0.45833
Epoch 28 | val_loss: 0.90692, val_acc: 0.78260, train_loss: 1.77234, train_acc: 0.45522
[slurm61982039_gr003_gpu0_0] Sync pending: 488 items
Epoch 29 | val_loss: 0.84063, val_acc: 0.78300, train_loss: 1.77517, train_acc: 0.46340
Epoch 30 | val_loss: 0.86995, val_acc: 0.78180, train_loss: 1.76588, train_acc: 0.44320
[slurm61982039_gr003_gpu0_0] Sync pending: 492 items
Epoch 31 | val_loss: 0.84559, val_acc: 0.79300, train_loss: 1.76952, train_acc: 0.44713
[slurm61982039_gr003_gpu0_0] Sync pending: 500 items
Epoch 32 | val_loss: 0.85495, val_acc: 0.79380, train_loss: 1.75542, train_acc: 0.46316
Epoch 33 | val_loss: 0.80857, val_acc: 0.79400, train_loss: 1.75868, train_acc: 0.46344
[slurm61982039_gr003_gpu0_0] Sync pending: 504 items
Epoch 34 | val_loss: 0.82150, val_acc: 0.79740, train_loss: 1.75636, train_acc: 0.45562
Epoch 35 | val_loss: 0.83317, val_acc: 0.79900, train_loss: 1.73459, train_acc: 0.48580
[slurm61982039_gr003_gpu0_0] Sync pending: 508 items
Epoch 36 | val_loss: 0.83010, val_acc: 0.80060, train_loss: 1.74461, train_acc: 0.48376
Epoch 37 | val_loss: 0.81065, val_acc: 0.79920, train_loss: 1.73492, train_acc: 0.47558
[slurm61982039_gr003_gpu0_0] Sync pending: 516 items
Epoch 38 | val_loss: 0.81234, val_acc: 0.80260, train_loss: 1.72625, train_acc: 0.49071
Epoch 39 | val_loss: 0.84473, val_acc: 0.80140, train_loss: 1.73835, train_acc: 0.48080
[slurm61982039_gr003_gpu0_0] Sync pending: 524 items
Epoch 40 | val_loss: 0.81033, val_acc: 0.80400, train_loss: 1.75983, train_acc: 0.46384
[slurm61982039_gr003_gpu0_0] Sync pending: 524 items
Epoch 41 | val_loss: 0.81259, val_acc: 0.80840, train_loss: 1.73439, train_acc: 0.47602
Epoch 42 | val_loss: 0.82135, val_acc: 0.80520, train_loss: 1.72896, train_acc: 0.46722
[slurm61982039_gr003_gpu0_0] Sync pending: 524 items
Epoch 43 | val_loss: 0.80283, val_acc: 0.80440, train_loss: 1.74598, train_acc: 0.47196
Epoch 44 | val_loss: 0.81078, val_acc: 0.80380, train_loss: 1.72480, train_acc: 0.50869
[slurm61982039_gr003_gpu0_0] Sync pending: 524 items
Epoch 45 | val_loss: 0.80298, val_acc: 0.80620, train_loss: 1.72236, train_acc: 0.47571
Epoch 46 | val_loss: 0.80627, val_acc: 0.81120, train_loss: 1.72493, train_acc: 0.51029
[slurm61982039_gr003_gpu0_0] Sync pending: 528 items
Epoch 47 | val_loss: 0.81233, val_acc: 0.81020, train_loss: 1.73812, train_acc: 0.46909
Epoch 48 | val_loss: 0.82079, val_acc: 0.80660, train_loss: 1.74304, train_acc: 0.49000
[slurm61982039_gr003_gpu0_0] Sync pending: 528 items
Epoch 49 | val_loss: 0.81721, val_acc: 0.80760, train_loss: 1.73461, train_acc: 0.47791
[slurm61982039_gr003_gpu0_0] Job a9df925a-936a-4b75-912c-445663b95da1 completed successfully
[slurm61982039_gr003_gpu0_0] Claimed job 6c7df2f7-0ead-4865-ba2e-a834f7708cbf (priority=145)
[slurm61982039_gr003_gpu0_0] Executing job 6c7df2f7-0ead-4865-ba2e-a834f7708cbf with _target_=dr_exp.trainers.decon_trainer.train_classification
Epoch 0 | val_loss: 2.35165, val_acc: 0.08984
`Trainer.fit` stopped: `max_epochs=50` reached.
GPU available: True (cuda), used: True
TPU available: False, using: 0 TPU cores
HPU available: False, using: 0 HPUs
LOCAL_RANK: 0 - CUDA_VISIBLE_DEVICES: [0]

  | Name      | Type             | Params | Mode 
-------------------------------------------------------
0 | model     | CifarAlexNet     | 2.4 M  | train
1 | criterion | CrossEntropyLoss | 0      | train
-------------------------------------------------------
2.4 M     Trainable params
0         Non-trainable params
2.4 M     Total params
9.768     Total estimated model params size (MB)
24        Modules in train mode
0         Modules in eval mode
SLURM auto-requeueing enabled. Setting signal handlers.
[slurm61982039_gr003_gpu0_0] Sync pending: 532 items
Epoch 0 | val_loss: 1.37809, val_acc: 0.50780
Epoch 1 | val_loss: 1.00895, val_acc: 0.65480, train_loss: 1.85798, train_acc: 0.36844
[slurm61982039_gr003_gpu0_0] Sync pending: 540 items
Epoch 2 | val_loss: 0.94426, val_acc: 0.68620, train_loss: 1.44616, train_acc: 0.57389
Epoch 3 | val_loss: 0.80644, val_acc: 0.74020, train_loss: 1.22045, train_acc: 0.68056
[slurm61982039_gr003_gpu0_0] Sync pending: 540 items
Epoch 4 | val_loss: 0.80496, val_acc: 0.73240, train_loss: 1.11064, train_acc: 0.73571
Epoch 5 | val_loss: 0.89590, val_acc: 0.71220, train_loss: 1.04238, train_acc: 0.76693
[slurm61982039_gr003_gpu0_0] Sync pending: 544 items
Epoch 6 | val_loss: 0.75700, val_acc: 0.75560, train_loss: 0.98918, train_acc: 0.78936
Epoch 7 | val_loss: 0.72926, val_acc: 0.76960, train_loss: 0.95432, train_acc: 0.80442
[slurm61982039_gr003_gpu0_0] Sync pending: 544 items
Epoch 8 | val_loss: 0.60365, val_acc: 0.81720, train_loss: 0.91631, train_acc: 0.82027
Epoch 9 | val_loss: 0.65886, val_acc: 0.79460, train_loss: 0.89219, train_acc: 0.83493
[slurm61982039_gr003_gpu0_0] Sync pending: 548 items
Epoch 10 | val_loss: 0.55773, val_acc: 0.82620, train_loss: 0.87375, train_acc: 0.84033
Epoch 11 | val_loss: 0.56042, val_acc: 0.82920, train_loss: 0.85070, train_acc: 0.84904
[slurm61982039_gr003_gpu0_0] Sync pending: 548 items
Epoch 12 | val_loss: 0.51974, val_acc: 0.84520, train_loss: 0.83930, train_acc: 0.85396
Epoch 13 | val_loss: 0.52807, val_acc: 0.83800, train_loss: 0.82367, train_acc: 0.86087
[slurm61982039_gr003_gpu0_0] Sync pending: 548 items
Epoch 14 | val_loss: 0.48038, val_acc: 0.85460, train_loss: 0.80924, train_acc: 0.86862
[slurm61982039_gr003_gpu0_0] Sync pending: 548 items
Epoch 15 | val_loss: 0.60023, val_acc: 0.81420, train_loss: 0.79869, train_acc: 0.87153
Epoch 16 | val_loss: 0.52618, val_acc: 0.84260, train_loss: 0.78988, train_acc: 0.87471
[slurm61982039_gr003_gpu0_0] Sync pending: 552 items
Epoch 17 | val_loss: 0.48459, val_acc: 0.85180, train_loss: 0.78381, train_acc: 0.87991
Epoch 18 | val_loss: 0.45176, val_acc: 0.86660, train_loss: 0.78221, train_acc: 0.87933
[slurm61982039_gr003_gpu0_0] Sync pending: 556 items
Epoch 19 | val_loss: 0.52427, val_acc: 0.84200, train_loss: 0.76989, train_acc: 0.88438
Epoch 20 | val_loss: 0.55553, val_acc: 0.82760, train_loss: 0.76533, train_acc: 0.88660
[slurm61982039_gr003_gpu0_0] Sync pending: 556 items
Epoch 21 | val_loss: 0.51833, val_acc: 0.84240, train_loss: 0.76092, train_acc: 0.88813
Epoch 22 | val_loss: 0.49407, val_acc: 0.85740, train_loss: 0.76181, train_acc: 0.88842
[slurm61982039_gr003_gpu0_0] Sync pending: 556 items
Epoch 23 | val_loss: 0.46380, val_acc: 0.86260, train_loss: 0.75458, train_acc: 0.89193
Epoch 24 | val_loss: 0.45439, val_acc: 0.86540, train_loss: 0.75356, train_acc: 0.89147
[slurm61982039_gr003_gpu0_0] Sync pending: 560 items
Epoch 25 | val_loss: 0.52805, val_acc: 0.83340, train_loss: 0.74661, train_acc: 0.89387
Epoch 26 | val_loss: 0.48842, val_acc: 0.85620, train_loss: 0.74406, train_acc: 0.89618
[slurm61982039_gr003_gpu0_0] Sync pending: 560 items
Epoch 27 | val_loss: 0.44455, val_acc: 0.87280, train_loss: 0.74326, train_acc: 0.89662
Epoch 28 | val_loss: 0.47884, val_acc: 0.85540, train_loss: 0.73910, train_acc: 0.89911
[slurm61982039_gr003_gpu0_0] Sync pending: 564 items
Epoch 29 | val_loss: 0.42227, val_acc: 0.87640, train_loss: 0.73477, train_acc: 0.89993
Epoch 30 | val_loss: 0.32300, val_acc: 0.91320, train_loss: 0.72621, train_acc: 0.90407
[slurm61982039_gr003_gpu0_0] Sync pending: 564 items
Epoch 31 | val_loss: 0.31548, val_acc: 0.92000, train_loss: 0.63833, train_acc: 0.94429
[slurm61982039_gr003_gpu0_0] Sync pending: 572 items
Epoch 32 | val_loss: 0.30605, val_acc: 0.92340, train_loss: 0.60692, train_acc: 0.95838
Epoch 33 | val_loss: 0.30618, val_acc: 0.92260, train_loss: 0.59446, train_acc: 0.96327
[slurm61982039_gr003_gpu0_0] Sync pending: 576 items
Epoch 34 | val_loss: 0.29756, val_acc: 0.92700, train_loss: 0.58902, train_acc: 0.96491
Epoch 35 | val_loss: 0.30515, val_acc: 0.92320, train_loss: 0.57964, train_acc: 0.97004
[slurm61982039_gr003_gpu0_0] Sync pending: 580 items
Epoch 36 | val_loss: 0.29732, val_acc: 0.92600, train_loss: 0.57342, train_acc: 0.97298
Epoch 37 | val_loss: 0.28943, val_acc: 0.93220, train_loss: 0.57193, train_acc: 0.97351
[slurm61982039_gr003_gpu0_0] Sync pending: 592 items
Epoch 38 | val_loss: 0.29361, val_acc: 0.92740, train_loss: 0.56293, train_acc: 0.97767
Epoch 39 | val_loss: 0.29817, val_acc: 0.92560, train_loss: 0.56159, train_acc: 0.97802
[slurm61982039_gr003_gpu0_0] Sync pending: 596 items
Epoch 40 | val_loss: 0.29385, val_acc: 0.92740, train_loss: 0.55853, train_acc: 0.97893
Epoch 41 | val_loss: 0.29783, val_acc: 0.92860, train_loss: 0.55464, train_acc: 0.98118
[slurm61982039_gr003_gpu0_0] Sync pending: 596 items
Epoch 42 | val_loss: 0.29416, val_acc: 0.92920, train_loss: 0.55127, train_acc: 0.98233
Epoch 43 | val_loss: 0.29869, val_acc: 0.92900, train_loss: 0.54739, train_acc: 0.98393
[slurm61982039_gr003_gpu0_0] Sync pending: 596 items
Epoch 44 | val_loss: 0.29980, val_acc: 0.92860, train_loss: 0.54730, train_acc: 0.98387
Epoch 45 | val_loss: 0.31202, val_acc: 0.92400, train_loss: 0.54393, train_acc: 0.98522
[slurm61982039_gr003_gpu0_0] Sync pending: 596 items
Epoch 46 | val_loss: 0.29540, val_acc: 0.92940, train_loss: 0.54162, train_acc: 0.98640
[slurm61982039_gr003_gpu0_0] Sync pending: 600 items
Epoch 47 | val_loss: 0.29412, val_acc: 0.92720, train_loss: 0.53970, train_acc: 0.98696
Epoch 48 | val_loss: 0.30565, val_acc: 0.92380, train_loss: 0.53687, train_acc: 0.98822
[slurm61982039_gr003_gpu0_0] Sync pending: 600 items
Epoch 49 | val_loss: 0.30316, val_acc: 0.92780, train_loss: 0.53822, train_acc: 0.98756
[slurm61982039_gr003_gpu0_0] Job 6c7df2f7-0ead-4865-ba2e-a834f7708cbf completed successfully
[slurm61982039_gr003_gpu0_0] Claimed job 2169ae0d-e564-4c78-9677-79e404566c24 (priority=115)
[slurm61982039_gr003_gpu0_0] Executing job 2169ae0d-e564-4c78-9677-79e404566c24 with _target_=dr_exp.trainers.decon_trainer.train_classification
Epoch 0 | val_loss: 2.32923, val_acc: 0.08984
`Trainer.fit` stopped: `max_epochs=50` reached.
GPU available: True (cuda), used: True
TPU available: False, using: 0 TPU cores
HPU available: False, using: 0 HPUs
LOCAL_RANK: 0 - CUDA_VISIBLE_DEVICES: [0]

  | Name      | Type             | Params | Mode 
-------------------------------------------------------
0 | model     | CifarAlexNet     | 2.4 M  | train
1 | criterion | CrossEntropyLoss | 0      | train
-------------------------------------------------------
2.4 M     Trainable params
0         Non-trainable params
2.4 M     Total params
9.768     Total estimated model params size (MB)
24        Modules in train mode
0         Modules in eval mode
SLURM auto-requeueing enabled. Setting signal handlers.
Epoch 0 | val_loss: 1.30988, val_acc: 0.53900
Epoch 1 | val_loss: 1.15241, val_acc: 0.60220, train_loss: 1.76900, train_acc: 0.41942
[slurm61982039_gr003_gpu0_0] Sync pending: 604 items
Epoch 2 | val_loss: 1.10111, val_acc: 0.61800, train_loss: 1.51221, train_acc: 0.54402
Epoch 3 | val_loss: 1.01221, val_acc: 0.66040, train_loss: 1.37248, train_acc: 0.61102
Epoch 4 | val_loss: 0.96069, val_acc: 0.67720, train_loss: 1.30343, train_acc: 0.64491
[slurm61982039_gr003_gpu0_0] Sync pending: 612 items
Epoch 5 | val_loss: 0.90078, val_acc: 0.69840, train_loss: 1.25175, train_acc: 0.66729
Epoch 6 | val_loss: 0.85300, val_acc: 0.71200, train_loss: 1.21014, train_acc: 0.68642
Epoch 7 | val_loss: 0.88455, val_acc: 0.70920, train_loss: 1.17489, train_acc: 0.70402
Epoch 8 | val_loss: 0.81852, val_acc: 0.73080, train_loss: 1.14959, train_acc: 0.71640
[slurm61982039_gr003_gpu0_0] Sync pending: 612 items
Epoch 9 | val_loss: 0.86095, val_acc: 0.71940, train_loss: 1.13119, train_acc: 0.72280
Epoch 10 | val_loss: 0.78845, val_acc: 0.74560, train_loss: 1.11476, train_acc: 0.72831
Epoch 11 | val_loss: 0.77831, val_acc: 0.74380, train_loss: 1.08779, train_acc: 0.74340
[slurm61982039_gr003_gpu0_0] Sync pending: 616 items
Epoch 12 | val_loss: 0.79869, val_acc: 0.74420, train_loss: 1.07266, train_acc: 0.75162
Epoch 13 | val_loss: 0.76007, val_acc: 0.75580, train_loss: 1.05533, train_acc: 0.75680
Epoch 14 | val_loss: 0.78970, val_acc: 0.74660, train_loss: 1.05082, train_acc: 0.76038
[slurm61982039_gr003_gpu0_0] Sync pending: 616 items
Epoch 15 | val_loss: 0.77841, val_acc: 0.74780, train_loss: 1.03777, train_acc: 0.76558
Epoch 16 | val_loss: 0.81077, val_acc: 0.74180, train_loss: 1.03319, train_acc: 0.76740
Epoch 17 | val_loss: 0.71725, val_acc: 0.76620, train_loss: 1.01842, train_acc: 0.77318
[slurm61982039_gr003_gpu0_0] Sync pending: 620 items
Epoch 18 | val_loss: 0.75188, val_acc: 0.75880, train_loss: 1.01286, train_acc: 0.77731
Epoch 19 | val_loss: 0.72553, val_acc: 0.76860, train_loss: 1.01162, train_acc: 0.77922
Epoch 20 | val_loss: 0.73160, val_acc: 0.76860, train_loss: 1.00110, train_acc: 0.78296
Epoch 21 | val_loss: 0.74531, val_acc: 0.75880, train_loss: 0.99180, train_acc: 0.78587
[slurm61982039_gr003_gpu0_0] Sync pending: 620 items
Epoch 22 | val_loss: 0.78103, val_acc: 0.74400, train_loss: 0.98914, train_acc: 0.78651
Epoch 23 | val_loss: 0.69991, val_acc: 0.77840, train_loss: 0.99124, train_acc: 0.78767
Epoch 24 | val_loss: 0.68942, val_acc: 0.78160, train_loss: 0.98028, train_acc: 0.79291
[slurm61982039_gr003_gpu0_0] Sync pending: 624 items
Epoch 25 | val_loss: 0.70977, val_acc: 0.77520, train_loss: 0.97220, train_acc: 0.79393
Epoch 26 | val_loss: 0.69929, val_acc: 0.77740, train_loss: 0.96892, train_acc: 0.79833
Epoch 27 | val_loss: 0.74456, val_acc: 0.76200, train_loss: 0.96152, train_acc: 0.79876
[slurm61982039_gr003_gpu0_0] Sync pending: 624 items
Epoch 28 | val_loss: 0.70360, val_acc: 0.77040, train_loss: 0.97027, train_acc: 0.79576
Epoch 29 | val_loss: 0.70364, val_acc: 0.77640, train_loss: 0.95554, train_acc: 0.80300
Epoch 30 | val_loss: 0.59155, val_acc: 0.82000, train_loss: 0.95560, train_acc: 0.80320
Epoch 31 | val_loss: 0.58624, val_acc: 0.82160, train_loss: 0.82988, train_acc: 0.85867
[slurm61982039_gr003_gpu0_0] Sync pending: 624 items
Epoch 32 | val_loss: 0.57567, val_acc: 0.82520, train_loss: 0.79611, train_acc: 0.87604
Epoch 33 | val_loss: 0.55757, val_acc: 0.82840, train_loss: 0.78388, train_acc: 0.88071
Epoch 34 | val_loss: 0.56386, val_acc: 0.82780, train_loss: 0.76934, train_acc: 0.88889
[slurm61982039_gr003_gpu0_0] Sync pending: 628 items
Epoch 35 | val_loss: 0.55236, val_acc: 0.82720, train_loss: 0.76284, train_acc: 0.89176
Epoch 36 | val_loss: 0.55705, val_acc: 0.83080, train_loss: 0.75613, train_acc: 0.89558
Epoch 37 | val_loss: 0.55158, val_acc: 0.82880, train_loss: 0.74631, train_acc: 0.89978
[slurm61982039_gr003_gpu0_0] Sync pending: 632 items
Epoch 38 | val_loss: 0.55391, val_acc: 0.83220, train_loss: 0.74345, train_acc: 0.90124
Epoch 39 | val_loss: 0.56540, val_acc: 0.82600, train_loss: 0.73550, train_acc: 0.90576
Epoch 40 | val_loss: 0.55198, val_acc: 0.83180, train_loss: 0.73029, train_acc: 0.90767
[slurm61982039_gr003_gpu0_0] Sync pending: 632 items
Epoch 41 | val_loss: 0.56058, val_acc: 0.82980, train_loss: 0.72654, train_acc: 0.90893
Epoch 42 | val_loss: 0.55485, val_acc: 0.83120, train_loss: 0.72014, train_acc: 0.91227
Epoch 43 | val_loss: 0.55227, val_acc: 0.83480, train_loss: 0.71605, train_acc: 0.91556
Epoch 44 | val_loss: 0.55290, val_acc: 0.83460, train_loss: 0.71145, train_acc: 0.91742
[slurm61982039_gr003_gpu0_0] Sync pending: 636 items
Epoch 45 | val_loss: 0.54980, val_acc: 0.83160, train_loss: 0.70964, train_acc: 0.91749
Epoch 46 | val_loss: 0.53915, val_acc: 0.83800, train_loss: 0.70485, train_acc: 0.92089
Epoch 47 | val_loss: 0.55001, val_acc: 0.83140, train_loss: 0.69948, train_acc: 0.92284
[slurm61982039_gr003_gpu0_0] Sync pending: 636 items
Epoch 48 | val_loss: 0.55321, val_acc: 0.83360, train_loss: 0.69665, train_acc: 0.92449
Epoch 49 | val_loss: 0.53921, val_acc: 0.83800, train_loss: 0.69623, train_acc: 0.92513
[slurm61982039_gr003_gpu0_0] Job 2169ae0d-e564-4c78-9677-79e404566c24 completed successfully
[slurm61982039_gr003_gpu0_0] Claimed job 026fba79-542f-49fa-b92b-bedd42b483b3 (priority=95)
[slurm61982039_gr003_gpu0_0] Executing job 026fba79-542f-49fa-b92b-bedd42b483b3 with _target_=dr_exp.trainers.decon_trainer.train_classification
Epoch 0 | val_loss: 2.36202, val_acc: 0.07812
`Trainer.fit` stopped: `max_epochs=50` reached.
