2025-06-11 20:04:50,321 - dr_exp.worker.launcher - INFO - Starting launcher on node gr070
2025-06-11 20:04:50,321 - dr_exp.worker.launcher - INFO - Found 1 GPUs: [0]
2025-06-11 20:04:50,321 - dr_exp.worker.launcher - INFO - Spawning worker slurm61972866_gr070_gpu0_0 on GPU 0
2025-06-11 20:04:50,370 - dr_exp.worker.launcher - INFO - Running maintenance
2025-06-11 20:04:50,377 - dr_exp.worker.launcher - INFO - Workers alive: 1
2025-06-11 20:04:50,382 - dr_exp.worker.launcher - INFO - Jobs queued: 64
2025-06-11 20:04:50,382 - dr_exp.worker.launcher - INFO - Runtime: 0.0 hours
2025-06-11 20:14:50,663 - dr_exp.worker.launcher - INFO - Running maintenance
2025-06-11 20:14:50,669 - dr_exp.worker.launcher - INFO - Workers alive: 1
2025-06-11 20:14:50,675 - dr_exp.worker.launcher - INFO - Jobs queued: 55
2025-06-11 20:14:50,675 - dr_exp.worker.launcher - INFO - Runtime: 0.2 hours
2025-06-11 20:24:50,951 - dr_exp.worker.launcher - INFO - Running maintenance
2025-06-11 20:24:50,957 - dr_exp.worker.launcher - INFO - Workers alive: 1
2025-06-11 20:24:50,962 - dr_exp.worker.launcher - INFO - Jobs queued: 43
2025-06-11 20:24:50,962 - dr_exp.worker.launcher - INFO - Runtime: 0.3 hours
2025-06-11 20:34:51,244 - dr_exp.worker.launcher - INFO - Running maintenance
2025-06-11 20:34:51,250 - dr_exp.worker.launcher - INFO - Workers alive: 1
2025-06-11 20:34:51,256 - dr_exp.worker.launcher - INFO - Jobs queued: 34
2025-06-11 20:34:51,256 - dr_exp.worker.launcher - INFO - Runtime: 0.5 hours
2025-06-11 20:44:51,532 - dr_exp.worker.launcher - INFO - Running maintenance
2025-06-11 20:44:51,538 - dr_exp.worker.launcher - INFO - Workers alive: 1
2025-06-11 20:44:51,543 - dr_exp.worker.launcher - INFO - Jobs queued: 26
2025-06-11 20:44:51,543 - dr_exp.worker.launcher - INFO - Runtime: 0.7 hours
2025-06-11 20:54:51,815 - dr_exp.worker.launcher - INFO - Running maintenance
2025-06-11 20:54:51,822 - dr_exp.worker.launcher - INFO - Workers alive: 1
2025-06-11 20:54:51,828 - dr_exp.worker.launcher - INFO - Jobs queued: 16
2025-06-11 20:54:51,828 - dr_exp.worker.launcher - INFO - Runtime: 0.8 hours
2025-06-11 21:04:52,088 - dr_exp.worker.launcher - INFO - Running maintenance
2025-06-11 21:04:52,094 - dr_exp.worker.launcher - INFO - Workers alive: 1
2025-06-11 21:04:52,100 - dr_exp.worker.launcher - INFO - Jobs queued: 7
2025-06-11 21:04:52,100 - dr_exp.worker.launcher - INFO - Runtime: 1.0 hours
2025-06-11 21:14:52,385 - dr_exp.worker.launcher - INFO - Running maintenance
2025-06-11 21:14:52,392 - dr_exp.worker.launcher - INFO - Workers alive: 1
2025-06-11 21:14:52,397 - dr_exp.worker.launcher - INFO - Jobs queued: 2
2025-06-11 21:14:52,397 - dr_exp.worker.launcher - INFO - Runtime: 1.2 hours
2025-06-11 21:24:52,676 - dr_exp.worker.launcher - INFO - Running maintenance
2025-06-11 21:24:52,683 - dr_exp.worker.launcher - INFO - Workers alive: 1
2025-06-11 21:24:52,689 - dr_exp.worker.launcher - INFO - Jobs queued: 0
2025-06-11 21:24:52,689 - dr_exp.worker.launcher - INFO - Runtime: 1.3 hours
2025-06-11 21:34:52,952 - dr_exp.worker.launcher - INFO - Running maintenance
2025-06-11 21:34:52,958 - dr_exp.worker.launcher - INFO - Workers alive: 1
2025-06-11 21:34:52,964 - dr_exp.worker.launcher - INFO - Jobs queued: 0
2025-06-11 21:34:52,964 - dr_exp.worker.launcher - INFO - Runtime: 1.5 hours
2025-06-11 21:44:53,216 - dr_exp.worker.launcher - INFO - Running maintenance
2025-06-11 21:44:53,222 - dr_exp.worker.launcher - INFO - Workers alive: 1
2025-06-11 21:44:53,228 - dr_exp.worker.launcher - INFO - Jobs queued: 0
2025-06-11 21:44:53,228 - dr_exp.worker.launcher - INFO - Runtime: 1.7 hours
2025-06-11 21:54:53,480 - dr_exp.worker.launcher - INFO - Running maintenance
2025-06-11 21:54:53,486 - dr_exp.worker.launcher - INFO - Workers alive: 1
2025-06-11 21:54:53,492 - dr_exp.worker.launcher - INFO - Jobs queued: 0
2025-06-11 21:54:53,492 - dr_exp.worker.launcher - INFO - Runtime: 1.8 hours
2025-06-11 22:04:53,748 - dr_exp.worker.launcher - INFO - Running maintenance
2025-06-11 22:04:53,754 - dr_exp.worker.launcher - INFO - Workers alive: 1
2025-06-11 22:04:53,760 - dr_exp.worker.launcher - INFO - Jobs queued: 0
2025-06-11 22:04:53,760 - dr_exp.worker.launcher - INFO - Runtime: 2.0 hours
2025-06-11 22:14:54,012 - dr_exp.worker.launcher - INFO - Running maintenance
2025-06-11 22:14:54,018 - dr_exp.worker.launcher - INFO - Workers alive: 1
2025-06-11 22:14:54,024 - dr_exp.worker.launcher - INFO - Jobs queued: 0
2025-06-11 22:14:54,024 - dr_exp.worker.launcher - INFO - Runtime: 2.2 hours
2025-06-11 22:24:54,276 - dr_exp.worker.launcher - INFO - Running maintenance
2025-06-11 22:24:54,283 - dr_exp.worker.launcher - INFO - Workers alive: 1
2025-06-11 22:24:54,289 - dr_exp.worker.launcher - INFO - Jobs queued: 0
2025-06-11 22:24:54,289 - dr_exp.worker.launcher - INFO - Runtime: 2.3 hours
2025-06-11 22:34:54,542 - dr_exp.worker.launcher - INFO - Running maintenance
2025-06-11 22:34:54,549 - dr_exp.worker.launcher - INFO - Workers alive: 1
2025-06-11 22:34:54,554 - dr_exp.worker.launcher - INFO - Jobs queued: 0
2025-06-11 22:34:54,554 - dr_exp.worker.launcher - INFO - Runtime: 2.5 hours
2025-06-11 22:44:54,806 - dr_exp.worker.launcher - INFO - Running maintenance
2025-06-11 22:44:54,812 - dr_exp.worker.launcher - INFO - Workers alive: 1
2025-06-11 22:44:54,818 - dr_exp.worker.launcher - INFO - Jobs queued: 0
2025-06-11 22:44:54,818 - dr_exp.worker.launcher - INFO - Runtime: 2.7 hours
2025-06-11 22:54:55,071 - dr_exp.worker.launcher - INFO - Running maintenance
2025-06-11 22:54:55,077 - dr_exp.worker.launcher - INFO - Workers alive: 1
2025-06-11 22:54:55,083 - dr_exp.worker.launcher - INFO - Jobs queued: 0
2025-06-11 22:54:55,083 - dr_exp.worker.launcher - INFO - Runtime: 2.8 hours
2025-06-11 23:04:55,336 - dr_exp.worker.launcher - INFO - Running maintenance
2025-06-11 23:04:55,342 - dr_exp.worker.launcher - INFO - Workers alive: 1
2025-06-11 23:04:55,348 - dr_exp.worker.launcher - INFO - Jobs queued: 0
2025-06-11 23:04:55,348 - dr_exp.worker.launcher - INFO - Runtime: 3.0 hours
2025-06-11 23:14:55,600 - dr_exp.worker.launcher - INFO - Running maintenance
2025-06-11 23:14:55,607 - dr_exp.worker.launcher - INFO - Workers alive: 1
2025-06-11 23:14:55,613 - dr_exp.worker.launcher - INFO - Jobs queued: 0
2025-06-11 23:14:55,613 - dr_exp.worker.launcher - INFO - Runtime: 3.2 hours
2025-06-11 23:24:55,867 - dr_exp.worker.launcher - INFO - Running maintenance
2025-06-11 23:24:55,874 - dr_exp.worker.launcher - INFO - Workers alive: 1
2025-06-11 23:24:55,880 - dr_exp.worker.launcher - INFO - Jobs queued: 0
2025-06-11 23:24:55,880 - dr_exp.worker.launcher - INFO - Runtime: 3.3 hours
2025-06-11 23:34:56,132 - dr_exp.worker.launcher - INFO - Running maintenance
2025-06-11 23:34:56,139 - dr_exp.worker.launcher - INFO - Workers alive: 1
2025-06-11 23:34:56,144 - dr_exp.worker.launcher - INFO - Jobs queued: 0
2025-06-11 23:34:56,144 - dr_exp.worker.launcher - INFO - Runtime: 3.5 hours
2025-06-11 23:44:56,397 - dr_exp.worker.launcher - INFO - Running maintenance
2025-06-11 23:44:56,403 - dr_exp.worker.launcher - INFO - Workers alive: 1
2025-06-11 23:44:56,409 - dr_exp.worker.launcher - INFO - Jobs queued: 0
2025-06-11 23:44:56,409 - dr_exp.worker.launcher - INFO - Runtime: 3.7 hours
2025-06-11 23:54:56,662 - dr_exp.worker.launcher - INFO - Running maintenance
2025-06-11 23:54:56,669 - dr_exp.worker.launcher - INFO - Workers alive: 1
2025-06-11 23:54:56,675 - dr_exp.worker.launcher - INFO - Jobs queued: 0
2025-06-11 23:54:56,675 - dr_exp.worker.launcher - INFO - Runtime: 3.8 hours
