2025-06-11 20:04:55,284 - dr_exp.worker.launcher - INFO - Starting launcher on node gr072
2025-06-11 20:04:55,284 - dr_exp.worker.launcher - INFO - Found 1 GPUs: [0]
2025-06-11 20:04:55,285 - dr_exp.worker.launcher - INFO - Spawning worker slurm61972868_gr072_gpu0_0 on GPU 0
2025-06-11 20:04:55,336 - dr_exp.worker.launcher - INFO - Running maintenance
2025-06-11 20:04:55,343 - dr_exp.worker.launcher - INFO - Workers alive: 1
2025-06-11 20:04:55,349 - dr_exp.worker.launcher - INFO - Jobs queued: 63
2025-06-11 20:04:55,349 - dr_exp.worker.launcher - INFO - Runtime: 0.0 hours
2025-06-11 20:14:55,673 - dr_exp.worker.launcher - INFO - Running maintenance
2025-06-11 20:14:55,680 - dr_exp.worker.launcher - INFO - Workers alive: 1
2025-06-11 20:14:55,686 - dr_exp.worker.launcher - INFO - Jobs queued: 55
2025-06-11 20:14:55,686 - dr_exp.worker.launcher - INFO - Runtime: 0.2 hours
2025-06-11 20:24:56,005 - dr_exp.worker.launcher - INFO - Running maintenance
2025-06-11 20:24:56,012 - dr_exp.worker.launcher - INFO - Workers alive: 1
2025-06-11 20:24:56,018 - dr_exp.worker.launcher - INFO - Jobs queued: 43
2025-06-11 20:24:56,018 - dr_exp.worker.launcher - INFO - Runtime: 0.3 hours
2025-06-11 20:34:56,349 - dr_exp.worker.launcher - INFO - Running maintenance
2025-06-11 20:34:56,356 - dr_exp.worker.launcher - INFO - Workers alive: 1
2025-06-11 20:34:56,362 - dr_exp.worker.launcher - INFO - Jobs queued: 34
2025-06-11 20:34:56,362 - dr_exp.worker.launcher - INFO - Runtime: 0.5 hours
2025-06-11 20:44:58,181 - dr_exp.worker.launcher - INFO - Running maintenance
2025-06-11 20:44:58,188 - dr_exp.worker.launcher - INFO - Workers alive: 1
2025-06-11 20:44:58,194 - dr_exp.worker.launcher - INFO - Jobs queued: 26
2025-06-11 20:44:58,194 - dr_exp.worker.launcher - INFO - Runtime: 0.7 hours
2025-06-11 20:54:58,537 - dr_exp.worker.launcher - INFO - Running maintenance
2025-06-11 20:54:58,543 - dr_exp.worker.launcher - INFO - Workers alive: 1
2025-06-11 20:54:58,550 - dr_exp.worker.launcher - INFO - Jobs queued: 16
2025-06-11 20:54:58,550 - dr_exp.worker.launcher - INFO - Runtime: 0.8 hours
2025-06-11 21:04:58,885 - dr_exp.worker.launcher - INFO - Running maintenance
2025-06-11 21:04:58,892 - dr_exp.worker.launcher - INFO - Workers alive: 1
2025-06-11 21:04:58,898 - dr_exp.worker.launcher - INFO - Jobs queued: 7
2025-06-11 21:04:58,898 - dr_exp.worker.launcher - INFO - Runtime: 1.0 hours
2025-06-11 21:14:59,212 - dr_exp.worker.launcher - INFO - Running maintenance
2025-06-11 21:14:59,219 - dr_exp.worker.launcher - INFO - Workers alive: 1
2025-06-11 21:14:59,225 - dr_exp.worker.launcher - INFO - Jobs queued: 2
2025-06-11 21:14:59,225 - dr_exp.worker.launcher - INFO - Runtime: 1.2 hours
2025-06-11 21:24:59,529 - dr_exp.worker.launcher - INFO - Running maintenance
2025-06-11 21:24:59,536 - dr_exp.worker.launcher - INFO - Workers alive: 1
2025-06-11 21:24:59,542 - dr_exp.worker.launcher - INFO - Jobs queued: 0
2025-06-11 21:24:59,542 - dr_exp.worker.launcher - INFO - Runtime: 1.3 hours
2025-06-11 21:34:59,823 - dr_exp.worker.launcher - INFO - Running maintenance
2025-06-11 21:34:59,830 - dr_exp.worker.launcher - INFO - Workers alive: 1
2025-06-11 21:34:59,837 - dr_exp.worker.launcher - INFO - Jobs queued: 0
2025-06-11 21:34:59,837 - dr_exp.worker.launcher - INFO - Runtime: 1.5 hours
2025-06-11 21:45:00,118 - dr_exp.worker.launcher - INFO - Running maintenance
2025-06-11 21:45:00,126 - dr_exp.worker.launcher - INFO - Workers alive: 1
2025-06-11 21:45:00,132 - dr_exp.worker.launcher - INFO - Jobs queued: 0
2025-06-11 21:45:00,132 - dr_exp.worker.launcher - INFO - Runtime: 1.7 hours
2025-06-11 21:55:00,407 - dr_exp.worker.launcher - INFO - Running maintenance
2025-06-11 21:55:00,414 - dr_exp.worker.launcher - INFO - Workers alive: 1
2025-06-11 21:55:00,420 - dr_exp.worker.launcher - INFO - Jobs queued: 0
2025-06-11 21:55:00,420 - dr_exp.worker.launcher - INFO - Runtime: 1.8 hours
2025-06-11 22:05:00,696 - dr_exp.worker.launcher - INFO - Running maintenance
2025-06-11 22:05:00,703 - dr_exp.worker.launcher - INFO - Workers alive: 1
2025-06-11 22:05:00,709 - dr_exp.worker.launcher - INFO - Jobs queued: 0
2025-06-11 22:05:00,709 - dr_exp.worker.launcher - INFO - Runtime: 2.0 hours
2025-06-11 22:15:00,979 - dr_exp.worker.launcher - INFO - Running maintenance
2025-06-11 22:15:00,986 - dr_exp.worker.launcher - INFO - Workers alive: 1
2025-06-11 22:15:00,992 - dr_exp.worker.launcher - INFO - Jobs queued: 0
2025-06-11 22:15:00,992 - dr_exp.worker.launcher - INFO - Runtime: 2.2 hours
2025-06-11 22:25:01,260 - dr_exp.worker.launcher - INFO - Running maintenance
2025-06-11 22:25:01,267 - dr_exp.worker.launcher - INFO - Workers alive: 1
2025-06-11 22:25:01,273 - dr_exp.worker.launcher - INFO - Jobs queued: 0
2025-06-11 22:25:01,273 - dr_exp.worker.launcher - INFO - Runtime: 2.3 hours
2025-06-11 22:35:01,539 - dr_exp.worker.launcher - INFO - Running maintenance
2025-06-11 22:35:01,545 - dr_exp.worker.launcher - INFO - Workers alive: 1
2025-06-11 22:35:01,551 - dr_exp.worker.launcher - INFO - Jobs queued: 0
2025-06-11 22:35:01,551 - dr_exp.worker.launcher - INFO - Runtime: 2.5 hours
2025-06-11 22:45:01,817 - dr_exp.worker.launcher - INFO - Running maintenance
2025-06-11 22:45:01,824 - dr_exp.worker.launcher - INFO - Workers alive: 1
2025-06-11 22:45:01,830 - dr_exp.worker.launcher - INFO - Jobs queued: 0
2025-06-11 22:45:01,830 - dr_exp.worker.launcher - INFO - Runtime: 2.7 hours
2025-06-11 22:55:02,095 - dr_exp.worker.launcher - INFO - Running maintenance
2025-06-11 22:55:02,102 - dr_exp.worker.launcher - INFO - Workers alive: 1
2025-06-11 22:55:02,108 - dr_exp.worker.launcher - INFO - Jobs queued: 0
2025-06-11 22:55:02,108 - dr_exp.worker.launcher - INFO - Runtime: 2.8 hours
2025-06-11 23:05:02,373 - dr_exp.worker.launcher - INFO - Running maintenance
2025-06-11 23:05:02,379 - dr_exp.worker.launcher - INFO - Workers alive: 1
2025-06-11 23:05:02,385 - dr_exp.worker.launcher - INFO - Jobs queued: 0
2025-06-11 23:05:02,385 - dr_exp.worker.launcher - INFO - Runtime: 3.0 hours
2025-06-11 23:15:02,650 - dr_exp.worker.launcher - INFO - Running maintenance
2025-06-11 23:15:02,656 - dr_exp.worker.launcher - INFO - Workers alive: 1
2025-06-11 23:15:02,662 - dr_exp.worker.launcher - INFO - Jobs queued: 0
2025-06-11 23:15:02,662 - dr_exp.worker.launcher - INFO - Runtime: 3.2 hours
2025-06-11 23:25:02,923 - dr_exp.worker.launcher - INFO - Running maintenance
2025-06-11 23:25:02,929 - dr_exp.worker.launcher - INFO - Workers alive: 1
2025-06-11 23:25:02,935 - dr_exp.worker.launcher - INFO - Jobs queued: 0
2025-06-11 23:25:02,935 - dr_exp.worker.launcher - INFO - Runtime: 3.3 hours
2025-06-11 23:35:03,198 - dr_exp.worker.launcher - INFO - Running maintenance
2025-06-11 23:35:03,205 - dr_exp.worker.launcher - INFO - Workers alive: 1
2025-06-11 23:35:03,210 - dr_exp.worker.launcher - INFO - Jobs queued: 0
2025-06-11 23:35:03,210 - dr_exp.worker.launcher - INFO - Runtime: 3.5 hours
2025-06-11 23:45:03,473 - dr_exp.worker.launcher - INFO - Running maintenance
2025-06-11 23:45:03,479 - dr_exp.worker.launcher - INFO - Workers alive: 1
2025-06-11 23:45:03,485 - dr_exp.worker.launcher - INFO - Jobs queued: 0
2025-06-11 23:45:03,485 - dr_exp.worker.launcher - INFO - Runtime: 3.7 hours
2025-06-11 23:55:03,746 - dr_exp.worker.launcher - INFO - Running maintenance
2025-06-11 23:55:03,753 - dr_exp.worker.launcher - INFO - Workers alive: 1
2025-06-11 23:55:03,759 - dr_exp.worker.launcher - INFO - Jobs queued: 0
2025-06-11 23:55:03,759 - dr_exp.worker.launcher - INFO - Runtime: 3.8 hours
