GPU available: True (cuda), used: True
TPU available: False, using: 0 TPU cores
HPU available: False, using: 0 HPUs
/scratch/ddr8143/repos/dr_exp/.venv/lib/python3.12/site-packages/lightning/pytorch/trainer/connectors/logger_connector/logger_connector.py:76: Starting from v1.9.0, `tensorboardX` has been removed as a dependency of the `lightning.pytorch` package, due to potential conflicts with other packages in the ML ecosystem. For this reason, `logger=True` will use `CSVLogger` as the default logger, unless the `tensorboard` or `tensorboardX` packages are found. Please `pip install lightning[extra]` or one of them to enable TensorBoard support by default
LOCAL_RANK: 0 - CUDA_VISIBLE_DEVICES: [0]

  | Name      | Type             | Params | Mode 
-------------------------------------------------------
0 | model     | CifarAlexNet     | 2.4 M  | train
1 | criterion | CrossEntropyLoss | 0      | train
-------------------------------------------------------
2.4 M     Trainable params
0         Non-trainable params
2.4 M     Total params
9.768     Total estimated model params size (MB)
24        Modules in train mode
0         Modules in eval mode
SLURM auto-requeueing enabled. Setting signal handlers.
[SyncHandler] Failed to initialize Supabase: Supabase URL and key must be provided or set in environment
[SyncHandler] Sync disabled - files will remain in queue
[slurm61972868_gr072_gpu0_0] Sync disabled - Supabase not available
Sync: enabled (Supabase not available - queue only)
Starting worker slurm61972868_gr072_gpu0_0
Experiment: cluster_t0 at /scratch/ddr8143/logs/dcnn_workers
------------------------------------------------------------
[slurm61972868_gr072_gpu0_0] Worker started
[slurm61972868_gr072_gpu0_0] Sync thread started
[slurm61972868_gr072_gpu0_0] Heartbeat thread started
[slurm61972868_gr072_gpu0_0] Claimed job befe2a02-714d-47bc-9b78-3a665b2a221d (priority=10)
[slurm61972868_gr072_gpu0_0] Executing job befe2a02-714d-47bc-9b78-3a665b2a221d with _target_=dr_exp.trainers.decon_trainer.train_classification
Epoch 0 | val_loss: 2.34738, val_acc: 0.11328
`Trainer.fit` stopped: `max_epochs=50` reached.
GPU available: True (cuda), used: True
TPU available: False, using: 0 TPU cores
HPU available: False, using: 0 HPUs
LOCAL_RANK: 0 - CUDA_VISIBLE_DEVICES: [0]

  | Name      | Type             | Params | Mode 
-------------------------------------------------------
0 | model     | CifarResNet18    | 11.2 M | train
1 | criterion | CrossEntropyLoss | 0      | train
-------------------------------------------------------
11.2 M    Trainable params
0         Non-trainable params
11.2 M    Total params
44.696    Total estimated model params size (MB)
70        Modules in train mode
0         Modules in eval mode
SLURM auto-requeueing enabled. Setting signal handlers.
Epoch 0 | val_loss: 1.83150, val_acc: 0.34320
[slurm61972868_gr072_gpu0_0] Sync pending: 24 items
Epoch 1 | val_loss: 1.52499, val_acc: 0.45700, train_loss: 2.07194, train_acc: 0.32551
Epoch 2 | val_loss: 1.38890, val_acc: 0.51320, train_loss: 1.75343, train_acc: 0.44229
Epoch 3 | val_loss: 1.32884, val_acc: 0.54960, train_loss: 1.60592, train_acc: 0.51607
Epoch 4 | val_loss: 1.24094, val_acc: 0.59360, train_loss: 1.49065, train_acc: 0.56838
[slurm61972868_gr072_gpu0_0] Sync pending: 19 items
Epoch 5 | val_loss: 1.10470, val_acc: 0.62360, train_loss: 1.39707, train_acc: 0.60924
Epoch 6 | val_loss: 1.10390, val_acc: 0.62760, train_loss: 1.32519, train_acc: 0.63993
Epoch 7 | val_loss: 1.11959, val_acc: 0.62940, train_loss: 1.26785, train_acc: 0.66760
Epoch 8 | val_loss: 1.05473, val_acc: 0.64200, train_loss: 1.22183, train_acc: 0.68600
[slurm61972868_gr072_gpu0_0] Sync pending: 16 items
Epoch 9 | val_loss: 0.99077, val_acc: 0.67020, train_loss: 1.18213, train_acc: 0.70591
Epoch 10 | val_loss: 0.94769, val_acc: 0.68120, train_loss: 1.14784, train_acc: 0.71940
Epoch 11 | val_loss: 0.92792, val_acc: 0.68720, train_loss: 1.11019, train_acc: 0.73738
[slurm61972868_gr072_gpu0_0] Sync pending: 16 items
Epoch 12 | val_loss: 0.96187, val_acc: 0.67820, train_loss: 1.08870, train_acc: 0.74696
Epoch 13 | val_loss: 0.96685, val_acc: 0.67200, train_loss: 1.07480, train_acc: 0.75382
Epoch 14 | val_loss: 0.92246, val_acc: 0.69560, train_loss: 1.06502, train_acc: 0.75829
Epoch 15 | val_loss: 0.93987, val_acc: 0.69460, train_loss: 1.04399, train_acc: 0.76771
[slurm61972868_gr072_gpu0_0] Sync pending: 11 items
Epoch 16 | val_loss: 0.94653, val_acc: 0.69380, train_loss: 1.03224, train_acc: 0.77273
Epoch 17 | val_loss: 0.92850, val_acc: 0.69840, train_loss: 1.01963, train_acc: 0.77867
Epoch 18 | val_loss: 0.88776, val_acc: 0.70660, train_loss: 1.00948, train_acc: 0.78198
[slurm61972868_gr072_gpu0_0] Sync pending: 9 items
Epoch 19 | val_loss: 0.93486, val_acc: 0.69100, train_loss: 1.00475, train_acc: 0.78609
Epoch 20 | val_loss: 0.89699, val_acc: 0.69840, train_loss: 0.99733, train_acc: 0.78731
Epoch 21 | val_loss: 0.91853, val_acc: 0.70000, train_loss: 0.98638, train_acc: 0.79493
Epoch 22 | val_loss: 0.88422, val_acc: 0.71160, train_loss: 0.96545, train_acc: 0.80276
[slurm61972868_gr072_gpu0_0] Sync pending: 6 items
Epoch 23 | val_loss: 0.88996, val_acc: 0.71340, train_loss: 0.96379, train_acc: 0.80491
Epoch 24 | val_loss: 0.89410, val_acc: 0.71140, train_loss: 0.95753, train_acc: 0.80569
Epoch 25 | val_loss: 0.88519, val_acc: 0.70440, train_loss: 0.95351, train_acc: 0.80924
[slurm61972868_gr072_gpu0_0] Sync pending: 2 items
Epoch 26 | val_loss: 0.95631, val_acc: 0.69360, train_loss: 0.95694, train_acc: 0.80644
Epoch 27 | val_loss: 0.92636, val_acc: 0.69480, train_loss: 0.96355, train_acc: 0.80380
Epoch 28 | val_loss: 0.92056, val_acc: 0.69700, train_loss: 0.95852, train_acc: 0.80691
Epoch 29 | val_loss: 0.91733, val_acc: 0.70300, train_loss: 0.94834, train_acc: 0.80944
[slurm61972868_gr072_gpu0_0] Sync pending: 2 items
Epoch 30 | val_loss: 0.75756, val_acc: 0.75940, train_loss: 0.92930, train_acc: 0.81818
Epoch 31 | val_loss: 0.76398, val_acc: 0.76060, train_loss: 0.70260, train_acc: 0.92507
Epoch 32 | val_loss: 0.77133, val_acc: 0.76460, train_loss: 0.61599, train_acc: 0.96918
Epoch 33 | val_loss: 0.77636, val_acc: 0.76600, train_loss: 0.58035, train_acc: 0.98540
Epoch 34 | val_loss: 0.77653, val_acc: 0.76760, train_loss: 0.56077, train_acc: 0.99209
Epoch 35 | val_loss: 0.77868, val_acc: 0.76660, train_loss: 0.54856, train_acc: 0.99531
Epoch 36 | val_loss: 0.77962, val_acc: 0.76800, train_loss: 0.54044, train_acc: 0.99662
Epoch 37 | val_loss: 0.78089, val_acc: 0.76700, train_loss: 0.53462, train_acc: 0.99751
Epoch 38 | val_loss: 0.78050, val_acc: 0.77100, train_loss: 0.53047, train_acc: 0.99807
Epoch 39 | val_loss: 0.78085, val_acc: 0.77160, train_loss: 0.52719, train_acc: 0.99842
[slurm61972868_gr072_gpu0_0] Sync pending: 4 items
Epoch 40 | val_loss: 0.78122, val_acc: 0.77140, train_loss: 0.52456, train_acc: 0.99876
Epoch 41 | val_loss: 0.78111, val_acc: 0.77060, train_loss: 0.52250, train_acc: 0.99898
Epoch 42 | val_loss: 0.78136, val_acc: 0.77520, train_loss: 0.52078, train_acc: 0.99918
[slurm61972868_gr072_gpu0_0] Sync pending: 3 items
Epoch 43 | val_loss: 0.78006, val_acc: 0.77060, train_loss: 0.51940, train_acc: 0.99922
Epoch 44 | val_loss: 0.78042, val_acc: 0.77520, train_loss: 0.51826, train_acc: 0.99933
Epoch 45 | val_loss: 0.77836, val_acc: 0.77620, train_loss: 0.51725, train_acc: 0.99936
Epoch 46 | val_loss: 0.77868, val_acc: 0.77320, train_loss: 0.51645, train_acc: 0.99940
[slurm61972868_gr072_gpu0_0] Sync pending: 3 items
Epoch 47 | val_loss: 0.77740, val_acc: 0.77440, train_loss: 0.51570, train_acc: 0.99942
Epoch 48 | val_loss: 0.77715, val_acc: 0.77660, train_loss: 0.51511, train_acc: 0.99951
Epoch 49 | val_loss: 0.77526, val_acc: 0.77560, train_loss: 0.51458, train_acc: 0.99951
[slurm61972868_gr072_gpu0_0] Job befe2a02-714d-47bc-9b78-3a665b2a221d completed successfully
[slurm61972868_gr072_gpu0_0] Claimed job c8f6dd60-d053-4634-8b2c-6931a52f1774 (priority=10)
[slurm61972868_gr072_gpu0_0] Executing job c8f6dd60-d053-4634-8b2c-6931a52f1774 with _target_=dr_exp.trainers.decon_trainer.train_classification
Epoch 0 | val_loss: 2.32053, val_acc: 0.08594
/scratch/ddr8143/repos/dr_exp/.venv/lib/python3.12/site-packages/torch/optim/lr_scheduler.py:198: UserWarning: The epoch parameter in `scheduler.step()` was not necessary and is being deprecated where possible. Please use `scheduler.step()` to step the scheduler. During the deprecation, if epoch is different from None, the closed form is used instead of the new chainable form, where available. Please open an issue if you are unable to replicate your use case: https://github.com/pytorch/pytorch/issues/new/choose.
  warnings.warn(EPOCH_DEPRECATION_WARNING, UserWarning)
`Trainer.fit` stopped: `max_epochs=50` reached.
GPU available: True (cuda), used: True
TPU available: False, using: 0 TPU cores
HPU available: False, using: 0 HPUs
LOCAL_RANK: 0 - CUDA_VISIBLE_DEVICES: [0]

  | Name      | Type             | Params | Mode 
-------------------------------------------------------
0 | model     | CifarResNet12    | 1.8 M  | train
1 | criterion | CrossEntropyLoss | 0      | train
-------------------------------------------------------
1.8 M     Trainable params
0         Non-trainable params
1.8 M     Total params
7.143     Total estimated model params size (MB)
36        Modules in train mode
0         Modules in eval mode
SLURM auto-requeueing enabled. Setting signal handlers.
[slurm61972868_gr072_gpu0_0] Sync pending: 7 items
Epoch 0 | val_loss: 2.33670, val_acc: 0.09220
Epoch 1 | val_loss: 1.40904, val_acc: 0.49460, train_loss: 2.33158, train_acc: 0.09333
[slurm61972868_gr072_gpu0_0] Sync pending: 10 items
Epoch 2 | val_loss: 1.01964, val_acc: 0.65080, train_loss: 1.84056, train_acc: 0.37749
[slurm61972868_gr072_gpu0_0] Sync pending: 14 items
Epoch 3 | val_loss: 0.83100, val_acc: 0.73580, train_loss: 1.47708, train_acc: 0.55831
Epoch 4 | val_loss: 0.86994, val_acc: 0.71480, train_loss: 1.26736, train_acc: 0.66436
[slurm61972868_gr072_gpu0_0] Sync pending: 13 items
Epoch 5 | val_loss: 0.85615, val_acc: 0.72300, train_loss: 1.15604, train_acc: 0.71398
Epoch 6 | val_loss: 0.86974, val_acc: 0.71940, train_loss: 1.09376, train_acc: 0.74384
[slurm61972868_gr072_gpu0_0] Sync pending: 13 items
Epoch 7 | val_loss: 0.72548, val_acc: 0.76560, train_loss: 1.02814, train_acc: 0.77127
Epoch 8 | val_loss: 0.78753, val_acc: 0.74800, train_loss: 0.98427, train_acc: 0.79156
[slurm61972868_gr072_gpu0_0] Sync pending: 9 items
Epoch 9 | val_loss: 0.73681, val_acc: 0.77260, train_loss: 0.94972, train_acc: 0.80796
Epoch 10 | val_loss: 0.59800, val_acc: 0.81560, train_loss: 0.92674, train_acc: 0.81604
[slurm61972868_gr072_gpu0_0] Sync pending: 5 items
Epoch 11 | val_loss: 0.78859, val_acc: 0.74620, train_loss: 0.91120, train_acc: 0.82462
Epoch 12 | val_loss: 0.59122, val_acc: 0.82000, train_loss: 0.89041, train_acc: 0.83136
[slurm61972868_gr072_gpu0_0] Sync pending: 1 items
Epoch 13 | val_loss: 0.73093, val_acc: 0.77520, train_loss: 0.88148, train_acc: 0.83671
Epoch 14 | val_loss: 0.54112, val_acc: 0.83620, train_loss: 0.87241, train_acc: 0.83696
[slurm61972868_gr072_gpu0_0] Sync pending: 5 items
Epoch 15 | val_loss: 0.78976, val_acc: 0.74960, train_loss: 0.85762, train_acc: 0.84520
Epoch 16 | val_loss: 0.59406, val_acc: 0.81680, train_loss: 0.84763, train_acc: 0.85182
[slurm61972868_gr072_gpu0_0] Sync pending: 5 items
Epoch 17 | val_loss: 0.62578, val_acc: 0.80480, train_loss: 0.83576, train_acc: 0.85544
[slurm61972868_gr072_gpu0_0] Sync pending: 8 items
Epoch 18 | val_loss: 0.50740, val_acc: 0.85060, train_loss: 0.83358, train_acc: 0.85658
Epoch 19 | val_loss: 0.57196, val_acc: 0.82520, train_loss: 0.81637, train_acc: 0.86329
[slurm61972868_gr072_gpu0_0] Sync pending: 8 items
Epoch 20 | val_loss: 0.51167, val_acc: 0.84800, train_loss: 0.81165, train_acc: 0.86649
Epoch 21 | val_loss: 0.48427, val_acc: 0.85880, train_loss: 0.79873, train_acc: 0.87209
[slurm61972868_gr072_gpu0_0] Sync pending: 12 items
Epoch 22 | val_loss: 0.47490, val_acc: 0.86000, train_loss: 0.78852, train_acc: 0.87676
Epoch 23 | val_loss: 0.64616, val_acc: 0.79700, train_loss: 0.77497, train_acc: 0.88218
[slurm61972868_gr072_gpu0_0] Sync pending: 16 items
Epoch 24 | val_loss: 0.47905, val_acc: 0.86160, train_loss: 0.77212, train_acc: 0.88429
Epoch 25 | val_loss: 0.47212, val_acc: 0.86240, train_loss: 0.75753, train_acc: 0.89078
[slurm61972868_gr072_gpu0_0] Sync pending: 14 items
Epoch 26 | val_loss: 0.50776, val_acc: 0.84960, train_loss: 0.74793, train_acc: 0.89444
Epoch 27 | val_loss: 0.48583, val_acc: 0.85480, train_loss: 0.73801, train_acc: 0.89891
[slurm61972868_gr072_gpu0_0] Sync pending: 14 items
Epoch 28 | val_loss: 0.46749, val_acc: 0.86220, train_loss: 0.72414, train_acc: 0.90420
Epoch 29 | val_loss: 0.50999, val_acc: 0.85420, train_loss: 0.71745, train_acc: 0.90802
[slurm61972868_gr072_gpu0_0] Sync pending: 19 items
Epoch 30 | val_loss: 0.48270, val_acc: 0.85520, train_loss: 0.70677, train_acc: 0.91309
Epoch 31 | val_loss: 0.44423, val_acc: 0.87000, train_loss: 0.69033, train_acc: 0.91922
[slurm61972868_gr072_gpu0_0] Sync pending: 27 items
Epoch 32 | val_loss: 0.37858, val_acc: 0.89560, train_loss: 0.67878, train_acc: 0.92420
[slurm61972868_gr072_gpu0_0] Sync pending: 27 items
Epoch 33 | val_loss: 0.39996, val_acc: 0.88740, train_loss: 0.66609, train_acc: 0.92996
Epoch 34 | val_loss: 0.37703, val_acc: 0.90100, train_loss: 0.65365, train_acc: 0.93589
[slurm61972868_gr072_gpu0_0] Sync pending: 26 items
Epoch 35 | val_loss: 0.36661, val_acc: 0.90320, train_loss: 0.64219, train_acc: 0.94084
Epoch 36 | val_loss: 0.33640, val_acc: 0.91220, train_loss: 0.62855, train_acc: 0.94691
[slurm61972868_gr072_gpu0_0] Sync pending: 23 items
Epoch 37 | val_loss: 0.35323, val_acc: 0.90400, train_loss: 0.61659, train_acc: 0.95144
Epoch 38 | val_loss: 0.34246, val_acc: 0.90960, train_loss: 0.60376, train_acc: 0.95773
[slurm61972868_gr072_gpu0_0] Sync pending: 23 items
Epoch 39 | val_loss: 0.31151, val_acc: 0.92160, train_loss: 0.59119, train_acc: 0.96400
Epoch 40 | val_loss: 0.31982, val_acc: 0.92020, train_loss: 0.57737, train_acc: 0.96924
[slurm61972868_gr072_gpu0_0] Sync pending: 29 items
Epoch 41 | val_loss: 0.30736, val_acc: 0.92460, train_loss: 0.56892, train_acc: 0.97380
Epoch 42 | val_loss: 0.28888, val_acc: 0.93360, train_loss: 0.55507, train_acc: 0.97947
[slurm61972868_gr072_gpu0_0] Sync pending: 27 items
Epoch 43 | val_loss: 0.27845, val_acc: 0.93460, train_loss: 0.54524, train_acc: 0.98349
Epoch 44 | val_loss: 0.28565, val_acc: 0.93240, train_loss: 0.53789, train_acc: 0.98700
[slurm61972868_gr072_gpu0_0] Sync pending: 28 items
Epoch 45 | val_loss: 0.28255, val_acc: 0.93280, train_loss: 0.53246, train_acc: 0.98889
Epoch 46 | val_loss: 0.27911, val_acc: 0.93560, train_loss: 0.52813, train_acc: 0.99084
[slurm61972868_gr072_gpu0_0] Sync pending: 26 items
Epoch 47 | val_loss: 0.27692, val_acc: 0.93640, train_loss: 0.52545, train_acc: 0.99231
[slurm61972868_gr072_gpu0_0] Sync pending: 24 items
Epoch 48 | val_loss: 0.27428, val_acc: 0.93700, train_loss: 0.52341, train_acc: 0.99289
Epoch 49 | val_loss: 0.27642, val_acc: 0.93620, train_loss: 0.52217, train_acc: 0.99347
[slurm61972868_gr072_gpu0_0] Job c8f6dd60-d053-4634-8b2c-6931a52f1774 completed successfully
[slurm61972868_gr072_gpu0_0] Claimed job d4787df6-b8d0-4d2e-8617-3b7651025f95 (priority=10)
[slurm61972868_gr072_gpu0_0] Executing job d4787df6-b8d0-4d2e-8617-3b7651025f95 with _target_=dr_exp.trainers.decon_trainer.train_classification
Epoch 0 | val_loss: 2.30266, val_acc: 0.06641
`Trainer.fit` stopped: `max_epochs=50` reached.
GPU available: True (cuda), used: True
TPU available: False, using: 0 TPU cores
HPU available: False, using: 0 HPUs
LOCAL_RANK: 0 - CUDA_VISIBLE_DEVICES: [0]

  | Name      | Type             | Params | Mode 
-------------------------------------------------------
0 | model     | CifarResNet18    | 11.2 M | train
1 | criterion | CrossEntropyLoss | 0      | train
-------------------------------------------------------
11.2 M    Trainable params
0         Non-trainable params
11.2 M    Total params
44.696    Total estimated model params size (MB)
70        Modules in train mode
0         Modules in eval mode
SLURM auto-requeueing enabled. Setting signal handlers.
[slurm61972868_gr072_gpu0_0] Sync pending: 24 items
Epoch 0 | val_loss: 1.92020, val_acc: 0.27040
Epoch 1 | val_loss: 1.59064, val_acc: 0.42860, train_loss: 2.19989, train_acc: 0.18493
[slurm61972868_gr072_gpu0_0] Sync pending: 23 items
Epoch 2 | val_loss: 1.34471, val_acc: 0.51860, train_loss: 1.92672, train_acc: 0.33591
Epoch 3 | val_loss: 1.24255, val_acc: 0.57160, train_loss: 1.75820, train_acc: 0.43018
[slurm61972868_gr072_gpu0_0] Sync pending: 21 items
Epoch 4 | val_loss: 1.14421, val_acc: 0.60360, train_loss: 1.63796, train_acc: 0.49627
Epoch 5 | val_loss: 1.09207, val_acc: 0.63160, train_loss: 1.54981, train_acc: 0.54293
[slurm61972868_gr072_gpu0_0] Sync pending: 19 items
Epoch 6 | val_loss: 1.01306, val_acc: 0.67340, train_loss: 1.47345, train_acc: 0.58598
Epoch 7 | val_loss: 0.98486, val_acc: 0.67060, train_loss: 1.42075, train_acc: 0.61344
[slurm61972868_gr072_gpu0_0] Sync pending: 22 items
Epoch 8 | val_loss: 0.92307, val_acc: 0.69160, train_loss: 1.36273, train_acc: 0.64004
Epoch 9 | val_loss: 0.95423, val_acc: 0.68500, train_loss: 1.34056, train_acc: 0.65169
[slurm61972868_gr072_gpu0_0] Sync pending: 21 items
Epoch 10 | val_loss: 0.93715, val_acc: 0.68540, train_loss: 1.31713, train_acc: 0.66556
Epoch 11 | val_loss: 0.91783, val_acc: 0.70240, train_loss: 1.28121, train_acc: 0.68078
[slurm61972868_gr072_gpu0_0] Sync pending: 20 items
Epoch 12 | val_loss: 0.82651, val_acc: 0.73280, train_loss: 1.27776, train_acc: 0.68384
Epoch 13 | val_loss: 0.85123, val_acc: 0.71320, train_loss: 1.25689, train_acc: 0.69516
[slurm61972868_gr072_gpu0_0] Sync pending: 20 items
Epoch 14 | val_loss: 0.76244, val_acc: 0.75120, train_loss: 1.25176, train_acc: 0.69682
Epoch 15 | val_loss: 0.76034, val_acc: 0.75520, train_loss: 1.22848, train_acc: 0.70698
[slurm61972868_gr072_gpu0_0] Sync pending: 20 items
Epoch 16 | val_loss: 0.83695, val_acc: 0.72820, train_loss: 1.21746, train_acc: 0.71416
Epoch 17 | val_loss: 0.73537, val_acc: 0.75480, train_loss: 1.20867, train_acc: 0.71771
[slurm61972868_gr072_gpu0_0] Sync pending: 24 items
Epoch 18 | val_loss: 0.86911, val_acc: 0.71180, train_loss: 1.19478, train_acc: 0.72476
Epoch 19 | val_loss: 0.75047, val_acc: 0.76200, train_loss: 1.17606, train_acc: 0.73611
Epoch 20 | val_loss: 0.76493, val_acc: 0.74660, train_loss: 1.17001, train_acc: 0.73453
[slurm61972868_gr072_gpu0_0] Sync pending: 24 items
Epoch 21 | val_loss: 0.74527, val_acc: 0.76180, train_loss: 1.17866, train_acc: 0.73289
Epoch 22 | val_loss: 0.66737, val_acc: 0.78180, train_loss: 1.15812, train_acc: 0.74138
[slurm61972868_gr072_gpu0_0] Sync pending: 28 items
Epoch 23 | val_loss: 0.78992, val_acc: 0.73980, train_loss: 1.15923, train_acc: 0.74302
Epoch 24 | val_loss: 0.72186, val_acc: 0.76880, train_loss: 1.14471, train_acc: 0.74649
[slurm61972868_gr072_gpu0_0] Sync pending: 35 items
Epoch 25 | val_loss: 0.68519, val_acc: 0.78320, train_loss: 1.14579, train_acc: 0.74784
Epoch 26 | val_loss: 0.69992, val_acc: 0.77000, train_loss: 1.13120, train_acc: 0.75313
[slurm61972868_gr072_gpu0_0] Sync pending: 38 items
Epoch 27 | val_loss: 0.70861, val_acc: 0.76520, train_loss: 1.13230, train_acc: 0.75327
Epoch 28 | val_loss: 0.72676, val_acc: 0.76580, train_loss: 1.12310, train_acc: 0.75724
[slurm61972868_gr072_gpu0_0] Sync pending: 38 items
Epoch 29 | val_loss: 0.68691, val_acc: 0.78100, train_loss: 1.13195, train_acc: 0.75413
Epoch 30 | val_loss: 0.56645, val_acc: 0.82640, train_loss: 1.12055, train_acc: 0.75731
[slurm61972868_gr072_gpu0_0] Sync pending: 37 items
Epoch 31 | val_loss: 0.52612, val_acc: 0.83660, train_loss: 0.98457, train_acc: 0.82038
Epoch 32 | val_loss: 0.50331, val_acc: 0.84800, train_loss: 0.93994, train_acc: 0.83933
[slurm61972868_gr072_gpu0_0] Sync pending: 40 items
Epoch 33 | val_loss: 0.52098, val_acc: 0.84340, train_loss: 0.91999, train_acc: 0.84667
Epoch 34 | val_loss: 0.54002, val_acc: 0.83960, train_loss: 0.90707, train_acc: 0.85251
[slurm61972868_gr072_gpu0_0] Sync pending: 43 items
Epoch 35 | val_loss: 0.48948, val_acc: 0.84500, train_loss: 0.89617, train_acc: 0.85789
Epoch 36 | val_loss: 0.48645, val_acc: 0.84740, train_loss: 0.88964, train_acc: 0.86016
[slurm61972868_gr072_gpu0_0] Sync pending: 42 items
Epoch 37 | val_loss: 0.48585, val_acc: 0.85200, train_loss: 0.87927, train_acc: 0.86429
Epoch 38 | val_loss: 0.47636, val_acc: 0.85100, train_loss: 0.87480, train_acc: 0.86791
[slurm61972868_gr072_gpu0_0] Sync pending: 42 items
Epoch 39 | val_loss: 0.47670, val_acc: 0.85260, train_loss: 0.86286, train_acc: 0.87142
Epoch 40 | val_loss: 0.51371, val_acc: 0.84200, train_loss: 0.85817, train_acc: 0.87364
[slurm61972868_gr072_gpu0_0] Sync pending: 46 items
Epoch 41 | val_loss: 0.48644, val_acc: 0.85140, train_loss: 0.85632, train_acc: 0.87329
Epoch 42 | val_loss: 0.48522, val_acc: 0.85920, train_loss: 0.85064, train_acc: 0.87680
[slurm61972868_gr072_gpu0_0] Sync pending: 46 items
Epoch 43 | val_loss: 0.45354, val_acc: 0.86120, train_loss: 0.84539, train_acc: 0.87800
Epoch 44 | val_loss: 0.49285, val_acc: 0.84760, train_loss: 0.83963, train_acc: 0.88216
[slurm61972868_gr072_gpu0_0] Sync pending: 46 items
Epoch 45 | val_loss: 0.47766, val_acc: 0.85480, train_loss: 0.83742, train_acc: 0.88058
Epoch 46 | val_loss: 0.46079, val_acc: 0.86200, train_loss: 0.83320, train_acc: 0.88329
[slurm61972868_gr072_gpu0_0] Sync pending: 53 items
Epoch 47 | val_loss: 0.44824, val_acc: 0.86300, train_loss: 0.83097, train_acc: 0.88522
Epoch 48 | val_loss: 0.46214, val_acc: 0.86180, train_loss: 0.82595, train_acc: 0.88842
[slurm61972868_gr072_gpu0_0] Sync pending: 56 items
Epoch 49 | val_loss: 0.43628, val_acc: 0.86480, train_loss: 0.82707, train_acc: 0.88560
[slurm61972868_gr072_gpu0_0] Job d4787df6-b8d0-4d2e-8617-3b7651025f95 completed successfully
[slurm61972868_gr072_gpu0_0] Claimed job 5fd40a17-e68d-4f75-bca0-503f64396615 (priority=10)
[slurm61972868_gr072_gpu0_0] Executing job 5fd40a17-e68d-4f75-bca0-503f64396615 with _target_=dr_exp.trainers.decon_trainer.train_classification
Epoch 0 | val_loss: 2.30292, val_acc: 0.06250
`Trainer.fit` stopped: `max_epochs=50` reached.
GPU available: True (cuda), used: True
TPU available: False, using: 0 TPU cores
HPU available: False, using: 0 HPUs
LOCAL_RANK: 0 - CUDA_VISIBLE_DEVICES: [0]

  | Name      | Type             | Params | Mode 
-------------------------------------------------------
0 | model     | CifarResNet18    | 11.2 M | train
1 | criterion | CrossEntropyLoss | 0      | train
-------------------------------------------------------
11.2 M    Trainable params
0         Non-trainable params
11.2 M    Total params
44.696    Total estimated model params size (MB)
70        Modules in train mode
0         Modules in eval mode
SLURM auto-requeueing enabled. Setting signal handlers.
Epoch 0 | val_loss: 1.57842, val_acc: 0.44320
[slurm61972868_gr072_gpu0_0] Sync pending: 59 items
Epoch 1 | val_loss: 1.06547, val_acc: 0.64040, train_loss: 1.87597, train_acc: 0.35187
Epoch 2 | val_loss: 1.04463, val_acc: 0.66220, train_loss: 1.49114, train_acc: 0.54962
[slurm61972868_gr072_gpu0_0] Sync pending: 58 items
Epoch 3 | val_loss: 1.07670, val_acc: 0.64400, train_loss: 1.24008, train_acc: 0.67373
Epoch 4 | val_loss: 0.84558, val_acc: 0.72340, train_loss: 1.12942, train_acc: 0.72422
[slurm61972868_gr072_gpu0_0] Sync pending: 57 items
Epoch 5 | val_loss: 0.76335, val_acc: 0.75980, train_loss: 1.06905, train_acc: 0.75193
Epoch 6 | val_loss: 0.68825, val_acc: 0.78980, train_loss: 1.02795, train_acc: 0.77122
[slurm61972868_gr072_gpu0_0] Sync pending: 56 items
Epoch 7 | val_loss: 0.76550, val_acc: 0.75120, train_loss: 0.99853, train_acc: 0.78222
Epoch 8 | val_loss: 0.74701, val_acc: 0.75440, train_loss: 0.98046, train_acc: 0.78904
[slurm61972868_gr072_gpu0_0] Sync pending: 56 items
Epoch 9 | val_loss: 0.89326, val_acc: 0.71380, train_loss: 0.96621, train_acc: 0.79747
Epoch 10 | val_loss: 0.71986, val_acc: 0.77060, train_loss: 0.95332, train_acc: 0.80111
[slurm61972868_gr072_gpu0_0] Sync pending: 56 items
Epoch 11 | val_loss: 0.72402, val_acc: 0.77360, train_loss: 0.94105, train_acc: 0.80873
Epoch 12 | val_loss: 0.73012, val_acc: 0.76520, train_loss: 0.93795, train_acc: 0.80893
[slurm61972868_gr072_gpu0_0] Sync pending: 60 items
Epoch 13 | val_loss: 0.84985, val_acc: 0.72600, train_loss: 0.92838, train_acc: 0.81287
Epoch 14 | val_loss: 0.71174, val_acc: 0.77460, train_loss: 0.92229, train_acc: 0.81616
[slurm61972868_gr072_gpu0_0] Sync pending: 59 items
Epoch 15 | val_loss: 0.77603, val_acc: 0.75540, train_loss: 0.91569, train_acc: 0.81787
Epoch 16 | val_loss: 0.66859, val_acc: 0.79600, train_loss: 0.90756, train_acc: 0.82402
[slurm61972868_gr072_gpu0_0] Sync pending: 59 items
Epoch 17 | val_loss: 0.64896, val_acc: 0.79880, train_loss: 0.90944, train_acc: 0.82178
Epoch 18 | val_loss: 0.79266, val_acc: 0.75420, train_loss: 0.89675, train_acc: 0.82740
[slurm61972868_gr072_gpu0_0] Sync pending: 58 items
Epoch 19 | val_loss: 0.66634, val_acc: 0.79540, train_loss: 0.89068, train_acc: 0.83131
Epoch 20 | val_loss: 0.77139, val_acc: 0.75740, train_loss: 0.88789, train_acc: 0.83240
[slurm61972868_gr072_gpu0_0] Sync pending: 58 items
Epoch 21 | val_loss: 0.64362, val_acc: 0.80260, train_loss: 0.88344, train_acc: 0.83344
Epoch 22 | val_loss: 0.69325, val_acc: 0.77920, train_loss: 0.88085, train_acc: 0.83433
[slurm61972868_gr072_gpu0_0] Sync pending: 58 items
Epoch 23 | val_loss: 0.61492, val_acc: 0.81000, train_loss: 0.87536, train_acc: 0.83724
Epoch 24 | val_loss: 0.59979, val_acc: 0.81520, train_loss: 0.87997, train_acc: 0.83533
[slurm61972868_gr072_gpu0_0] Sync pending: 62 items
Epoch 25 | val_loss: 0.72980, val_acc: 0.77460, train_loss: 0.86737, train_acc: 0.84029
Epoch 26 | val_loss: 0.69554, val_acc: 0.78040, train_loss: 0.87278, train_acc: 0.83727
[slurm61972868_gr072_gpu0_0] Sync pending: 70 items
Epoch 27 | val_loss: 0.78780, val_acc: 0.75680, train_loss: 0.87046, train_acc: 0.84120
Epoch 28 | val_loss: 0.68383, val_acc: 0.78640, train_loss: 0.86832, train_acc: 0.84051
Epoch 29 | val_loss: 0.73956, val_acc: 0.76640, train_loss: 0.86327, train_acc: 0.84404
[slurm61972868_gr072_gpu0_0] Sync pending: 74 items
Epoch 30 | val_loss: 0.37672, val_acc: 0.89200, train_loss: 0.85411, train_acc: 0.84873
Epoch 31 | val_loss: 0.35300, val_acc: 0.90300, train_loss: 0.72627, train_acc: 0.90311
[slurm61972868_gr072_gpu0_0] Sync pending: 74 items
Epoch 32 | val_loss: 0.33960, val_acc: 0.90680, train_loss: 0.68201, train_acc: 0.92329
Epoch 33 | val_loss: 0.34141, val_acc: 0.90620, train_loss: 0.66485, train_acc: 0.93058
[slurm61972868_gr072_gpu0_0] Sync pending: 78 items
Epoch 34 | val_loss: 0.33218, val_acc: 0.90900, train_loss: 0.65316, train_acc: 0.93578
Epoch 35 | val_loss: 0.33675, val_acc: 0.91060, train_loss: 0.64273, train_acc: 0.94073
[slurm61972868_gr072_gpu0_0] Sync pending: 78 items
Epoch 36 | val_loss: 0.32373, val_acc: 0.91400, train_loss: 0.63620, train_acc: 0.94329
Epoch 37 | val_loss: 0.33730, val_acc: 0.90960, train_loss: 0.62793, train_acc: 0.94731
[slurm61972868_gr072_gpu0_0] Sync pending: 82 items
Epoch 38 | val_loss: 0.32632, val_acc: 0.91480, train_loss: 0.61883, train_acc: 0.95127
Epoch 39 | val_loss: 0.32883, val_acc: 0.91420, train_loss: 0.61806, train_acc: 0.95124
[slurm61972868_gr072_gpu0_0] Sync pending: 86 items
Epoch 40 | val_loss: 0.32777, val_acc: 0.91200, train_loss: 0.60903, train_acc: 0.95540
Epoch 41 | val_loss: 0.32906, val_acc: 0.91460, train_loss: 0.60613, train_acc: 0.95582
[slurm61972868_gr072_gpu0_0] Sync pending: 86 items
Epoch 42 | val_loss: 0.32025, val_acc: 0.91980, train_loss: 0.60141, train_acc: 0.95793
Epoch 43 | val_loss: 0.33048, val_acc: 0.91480, train_loss: 0.59782, train_acc: 0.96131
[slurm61972868_gr072_gpu0_0] Sync pending: 86 items
Epoch 44 | val_loss: 0.32227, val_acc: 0.91920, train_loss: 0.59601, train_acc: 0.96122
Epoch 45 | val_loss: 0.33023, val_acc: 0.91780, train_loss: 0.59069, train_acc: 0.96273
[slurm61972868_gr072_gpu0_0] Sync pending: 86 items
Epoch 46 | val_loss: 0.33446, val_acc: 0.91440, train_loss: 0.59140, train_acc: 0.96249
Epoch 47 | val_loss: 0.33795, val_acc: 0.91160, train_loss: 0.58873, train_acc: 0.96373
[slurm61972868_gr072_gpu0_0] Sync pending: 86 items
Epoch 48 | val_loss: 0.34192, val_acc: 0.91200, train_loss: 0.58406, train_acc: 0.96569
Epoch 49 | val_loss: 0.33356, val_acc: 0.91760, train_loss: 0.58348, train_acc: 0.96584
[slurm61972868_gr072_gpu0_0] Job 5fd40a17-e68d-4f75-bca0-503f64396615 completed successfully
[slurm61972868_gr072_gpu0_0] Claimed job 93399e03-747d-4191-b550-2ba874d6fb10 (priority=10)
[slurm61972868_gr072_gpu0_0] Executing job 93399e03-747d-4191-b550-2ba874d6fb10 with _target_=dr_exp.trainers.decon_trainer.train_classification
Epoch 0 | val_loss: 2.30282, val_acc: 0.08984
`Trainer.fit` stopped: `max_epochs=50` reached.
GPU available: True (cuda), used: True
TPU available: False, using: 0 TPU cores
HPU available: False, using: 0 HPUs
LOCAL_RANK: 0 - CUDA_VISIBLE_DEVICES: [0]

  | Name      | Type             | Params | Mode 
-------------------------------------------------------
0 | model     | CifarResNet18    | 11.2 M | train
1 | criterion | CrossEntropyLoss | 0      | train
-------------------------------------------------------
11.2 M    Trainable params
0         Non-trainable params
11.2 M    Total params
44.696    Total estimated model params size (MB)
70        Modules in train mode
0         Modules in eval mode
SLURM auto-requeueing enabled. Setting signal handlers.
[slurm61972868_gr072_gpu0_0] Sync pending: 90 items
Epoch 0 | val_loss: 1.71606, val_acc: 0.39300
Epoch 1 | val_loss: 1.15659, val_acc: 0.60220, train_loss: 1.85573, train_acc: 0.36078
[slurm61972868_gr072_gpu0_0] Sync pending: 94 items
Epoch 2 | val_loss: 1.13777, val_acc: 0.62080, train_loss: 1.44448, train_acc: 0.57309
Epoch 3 | val_loss: 1.10562, val_acc: 0.63760, train_loss: 1.23511, train_acc: 0.67404
[slurm61972868_gr072_gpu0_0] Sync pending: 94 items
Epoch 4 | val_loss: 0.71650, val_acc: 0.77040, train_loss: 1.12831, train_acc: 0.72456
Epoch 5 | val_loss: 0.73057, val_acc: 0.76420, train_loss: 1.07205, train_acc: 0.74980
[slurm61972868_gr072_gpu0_0] Sync pending: 94 items
Epoch 6 | val_loss: 0.78162, val_acc: 0.74780, train_loss: 1.02675, train_acc: 0.77173
Epoch 7 | val_loss: 0.93159, val_acc: 0.69040, train_loss: 1.00166, train_acc: 0.78218
[slurm61972868_gr072_gpu0_0] Sync pending: 94 items
Epoch 8 | val_loss: 0.71818, val_acc: 0.77380, train_loss: 0.98048, train_acc: 0.79069
Epoch 9 | val_loss: 0.74133, val_acc: 0.75800, train_loss: 0.97127, train_acc: 0.79460
[slurm61972868_gr072_gpu0_0] Sync pending: 98 items
Epoch 10 | val_loss: 0.97087, val_acc: 0.69920, train_loss: 0.96026, train_acc: 0.79811
Epoch 11 | val_loss: 0.84883, val_acc: 0.73700, train_loss: 0.95468, train_acc: 0.80144
[slurm61972868_gr072_gpu0_0] Sync pending: 98 items
Epoch 12 | val_loss: 0.86528, val_acc: 0.72740, train_loss: 0.94068, train_acc: 0.80909
[slurm61972868_gr072_gpu0_0] Sync pending: 106 items
Epoch 13 | val_loss: 1.01274, val_acc: 0.67480, train_loss: 0.93520, train_acc: 0.80989
Epoch 14 | val_loss: 0.69764, val_acc: 0.78600, train_loss: 0.92994, train_acc: 0.81393
[slurm61972868_gr072_gpu0_0] Sync pending: 106 items
Epoch 15 | val_loss: 0.67002, val_acc: 0.78900, train_loss: 0.92124, train_acc: 0.81687
Epoch 16 | val_loss: 0.70531, val_acc: 0.77700, train_loss: 0.92091, train_acc: 0.81656
[slurm61972868_gr072_gpu0_0] Sync pending: 106 items
Epoch 17 | val_loss: 0.77347, val_acc: 0.75420, train_loss: 0.90762, train_acc: 0.82418
Epoch 18 | val_loss: 0.58181, val_acc: 0.82220, train_loss: 0.90853, train_acc: 0.82287
[slurm61972868_gr072_gpu0_0] Sync pending: 106 items
Epoch 19 | val_loss: 0.67905, val_acc: 0.78940, train_loss: 0.89552, train_acc: 0.82829
Epoch 20 | val_loss: 0.66011, val_acc: 0.79140, train_loss: 0.89465, train_acc: 0.82756
[slurm61972868_gr072_gpu0_0] Sync pending: 106 items
Epoch 21 | val_loss: 0.93861, val_acc: 0.68720, train_loss: 0.88815, train_acc: 0.83282
Epoch 22 | val_loss: 0.65697, val_acc: 0.79300, train_loss: 0.88810, train_acc: 0.83120
[slurm61972868_gr072_gpu0_0] Sync pending: 110 items
Epoch 23 | val_loss: 0.80027, val_acc: 0.75480, train_loss: 0.88011, train_acc: 0.83576
Epoch 24 | val_loss: 0.87542, val_acc: 0.71900, train_loss: 0.87652, train_acc: 0.83829
[slurm61972868_gr072_gpu0_0] Sync pending: 110 items
Epoch 25 | val_loss: 0.68322, val_acc: 0.78380, train_loss: 0.87302, train_acc: 0.83940
Epoch 26 | val_loss: 0.74509, val_acc: 0.76140, train_loss: 0.87506, train_acc: 0.83873
[slurm61972868_gr072_gpu0_0] Sync pending: 114 items
Epoch 27 | val_loss: 0.67209, val_acc: 0.78400, train_loss: 0.86914, train_acc: 0.84053
Epoch 28 | val_loss: 0.64059, val_acc: 0.79980, train_loss: 0.86770, train_acc: 0.84016
[slurm61972868_gr072_gpu0_0] Sync pending: 118 items
Epoch 29 | val_loss: 0.61846, val_acc: 0.81260, train_loss: 0.86782, train_acc: 0.84176
[slurm61972868_gr072_gpu0_0] Sync pending: 118 items
Epoch 30 | val_loss: 0.37730, val_acc: 0.89480, train_loss: 0.86522, train_acc: 0.84324
Epoch 31 | val_loss: 0.36312, val_acc: 0.90140, train_loss: 0.72976, train_acc: 0.90242
[slurm61972868_gr072_gpu0_0] Sync pending: 118 items
Epoch 32 | val_loss: 0.35741, val_acc: 0.90340, train_loss: 0.68324, train_acc: 0.92191
Epoch 33 | val_loss: 0.34938, val_acc: 0.90880, train_loss: 0.66984, train_acc: 0.92693
[slurm61972868_gr072_gpu0_0] Sync pending: 118 items
Epoch 34 | val_loss: 0.36081, val_acc: 0.90160, train_loss: 0.65557, train_acc: 0.93420
Epoch 35 | val_loss: 0.34744, val_acc: 0.90740, train_loss: 0.64532, train_acc: 0.93924
[slurm61972868_gr072_gpu0_0] Sync pending: 118 items
Epoch 36 | val_loss: 0.33973, val_acc: 0.91220, train_loss: 0.63860, train_acc: 0.94253
Epoch 37 | val_loss: 0.33262, val_acc: 0.91160, train_loss: 0.63205, train_acc: 0.94458
[slurm61972868_gr072_gpu0_0] Sync pending: 118 items
Epoch 38 | val_loss: 0.33831, val_acc: 0.91120, train_loss: 0.62061, train_acc: 0.94991
Epoch 39 | val_loss: 0.34535, val_acc: 0.90780, train_loss: 0.61738, train_acc: 0.95042
[slurm61972868_gr072_gpu0_0] Sync pending: 118 items
Epoch 40 | val_loss: 0.32143, val_acc: 0.91880, train_loss: 0.61321, train_acc: 0.95282
Epoch 41 | val_loss: 0.33745, val_acc: 0.91140, train_loss: 0.60876, train_acc: 0.95471
[slurm61972868_gr072_gpu0_0] Sync pending: 122 items
Epoch 42 | val_loss: 0.34081, val_acc: 0.91280, train_loss: 0.60137, train_acc: 0.95878
Epoch 43 | val_loss: 0.34421, val_acc: 0.90980, train_loss: 0.60072, train_acc: 0.95824
[slurm61972868_gr072_gpu0_0] Sync pending: 126 items
Epoch 44 | val_loss: 0.35856, val_acc: 0.90840, train_loss: 0.59611, train_acc: 0.96031
Epoch 45 | val_loss: 0.34068, val_acc: 0.91480, train_loss: 0.59587, train_acc: 0.96049
[slurm61972868_gr072_gpu0_0] Sync pending: 130 items
Epoch 46 | val_loss: 0.35013, val_acc: 0.90780, train_loss: 0.59221, train_acc: 0.96233
Epoch 47 | val_loss: 0.36189, val_acc: 0.90640, train_loss: 0.58843, train_acc: 0.96407
[slurm61972868_gr072_gpu0_0] Sync pending: 130 items
Epoch 48 | val_loss: 0.39013, val_acc: 0.89300, train_loss: 0.58962, train_acc: 0.96256
Epoch 49 | val_loss: 0.36041, val_acc: 0.90620, train_loss: 0.58664, train_acc: 0.96391
[slurm61972868_gr072_gpu0_0] Job 93399e03-747d-4191-b550-2ba874d6fb10 completed successfully
[slurm61972868_gr072_gpu0_0] Claimed job c6d735f4-ea5b-4345-b14c-d4296ac6c4d2 (priority=10)
[slurm61972868_gr072_gpu0_0] Executing job c6d735f4-ea5b-4345-b14c-d4296ac6c4d2 with _target_=dr_exp.trainers.decon_trainer.train_classification
[slurm61972868_gr072_gpu0_0] Sync pending: 134 items
Epoch 0 | val_loss: 2.31198, val_acc: 0.11719
`Trainer.fit` stopped: `max_epochs=50` reached.
GPU available: True (cuda), used: True
TPU available: False, using: 0 TPU cores
HPU available: False, using: 0 HPUs
LOCAL_RANK: 0 - CUDA_VISIBLE_DEVICES: [0]

  | Name      | Type             | Params | Mode 
-------------------------------------------------------
0 | model     | CifarResNet18    | 11.2 M | train
1 | criterion | CrossEntropyLoss | 0      | train
-------------------------------------------------------
11.2 M    Trainable params
0         Non-trainable params
11.2 M    Total params
44.696    Total estimated model params size (MB)
70        Modules in train mode
0         Modules in eval mode
SLURM auto-requeueing enabled. Setting signal handlers.
Epoch 0 | val_loss: 1.95846, val_acc: 0.25140
[slurm61972868_gr072_gpu0_0] Sync pending: 138 items
Epoch 1 | val_loss: 1.62841, val_acc: 0.40260, train_loss: 2.37641, train_acc: 0.16298
Epoch 2 | val_loss: 1.44515, val_acc: 0.47740, train_loss: 1.90514, train_acc: 0.33122
[slurm61972868_gr072_gpu0_0] Sync pending: 142 items
Epoch 3 | val_loss: 1.30565, val_acc: 0.53340, train_loss: 1.73695, train_acc: 0.42244
Epoch 4 | val_loss: 1.07548, val_acc: 0.63600, train_loss: 1.55510, train_acc: 0.51680
[slurm61972868_gr072_gpu0_0] Sync pending: 142 items
Epoch 5 | val_loss: 0.96579, val_acc: 0.67120, train_loss: 1.38190, train_acc: 0.60547
Epoch 6 | val_loss: 0.80164, val_acc: 0.73900, train_loss: 1.24360, train_acc: 0.66936
[slurm61972868_gr072_gpu0_0] Sync pending: 142 items
Epoch 7 | val_loss: 0.87028, val_acc: 0.71620, train_loss: 1.13531, train_acc: 0.72084
Epoch 8 | val_loss: 0.68281, val_acc: 0.78360, train_loss: 1.06028, train_acc: 0.75633
[slurm61972868_gr072_gpu0_0] Sync pending: 142 items
Epoch 9 | val_loss: 0.71680, val_acc: 0.77000, train_loss: 1.01276, train_acc: 0.77820
[slurm61972868_gr072_gpu0_0] Sync pending: 142 items
Epoch 10 | val_loss: 0.75015, val_acc: 0.75520, train_loss: 0.98059, train_acc: 0.79387
Epoch 11 | val_loss: 0.66379, val_acc: 0.78660, train_loss: 0.95414, train_acc: 0.80349
[slurm61972868_gr072_gpu0_0] Sync pending: 142 items
Epoch 12 | val_loss: 0.59919, val_acc: 0.81600, train_loss: 0.92741, train_acc: 0.81591
Epoch 13 | val_loss: 0.62173, val_acc: 0.80960, train_loss: 0.91534, train_acc: 0.82007
[slurm61972868_gr072_gpu0_0] Sync pending: 142 items
Epoch 14 | val_loss: 0.55657, val_acc: 0.83360, train_loss: 0.89237, train_acc: 0.83220
Epoch 15 | val_loss: 0.64179, val_acc: 0.79320, train_loss: 0.88080, train_acc: 0.83598
[slurm61972868_gr072_gpu0_0] Sync pending: 142 items
Epoch 16 | val_loss: 0.55583, val_acc: 0.82900, train_loss: 0.86531, train_acc: 0.84262
Epoch 17 | val_loss: 0.61046, val_acc: 0.81280, train_loss: 0.85380, train_acc: 0.85038
[slurm61972868_gr072_gpu0_0] Sync pending: 142 items
Epoch 18 | val_loss: 0.61701, val_acc: 0.80740, train_loss: 0.83421, train_acc: 0.85904
Epoch 19 | val_loss: 0.51244, val_acc: 0.85060, train_loss: 0.82466, train_acc: 0.86369
[slurm61972868_gr072_gpu0_0] Sync pending: 146 items
Epoch 20 | val_loss: 0.51014, val_acc: 0.85080, train_loss: 0.81411, train_acc: 0.86689
Epoch 21 | val_loss: 0.51927, val_acc: 0.85020, train_loss: 0.80061, train_acc: 0.87196
[slurm61972868_gr072_gpu0_0] Sync pending: 146 items
Epoch 22 | val_loss: 0.52021, val_acc: 0.83940, train_loss: 0.79012, train_acc: 0.87820
Epoch 23 | val_loss: 0.47334, val_acc: 0.85700, train_loss: 0.77838, train_acc: 0.88069
[slurm61972868_gr072_gpu0_0] Sync pending: 150 items
Epoch 24 | val_loss: 0.47794, val_acc: 0.85900, train_loss: 0.76465, train_acc: 0.88862
[slurm61972868_gr072_gpu0_0] Sync pending: 154 items
Epoch 25 | val_loss: 0.45721, val_acc: 0.87180, train_loss: 0.75070, train_acc: 0.89473
Epoch 26 | val_loss: 0.44864, val_acc: 0.86820, train_loss: 0.74083, train_acc: 0.89840
[slurm61972868_gr072_gpu0_0] Sync pending: 154 items
Epoch 27 | val_loss: 0.47915, val_acc: 0.86300, train_loss: 0.73197, train_acc: 0.90422
Epoch 28 | val_loss: 0.41833, val_acc: 0.88060, train_loss: 0.71905, train_acc: 0.90869
[slurm61972868_gr072_gpu0_0] Sync pending: 154 items
Epoch 29 | val_loss: 0.53207, val_acc: 0.84060, train_loss: 0.70551, train_acc: 0.91516
Epoch 30 | val_loss: 0.39837, val_acc: 0.88940, train_loss: 0.69169, train_acc: 0.92107
[slurm61972868_gr072_gpu0_0] Sync pending: 153 items
Epoch 31 | val_loss: 0.45044, val_acc: 0.87060, train_loss: 0.68305, train_acc: 0.92458
Epoch 32 | val_loss: 0.38541, val_acc: 0.89300, train_loss: 0.66962, train_acc: 0.92993
[slurm61972868_gr072_gpu0_0] Sync pending: 153 items
Epoch 33 | val_loss: 0.38502, val_acc: 0.89700, train_loss: 0.65216, train_acc: 0.93827
Epoch 34 | val_loss: 0.39479, val_acc: 0.89200, train_loss: 0.64125, train_acc: 0.94413
[slurm61972868_gr072_gpu0_0] Sync pending: 153 items
Epoch 35 | val_loss: 0.37152, val_acc: 0.89960, train_loss: 0.62689, train_acc: 0.95007
[slurm61972868_gr072_gpu0_0] Sync pending: 157 items
Epoch 36 | val_loss: 0.35067, val_acc: 0.90700, train_loss: 0.61154, train_acc: 0.95738
Epoch 37 | val_loss: 0.33926, val_acc: 0.91420, train_loss: 0.60191, train_acc: 0.96096
[slurm61972868_gr072_gpu0_0] Sync pending: 157 items
Epoch 38 | val_loss: 0.33762, val_acc: 0.91000, train_loss: 0.58820, train_acc: 0.96829
Epoch 39 | val_loss: 0.30973, val_acc: 0.92480, train_loss: 0.57762, train_acc: 0.97222
[slurm61972868_gr072_gpu0_0] Sync pending: 160 items
Epoch 40 | val_loss: 0.30813, val_acc: 0.92520, train_loss: 0.56859, train_acc: 0.97573
Epoch 41 | val_loss: 0.30328, val_acc: 0.92820, train_loss: 0.55429, train_acc: 0.98256
[slurm61972868_gr072_gpu0_0] Sync pending: 159 items
Epoch 42 | val_loss: 0.29981, val_acc: 0.93160, train_loss: 0.54675, train_acc: 0.98569
Epoch 43 | val_loss: 0.29415, val_acc: 0.93180, train_loss: 0.54174, train_acc: 0.98776
[slurm61972868_gr072_gpu0_0] Sync pending: 158 items
Epoch 44 | val_loss: 0.28967, val_acc: 0.93160, train_loss: 0.53687, train_acc: 0.98953
[slurm61972868_gr072_gpu0_0] Sync pending: 157 items
Epoch 45 | val_loss: 0.28776, val_acc: 0.93440, train_loss: 0.53245, train_acc: 0.99104
Epoch 46 | val_loss: 0.28395, val_acc: 0.93600, train_loss: 0.52919, train_acc: 0.99216
[slurm61972868_gr072_gpu0_0] Sync pending: 157 items
Epoch 47 | val_loss: 0.28388, val_acc: 0.93500, train_loss: 0.52650, train_acc: 0.99391
Epoch 48 | val_loss: 0.28559, val_acc: 0.93600, train_loss: 0.52535, train_acc: 0.99418
[slurm61972868_gr072_gpu0_0] Sync pending: 157 items
Epoch 49 | val_loss: 0.28299, val_acc: 0.93540, train_loss: 0.52463, train_acc: 0.99462
[slurm61972868_gr072_gpu0_0] Job c6d735f4-ea5b-4345-b14c-d4296ac6c4d2 completed successfully
[slurm61972868_gr072_gpu0_0] Claimed job 698e06fa-4448-414c-bedf-f03d3a7624e1 (priority=10)
[slurm61972868_gr072_gpu0_0] Executing job 698e06fa-4448-414c-bedf-f03d3a7624e1 with _target_=dr_exp.trainers.decon_trainer.train_classification
Epoch 0 | val_loss: 2.35396, val_acc: 0.11328
`Trainer.fit` stopped: `max_epochs=50` reached.
