GPU available: True (cuda), used: True
TPU available: False, using: 0 TPU cores
HPU available: False, using: 0 HPUs
/scratch/ddr8143/repos/dr_exp/.venv/lib/python3.12/site-packages/lightning/pytorch/trainer/connectors/logger_connector/logger_connector.py:76: Starting from v1.9.0, `tensorboardX` has been removed as a dependency of the `lightning.pytorch` package, due to potential conflicts with other packages in the ML ecosystem. For this reason, `logger=True` will use `CSVLogger` as the default logger, unless the `tensorboard` or `tensorboardX` packages are found. Please `pip install lightning[extra]` or one of them to enable TensorBoard support by default
LOCAL_RANK: 0 - CUDA_VISIBLE_DEVICES: [0]

  | Name      | Type             | Params | Mode 
-------------------------------------------------------
0 | model     | CifarResNet18    | 11.2 M | train
1 | criterion | CrossEntropyLoss | 0      | train
-------------------------------------------------------
11.2 M    Trainable params
0         Non-trainable params
11.2 M    Total params
44.696    Total estimated model params size (MB)
70        Modules in train mode
0         Modules in eval mode
SLURM auto-requeueing enabled. Setting signal handlers.
[SyncHandler] Failed to initialize Supabase: Supabase URL and key must be provided or set in environment
[SyncHandler] Sync disabled - files will remain in queue
[slurm61982156_gr030_gpu0_0] Sync disabled - Supabase not available
Sync: enabled (Supabase not available - queue only)
Starting worker slurm61982156_gr030_gpu0_0
Experiment: cluster_t0 at /scratch/ddr8143/logs/dcnn_workers
------------------------------------------------------------
[slurm61982156_gr030_gpu0_0] Worker started
[slurm61982156_gr030_gpu0_0] Sync thread started
[slurm61982156_gr030_gpu0_0] Heartbeat thread started
[slurm61982156_gr030_gpu0_0] Claimed job 1af596c8-4b46-454c-9f35-480630f3f113 (priority=200)
[slurm61982156_gr030_gpu0_0] Executing job 1af596c8-4b46-454c-9f35-480630f3f113 with _target_=dr_exp.trainers.decon_trainer.train_classification
[slurm61982156_gr030_gpu0_0] Sync pending: 210 items
[slurm61982156_gr030_gpu0_0] Sync pending: 210 items
Epoch 0 | val_loss: 2.31341, val_acc: 0.10938
/scratch/ddr8143/repos/dr_exp/.venv/lib/python3.12/site-packages/torch/optim/lr_scheduler.py:198: UserWarning: The epoch parameter in `scheduler.step()` was not necessary and is being deprecated where possible. Please use `scheduler.step()` to step the scheduler. During the deprecation, if epoch is different from None, the closed form is used instead of the new chainable form, where available. Please open an issue if you are unable to replicate your use case: https://github.com/pytorch/pytorch/issues/new/choose.
  warnings.warn(EPOCH_DEPRECATION_WARNING, UserWarning)
`Trainer.fit` stopped: `max_epochs=50` reached.
GPU available: True (cuda), used: True
TPU available: False, using: 0 TPU cores
HPU available: False, using: 0 HPUs
LOCAL_RANK: 0 - CUDA_VISIBLE_DEVICES: [0]

  | Name      | Type             | Params | Mode 
-------------------------------------------------------
0 | model     | CifarResNet18    | 11.2 M | train
1 | criterion | CrossEntropyLoss | 0      | train
-------------------------------------------------------
11.2 M    Trainable params
0         Non-trainable params
11.2 M    Total params
44.696    Total estimated model params size (MB)
70        Modules in train mode
0         Modules in eval mode
SLURM auto-requeueing enabled. Setting signal handlers.
Epoch 0 | val_loss: 2.31539, val_acc: 0.07060
[slurm61982156_gr030_gpu0_0] Sync pending: 210 items
Epoch 1 | val_loss: 1.99721, val_acc: 0.25280, train_loss: 2.31628, train_acc: 0.08689
Epoch 2 | val_loss: 1.77894, val_acc: 0.37540, train_loss: 2.25857, train_acc: 0.15178
[slurm61982156_gr030_gpu0_0] Sync pending: 210 items
Epoch 3 | val_loss: 1.64878, val_acc: 0.43800, train_loss: 2.17054, train_acc: 0.21224
[slurm61982156_gr030_gpu0_0] Sync pending: 210 items
Epoch 4 | val_loss: 1.52506, val_acc: 0.45000, train_loss: 2.12162, train_acc: 0.24536
Epoch 5 | val_loss: 1.45978, val_acc: 0.50660, train_loss: 2.07929, train_acc: 0.27244
[slurm61982156_gr030_gpu0_0] Sync pending: 210 items
Epoch 6 | val_loss: 1.30148, val_acc: 0.53300, train_loss: 2.04635, train_acc: 0.29369
Epoch 7 | val_loss: 1.18062, val_acc: 0.60540, train_loss: 1.99597, train_acc: 0.32409
[slurm61982156_gr030_gpu0_0] Sync pending: 210 items
Epoch 8 | val_loss: 1.22943, val_acc: 0.62560, train_loss: 1.96592, train_acc: 0.34133
[slurm61982156_gr030_gpu0_0] Sync pending: 210 items
Epoch 9 | val_loss: 1.05191, val_acc: 0.70160, train_loss: 1.94399, train_acc: 0.36600
Epoch 10 | val_loss: 1.03113, val_acc: 0.70560, train_loss: 1.89434, train_acc: 0.38942
[slurm61982156_gr030_gpu0_0] Sync pending: 210 items
Epoch 11 | val_loss: 1.08313, val_acc: 0.69220, train_loss: 1.88361, train_acc: 0.40498
Epoch 12 | val_loss: 1.07889, val_acc: 0.68260, train_loss: 1.85854, train_acc: 0.39751
[slurm61982156_gr030_gpu0_0] Sync pending: 214 items
Epoch 13 | val_loss: 0.95513, val_acc: 0.73960, train_loss: 1.82964, train_acc: 0.42976
Epoch 14 | val_loss: 1.03082, val_acc: 0.71740, train_loss: 1.84008, train_acc: 0.43300
[slurm61982156_gr030_gpu0_0] Sync pending: 214 items
Epoch 15 | val_loss: 0.93456, val_acc: 0.75160, train_loss: 1.81603, train_acc: 0.42816
[slurm61982156_gr030_gpu0_0] Sync pending: 218 items
Epoch 16 | val_loss: 0.89982, val_acc: 0.77000, train_loss: 1.80247, train_acc: 0.43307
Epoch 17 | val_loss: 0.89835, val_acc: 0.77220, train_loss: 1.80625, train_acc: 0.44333
[slurm61982156_gr030_gpu0_0] Sync pending: 218 items
Epoch 18 | val_loss: 0.89722, val_acc: 0.76420, train_loss: 1.78748, train_acc: 0.45389
Epoch 19 | val_loss: 0.89536, val_acc: 0.78600, train_loss: 1.79176, train_acc: 0.45024
[slurm61982156_gr030_gpu0_0] Sync pending: 222 items
Epoch 20 | val_loss: 0.94548, val_acc: 0.76660, train_loss: 1.78182, train_acc: 0.44976
[slurm61982156_gr030_gpu0_0] Sync pending: 222 items
Epoch 21 | val_loss: 0.87930, val_acc: 0.79140, train_loss: 1.77616, train_acc: 0.44411
Epoch 22 | val_loss: 0.85745, val_acc: 0.79540, train_loss: 1.73735, train_acc: 0.46269
[slurm61982156_gr030_gpu0_0] Sync pending: 222 items
Epoch 23 | val_loss: 0.85064, val_acc: 0.78660, train_loss: 1.73693, train_acc: 0.49369
Epoch 24 | val_loss: 0.83299, val_acc: 0.80740, train_loss: 1.73986, train_acc: 0.46756
[slurm61982156_gr030_gpu0_0] Sync pending: 222 items
Epoch 25 | val_loss: 0.82305, val_acc: 0.80060, train_loss: 1.75566, train_acc: 0.45244
[slurm61982156_gr030_gpu0_0] Sync pending: 222 items
Epoch 26 | val_loss: 0.85555, val_acc: 0.79420, train_loss: 1.74268, train_acc: 0.46327
Epoch 27 | val_loss: 0.82447, val_acc: 0.81760, train_loss: 1.71395, train_acc: 0.48269
[slurm61982156_gr030_gpu0_0] Sync pending: 222 items
Epoch 28 | val_loss: 0.81024, val_acc: 0.81240, train_loss: 1.70588, train_acc: 0.48516
Epoch 29 | val_loss: 0.80289, val_acc: 0.81640, train_loss: 1.69446, train_acc: 0.49849
[slurm61982156_gr030_gpu0_0] Sync pending: 222 items
Epoch 30 | val_loss: 0.78753, val_acc: 0.81900, train_loss: 1.70054, train_acc: 0.47798
[slurm61982156_gr030_gpu0_0] Sync pending: 222 items
Epoch 31 | val_loss: 0.80766, val_acc: 0.82000, train_loss: 1.70498, train_acc: 0.50898
Epoch 32 | val_loss: 0.79467, val_acc: 0.82040, train_loss: 1.70184, train_acc: 0.49787
[slurm61982156_gr030_gpu0_0] Sync pending: 222 items
Epoch 33 | val_loss: 0.76520, val_acc: 0.82940, train_loss: 1.70406, train_acc: 0.50493
Epoch 34 | val_loss: 0.75634, val_acc: 0.83020, train_loss: 1.69411, train_acc: 0.49429
[slurm61982156_gr030_gpu0_0] Sync pending: 222 items
Epoch 35 | val_loss: 0.76200, val_acc: 0.83780, train_loss: 1.69176, train_acc: 0.48747
[slurm61982156_gr030_gpu0_0] Sync pending: 222 items
Epoch 36 | val_loss: 0.74903, val_acc: 0.83300, train_loss: 1.69477, train_acc: 0.51929
Epoch 37 | val_loss: 0.79882, val_acc: 0.82840, train_loss: 1.67889, train_acc: 0.50853
[slurm61982156_gr030_gpu0_0] Sync pending: 222 items
Epoch 38 | val_loss: 0.73859, val_acc: 0.83760, train_loss: 1.68092, train_acc: 0.50704
Epoch 39 | val_loss: 0.73889, val_acc: 0.83920, train_loss: 1.68037, train_acc: 0.48933
[slurm61982156_gr030_gpu0_0] Sync pending: 222 items
Epoch 40 | val_loss: 0.76903, val_acc: 0.84100, train_loss: 1.65591, train_acc: 0.50120
[slurm61982156_gr030_gpu0_0] Sync pending: 222 items
Epoch 41 | val_loss: 0.76200, val_acc: 0.84360, train_loss: 1.68258, train_acc: 0.51516
Epoch 42 | val_loss: 0.74865, val_acc: 0.84520, train_loss: 1.70126, train_acc: 0.48458
[slurm61982156_gr030_gpu0_0] Sync pending: 222 items
Epoch 43 | val_loss: 0.72871, val_acc: 0.84720, train_loss: 1.68393, train_acc: 0.50120
Epoch 44 | val_loss: 0.72935, val_acc: 0.84800, train_loss: 1.66678, train_acc: 0.47298
[slurm61982156_gr030_gpu0_0] Sync pending: 222 items
Epoch 45 | val_loss: 0.74455, val_acc: 0.84620, train_loss: 1.68229, train_acc: 0.50491
[slurm61982156_gr030_gpu0_0] Sync pending: 223 items
Epoch 46 | val_loss: 0.74631, val_acc: 0.84400, train_loss: 1.68161, train_acc: 0.50633
Epoch 47 | val_loss: 0.73573, val_acc: 0.84560, train_loss: 1.68069, train_acc: 0.49833
[slurm61982156_gr030_gpu0_0] Sync pending: 223 items
Epoch 48 | val_loss: 0.74835, val_acc: 0.84240, train_loss: 1.66126, train_acc: 0.50704
Epoch 49 | val_loss: 0.72468, val_acc: 0.84480, train_loss: 1.67475, train_acc: 0.51324
[slurm61982156_gr030_gpu0_0] Job 1af596c8-4b46-454c-9f35-480630f3f113 completed successfully
[slurm61982156_gr030_gpu0_0] Claimed job 2d8e6c64-e08b-4212-aacb-5302c20664f2 (priority=240)
[slurm61982156_gr030_gpu0_0] Executing job 2d8e6c64-e08b-4212-aacb-5302c20664f2 with _target_=dr_exp.trainers.decon_trainer.train_classification
Epoch 0 | val_loss: 2.32176, val_acc: 0.07422
`Trainer.fit` stopped: `max_epochs=50` reached.
GPU available: True (cuda), used: True
TPU available: False, using: 0 TPU cores
HPU available: False, using: 0 HPUs
LOCAL_RANK: 0 - CUDA_VISIBLE_DEVICES: [0]

  | Name      | Type             | Params | Mode 
-------------------------------------------------------
0 | model     | CifarAlexNet     | 2.4 M  | train
1 | criterion | CrossEntropyLoss | 0      | train
-------------------------------------------------------
2.4 M     Trainable params
0         Non-trainable params
2.4 M     Total params
9.775     Total estimated model params size (MB)
24        Modules in train mode
0         Modules in eval mode
SLURM auto-requeueing enabled. Setting signal handlers.
[slurm61982156_gr030_gpu0_0] Sync pending: 227 items
Epoch 0 | val_loss: 2.33583, val_acc: 0.10580
[slurm61982156_gr030_gpu0_0] Sync pending: 231 items
Epoch 1 | val_loss: 1.61748, val_acc: 0.40700, train_loss: 2.32343, train_acc: 0.10898
Epoch 2 | val_loss: 1.33975, val_acc: 0.50580, train_loss: 1.87471, train_acc: 0.29747
[slurm61982156_gr030_gpu0_0] Sync pending: 231 items
Epoch 3 | val_loss: 1.27578, val_acc: 0.54060, train_loss: 1.47890, train_acc: 0.45238
Epoch 4 | val_loss: 1.02565, val_acc: 0.62860, train_loss: 1.23106, train_acc: 0.54940
[slurm61982156_gr030_gpu0_0] Sync pending: 235 items
Epoch 5 | val_loss: 1.00196, val_acc: 0.65020, train_loss: 1.03557, train_acc: 0.62793
Epoch 6 | val_loss: 0.84056, val_acc: 0.70900, train_loss: 0.87997, train_acc: 0.68789
[slurm61982156_gr030_gpu0_0] Sync pending: 235 items
Epoch 7 | val_loss: 0.70066, val_acc: 0.75980, train_loss: 0.74848, train_acc: 0.73482
Epoch 8 | val_loss: 0.70667, val_acc: 0.76100, train_loss: 0.64623, train_acc: 0.77373
[slurm61982156_gr030_gpu0_0] Sync pending: 235 items
Epoch 9 | val_loss: 0.54999, val_acc: 0.81020, train_loss: 0.58113, train_acc: 0.79707
Epoch 10 | val_loss: 0.63006, val_acc: 0.78920, train_loss: 0.51687, train_acc: 0.81951
[slurm61982156_gr030_gpu0_0] Sync pending: 239 items
Epoch 11 | val_loss: 0.57021, val_acc: 0.80160, train_loss: 0.47557, train_acc: 0.83304
[slurm61982156_gr030_gpu0_0] Sync pending: 239 items
Epoch 12 | val_loss: 0.50199, val_acc: 0.83220, train_loss: 0.43402, train_acc: 0.84787
Epoch 13 | val_loss: 0.59550, val_acc: 0.80240, train_loss: 0.40154, train_acc: 0.85971
[slurm61982156_gr030_gpu0_0] Sync pending: 239 items
Epoch 14 | val_loss: 0.56841, val_acc: 0.81900, train_loss: 0.36577, train_acc: 0.87164
Epoch 15 | val_loss: 0.57383, val_acc: 0.81620, train_loss: 0.34340, train_acc: 0.87949
[slurm61982156_gr030_gpu0_0] Sync pending: 243 items
Epoch 16 | val_loss: 0.53122, val_acc: 0.82780, train_loss: 0.31757, train_acc: 0.88791
Epoch 17 | val_loss: 0.52098, val_acc: 0.83860, train_loss: 0.29231, train_acc: 0.89898
[slurm61982156_gr030_gpu0_0] Sync pending: 243 items
Epoch 18 | val_loss: 0.53365, val_acc: 0.83620, train_loss: 0.26634, train_acc: 0.90767
Epoch 19 | val_loss: 0.47722, val_acc: 0.84660, train_loss: 0.24405, train_acc: 0.91302
[slurm61982156_gr030_gpu0_0] Sync pending: 243 items
Epoch 20 | val_loss: 0.47935, val_acc: 0.85300, train_loss: 0.22967, train_acc: 0.91836
Epoch 21 | val_loss: 0.42002, val_acc: 0.86640, train_loss: 0.21248, train_acc: 0.92564
[slurm61982156_gr030_gpu0_0] Sync pending: 243 items
Epoch 22 | val_loss: 0.47639, val_acc: 0.85400, train_loss: 0.19202, train_acc: 0.93220
[slurm61982156_gr030_gpu0_0] Sync pending: 243 items
Epoch 23 | val_loss: 0.44485, val_acc: 0.86380, train_loss: 0.17643, train_acc: 0.93767
Epoch 24 | val_loss: 0.42250, val_acc: 0.87080, train_loss: 0.16152, train_acc: 0.94409
[slurm61982156_gr030_gpu0_0] Sync pending: 247 items
Epoch 25 | val_loss: 0.41780, val_acc: 0.87540, train_loss: 0.15553, train_acc: 0.94569
Epoch 26 | val_loss: 0.42116, val_acc: 0.86880, train_loss: 0.13770, train_acc: 0.95187
[slurm61982156_gr030_gpu0_0] Sync pending: 247 items
Epoch 27 | val_loss: 0.42573, val_acc: 0.87340, train_loss: 0.11911, train_acc: 0.95960
Epoch 28 | val_loss: 0.40518, val_acc: 0.88120, train_loss: 0.10591, train_acc: 0.96360
[slurm61982156_gr030_gpu0_0] Sync pending: 247 items
Epoch 29 | val_loss: 0.42894, val_acc: 0.87500, train_loss: 0.10329, train_acc: 0.96487
Epoch 30 | val_loss: 0.41980, val_acc: 0.88080, train_loss: 0.08986, train_acc: 0.97004
[slurm61982156_gr030_gpu0_0] Sync pending: 247 items
Epoch 31 | val_loss: 0.41063, val_acc: 0.88320, train_loss: 0.08080, train_acc: 0.97229
Epoch 32 | val_loss: 0.40762, val_acc: 0.88720, train_loss: 0.07580, train_acc: 0.97462
[slurm61982156_gr030_gpu0_0] Sync pending: 247 items
Epoch 33 | val_loss: 0.39034, val_acc: 0.88880, train_loss: 0.06604, train_acc: 0.97751
Epoch 34 | val_loss: 0.40106, val_acc: 0.88360, train_loss: 0.06209, train_acc: 0.97987
[slurm61982156_gr030_gpu0_0] Sync pending: 247 items
Epoch 35 | val_loss: 0.38404, val_acc: 0.88980, train_loss: 0.05498, train_acc: 0.98284
[slurm61982156_gr030_gpu0_0] Sync pending: 247 items
Epoch 36 | val_loss: 0.39379, val_acc: 0.89060, train_loss: 0.05197, train_acc: 0.98267
Epoch 37 | val_loss: 0.38020, val_acc: 0.89300, train_loss: 0.04809, train_acc: 0.98427
[slurm61982156_gr030_gpu0_0] Sync pending: 247 items
Epoch 38 | val_loss: 0.37697, val_acc: 0.89640, train_loss: 0.04314, train_acc: 0.98713
Epoch 39 | val_loss: 0.38194, val_acc: 0.89320, train_loss: 0.04246, train_acc: 0.98718
[slurm61982156_gr030_gpu0_0] Sync pending: 247 items
Epoch 40 | val_loss: 0.38022, val_acc: 0.89520, train_loss: 0.03815, train_acc: 0.98798
Epoch 41 | val_loss: 0.37863, val_acc: 0.89400, train_loss: 0.03531, train_acc: 0.98907
[slurm61982156_gr030_gpu0_0] Sync pending: 255 items
Epoch 42 | val_loss: 0.37893, val_acc: 0.89300, train_loss: 0.03425, train_acc: 0.98989
Epoch 43 | val_loss: 0.38100, val_acc: 0.89120, train_loss: 0.03184, train_acc: 0.99069
[slurm61982156_gr030_gpu0_0] Sync pending: 268 items
Epoch 44 | val_loss: 0.38225, val_acc: 0.89380, train_loss: 0.03067, train_acc: 0.99104
Epoch 45 | val_loss: 0.38257, val_acc: 0.89300, train_loss: 0.03118, train_acc: 0.99102
[slurm61982156_gr030_gpu0_0] Sync pending: 280 items
Epoch 46 | val_loss: 0.38197, val_acc: 0.89380, train_loss: 0.02867, train_acc: 0.99144
[slurm61982156_gr030_gpu0_0] Sync pending: 280 items
Epoch 47 | val_loss: 0.38043, val_acc: 0.89420, train_loss: 0.02818, train_acc: 0.99191
Epoch 48 | val_loss: 0.38221, val_acc: 0.89500, train_loss: 0.02860, train_acc: 0.99136
[slurm61982156_gr030_gpu0_0] Sync pending: 280 items
Epoch 49 | val_loss: 0.37929, val_acc: 0.89260, train_loss: 0.02768, train_acc: 0.99220
[slurm61982156_gr030_gpu0_0] Job 2d8e6c64-e08b-4212-aacb-5302c20664f2 completed successfully
[slurm61982156_gr030_gpu0_0] Claimed job 56c9b59c-9d5d-49db-b4c2-1ec30d8e5d9b (priority=220)
[slurm61982156_gr030_gpu0_0] Executing job 56c9b59c-9d5d-49db-b4c2-1ec30d8e5d9b with _target_=dr_exp.trainers.decon_trainer.train_classification
Epoch 0 | val_loss: 2.30253, val_acc: 0.10547
`Trainer.fit` stopped: `max_epochs=50` reached.
GPU available: True (cuda), used: True
TPU available: False, using: 0 TPU cores
HPU available: False, using: 0 HPUs
LOCAL_RANK: 0 - CUDA_VISIBLE_DEVICES: [0]

  | Name      | Type             | Params | Mode 
-------------------------------------------------------
0 | model     | CifarResNet18    | 11.2 M | train
1 | criterion | CrossEntropyLoss | 0      | train
-------------------------------------------------------
11.2 M    Trainable params
0         Non-trainable params
11.2 M    Total params
44.696    Total estimated model params size (MB)
70        Modules in train mode
0         Modules in eval mode
SLURM auto-requeueing enabled. Setting signal handlers.
Epoch 0 | val_loss: 2.30242, val_acc: 0.10540
[slurm61982156_gr030_gpu0_0] Sync pending: 288 items
Epoch 1 | val_loss: 1.31183, val_acc: 0.51720, train_loss: 2.30243, train_acc: 0.10769
Epoch 2 | val_loss: 1.11469, val_acc: 0.60140, train_loss: 1.59887, train_acc: 0.39613
[slurm61982156_gr030_gpu0_0] Sync pending: 288 items
Epoch 3 | val_loss: 1.15682, val_acc: 0.60320, train_loss: 1.18619, train_acc: 0.57591
Epoch 4 | val_loss: 0.91656, val_acc: 0.69160, train_loss: 0.99990, train_acc: 0.64933
[slurm61982156_gr030_gpu0_0] Sync pending: 288 items
Epoch 5 | val_loss: 0.81989, val_acc: 0.72500, train_loss: 0.88315, train_acc: 0.69704
Epoch 6 | val_loss: 0.73288, val_acc: 0.74780, train_loss: 0.80177, train_acc: 0.72551
[slurm61982156_gr030_gpu0_0] Sync pending: 292 items
Epoch 7 | val_loss: 0.70251, val_acc: 0.76340, train_loss: 0.72663, train_acc: 0.75136
Epoch 8 | val_loss: 0.69803, val_acc: 0.76540, train_loss: 0.67215, train_acc: 0.76996
[slurm61982156_gr030_gpu0_0] Sync pending: 292 items
Epoch 9 | val_loss: 1.14710, val_acc: 0.66480, train_loss: 0.63870, train_acc: 0.77982
Epoch 10 | val_loss: 0.71327, val_acc: 0.76420, train_loss: 0.60837, train_acc: 0.79011
[slurm61982156_gr030_gpu0_0] Sync pending: 300 items
Epoch 11 | val_loss: 0.67230, val_acc: 0.78120, train_loss: 0.58379, train_acc: 0.80182
Epoch 12 | val_loss: 0.70332, val_acc: 0.76660, train_loss: 0.56982, train_acc: 0.80271
[slurm61982156_gr030_gpu0_0] Sync pending: 300 items
Epoch 13 | val_loss: 0.69098, val_acc: 0.77680, train_loss: 0.54897, train_acc: 0.81256
Epoch 14 | val_loss: 0.69275, val_acc: 0.77500, train_loss: 0.52789, train_acc: 0.81891
[slurm61982156_gr030_gpu0_0] Sync pending: 300 items
Epoch 15 | val_loss: 0.71591, val_acc: 0.76900, train_loss: 0.51688, train_acc: 0.82451
Epoch 16 | val_loss: 0.55509, val_acc: 0.81440, train_loss: 0.49248, train_acc: 0.83171
[slurm61982156_gr030_gpu0_0] Sync pending: 300 items
Epoch 17 | val_loss: 0.57328, val_acc: 0.80660, train_loss: 0.48173, train_acc: 0.83571
Epoch 18 | val_loss: 0.57888, val_acc: 0.80360, train_loss: 0.47006, train_acc: 0.83933
[slurm61982156_gr030_gpu0_0] Sync pending: 300 items
Epoch 19 | val_loss: 0.64584, val_acc: 0.79100, train_loss: 0.45043, train_acc: 0.84591
Epoch 20 | val_loss: 0.60568, val_acc: 0.80300, train_loss: 0.43676, train_acc: 0.84844
[slurm61982156_gr030_gpu0_0] Sync pending: 300 items
Epoch 21 | val_loss: 0.52179, val_acc: 0.82620, train_loss: 0.41642, train_acc: 0.85831
Epoch 22 | val_loss: 0.60954, val_acc: 0.80660, train_loss: 0.41390, train_acc: 0.85756
[slurm61982156_gr030_gpu0_0] Sync pending: 300 items
Epoch 23 | val_loss: 0.63013, val_acc: 0.78720, train_loss: 0.39484, train_acc: 0.86400
Epoch 24 | val_loss: 0.63905, val_acc: 0.79960, train_loss: 0.37899, train_acc: 0.86982
[slurm61982156_gr030_gpu0_0] Sync pending: 304 items
Epoch 25 | val_loss: 0.55678, val_acc: 0.82260, train_loss: 0.36447, train_acc: 0.87462
Epoch 26 | val_loss: 0.51451, val_acc: 0.83820, train_loss: 0.34658, train_acc: 0.88131
[slurm61982156_gr030_gpu0_0] Sync pending: 304 items
Epoch 27 | val_loss: 0.52264, val_acc: 0.83120, train_loss: 0.33192, train_acc: 0.88482
Epoch 28 | val_loss: 0.47031, val_acc: 0.84760, train_loss: 0.31514, train_acc: 0.89004
[slurm61982156_gr030_gpu0_0] Sync pending: 304 items
Epoch 29 | val_loss: 0.65999, val_acc: 0.79580, train_loss: 0.29766, train_acc: 0.89727
Epoch 30 | val_loss: 0.45733, val_acc: 0.85020, train_loss: 0.27631, train_acc: 0.90547
Epoch 31 | val_loss: 0.43821, val_acc: 0.86260, train_loss: 0.26324, train_acc: 0.90911
[slurm61982156_gr030_gpu0_0] Sync pending: 304 items
Epoch 32 | val_loss: 0.44280, val_acc: 0.86300, train_loss: 0.23114, train_acc: 0.92104
Epoch 33 | val_loss: 0.44686, val_acc: 0.85880, train_loss: 0.22173, train_acc: 0.92458
[slurm61982156_gr030_gpu0_0] Sync pending: 304 items
Epoch 34 | val_loss: 0.46542, val_acc: 0.85280, train_loss: 0.19752, train_acc: 0.93244
Epoch 35 | val_loss: 0.45328, val_acc: 0.86060, train_loss: 0.17500, train_acc: 0.93924
[slurm61982156_gr030_gpu0_0] Sync pending: 304 items
Epoch 36 | val_loss: 0.38437, val_acc: 0.88380, train_loss: 0.16184, train_acc: 0.94473
Epoch 37 | val_loss: 0.42855, val_acc: 0.87340, train_loss: 0.14388, train_acc: 0.94982
[slurm61982156_gr030_gpu0_0] Sync pending: 304 items
Epoch 38 | val_loss: 0.40581, val_acc: 0.87900, train_loss: 0.11991, train_acc: 0.95967
Epoch 39 | val_loss: 0.39323, val_acc: 0.88880, train_loss: 0.10555, train_acc: 0.96462
[slurm61982156_gr030_gpu0_0] Sync pending: 312 items
Epoch 40 | val_loss: 0.40844, val_acc: 0.88400, train_loss: 0.08652, train_acc: 0.97107
Epoch 41 | val_loss: 0.38852, val_acc: 0.89600, train_loss: 0.07201, train_acc: 0.97584
[slurm61982156_gr030_gpu0_0] Sync pending: 316 items
Epoch 42 | val_loss: 0.36378, val_acc: 0.89960, train_loss: 0.05984, train_acc: 0.98124
Epoch 43 | val_loss: 0.36639, val_acc: 0.89760, train_loss: 0.04948, train_acc: 0.98438
[slurm61982156_gr030_gpu0_0] Sync pending: 328 items
Epoch 44 | val_loss: 0.36201, val_acc: 0.90360, train_loss: 0.04089, train_acc: 0.98749
Epoch 45 | val_loss: 0.35796, val_acc: 0.90040, train_loss: 0.03203, train_acc: 0.99038
[slurm61982156_gr030_gpu0_0] Sync pending: 332 items
Epoch 46 | val_loss: 0.36288, val_acc: 0.89980, train_loss: 0.02938, train_acc: 0.99131
Epoch 47 | val_loss: 0.36191, val_acc: 0.90320, train_loss: 0.02530, train_acc: 0.99302
[slurm61982156_gr030_gpu0_0] Sync pending: 332 items
Epoch 48 | val_loss: 0.36015, val_acc: 0.90420, train_loss: 0.02428, train_acc: 0.99320
Epoch 49 | val_loss: 0.36075, val_acc: 0.90280, train_loss: 0.02341, train_acc: 0.99391
[slurm61982156_gr030_gpu0_0] Job 56c9b59c-9d5d-49db-b4c2-1ec30d8e5d9b completed successfully
[slurm61982156_gr030_gpu0_0] Claimed job ef9c8fc0-8d31-4c30-993f-ea77b5f40c39 (priority=195)
[slurm61982156_gr030_gpu0_0] Executing job ef9c8fc0-8d31-4c30-993f-ea77b5f40c39 with _target_=dr_exp.trainers.decon_trainer.train_classification
Epoch 0 | val_loss: 2.31795, val_acc: 0.11719
`Trainer.fit` stopped: `max_epochs=50` reached.
GPU available: True (cuda), used: True
TPU available: False, using: 0 TPU cores
HPU available: False, using: 0 HPUs
LOCAL_RANK: 0 - CUDA_VISIBLE_DEVICES: [0]

  | Name      | Type             | Params | Mode 
-------------------------------------------------------
0 | model     | CifarResNet18    | 11.2 M | train
1 | criterion | CrossEntropyLoss | 0      | train
-------------------------------------------------------
11.2 M    Trainable params
0         Non-trainable params
11.2 M    Total params
44.696    Total estimated model params size (MB)
70        Modules in train mode
0         Modules in eval mode
SLURM auto-requeueing enabled. Setting signal handlers.
[slurm61982156_gr030_gpu0_0] Sync pending: 336 items
Epoch 0 | val_loss: 2.31729, val_acc: 0.10140
[slurm61982156_gr030_gpu0_0] Sync pending: 344 items
Epoch 1 | val_loss: 1.69681, val_acc: 0.37580, train_loss: 2.31664, train_acc: 0.10007
Epoch 2 | val_loss: 1.65570, val_acc: 0.41900, train_loss: 2.20622, train_acc: 0.19862
[slurm61982156_gr030_gpu0_0] Sync pending: 344 items
Epoch 3 | val_loss: 1.45056, val_acc: 0.54520, train_loss: 2.15615, train_acc: 0.23051
Epoch 4 | val_loss: 1.30558, val_acc: 0.62660, train_loss: 2.06926, train_acc: 0.28904
[slurm61982156_gr030_gpu0_0] Sync pending: 344 items
Epoch 5 | val_loss: 1.10586, val_acc: 0.67800, train_loss: 1.99892, train_acc: 0.33358
[slurm61982156_gr030_gpu0_0] Sync pending: 344 items
Epoch 6 | val_loss: 1.07609, val_acc: 0.69460, train_loss: 1.94491, train_acc: 0.37131
Epoch 7 | val_loss: 1.08002, val_acc: 0.67200, train_loss: 1.88962, train_acc: 0.41107
[slurm61982156_gr030_gpu0_0] Sync pending: 352 items
Epoch 8 | val_loss: 0.98598, val_acc: 0.73420, train_loss: 1.85923, train_acc: 0.40569
Epoch 9 | val_loss: 0.98374, val_acc: 0.72520, train_loss: 1.84612, train_acc: 0.42567
[slurm61982156_gr030_gpu0_0] Sync pending: 356 items
Epoch 10 | val_loss: 0.99020, val_acc: 0.73880, train_loss: 1.81793, train_acc: 0.43140
[slurm61982156_gr030_gpu0_0] Sync pending: 356 items
Epoch 11 | val_loss: 0.90855, val_acc: 0.78020, train_loss: 1.79583, train_acc: 0.45129
Epoch 12 | val_loss: 0.97789, val_acc: 0.75520, train_loss: 1.77389, train_acc: 0.45631
[slurm61982156_gr030_gpu0_0] Sync pending: 356 items
Epoch 13 | val_loss: 0.94568, val_acc: 0.73460, train_loss: 1.74921, train_acc: 0.44689
Epoch 14 | val_loss: 0.84410, val_acc: 0.78940, train_loss: 1.76683, train_acc: 0.46024
[slurm61982156_gr030_gpu0_0] Sync pending: 356 items
Epoch 15 | val_loss: 0.85532, val_acc: 0.80360, train_loss: 1.75236, train_acc: 0.45064
[slurm61982156_gr030_gpu0_0] Sync pending: 360 items
Epoch 16 | val_loss: 0.93216, val_acc: 0.78500, train_loss: 1.73355, train_acc: 0.46336
Epoch 17 | val_loss: 0.79446, val_acc: 0.80700, train_loss: 1.72675, train_acc: 0.50556
[slurm61982156_gr030_gpu0_0] Sync pending: 360 items
Epoch 18 | val_loss: 0.88704, val_acc: 0.77360, train_loss: 1.70387, train_acc: 0.49840
Epoch 19 | val_loss: 0.88393, val_acc: 0.79020, train_loss: 1.72063, train_acc: 0.47298
[slurm61982156_gr030_gpu0_0] Sync pending: 360 items
Epoch 20 | val_loss: 0.77301, val_acc: 0.83280, train_loss: 1.70077, train_acc: 0.49731
[slurm61982156_gr030_gpu0_0] Sync pending: 364 items
Epoch 21 | val_loss: 0.77018, val_acc: 0.83160, train_loss: 1.68069, train_acc: 0.51356
Epoch 22 | val_loss: 0.75820, val_acc: 0.84020, train_loss: 1.67584, train_acc: 0.49713
[slurm61982156_gr030_gpu0_0] Sync pending: 364 items
Epoch 23 | val_loss: 0.76398, val_acc: 0.83480, train_loss: 1.66852, train_acc: 0.49089
Epoch 24 | val_loss: 0.73878, val_acc: 0.85780, train_loss: 1.67899, train_acc: 0.50118
[slurm61982156_gr030_gpu0_0] Sync pending: 364 items
Epoch 25 | val_loss: 0.78127, val_acc: 0.85300, train_loss: 1.65344, train_acc: 0.51858
[slurm61982156_gr030_gpu0_0] Sync pending: 364 items
Epoch 26 | val_loss: 0.67332, val_acc: 0.87300, train_loss: 1.66473, train_acc: 0.51353
Epoch 27 | val_loss: 0.77082, val_acc: 0.85780, train_loss: 1.64030, train_acc: 0.51876
[slurm61982156_gr030_gpu0_0] Sync pending: 364 items
Epoch 28 | val_loss: 0.71752, val_acc: 0.84960, train_loss: 1.64828, train_acc: 0.52971
Epoch 29 | val_loss: 0.68170, val_acc: 0.87420, train_loss: 1.61158, train_acc: 0.51400
[slurm61982156_gr030_gpu0_0] Sync pending: 364 items
Epoch 30 | val_loss: 0.69757, val_acc: 0.85400, train_loss: 1.63384, train_acc: 0.52258
[slurm61982156_gr030_gpu0_0] Sync pending: 364 items
Epoch 31 | val_loss: 0.67598, val_acc: 0.87440, train_loss: 1.62224, train_acc: 0.54331
Epoch 32 | val_loss: 0.60958, val_acc: 0.87440, train_loss: 1.62285, train_acc: 0.53884
[slurm61982156_gr030_gpu0_0] Sync pending: 368 items
Epoch 33 | val_loss: 0.67672, val_acc: 0.88040, train_loss: 1.61807, train_acc: 0.53320
Epoch 34 | val_loss: 0.63974, val_acc: 0.89400, train_loss: 1.62517, train_acc: 0.54104
[slurm61982156_gr030_gpu0_0] Sync pending: 368 items
Epoch 35 | val_loss: 0.65761, val_acc: 0.88480, train_loss: 1.58125, train_acc: 0.55216
[slurm61982156_gr030_gpu0_0] Sync pending: 372 items
Epoch 36 | val_loss: 0.70172, val_acc: 0.88460, train_loss: 1.58606, train_acc: 0.53960
Epoch 37 | val_loss: 0.64131, val_acc: 0.90080, train_loss: 1.58803, train_acc: 0.56324
[slurm61982156_gr030_gpu0_0] Sync pending: 380 items
Epoch 38 | val_loss: 0.64275, val_acc: 0.90020, train_loss: 1.56207, train_acc: 0.53993
Epoch 39 | val_loss: 0.61012, val_acc: 0.90620, train_loss: 1.56935, train_acc: 0.53951
[slurm61982156_gr030_gpu0_0] Sync pending: 388 items
Epoch 40 | val_loss: 0.60944, val_acc: 0.90960, train_loss: 1.57555, train_acc: 0.54442
[slurm61982156_gr030_gpu0_0] Sync pending: 388 items
Epoch 41 | val_loss: 0.59042, val_acc: 0.90800, train_loss: 1.54426, train_acc: 0.57638
Epoch 42 | val_loss: 0.64133, val_acc: 0.91180, train_loss: 1.54138, train_acc: 0.55624
[slurm61982156_gr030_gpu0_0] Sync pending: 392 items
Epoch 43 | val_loss: 0.62022, val_acc: 0.91640, train_loss: 1.55109, train_acc: 0.57080
Epoch 44 | val_loss: 0.55676, val_acc: 0.92120, train_loss: 1.55812, train_acc: 0.53356
[slurm61982156_gr030_gpu0_0] Sync pending: 392 items
Epoch 45 | val_loss: 0.62439, val_acc: 0.91960, train_loss: 1.49994, train_acc: 0.57616
Epoch 46 | val_loss: 0.60164, val_acc: 0.92240, train_loss: 1.53349, train_acc: 0.59771
[slurm61982156_gr030_gpu0_0] Sync pending: 392 items
Epoch 47 | val_loss: 0.55176, val_acc: 0.92360, train_loss: 1.51472, train_acc: 0.58100
[slurm61982156_gr030_gpu0_0] Sync pending: 392 items
Epoch 48 | val_loss: 0.64072, val_acc: 0.92160, train_loss: 1.52185, train_acc: 0.57651
Epoch 49 | val_loss: 0.55941, val_acc: 0.92260, train_loss: 1.52137, train_acc: 0.58807
[slurm61982156_gr030_gpu0_0] Job ef9c8fc0-8d31-4c30-993f-ea77b5f40c39 completed successfully
[slurm61982156_gr030_gpu0_0] Claimed job 8d047e19-fe97-43fa-803b-afea072ba290 (priority=185)
[slurm61982156_gr030_gpu0_0] Executing job 8d047e19-fe97-43fa-803b-afea072ba290 with _target_=dr_exp.trainers.decon_trainer.train_classification
Epoch 0 | val_loss: 2.31656, val_acc: 0.07422
`Trainer.fit` stopped: `max_epochs=50` reached.
GPU available: True (cuda), used: True
TPU available: False, using: 0 TPU cores
HPU available: False, using: 0 HPUs
LOCAL_RANK: 0 - CUDA_VISIBLE_DEVICES: [0]

  | Name      | Type             | Params | Mode 
-------------------------------------------------------
0 | model     | CifarResNet18    | 11.2 M | train
1 | criterion | CrossEntropyLoss | 0      | train
-------------------------------------------------------
11.2 M    Trainable params
0         Non-trainable params
11.2 M    Total params
44.696    Total estimated model params size (MB)
70        Modules in train mode
0         Modules in eval mode
SLURM auto-requeueing enabled. Setting signal handlers.
[slurm61982156_gr030_gpu0_0] Sync pending: 396 items
Epoch 0 | val_loss: 2.32199, val_acc: 0.11100
Epoch 1 | val_loss: 1.68287, val_acc: 0.41520, train_loss: 2.32351, train_acc: 0.09880
[slurm61982156_gr030_gpu0_0] Sync pending: 400 items
Epoch 2 | val_loss: 1.54288, val_acc: 0.47440, train_loss: 2.17167, train_acc: 0.22138
[slurm61982156_gr030_gpu0_0] Sync pending: 404 items
Epoch 3 | val_loss: 1.36323, val_acc: 0.52540, train_loss: 2.06667, train_acc: 0.29047
Epoch 4 | val_loss: 1.34409, val_acc: 0.56680, train_loss: 1.98101, train_acc: 0.34307
[slurm61982156_gr030_gpu0_0] Sync pending: 404 items
Epoch 5 | val_loss: 1.22507, val_acc: 0.64000, train_loss: 1.91050, train_acc: 0.38087
Epoch 6 | val_loss: 1.01581, val_acc: 0.71640, train_loss: 1.85351, train_acc: 0.41669
[slurm61982156_gr030_gpu0_0] Sync pending: 404 items
Epoch 7 | val_loss: 1.03271, val_acc: 0.70840, train_loss: 1.80681, train_acc: 0.44671
Epoch 8 | val_loss: 1.00681, val_acc: 0.72140, train_loss: 1.76957, train_acc: 0.46244
[slurm61982156_gr030_gpu0_0] Sync pending: 412 items
Epoch 9 | val_loss: 0.90303, val_acc: 0.77020, train_loss: 1.73850, train_acc: 0.47291
Epoch 10 | val_loss: 0.92801, val_acc: 0.74880, train_loss: 1.71768, train_acc: 0.47589
[slurm61982156_gr030_gpu0_0] Sync pending: 416 items
Epoch 11 | val_loss: 0.92339, val_acc: 0.75540, train_loss: 1.69336, train_acc: 0.49476
Epoch 12 | val_loss: 0.92501, val_acc: 0.78180, train_loss: 1.69572, train_acc: 0.51018
[slurm61982156_gr030_gpu0_0] Sync pending: 416 items
Epoch 13 | val_loss: 0.92444, val_acc: 0.75120, train_loss: 1.68706, train_acc: 0.51871
Epoch 14 | val_loss: 0.84398, val_acc: 0.81140, train_loss: 1.64833, train_acc: 0.49344
[slurm61982156_gr030_gpu0_0] Sync pending: 416 items
Epoch 15 | val_loss: 0.83414, val_acc: 0.80960, train_loss: 1.64849, train_acc: 0.53727
[slurm61982156_gr030_gpu0_0] Sync pending: 420 items
Epoch 16 | val_loss: 0.83798, val_acc: 0.81520, train_loss: 1.64175, train_acc: 0.52284
Epoch 17 | val_loss: 0.80724, val_acc: 0.82360, train_loss: 1.62172, train_acc: 0.53442
[slurm61982156_gr030_gpu0_0] Sync pending: 420 items
Epoch 18 | val_loss: 0.73306, val_acc: 0.84200, train_loss: 1.63251, train_acc: 0.53247
Epoch 19 | val_loss: 0.81685, val_acc: 0.83520, train_loss: 1.62231, train_acc: 0.52213
[slurm61982156_gr030_gpu0_0] Sync pending: 420 items
Epoch 20 | val_loss: 0.69882, val_acc: 0.85580, train_loss: 1.62528, train_acc: 0.52382
Epoch 21 | val_loss: 0.74816, val_acc: 0.83780, train_loss: 1.61082, train_acc: 0.52093
[slurm61982156_gr030_gpu0_0] Sync pending: 420 items
Epoch 22 | val_loss: 0.75899, val_acc: 0.83200, train_loss: 1.60550, train_acc: 0.55847
Epoch 23 | val_loss: 0.73636, val_acc: 0.86360, train_loss: 1.62421, train_acc: 0.51464
[slurm61982156_gr030_gpu0_0] Sync pending: 420 items
Epoch 24 | val_loss: 0.73575, val_acc: 0.82420, train_loss: 1.59555, train_acc: 0.54138
Epoch 25 | val_loss: 0.74495, val_acc: 0.84420, train_loss: 1.59291, train_acc: 0.54247
[slurm61982156_gr030_gpu0_0] Sync pending: 420 items
Epoch 26 | val_loss: 0.66242, val_acc: 0.85460, train_loss: 1.56664, train_acc: 0.53913
Epoch 27 | val_loss: 0.64636, val_acc: 0.88240, train_loss: 1.55914, train_acc: 0.57598
[slurm61982156_gr030_gpu0_0] Sync pending: 424 items
Epoch 28 | val_loss: 0.67204, val_acc: 0.88120, train_loss: 1.56841, train_acc: 0.55840
Epoch 29 | val_loss: 0.71571, val_acc: 0.88560, train_loss: 1.55508, train_acc: 0.56498
[slurm61982156_gr030_gpu0_0] Sync pending: 428 items
Epoch 30 | val_loss: 0.70273, val_acc: 0.85560, train_loss: 1.56064, train_acc: 0.57947
Epoch 31 | val_loss: 0.65403, val_acc: 0.89300, train_loss: 1.54012, train_acc: 0.56918
[slurm61982156_gr030_gpu0_0] Sync pending: 432 items
Epoch 32 | val_loss: 0.68776, val_acc: 0.88900, train_loss: 1.54857, train_acc: 0.56282
[slurm61982156_gr030_gpu0_0] Sync pending: 436 items
Epoch 33 | val_loss: 0.62497, val_acc: 0.89460, train_loss: 1.52769, train_acc: 0.58584
Epoch 34 | val_loss: 0.64884, val_acc: 0.90240, train_loss: 1.51672, train_acc: 0.57200
[slurm61982156_gr030_gpu0_0] Sync pending: 436 items
Epoch 35 | val_loss: 0.66547, val_acc: 0.90380, train_loss: 1.54826, train_acc: 0.60047
Epoch 36 | val_loss: 0.60965, val_acc: 0.88580, train_loss: 1.49443, train_acc: 0.59444
[slurm61982156_gr030_gpu0_0] Sync pending: 436 items
Epoch 37 | val_loss: 0.60371, val_acc: 0.90380, train_loss: 1.49268, train_acc: 0.59471
Epoch 38 | val_loss: 0.58532, val_acc: 0.91780, train_loss: 1.49928, train_acc: 0.61196
[slurm61982156_gr030_gpu0_0] Sync pending: 440 items
Epoch 39 | val_loss: 0.57838, val_acc: 0.91780, train_loss: 1.49948, train_acc: 0.59611
Epoch 40 | val_loss: 0.59844, val_acc: 0.92160, train_loss: 1.47567, train_acc: 0.60040
[slurm61982156_gr030_gpu0_0] Sync pending: 440 items
Epoch 41 | val_loss: 0.59646, val_acc: 0.92760, train_loss: 1.46030, train_acc: 0.63596
Epoch 42 | val_loss: 0.53243, val_acc: 0.92960, train_loss: 1.44408, train_acc: 0.61760
[slurm61982156_gr030_gpu0_0] Sync pending: 452 items
Epoch 43 | val_loss: 0.61554, val_acc: 0.93080, train_loss: 1.47114, train_acc: 0.58602
Epoch 44 | val_loss: 0.52783, val_acc: 0.93340, train_loss: 1.45643, train_acc: 0.61902
[slurm61982156_gr030_gpu0_0] Sync pending: 456 items
Epoch 45 | val_loss: 0.56227, val_acc: 0.93280, train_loss: 1.45851, train_acc: 0.61493
Epoch 46 | val_loss: 0.52994, val_acc: 0.93180, train_loss: 1.43964, train_acc: 0.59369
[slurm61982156_gr030_gpu0_0] Sync pending: 456 items
Epoch 47 | val_loss: 0.52793, val_acc: 0.93540, train_loss: 1.45399, train_acc: 0.61864
[slurm61982156_gr030_gpu0_0] Sync pending: 456 items
Epoch 48 | val_loss: 0.54957, val_acc: 0.93680, train_loss: 1.42654, train_acc: 0.61016
Epoch 49 | val_loss: 0.55162, val_acc: 0.93620, train_loss: 1.44423, train_acc: 0.62727
[slurm61982156_gr030_gpu0_0] Job 8d047e19-fe97-43fa-803b-afea072ba290 completed successfully
[slurm61982156_gr030_gpu0_0] Claimed job e0bd3b12-179b-464e-8658-d2110712d5ff (priority=170)
[slurm61982156_gr030_gpu0_0] Executing job e0bd3b12-179b-464e-8658-d2110712d5ff with _target_=dr_exp.trainers.decon_trainer.train_classification
Epoch 0 | val_loss: 2.35102, val_acc: 0.08594
`Trainer.fit` stopped: `max_epochs=50` reached.
GPU available: True (cuda), used: True
TPU available: False, using: 0 TPU cores
HPU available: False, using: 0 HPUs
LOCAL_RANK: 0 - CUDA_VISIBLE_DEVICES: [0]

  | Name      | Type             | Params | Mode 
-------------------------------------------------------
0 | model     | CifarResNet18    | 11.2 M | train
1 | criterion | CrossEntropyLoss | 0      | train
-------------------------------------------------------
11.2 M    Trainable params
0         Non-trainable params
11.2 M    Total params
44.696    Total estimated model params size (MB)
70        Modules in train mode
0         Modules in eval mode
SLURM auto-requeueing enabled. Setting signal handlers.
[slurm61982156_gr030_gpu0_0] Sync pending: 460 items
Epoch 0 | val_loss: 2.34229, val_acc: 0.10480
Epoch 1 | val_loss: 2.04999, val_acc: 0.23640, train_loss: 2.35170, train_acc: 0.09907
[slurm61982156_gr030_gpu0_0] Sync pending: 464 items
Epoch 2 | val_loss: 1.85058, val_acc: 0.36780, train_loss: 2.26838, train_acc: 0.14247
[slurm61982156_gr030_gpu0_0] Sync pending: 468 items
Epoch 3 | val_loss: 1.71017, val_acc: 0.40300, train_loss: 2.19036, train_acc: 0.19640
Epoch 4 | val_loss: 1.60961, val_acc: 0.44560, train_loss: 2.14141, train_acc: 0.22524
[slurm61982156_gr030_gpu0_0] Sync pending: 472 items
Epoch 5 | val_loss: 1.52886, val_acc: 0.48000, train_loss: 2.10647, train_acc: 0.25396
Epoch 6 | val_loss: 1.39712, val_acc: 0.54160, train_loss: 2.08296, train_acc: 0.27180
[slurm61982156_gr030_gpu0_0] Sync pending: 472 items
Epoch 7 | val_loss: 1.38945, val_acc: 0.53760, train_loss: 2.04107, train_acc: 0.30136
[slurm61982156_gr030_gpu0_0] Sync pending: 476 items
Epoch 8 | val_loss: 1.31727, val_acc: 0.58060, train_loss: 2.02512, train_acc: 0.31247
Epoch 9 | val_loss: 1.20236, val_acc: 0.63920, train_loss: 1.98778, train_acc: 0.33689
[slurm61982156_gr030_gpu0_0] Sync pending: 476 items
Epoch 10 | val_loss: 1.22365, val_acc: 0.59920, train_loss: 1.96224, train_acc: 0.34629
Epoch 11 | val_loss: 1.18848, val_acc: 0.63700, train_loss: 1.92599, train_acc: 0.36678
[slurm61982156_gr030_gpu0_0] Sync pending: 480 items
Epoch 12 | val_loss: 1.11717, val_acc: 0.65680, train_loss: 1.90844, train_acc: 0.38469
[slurm61982156_gr030_gpu0_0] Sync pending: 480 items
Epoch 13 | val_loss: 1.11575, val_acc: 0.66460, train_loss: 1.90687, train_acc: 0.38213
Epoch 14 | val_loss: 1.09843, val_acc: 0.67180, train_loss: 1.89194, train_acc: 0.39118
[slurm61982156_gr030_gpu0_0] Sync pending: 480 items
Epoch 15 | val_loss: 1.03369, val_acc: 0.68740, train_loss: 1.87991, train_acc: 0.40620
Epoch 16 | val_loss: 0.98266, val_acc: 0.72880, train_loss: 1.85828, train_acc: 0.42167
[slurm61982156_gr030_gpu0_0] Sync pending: 480 items
Epoch 17 | val_loss: 0.93925, val_acc: 0.73740, train_loss: 1.84032, train_acc: 0.41389
[slurm61982156_gr030_gpu0_0] Sync pending: 484 items
Epoch 18 | val_loss: 0.99359, val_acc: 0.72600, train_loss: 1.84240, train_acc: 0.44549
Epoch 19 | val_loss: 0.96002, val_acc: 0.74180, train_loss: 1.84842, train_acc: 0.42593
[slurm61982156_gr030_gpu0_0] Sync pending: 484 items
Epoch 20 | val_loss: 0.94077, val_acc: 0.74180, train_loss: 1.81518, train_acc: 0.42387
Epoch 21 | val_loss: 0.91792, val_acc: 0.75140, train_loss: 1.82085, train_acc: 0.43284
[slurm61982156_gr030_gpu0_0] Sync pending: 484 items
Epoch 22 | val_loss: 0.92800, val_acc: 0.75500, train_loss: 1.80314, train_acc: 0.45538
[slurm61982156_gr030_gpu0_0] Sync pending: 484 items
Epoch 23 | val_loss: 0.91499, val_acc: 0.74000, train_loss: 1.79509, train_acc: 0.43956
Epoch 24 | val_loss: 0.88184, val_acc: 0.75960, train_loss: 1.80957, train_acc: 0.42224
[slurm61982156_gr030_gpu0_0] Sync pending: 488 items
Epoch 25 | val_loss: 0.92322, val_acc: 0.75380, train_loss: 1.79030, train_acc: 0.43769
Epoch 26 | val_loss: 0.90500, val_acc: 0.77220, train_loss: 1.78827, train_acc: 0.44247
[slurm61982156_gr030_gpu0_0] Sync pending: 488 items
Epoch 27 | val_loss: 0.86406, val_acc: 0.76800, train_loss: 1.78009, train_acc: 0.44000
[slurm61982156_gr030_gpu0_0] Sync pending: 488 items
Epoch 28 | val_loss: 0.88372, val_acc: 0.78420, train_loss: 1.75771, train_acc: 0.45429
Epoch 29 | val_loss: 0.85595, val_acc: 0.77720, train_loss: 1.77875, train_acc: 0.46082
[slurm61982156_gr030_gpu0_0] Sync pending: 492 items
Epoch 30 | val_loss: 0.87740, val_acc: 0.77840, train_loss: 1.75151, train_acc: 0.46393
Epoch 31 | val_loss: 0.83750, val_acc: 0.78440, train_loss: 1.76612, train_acc: 0.44678
[slurm61982156_gr030_gpu0_0] Sync pending: 492 items
Epoch 32 | val_loss: 0.82465, val_acc: 0.78840, train_loss: 1.76927, train_acc: 0.44969
[slurm61982156_gr030_gpu0_0] Sync pending: 500 items
Epoch 33 | val_loss: 0.83971, val_acc: 0.79120, train_loss: 1.76631, train_acc: 0.47322
Epoch 34 | val_loss: 0.85985, val_acc: 0.78820, train_loss: 1.74057, train_acc: 0.46276
[slurm61982156_gr030_gpu0_0] Sync pending: 508 items
Epoch 35 | val_loss: 0.82205, val_acc: 0.79960, train_loss: 1.73338, train_acc: 0.48711
Epoch 36 | val_loss: 0.85709, val_acc: 0.79900, train_loss: 1.74235, train_acc: 0.48584
[slurm61982156_gr030_gpu0_0] Sync pending: 508 items
Epoch 37 | val_loss: 0.85666, val_acc: 0.79660, train_loss: 1.72232, train_acc: 0.47340
[slurm61982156_gr030_gpu0_0] Sync pending: 520 items
Epoch 38 | val_loss: 0.81405, val_acc: 0.79960, train_loss: 1.74432, train_acc: 0.47882
Epoch 39 | val_loss: 0.81310, val_acc: 0.79840, train_loss: 1.72714, train_acc: 0.46467
[slurm61982156_gr030_gpu0_0] Sync pending: 524 items
Epoch 40 | val_loss: 0.84005, val_acc: 0.80320, train_loss: 1.71403, train_acc: 0.47713
Epoch 41 | val_loss: 0.82804, val_acc: 0.80400, train_loss: 1.75180, train_acc: 0.46687
[slurm61982156_gr030_gpu0_0] Sync pending: 524 items
Epoch 42 | val_loss: 0.80254, val_acc: 0.80580, train_loss: 1.72671, train_acc: 0.47422
[slurm61982156_gr030_gpu0_0] Sync pending: 524 items
Epoch 43 | val_loss: 0.82780, val_acc: 0.80740, train_loss: 1.72891, train_acc: 0.49271
Epoch 44 | val_loss: 0.81567, val_acc: 0.80700, train_loss: 1.75089, train_acc: 0.46042
[slurm61982156_gr030_gpu0_0] Sync pending: 528 items
Epoch 45 | val_loss: 0.81460, val_acc: 0.80680, train_loss: 1.73433, train_acc: 0.47893
Epoch 46 | val_loss: 0.81325, val_acc: 0.80820, train_loss: 1.73248, train_acc: 0.48771
[slurm61982156_gr030_gpu0_0] Sync pending: 528 items
Epoch 47 | val_loss: 0.82081, val_acc: 0.80500, train_loss: 1.73685, train_acc: 0.49251
[slurm61982156_gr030_gpu0_0] Sync pending: 532 items
Epoch 48 | val_loss: 0.82883, val_acc: 0.80320, train_loss: 1.74082, train_acc: 0.46540
Epoch 49 | val_loss: 0.81649, val_acc: 0.80900, train_loss: 1.72163, train_acc: 0.48444
[slurm61982156_gr030_gpu0_0] Job e0bd3b12-179b-464e-8658-d2110712d5ff completed successfully
[slurm61982156_gr030_gpu0_0] Claimed job 2a988258-1540-466c-8c7b-bf5d77dd938d (priority=145)
[slurm61982156_gr030_gpu0_0] Executing job 2a988258-1540-466c-8c7b-bf5d77dd938d with _target_=dr_exp.trainers.decon_trainer.train_classification
Epoch 0 | val_loss: 2.30537, val_acc: 0.06250
`Trainer.fit` stopped: `max_epochs=50` reached.
GPU available: True (cuda), used: True
TPU available: False, using: 0 TPU cores
HPU available: False, using: 0 HPUs
LOCAL_RANK: 0 - CUDA_VISIBLE_DEVICES: [0]

  | Name      | Type             | Params | Mode 
-------------------------------------------------------
0 | model     | CifarAlexNet     | 2.4 M  | train
1 | criterion | CrossEntropyLoss | 0      | train
-------------------------------------------------------
2.4 M     Trainable params
0         Non-trainable params
2.4 M     Total params
9.768     Total estimated model params size (MB)
24        Modules in train mode
0         Modules in eval mode
SLURM auto-requeueing enabled. Setting signal handlers.
[slurm61982156_gr030_gpu0_0] Sync pending: 536 items
Epoch 0 | val_loss: 1.44976, val_acc: 0.47480
Epoch 1 | val_loss: 1.14622, val_acc: 0.60700, train_loss: 1.96214, train_acc: 0.32693
[slurm61982156_gr030_gpu0_0] Sync pending: 540 items
Epoch 2 | val_loss: 1.00786, val_acc: 0.65200, train_loss: 1.52039, train_acc: 0.53213
Epoch 3 | val_loss: 0.87140, val_acc: 0.71860, train_loss: 1.28586, train_acc: 0.65251
[slurm61982156_gr030_gpu0_0] Sync pending: 540 items
Epoch 4 | val_loss: 0.79689, val_acc: 0.74220, train_loss: 1.14386, train_acc: 0.72111
[slurm61982156_gr030_gpu0_0] Sync pending: 544 items
Epoch 5 | val_loss: 0.75402, val_acc: 0.75820, train_loss: 1.06079, train_acc: 0.75824
Epoch 6 | val_loss: 0.65173, val_acc: 0.79500, train_loss: 1.00287, train_acc: 0.78451
[slurm61982156_gr030_gpu0_0] Sync pending: 548 items
Epoch 7 | val_loss: 0.73530, val_acc: 0.75600, train_loss: 0.96327, train_acc: 0.79984
Epoch 8 | val_loss: 0.55760, val_acc: 0.83580, train_loss: 0.92355, train_acc: 0.81736
[slurm61982156_gr030_gpu0_0] Sync pending: 548 items
Epoch 9 | val_loss: 0.58976, val_acc: 0.81980, train_loss: 0.89315, train_acc: 0.83071
Epoch 10 | val_loss: 0.60567, val_acc: 0.81120, train_loss: 0.87297, train_acc: 0.83998
[slurm61982156_gr030_gpu0_0] Sync pending: 548 items
Epoch 11 | val_loss: 0.53202, val_acc: 0.84000, train_loss: 0.85164, train_acc: 0.84856
Epoch 12 | val_loss: 0.56577, val_acc: 0.82500, train_loss: 0.83731, train_acc: 0.85529
[slurm61982156_gr030_gpu0_0] Sync pending: 548 items
Epoch 13 | val_loss: 0.54574, val_acc: 0.82700, train_loss: 0.81990, train_acc: 0.86324
Epoch 14 | val_loss: 0.50527, val_acc: 0.84780, train_loss: 0.80942, train_acc: 0.86664
[slurm61982156_gr030_gpu0_0] Sync pending: 552 items
Epoch 15 | val_loss: 0.54263, val_acc: 0.82720, train_loss: 0.79776, train_acc: 0.87304
Epoch 16 | val_loss: 0.48921, val_acc: 0.85480, train_loss: 0.79104, train_acc: 0.87576
[slurm61982156_gr030_gpu0_0] Sync pending: 556 items
Epoch 17 | val_loss: 0.62975, val_acc: 0.80780, train_loss: 0.78508, train_acc: 0.87711
Epoch 18 | val_loss: 0.50491, val_acc: 0.85160, train_loss: 0.77869, train_acc: 0.88071
[slurm61982156_gr030_gpu0_0] Sync pending: 556 items
Epoch 19 | val_loss: 0.58094, val_acc: 0.82760, train_loss: 0.77457, train_acc: 0.88229
[slurm61982156_gr030_gpu0_0] Sync pending: 556 items
Epoch 20 | val_loss: 0.47101, val_acc: 0.86020, train_loss: 0.76559, train_acc: 0.88458
Epoch 21 | val_loss: 0.49544, val_acc: 0.84940, train_loss: 0.76082, train_acc: 0.88800
[slurm61982156_gr030_gpu0_0] Sync pending: 560 items
Epoch 22 | val_loss: 0.48336, val_acc: 0.85680, train_loss: 0.75583, train_acc: 0.89111
Epoch 23 | val_loss: 0.60544, val_acc: 0.81620, train_loss: 0.75223, train_acc: 0.89216
[slurm61982156_gr030_gpu0_0] Sync pending: 560 items
Epoch 24 | val_loss: 0.46656, val_acc: 0.86260, train_loss: 0.75016, train_acc: 0.89282
Epoch 25 | val_loss: 0.49032, val_acc: 0.85660, train_loss: 0.74725, train_acc: 0.89413
[slurm61982156_gr030_gpu0_0] Sync pending: 560 items
Epoch 26 | val_loss: 0.46880, val_acc: 0.86440, train_loss: 0.74039, train_acc: 0.89813
Epoch 27 | val_loss: 0.56108, val_acc: 0.83160, train_loss: 0.73974, train_acc: 0.89696
[slurm61982156_gr030_gpu0_0] Sync pending: 564 items
Epoch 28 | val_loss: 0.49543, val_acc: 0.85060, train_loss: 0.73658, train_acc: 0.89860
Epoch 29 | val_loss: 0.49317, val_acc: 0.85640, train_loss: 0.72992, train_acc: 0.90247
[slurm61982156_gr030_gpu0_0] Sync pending: 568 items
Epoch 30 | val_loss: 0.30982, val_acc: 0.92120, train_loss: 0.73275, train_acc: 0.89887
Epoch 31 | val_loss: 0.29318, val_acc: 0.92600, train_loss: 0.63656, train_acc: 0.94558
[slurm61982156_gr030_gpu0_0] Sync pending: 572 items
Epoch 32 | val_loss: 0.29209, val_acc: 0.92720, train_loss: 0.60603, train_acc: 0.95871
Epoch 33 | val_loss: 0.28904, val_acc: 0.93020, train_loss: 0.59266, train_acc: 0.96513
[slurm61982156_gr030_gpu0_0] Sync pending: 576 items
Epoch 34 | val_loss: 0.28396, val_acc: 0.93200, train_loss: 0.58476, train_acc: 0.96764
Epoch 35 | val_loss: 0.28046, val_acc: 0.93420, train_loss: 0.57865, train_acc: 0.97033
[slurm61982156_gr030_gpu0_0] Sync pending: 588 items
Epoch 36 | val_loss: 0.28537, val_acc: 0.93140, train_loss: 0.57191, train_acc: 0.97302
[slurm61982156_gr030_gpu0_0] Sync pending: 596 items
Epoch 37 | val_loss: 0.27946, val_acc: 0.93320, train_loss: 0.56780, train_acc: 0.97544
Epoch 38 | val_loss: 0.27516, val_acc: 0.93280, train_loss: 0.56177, train_acc: 0.97793
[slurm61982156_gr030_gpu0_0] Sync pending: 596 items
Epoch 39 | val_loss: 0.29455, val_acc: 0.93000, train_loss: 0.56037, train_acc: 0.97824
Epoch 40 | val_loss: 0.28562, val_acc: 0.93120, train_loss: 0.55827, train_acc: 0.97938
[slurm61982156_gr030_gpu0_0] Sync pending: 596 items
Epoch 41 | val_loss: 0.28689, val_acc: 0.92920, train_loss: 0.55517, train_acc: 0.97996
Epoch 42 | val_loss: 0.28121, val_acc: 0.93280, train_loss: 0.55082, train_acc: 0.98198
[slurm61982156_gr030_gpu0_0] Sync pending: 596 items
Epoch 43 | val_loss: 0.28160, val_acc: 0.93600, train_loss: 0.54900, train_acc: 0.98298
Epoch 44 | val_loss: 0.28276, val_acc: 0.93280, train_loss: 0.54423, train_acc: 0.98471
[slurm61982156_gr030_gpu0_0] Sync pending: 600 items
Epoch 45 | val_loss: 0.27637, val_acc: 0.93380, train_loss: 0.54443, train_acc: 0.98540
Epoch 46 | val_loss: 0.29077, val_acc: 0.93200, train_loss: 0.53978, train_acc: 0.98680
[slurm61982156_gr030_gpu0_0] Sync pending: 600 items
Epoch 47 | val_loss: 0.28715, val_acc: 0.93040, train_loss: 0.53997, train_acc: 0.98607
Epoch 48 | val_loss: 0.28586, val_acc: 0.93480, train_loss: 0.53772, train_acc: 0.98753
[slurm61982156_gr030_gpu0_0] Sync pending: 604 items
Epoch 49 | val_loss: 0.29340, val_acc: 0.92960, train_loss: 0.53791, train_acc: 0.98738
[slurm61982156_gr030_gpu0_0] Job 2a988258-1540-466c-8c7b-bf5d77dd938d completed successfully
[slurm61982156_gr030_gpu0_0] Claimed job 3d88e831-38b1-4fa8-852f-c074c53ecc3c (priority=115)
[slurm61982156_gr030_gpu0_0] Executing job 3d88e831-38b1-4fa8-852f-c074c53ecc3c with _target_=dr_exp.trainers.decon_trainer.train_classification
Epoch 0 | val_loss: 2.33459, val_acc: 0.10547
`Trainer.fit` stopped: `max_epochs=50` reached.
