2025-06-11 20:04:56,111 - dr_exp.worker.launcher - INFO - Starting launcher on node gr069
2025-06-11 20:04:56,111 - dr_exp.worker.launcher - INFO - Found 1 GPUs: [0]
2025-06-11 20:04:56,112 - dr_exp.worker.launcher - INFO - Spawning worker slurm61972867_gr069_gpu0_0 on GPU 0
2025-06-11 20:04:56,164 - dr_exp.worker.launcher - INFO - Running maintenance
2025-06-11 20:04:56,170 - dr_exp.worker.launcher - INFO - Workers alive: 1
2025-06-11 20:04:56,176 - dr_exp.worker.launcher - INFO - Jobs queued: 61
2025-06-11 20:04:56,176 - dr_exp.worker.launcher - INFO - Runtime: 0.0 hours
2025-06-11 20:14:56,455 - dr_exp.worker.launcher - INFO - Running maintenance
2025-06-11 20:14:56,461 - dr_exp.worker.launcher - INFO - Workers alive: 1
2025-06-11 20:14:56,467 - dr_exp.worker.launcher - INFO - Jobs queued: 55
2025-06-11 20:14:56,467 - dr_exp.worker.launcher - INFO - Runtime: 0.2 hours
2025-06-11 20:24:56,745 - dr_exp.worker.launcher - INFO - Running maintenance
2025-06-11 20:24:56,751 - dr_exp.worker.launcher - INFO - Workers alive: 1
2025-06-11 20:24:56,757 - dr_exp.worker.launcher - INFO - Jobs queued: 43
2025-06-11 20:24:56,757 - dr_exp.worker.launcher - INFO - Runtime: 0.3 hours
2025-06-11 20:34:57,035 - dr_exp.worker.launcher - INFO - Running maintenance
2025-06-11 20:34:57,042 - dr_exp.worker.launcher - INFO - Workers alive: 1
2025-06-11 20:34:57,047 - dr_exp.worker.launcher - INFO - Jobs queued: 34
2025-06-11 20:34:57,047 - dr_exp.worker.launcher - INFO - Runtime: 0.5 hours
2025-06-11 20:44:57,818 - dr_exp.worker.launcher - INFO - Running maintenance
2025-06-11 20:44:57,825 - dr_exp.worker.launcher - INFO - Workers alive: 1
2025-06-11 20:44:57,830 - dr_exp.worker.launcher - INFO - Jobs queued: 26
2025-06-11 20:44:57,830 - dr_exp.worker.launcher - INFO - Runtime: 0.7 hours
2025-06-11 20:54:58,111 - dr_exp.worker.launcher - INFO - Running maintenance
2025-06-11 20:54:58,117 - dr_exp.worker.launcher - INFO - Workers alive: 1
2025-06-11 20:54:58,123 - dr_exp.worker.launcher - INFO - Jobs queued: 16
2025-06-11 20:54:58,123 - dr_exp.worker.launcher - INFO - Runtime: 0.8 hours
2025-06-11 21:04:58,406 - dr_exp.worker.launcher - INFO - Running maintenance
2025-06-11 21:04:58,412 - dr_exp.worker.launcher - INFO - Workers alive: 1
2025-06-11 21:04:58,418 - dr_exp.worker.launcher - INFO - Jobs queued: 7
2025-06-11 21:04:58,418 - dr_exp.worker.launcher - INFO - Runtime: 1.0 hours
2025-06-11 21:14:58,707 - dr_exp.worker.launcher - INFO - Running maintenance
2025-06-11 21:14:58,713 - dr_exp.worker.launcher - INFO - Workers alive: 1
2025-06-11 21:14:58,719 - dr_exp.worker.launcher - INFO - Jobs queued: 2
2025-06-11 21:14:58,719 - dr_exp.worker.launcher - INFO - Runtime: 1.2 hours
2025-06-11 21:24:59,000 - dr_exp.worker.launcher - INFO - Running maintenance
2025-06-11 21:24:59,007 - dr_exp.worker.launcher - INFO - Workers alive: 1
2025-06-11 21:24:59,012 - dr_exp.worker.launcher - INFO - Jobs queued: 0
2025-06-11 21:24:59,012 - dr_exp.worker.launcher - INFO - Runtime: 1.3 hours
2025-06-11 21:34:59,280 - dr_exp.worker.launcher - INFO - Running maintenance
2025-06-11 21:34:59,287 - dr_exp.worker.launcher - INFO - Workers alive: 1
2025-06-11 21:34:59,293 - dr_exp.worker.launcher - INFO - Jobs queued: 0
2025-06-11 21:34:59,293 - dr_exp.worker.launcher - INFO - Runtime: 1.5 hours
2025-06-11 21:44:59,556 - dr_exp.worker.launcher - INFO - Running maintenance
2025-06-11 21:44:59,563 - dr_exp.worker.launcher - INFO - Workers alive: 1
2025-06-11 21:44:59,569 - dr_exp.worker.launcher - INFO - Jobs queued: 0
2025-06-11 21:44:59,569 - dr_exp.worker.launcher - INFO - Runtime: 1.7 hours
2025-06-11 21:54:59,834 - dr_exp.worker.launcher - INFO - Running maintenance
2025-06-11 21:54:59,841 - dr_exp.worker.launcher - INFO - Workers alive: 1
2025-06-11 21:54:59,846 - dr_exp.worker.launcher - INFO - Jobs queued: 0
2025-06-11 21:54:59,846 - dr_exp.worker.launcher - INFO - Runtime: 1.8 hours
2025-06-11 22:05:00,114 - dr_exp.worker.launcher - INFO - Running maintenance
2025-06-11 22:05:00,120 - dr_exp.worker.launcher - INFO - Workers alive: 1
2025-06-11 22:05:00,126 - dr_exp.worker.launcher - INFO - Jobs queued: 0
2025-06-11 22:05:00,126 - dr_exp.worker.launcher - INFO - Runtime: 2.0 hours
2025-06-11 22:15:00,387 - dr_exp.worker.launcher - INFO - Running maintenance
2025-06-11 22:15:00,393 - dr_exp.worker.launcher - INFO - Workers alive: 1
2025-06-11 22:15:00,399 - dr_exp.worker.launcher - INFO - Jobs queued: 0
2025-06-11 22:15:00,399 - dr_exp.worker.launcher - INFO - Runtime: 2.2 hours
2025-06-11 22:25:00,660 - dr_exp.worker.launcher - INFO - Running maintenance
2025-06-11 22:25:00,667 - dr_exp.worker.launcher - INFO - Workers alive: 1
2025-06-11 22:25:00,673 - dr_exp.worker.launcher - INFO - Jobs queued: 0
2025-06-11 22:25:00,673 - dr_exp.worker.launcher - INFO - Runtime: 2.3 hours
2025-06-11 22:35:00,936 - dr_exp.worker.launcher - INFO - Running maintenance
2025-06-11 22:35:00,942 - dr_exp.worker.launcher - INFO - Workers alive: 1
2025-06-11 22:35:00,948 - dr_exp.worker.launcher - INFO - Jobs queued: 0
2025-06-11 22:35:00,948 - dr_exp.worker.launcher - INFO - Runtime: 2.5 hours
2025-06-11 22:45:01,207 - dr_exp.worker.launcher - INFO - Running maintenance
2025-06-11 22:45:01,214 - dr_exp.worker.launcher - INFO - Workers alive: 1
2025-06-11 22:45:01,219 - dr_exp.worker.launcher - INFO - Jobs queued: 0
2025-06-11 22:45:01,219 - dr_exp.worker.launcher - INFO - Runtime: 2.7 hours
2025-06-11 22:55:01,483 - dr_exp.worker.launcher - INFO - Running maintenance
2025-06-11 22:55:01,490 - dr_exp.worker.launcher - INFO - Workers alive: 1
2025-06-11 22:55:01,496 - dr_exp.worker.launcher - INFO - Jobs queued: 0
2025-06-11 22:55:01,496 - dr_exp.worker.launcher - INFO - Runtime: 2.8 hours
2025-06-11 23:05:01,761 - dr_exp.worker.launcher - INFO - Running maintenance
2025-06-11 23:05:01,767 - dr_exp.worker.launcher - INFO - Workers alive: 1
2025-06-11 23:05:01,773 - dr_exp.worker.launcher - INFO - Jobs queued: 0
2025-06-11 23:05:01,773 - dr_exp.worker.launcher - INFO - Runtime: 3.0 hours
2025-06-11 23:15:02,037 - dr_exp.worker.launcher - INFO - Running maintenance
2025-06-11 23:15:02,044 - dr_exp.worker.launcher - INFO - Workers alive: 1
2025-06-11 23:15:02,050 - dr_exp.worker.launcher - INFO - Jobs queued: 0
2025-06-11 23:15:02,050 - dr_exp.worker.launcher - INFO - Runtime: 3.2 hours
2025-06-11 23:25:02,312 - dr_exp.worker.launcher - INFO - Running maintenance
2025-06-11 23:25:02,318 - dr_exp.worker.launcher - INFO - Workers alive: 1
2025-06-11 23:25:02,324 - dr_exp.worker.launcher - INFO - Jobs queued: 0
2025-06-11 23:25:02,324 - dr_exp.worker.launcher - INFO - Runtime: 3.3 hours
2025-06-11 23:35:02,585 - dr_exp.worker.launcher - INFO - Running maintenance
2025-06-11 23:35:02,591 - dr_exp.worker.launcher - INFO - Workers alive: 1
2025-06-11 23:35:02,597 - dr_exp.worker.launcher - INFO - Jobs queued: 0
2025-06-11 23:35:02,597 - dr_exp.worker.launcher - INFO - Runtime: 3.5 hours
2025-06-11 23:45:02,858 - dr_exp.worker.launcher - INFO - Running maintenance
2025-06-11 23:45:02,864 - dr_exp.worker.launcher - INFO - Workers alive: 1
2025-06-11 23:45:02,870 - dr_exp.worker.launcher - INFO - Jobs queued: 0
2025-06-11 23:45:02,870 - dr_exp.worker.launcher - INFO - Runtime: 3.7 hours
2025-06-11 23:55:03,131 - dr_exp.worker.launcher - INFO - Running maintenance
2025-06-11 23:55:03,137 - dr_exp.worker.launcher - INFO - Workers alive: 1
2025-06-11 23:55:03,143 - dr_exp.worker.launcher - INFO - Jobs queued: 0
2025-06-11 23:55:03,143 - dr_exp.worker.launcher - INFO - Runtime: 3.8 hours
