GPU available: True (cuda), used: True
TPU available: False, using: 0 TPU cores
HPU available: False, using: 0 HPUs
/scratch/ddr8143/repos/dr_exp/.venv/lib/python3.12/site-packages/lightning/pytorch/trainer/connectors/logger_connector/logger_connector.py:76: Starting from v1.9.0, `tensorboardX` has been removed as a dependency of the `lightning.pytorch` package, due to potential conflicts with other packages in the ML ecosystem. For this reason, `logger=True` will use `CSVLogger` as the default logger, unless the `tensorboard` or `tensorboardX` packages are found. Please `pip install lightning[extra]` or one of them to enable TensorBoard support by default
LOCAL_RANK: 0 - CUDA_VISIBLE_DEVICES: [0]

  | Name      | Type             | Params | Mode 
-------------------------------------------------------
0 | model     | CifarResNet18    | 11.2 M | train
1 | criterion | CrossEntropyLoss | 0      | train
-------------------------------------------------------
11.2 M    Trainable params
0         Non-trainable params
11.2 M    Total params
44.696    Total estimated model params size (MB)
70        Modules in train mode
0         Modules in eval mode
SLURM auto-requeueing enabled. Setting signal handlers.
[SyncHandler] Failed to initialize Supabase: Supabase URL and key must be provided or set in environment
[SyncHandler] Sync disabled - files will remain in queue
[slurm61972867_gr069_gpu0_0] Sync disabled - Supabase not available
Sync: enabled (Supabase not available - queue only)
Starting worker slurm61972867_gr069_gpu0_0
Experiment: cluster_t0 at /scratch/ddr8143/logs/dcnn_workers
------------------------------------------------------------
[slurm61972867_gr069_gpu0_0] Worker started
[slurm61972867_gr069_gpu0_0] Sync thread started
[slurm61972867_gr069_gpu0_0] Heartbeat thread started
[slurm61972867_gr069_gpu0_0] Claimed job a6fb2f0e-d21c-40a4-820f-d64f18010ef7 (priority=10)
[slurm61972867_gr069_gpu0_0] Executing job a6fb2f0e-d21c-40a4-820f-d64f18010ef7 with _target_=dr_exp.trainers.decon_trainer.train_classification
Epoch 0 | val_loss: 2.32637, val_acc: 0.07812
/scratch/ddr8143/repos/dr_exp/.venv/lib/python3.12/site-packages/torch/optim/lr_scheduler.py:198: UserWarning: The epoch parameter in `scheduler.step()` was not necessary and is being deprecated where possible. Please use `scheduler.step()` to step the scheduler. During the deprecation, if epoch is different from None, the closed form is used instead of the new chainable form, where available. Please open an issue if you are unable to replicate your use case: https://github.com/pytorch/pytorch/issues/new/choose.
  warnings.warn(EPOCH_DEPRECATION_WARNING, UserWarning)
`Trainer.fit` stopped: `max_epochs=50` reached.
GPU available: True (cuda), used: True
TPU available: False, using: 0 TPU cores
HPU available: False, using: 0 HPUs
LOCAL_RANK: 0 - CUDA_VISIBLE_DEVICES: [0]

  | Name      | Type             | Params | Mode 
-------------------------------------------------------
0 | model     | CifarResNet18    | 11.2 M | train
1 | criterion | CrossEntropyLoss | 0      | train
-------------------------------------------------------
11.2 M    Trainable params
0         Non-trainable params
11.2 M    Total params
44.696    Total estimated model params size (MB)
70        Modules in train mode
0         Modules in eval mode
SLURM auto-requeueing enabled. Setting signal handlers.
Epoch 0 | val_loss: 2.30033, val_acc: 0.09860
[slurm61972867_gr069_gpu0_0] Sync pending: 24 items
Epoch 1 | val_loss: 1.61169, val_acc: 0.45140, train_loss: 2.30760, train_acc: 0.09982
Epoch 2 | val_loss: 1.50406, val_acc: 0.51240, train_loss: 2.13359, train_acc: 0.22056
[slurm61972867_gr069_gpu0_0] Sync pending: 19 items
Epoch 3 | val_loss: 1.33721, val_acc: 0.57860, train_loss: 1.99519, train_acc: 0.29111
[slurm61972867_gr069_gpu0_0] Sync pending: 16 items
Epoch 4 | val_loss: 1.19593, val_acc: 0.62960, train_loss: 1.90500, train_acc: 0.33118
Epoch 5 | val_loss: 1.14403, val_acc: 0.69220, train_loss: 1.85500, train_acc: 0.37502
[slurm61972867_gr069_gpu0_0] Sync pending: 16 items
Epoch 6 | val_loss: 1.10759, val_acc: 0.68920, train_loss: 1.80709, train_acc: 0.34900
Epoch 7 | val_loss: 1.21290, val_acc: 0.65180, train_loss: 1.74228, train_acc: 0.38182
[slurm61972867_gr069_gpu0_0] Sync pending: 11 items
Epoch 8 | val_loss: 0.94845, val_acc: 0.75540, train_loss: 1.73174, train_acc: 0.40909
Epoch 9 | val_loss: 1.09619, val_acc: 0.68020, train_loss: 1.70662, train_acc: 0.41353
[slurm61972867_gr069_gpu0_0] Sync pending: 9 items
Epoch 10 | val_loss: 1.09839, val_acc: 0.71020, train_loss: 1.70206, train_acc: 0.41924
Epoch 11 | val_loss: 0.98811, val_acc: 0.76380, train_loss: 1.69685, train_acc: 0.40747
[slurm61972867_gr069_gpu0_0] Sync pending: 6 items
Epoch 12 | val_loss: 0.93109, val_acc: 0.76020, train_loss: 1.66620, train_acc: 0.42324
Epoch 13 | val_loss: 0.85194, val_acc: 0.79640, train_loss: 1.67222, train_acc: 0.43976
[slurm61972867_gr069_gpu0_0] Sync pending: 2 items
Epoch 14 | val_loss: 0.95558, val_acc: 0.78960, train_loss: 1.66389, train_acc: 0.45758
Epoch 15 | val_loss: 0.92526, val_acc: 0.77200, train_loss: 1.66203, train_acc: 0.46867
[slurm61972867_gr069_gpu0_0] Sync pending: 2 items
Epoch 16 | val_loss: 0.85615, val_acc: 0.80560, train_loss: 1.62332, train_acc: 0.42802
Epoch 17 | val_loss: 0.96650, val_acc: 0.77540, train_loss: 1.63610, train_acc: 0.45336
Epoch 18 | val_loss: 0.95398, val_acc: 0.78360, train_loss: 1.63784, train_acc: 0.46167
Epoch 19 | val_loss: 0.87683, val_acc: 0.79260, train_loss: 1.62233, train_acc: 0.45962
Epoch 20 | val_loss: 0.91281, val_acc: 0.78020, train_loss: 1.63197, train_acc: 0.45591
[slurm61972867_gr069_gpu0_0] Sync pending: 4 items
Epoch 21 | val_loss: 0.82934, val_acc: 0.81720, train_loss: 1.62709, train_acc: 0.46778
Epoch 22 | val_loss: 0.85196, val_acc: 0.80040, train_loss: 1.59981, train_acc: 0.45171
[slurm61972867_gr069_gpu0_0] Sync pending: 3 items
Epoch 23 | val_loss: 0.85103, val_acc: 0.81880, train_loss: 1.59688, train_acc: 0.47382
Epoch 24 | val_loss: 0.70668, val_acc: 0.85480, train_loss: 1.59355, train_acc: 0.44542
[slurm61972867_gr069_gpu0_0] Sync pending: 3 items
Epoch 25 | val_loss: 0.80886, val_acc: 0.82040, train_loss: 1.58500, train_acc: 0.44887
Epoch 26 | val_loss: 0.78847, val_acc: 0.84020, train_loss: 1.58127, train_acc: 0.44702
[slurm61972867_gr069_gpu0_0] Sync pending: 7 items
Epoch 27 | val_loss: 0.72599, val_acc: 0.85640, train_loss: 1.57903, train_acc: 0.46882
Epoch 28 | val_loss: 0.72508, val_acc: 0.85100, train_loss: 1.57263, train_acc: 0.47240
[slurm61972867_gr069_gpu0_0] Sync pending: 10 items
Epoch 29 | val_loss: 0.80023, val_acc: 0.84480, train_loss: 1.56613, train_acc: 0.44491
Epoch 30 | val_loss: 0.73774, val_acc: 0.85040, train_loss: 1.57194, train_acc: 0.48662
[slurm61972867_gr069_gpu0_0] Sync pending: 14 items
Epoch 31 | val_loss: 0.74575, val_acc: 0.86100, train_loss: 1.55287, train_acc: 0.45451
[slurm61972867_gr069_gpu0_0] Sync pending: 13 items
Epoch 32 | val_loss: 0.67798, val_acc: 0.88160, train_loss: 1.51374, train_acc: 0.49356
Epoch 33 | val_loss: 0.69401, val_acc: 0.87920, train_loss: 1.54017, train_acc: 0.47944
[slurm61972867_gr069_gpu0_0] Sync pending: 13 items
Epoch 34 | val_loss: 0.63373, val_acc: 0.89220, train_loss: 1.52747, train_acc: 0.48133
Epoch 35 | val_loss: 0.67476, val_acc: 0.87960, train_loss: 1.53468, train_acc: 0.49947
[slurm61972867_gr069_gpu0_0] Sync pending: 9 items
Epoch 36 | val_loss: 0.73642, val_acc: 0.87460, train_loss: 1.52439, train_acc: 0.50562
Epoch 37 | val_loss: 0.61979, val_acc: 0.90540, train_loss: 1.49455, train_acc: 0.51458
[slurm61972867_gr069_gpu0_0] Sync pending: 5 items
Epoch 38 | val_loss: 0.65364, val_acc: 0.90940, train_loss: 1.50003, train_acc: 0.45987
Epoch 39 | val_loss: 0.64835, val_acc: 0.91180, train_loss: 1.47685, train_acc: 0.49716
[slurm61972867_gr069_gpu0_0] Sync pending: 1 items
Epoch 40 | val_loss: 0.59124, val_acc: 0.92260, train_loss: 1.48093, train_acc: 0.49364
Epoch 41 | val_loss: 0.67669, val_acc: 0.91080, train_loss: 1.49079, train_acc: 0.49767
[slurm61972867_gr069_gpu0_0] Sync pending: 5 items
Epoch 42 | val_loss: 0.59539, val_acc: 0.91460, train_loss: 1.47042, train_acc: 0.51413
Epoch 43 | val_loss: 0.58005, val_acc: 0.92240, train_loss: 1.44833, train_acc: 0.52778
[slurm61972867_gr069_gpu0_0] Sync pending: 9 items
Epoch 44 | val_loss: 0.62517, val_acc: 0.92840, train_loss: 1.41839, train_acc: 0.51102
[slurm61972867_gr069_gpu0_0] Sync pending: 8 items
Epoch 45 | val_loss: 0.55793, val_acc: 0.92520, train_loss: 1.44718, train_acc: 0.49858
Epoch 46 | val_loss: 0.61252, val_acc: 0.92760, train_loss: 1.42341, train_acc: 0.52118
[slurm61972867_gr069_gpu0_0] Sync pending: 8 items
Epoch 47 | val_loss: 0.52247, val_acc: 0.93340, train_loss: 1.42135, train_acc: 0.54493
Epoch 48 | val_loss: 0.53477, val_acc: 0.93280, train_loss: 1.41366, train_acc: 0.54411
[slurm61972867_gr069_gpu0_0] Sync pending: 12 items
Epoch 49 | val_loss: 0.55839, val_acc: 0.93180, train_loss: 1.41010, train_acc: 0.52160
[slurm61972867_gr069_gpu0_0] Job a6fb2f0e-d21c-40a4-820f-d64f18010ef7 completed successfully
[slurm61972867_gr069_gpu0_0] Claimed job b268bc5b-1d66-424d-9cef-717ccf0530a8 (priority=10)
[slurm61972867_gr069_gpu0_0] Executing job b268bc5b-1d66-424d-9cef-717ccf0530a8 with _target_=dr_exp.trainers.decon_trainer.train_classification
Epoch 0 | val_loss: 2.36264, val_acc: 0.08203
`Trainer.fit` stopped: `max_epochs=50` reached.
GPU available: True (cuda), used: True
TPU available: False, using: 0 TPU cores
HPU available: False, using: 0 HPUs
LOCAL_RANK: 0 - CUDA_VISIBLE_DEVICES: [0]

  | Name      | Type             | Params | Mode 
-------------------------------------------------------
0 | model     | CifarResNet18    | 11.2 M | train
1 | criterion | CrossEntropyLoss | 0      | train
-------------------------------------------------------
11.2 M    Trainable params
0         Non-trainable params
11.2 M    Total params
44.696    Total estimated model params size (MB)
70        Modules in train mode
0         Modules in eval mode
SLURM auto-requeueing enabled. Setting signal handlers.
Epoch 0 | val_loss: 2.32794, val_acc: 0.09760
[slurm61972867_gr069_gpu0_0] Sync pending: 16 items
Epoch 1 | val_loss: 1.75264, val_acc: 0.38660, train_loss: 2.32647, train_acc: 0.09262
[slurm61972867_gr069_gpu0_0] Sync pending: 14 items
Epoch 2 | val_loss: 1.57116, val_acc: 0.48960, train_loss: 2.22652, train_acc: 0.18700
Epoch 3 | val_loss: 1.40503, val_acc: 0.52700, train_loss: 2.11978, train_acc: 0.24936
[slurm61972867_gr069_gpu0_0] Sync pending: 14 items
Epoch 4 | val_loss: 1.34885, val_acc: 0.56720, train_loss: 2.04348, train_acc: 0.28820
Epoch 5 | val_loss: 1.16305, val_acc: 0.64600, train_loss: 1.98136, train_acc: 0.32609
[slurm61972867_gr069_gpu0_0] Sync pending: 19 items
Epoch 6 | val_loss: 1.09204, val_acc: 0.69020, train_loss: 1.91213, train_acc: 0.38153
[slurm61972867_gr069_gpu0_0] Sync pending: 27 items
Epoch 7 | val_loss: 1.12846, val_acc: 0.67320, train_loss: 1.88803, train_acc: 0.38791
Epoch 8 | val_loss: 1.04030, val_acc: 0.70960, train_loss: 1.86614, train_acc: 0.40049
[slurm61972867_gr069_gpu0_0] Sync pending: 27 items
Epoch 9 | val_loss: 1.10966, val_acc: 0.68020, train_loss: 1.83879, train_acc: 0.41589
Epoch 10 | val_loss: 0.98837, val_acc: 0.72880, train_loss: 1.81559, train_acc: 0.43144
[slurm61972867_gr069_gpu0_0] Sync pending: 26 items
Epoch 11 | val_loss: 0.99770, val_acc: 0.72360, train_loss: 1.79406, train_acc: 0.43136
[slurm61972867_gr069_gpu0_0] Sync pending: 23 items
Epoch 12 | val_loss: 0.93505, val_acc: 0.75520, train_loss: 1.80044, train_acc: 0.44249
Epoch 13 | val_loss: 0.98160, val_acc: 0.74260, train_loss: 1.76138, train_acc: 0.45891
[slurm61972867_gr069_gpu0_0] Sync pending: 23 items
Epoch 14 | val_loss: 0.88752, val_acc: 0.78280, train_loss: 1.77773, train_acc: 0.46322
Epoch 15 | val_loss: 1.00685, val_acc: 0.74640, train_loss: 1.76694, train_acc: 0.46613
[slurm61972867_gr069_gpu0_0] Sync pending: 29 items
Epoch 16 | val_loss: 1.02457, val_acc: 0.71620, train_loss: 1.77303, train_acc: 0.47558
[slurm61972867_gr069_gpu0_0] Sync pending: 27 items
Epoch 17 | val_loss: 0.78975, val_acc: 0.80660, train_loss: 1.74561, train_acc: 0.46111
Epoch 18 | val_loss: 0.90774, val_acc: 0.77860, train_loss: 1.74449, train_acc: 0.47333
[slurm61972867_gr069_gpu0_0] Sync pending: 28 items
Epoch 19 | val_loss: 0.85655, val_acc: 0.80320, train_loss: 1.74470, train_acc: 0.47218
Epoch 20 | val_loss: 0.86837, val_acc: 0.78380, train_loss: 1.72602, train_acc: 0.47322
[slurm61972867_gr069_gpu0_0] Sync pending: 26 items
Epoch 21 | val_loss: 0.90329, val_acc: 0.76440, train_loss: 1.72463, train_acc: 0.47691
[slurm61972867_gr069_gpu0_0] Sync pending: 24 items
Epoch 22 | val_loss: 0.96367, val_acc: 0.74340, train_loss: 1.72455, train_acc: 0.49760
Epoch 23 | val_loss: 0.76583, val_acc: 0.80080, train_loss: 1.71368, train_acc: 0.45078
[slurm61972867_gr069_gpu0_0] Sync pending: 24 items
Epoch 24 | val_loss: 0.79030, val_acc: 0.80560, train_loss: 1.69845, train_acc: 0.49993
Epoch 25 | val_loss: 0.75606, val_acc: 0.81800, train_loss: 1.69767, train_acc: 0.48891
[slurm61972867_gr069_gpu0_0] Sync pending: 23 items
Epoch 26 | val_loss: 0.78020, val_acc: 0.84560, train_loss: 1.67936, train_acc: 0.49909
[slurm61972867_gr069_gpu0_0] Sync pending: 21 items
Epoch 27 | val_loss: 0.77610, val_acc: 0.84520, train_loss: 1.68192, train_acc: 0.48902
Epoch 28 | val_loss: 0.74101, val_acc: 0.84420, train_loss: 1.65996, train_acc: 0.50791
[slurm61972867_gr069_gpu0_0] Sync pending: 19 items
Epoch 29 | val_loss: 0.82970, val_acc: 0.81280, train_loss: 1.66219, train_acc: 0.51182
Epoch 30 | val_loss: 0.69158, val_acc: 0.86180, train_loss: 1.65321, train_acc: 0.50111
[slurm61972867_gr069_gpu0_0] Sync pending: 22 items
Epoch 31 | val_loss: 0.80673, val_acc: 0.83300, train_loss: 1.66968, train_acc: 0.51356
[slurm61972867_gr069_gpu0_0] Sync pending: 21 items
Epoch 32 | val_loss: 0.74592, val_acc: 0.84380, train_loss: 1.63909, train_acc: 0.50084
Epoch 33 | val_loss: 0.70815, val_acc: 0.86060, train_loss: 1.63222, train_acc: 0.53047
[slurm61972867_gr069_gpu0_0] Sync pending: 20 items
Epoch 34 | val_loss: 0.70824, val_acc: 0.86460, train_loss: 1.63308, train_acc: 0.52351
[slurm61972867_gr069_gpu0_0] Sync pending: 20 items
Epoch 35 | val_loss: 0.71854, val_acc: 0.87820, train_loss: 1.61964, train_acc: 0.55007
Epoch 36 | val_loss: 0.64356, val_acc: 0.87960, train_loss: 1.58838, train_acc: 0.53809
[slurm61972867_gr069_gpu0_0] Sync pending: 20 items
Epoch 37 | val_loss: 0.65447, val_acc: 0.88920, train_loss: 1.63826, train_acc: 0.51909
Epoch 38 | val_loss: 0.66404, val_acc: 0.89420, train_loss: 1.59321, train_acc: 0.53727
[slurm61972867_gr069_gpu0_0] Sync pending: 24 items
Epoch 39 | val_loss: 0.60506, val_acc: 0.89440, train_loss: 1.58055, train_acc: 0.55238
[slurm61972867_gr069_gpu0_0] Sync pending: 24 items
Epoch 40 | val_loss: 0.58744, val_acc: 0.90960, train_loss: 1.54450, train_acc: 0.55400
Epoch 41 | val_loss: 0.63904, val_acc: 0.90780, train_loss: 1.57977, train_acc: 0.55933
[slurm61972867_gr069_gpu0_0] Sync pending: 28 items
Epoch 42 | val_loss: 0.58187, val_acc: 0.91400, train_loss: 1.55768, train_acc: 0.57707
Epoch 43 | val_loss: 0.60238, val_acc: 0.91180, train_loss: 1.53021, train_acc: 0.57713
[slurm61972867_gr069_gpu0_0] Sync pending: 35 items
Epoch 44 | val_loss: 0.60480, val_acc: 0.91660, train_loss: 1.56310, train_acc: 0.53122
[slurm61972867_gr069_gpu0_0] Sync pending: 38 items
Epoch 45 | val_loss: 0.57899, val_acc: 0.91720, train_loss: 1.53660, train_acc: 0.55329
Epoch 46 | val_loss: 0.57929, val_acc: 0.92080, train_loss: 1.53480, train_acc: 0.58309
[slurm61972867_gr069_gpu0_0] Sync pending: 38 items
Epoch 47 | val_loss: 0.54890, val_acc: 0.92200, train_loss: 1.52417, train_acc: 0.56536
Epoch 48 | val_loss: 0.59602, val_acc: 0.92400, train_loss: 1.52889, train_acc: 0.57413
[slurm61972867_gr069_gpu0_0] Sync pending: 37 items
Epoch 49 | val_loss: 0.55177, val_acc: 0.92300, train_loss: 1.50088, train_acc: 0.59336
[slurm61972867_gr069_gpu0_0] Job b268bc5b-1d66-424d-9cef-717ccf0530a8 completed successfully
[slurm61972867_gr069_gpu0_0] Claimed job d3e9561b-e51c-4f82-8e34-939f414f4a0e (priority=10)
[slurm61972867_gr069_gpu0_0] Executing job d3e9561b-e51c-4f82-8e34-939f414f4a0e with _target_=dr_exp.trainers.decon_trainer.train_classification
Epoch 0 | val_loss: 2.32101, val_acc: 0.06641
`Trainer.fit` stopped: `max_epochs=50` reached.
GPU available: True (cuda), used: True
TPU available: False, using: 0 TPU cores
HPU available: False, using: 0 HPUs
LOCAL_RANK: 0 - CUDA_VISIBLE_DEVICES: [0]

  | Name      | Type             | Params | Mode 
-------------------------------------------------------
0 | model     | CifarResNet18    | 11.2 M | train
1 | criterion | CrossEntropyLoss | 0      | train
-------------------------------------------------------
11.2 M    Trainable params
0         Non-trainable params
11.2 M    Total params
44.696    Total estimated model params size (MB)
70        Modules in train mode
0         Modules in eval mode
SLURM auto-requeueing enabled. Setting signal handlers.
[slurm61972867_gr069_gpu0_0] Sync pending: 40 items
Epoch 0 | val_loss: 1.68972, val_acc: 0.38840
Epoch 1 | val_loss: 1.36382, val_acc: 0.51600, train_loss: 2.13743, train_acc: 0.26027
[slurm61972867_gr069_gpu0_0] Sync pending: 43 items
Epoch 2 | val_loss: 1.16529, val_acc: 0.58920, train_loss: 1.71631, train_acc: 0.43044
Epoch 3 | val_loss: 0.96664, val_acc: 0.66380, train_loss: 1.47848, train_acc: 0.55584
[slurm61972867_gr069_gpu0_0] Sync pending: 42 items
Epoch 4 | val_loss: 0.93539, val_acc: 0.69380, train_loss: 1.26749, train_acc: 0.65860
Epoch 5 | val_loss: 0.78849, val_acc: 0.74720, train_loss: 1.13708, train_acc: 0.72118
[slurm61972867_gr069_gpu0_0] Sync pending: 42 items
Epoch 6 | val_loss: 0.78881, val_acc: 0.74340, train_loss: 1.06888, train_acc: 0.75420
Epoch 7 | val_loss: 0.67516, val_acc: 0.78280, train_loss: 1.01750, train_acc: 0.77516
[slurm61972867_gr069_gpu0_0] Sync pending: 46 items
Epoch 8 | val_loss: 0.68981, val_acc: 0.78200, train_loss: 0.97907, train_acc: 0.79287
Epoch 9 | val_loss: 0.67303, val_acc: 0.78580, train_loss: 0.95620, train_acc: 0.80396
[slurm61972867_gr069_gpu0_0] Sync pending: 46 items
Epoch 10 | val_loss: 0.63522, val_acc: 0.80560, train_loss: 0.93317, train_acc: 0.81247
Epoch 11 | val_loss: 0.63091, val_acc: 0.80240, train_loss: 0.91299, train_acc: 0.82191
[slurm61972867_gr069_gpu0_0] Sync pending: 46 items
Epoch 12 | val_loss: 0.73525, val_acc: 0.76900, train_loss: 0.90016, train_acc: 0.82742
Epoch 13 | val_loss: 0.57228, val_acc: 0.81780, train_loss: 0.88237, train_acc: 0.83644
[slurm61972867_gr069_gpu0_0] Sync pending: 53 items
Epoch 14 | val_loss: 0.58390, val_acc: 0.81880, train_loss: 0.87127, train_acc: 0.84058
[slurm61972867_gr069_gpu0_0] Sync pending: 56 items
Epoch 15 | val_loss: 0.62369, val_acc: 0.80540, train_loss: 0.85937, train_acc: 0.84491
Epoch 16 | val_loss: 0.57178, val_acc: 0.82040, train_loss: 0.84448, train_acc: 0.85187
[slurm61972867_gr069_gpu0_0] Sync pending: 59 items
Epoch 17 | val_loss: 0.56554, val_acc: 0.82840, train_loss: 0.83469, train_acc: 0.85413
Epoch 18 | val_loss: 0.62017, val_acc: 0.80480, train_loss: 0.82172, train_acc: 0.86260
[slurm61972867_gr069_gpu0_0] Sync pending: 58 items
Epoch 19 | val_loss: 0.61280, val_acc: 0.81500, train_loss: 0.81142, train_acc: 0.86600
Epoch 20 | val_loss: 0.57429, val_acc: 0.82380, train_loss: 0.79873, train_acc: 0.87231
[slurm61972867_gr069_gpu0_0] Sync pending: 57 items
Epoch 21 | val_loss: 0.51438, val_acc: 0.84800, train_loss: 0.78631, train_acc: 0.87764
Epoch 22 | val_loss: 0.48685, val_acc: 0.85320, train_loss: 0.78052, train_acc: 0.88149
[slurm61972867_gr069_gpu0_0] Sync pending: 56 items
Epoch 23 | val_loss: 0.49985, val_acc: 0.85260, train_loss: 0.76574, train_acc: 0.88587
Epoch 24 | val_loss: 0.45376, val_acc: 0.86720, train_loss: 0.75433, train_acc: 0.89196
[slurm61972867_gr069_gpu0_0] Sync pending: 56 items
Epoch 25 | val_loss: 0.47679, val_acc: 0.85780, train_loss: 0.74603, train_acc: 0.89762
Epoch 26 | val_loss: 0.51412, val_acc: 0.84800, train_loss: 0.73548, train_acc: 0.90202
[slurm61972867_gr069_gpu0_0] Sync pending: 56 items
Epoch 27 | val_loss: 0.44161, val_acc: 0.87300, train_loss: 0.72245, train_acc: 0.90607
Epoch 28 | val_loss: 0.43326, val_acc: 0.87520, train_loss: 0.71172, train_acc: 0.91058
[slurm61972867_gr069_gpu0_0] Sync pending: 60 items
Epoch 29 | val_loss: 0.42829, val_acc: 0.87520, train_loss: 0.70105, train_acc: 0.91591
[slurm61972867_gr069_gpu0_0] Sync pending: 59 items
Epoch 30 | val_loss: 0.49284, val_acc: 0.85640, train_loss: 0.68883, train_acc: 0.92133
Epoch 31 | val_loss: 0.41034, val_acc: 0.88520, train_loss: 0.67214, train_acc: 0.92804
[slurm61972867_gr069_gpu0_0] Sync pending: 59 items
Epoch 32 | val_loss: 0.36756, val_acc: 0.90000, train_loss: 0.66194, train_acc: 0.93373
Epoch 33 | val_loss: 0.35317, val_acc: 0.90140, train_loss: 0.64713, train_acc: 0.93962
[slurm61972867_gr069_gpu0_0] Sync pending: 58 items
Epoch 34 | val_loss: 0.35359, val_acc: 0.90320, train_loss: 0.63712, train_acc: 0.94420
Epoch 35 | val_loss: 0.34327, val_acc: 0.90700, train_loss: 0.62543, train_acc: 0.94993
[slurm61972867_gr069_gpu0_0] Sync pending: 58 items
Epoch 36 | val_loss: 0.33776, val_acc: 0.91100, train_loss: 0.61074, train_acc: 0.95487
Epoch 37 | val_loss: 0.34130, val_acc: 0.91020, train_loss: 0.60153, train_acc: 0.96024
[slurm61972867_gr069_gpu0_0] Sync pending: 58 items
Epoch 38 | val_loss: 0.33294, val_acc: 0.91120, train_loss: 0.58401, train_acc: 0.96829
Epoch 39 | val_loss: 0.32129, val_acc: 0.91760, train_loss: 0.57535, train_acc: 0.97218
[slurm61972867_gr069_gpu0_0] Sync pending: 62 items
Epoch 40 | val_loss: 0.31768, val_acc: 0.92040, train_loss: 0.56710, train_acc: 0.97531
Epoch 41 | val_loss: 0.30485, val_acc: 0.92440, train_loss: 0.55472, train_acc: 0.98056
[slurm61972867_gr069_gpu0_0] Sync pending: 70 items
Epoch 42 | val_loss: 0.29713, val_acc: 0.92920, train_loss: 0.54570, train_acc: 0.98420
Epoch 43 | val_loss: 0.29511, val_acc: 0.92980, train_loss: 0.54065, train_acc: 0.98602
[slurm61972867_gr069_gpu0_0] Sync pending: 74 items
Epoch 44 | val_loss: 0.28997, val_acc: 0.93180, train_loss: 0.53400, train_acc: 0.98967
Epoch 45 | val_loss: 0.28846, val_acc: 0.93000, train_loss: 0.52887, train_acc: 0.99147
[slurm61972867_gr069_gpu0_0] Sync pending: 74 items
Epoch 46 | val_loss: 0.29011, val_acc: 0.92960, train_loss: 0.52631, train_acc: 0.99262
[slurm61972867_gr069_gpu0_0] Sync pending: 78 items
Epoch 47 | val_loss: 0.28947, val_acc: 0.93160, train_loss: 0.52501, train_acc: 0.99289
Epoch 48 | val_loss: 0.28801, val_acc: 0.93320, train_loss: 0.52377, train_acc: 0.99344
[slurm61972867_gr069_gpu0_0] Sync pending: 78 items
Epoch 49 | val_loss: 0.28861, val_acc: 0.93280, train_loss: 0.52187, train_acc: 0.99456
[slurm61972867_gr069_gpu0_0] Job d3e9561b-e51c-4f82-8e34-939f414f4a0e completed successfully
[slurm61972867_gr069_gpu0_0] Claimed job 7c40a788-10a5-417e-805d-f0fe3b1cdded (priority=10)
[slurm61972867_gr069_gpu0_0] Executing job 7c40a788-10a5-417e-805d-f0fe3b1cdded with _target_=dr_exp.trainers.decon_trainer.train_classification
Epoch 0 | val_loss: 2.35101, val_acc: 0.08984
`Trainer.fit` stopped: `max_epochs=50` reached.
GPU available: True (cuda), used: True
TPU available: False, using: 0 TPU cores
HPU available: False, using: 0 HPUs
LOCAL_RANK: 0 - CUDA_VISIBLE_DEVICES: [0]

  | Name      | Type             | Params | Mode 
-------------------------------------------------------
0 | model     | CifarResNet18    | 11.2 M | train
1 | criterion | CrossEntropyLoss | 0      | train
-------------------------------------------------------
11.2 M    Trainable params
0         Non-trainable params
11.2 M    Total params
44.657    Total estimated model params size (MB)
70        Modules in train mode
0         Modules in eval mode
SLURM auto-requeueing enabled. Setting signal handlers.
Epoch 0 | val_loss: 2.32725, val_acc: 0.09560
[slurm61972867_gr069_gpu0_0] Sync pending: 82 items
Epoch 1 | val_loss: 2.16632, val_acc: 0.24000, train_loss: 2.32612, train_acc: 0.10229
[slurm61972867_gr069_gpu0_0] Sync pending: 86 items
Epoch 2 | val_loss: 1.97953, val_acc: 0.29440, train_loss: 2.28550, train_acc: 0.12560
Epoch 3 | val_loss: 1.84283, val_acc: 0.35440, train_loss: 2.23438, train_acc: 0.16847
[slurm61972867_gr069_gpu0_0] Sync pending: 86 items
Epoch 4 | val_loss: 1.71957, val_acc: 0.41640, train_loss: 2.17957, train_acc: 0.20256
Epoch 5 | val_loss: 1.61122, val_acc: 0.45060, train_loss: 2.14472, train_acc: 0.22811
[slurm61972867_gr069_gpu0_0] Sync pending: 86 items
Epoch 6 | val_loss: 1.60229, val_acc: 0.45820, train_loss: 2.11746, train_acc: 0.24102
[slurm61972867_gr069_gpu0_0] Sync pending: 86 items
Epoch 7 | val_loss: 1.55685, val_acc: 0.49500, train_loss: 2.09394, train_acc: 0.26178
Epoch 8 | val_loss: 1.46133, val_acc: 0.51720, train_loss: 2.07269, train_acc: 0.26538
[slurm61972867_gr069_gpu0_0] Sync pending: 86 items
Epoch 9 | val_loss: 1.42132, val_acc: 0.52120, train_loss: 2.04021, train_acc: 0.29222
Epoch 10 | val_loss: 1.42501, val_acc: 0.53320, train_loss: 2.02861, train_acc: 0.29416
[slurm61972867_gr069_gpu0_0] Sync pending: 90 items
Epoch 11 | val_loss: 1.26388, val_acc: 0.58020, train_loss: 2.00646, train_acc: 0.32533
[slurm61972867_gr069_gpu0_0] Sync pending: 94 items
Epoch 12 | val_loss: 1.27792, val_acc: 0.59060, train_loss: 1.97731, train_acc: 0.33364
Epoch 13 | val_loss: 1.25992, val_acc: 0.59860, train_loss: 1.97477, train_acc: 0.34647
[slurm61972867_gr069_gpu0_0] Sync pending: 94 items
Epoch 14 | val_loss: 1.20809, val_acc: 0.63260, train_loss: 1.94369, train_acc: 0.35438
Epoch 15 | val_loss: 1.13699, val_acc: 0.65640, train_loss: 1.95265, train_acc: 0.35338
[slurm61972867_gr069_gpu0_0] Sync pending: 94 items
Epoch 16 | val_loss: 1.11883, val_acc: 0.66420, train_loss: 1.90895, train_acc: 0.35053
[slurm61972867_gr069_gpu0_0] Sync pending: 94 items
Epoch 17 | val_loss: 1.14189, val_acc: 0.66180, train_loss: 1.91198, train_acc: 0.36849
Epoch 18 | val_loss: 1.09802, val_acc: 0.67280, train_loss: 1.90568, train_acc: 0.36782
[slurm61972867_gr069_gpu0_0] Sync pending: 98 items
Epoch 19 | val_loss: 1.07064, val_acc: 0.67400, train_loss: 1.90609, train_acc: 0.39653
Epoch 20 | val_loss: 1.06288, val_acc: 0.70160, train_loss: 1.88679, train_acc: 0.40360
[slurm61972867_gr069_gpu0_0] Sync pending: 98 items
Epoch 21 | val_loss: 1.08265, val_acc: 0.68420, train_loss: 1.88493, train_acc: 0.39664
[slurm61972867_gr069_gpu0_0] Sync pending: 106 items
Epoch 22 | val_loss: 0.98709, val_acc: 0.72760, train_loss: 1.86311, train_acc: 0.39840
Epoch 23 | val_loss: 0.99616, val_acc: 0.71400, train_loss: 1.85652, train_acc: 0.41244
[slurm61972867_gr069_gpu0_0] Sync pending: 106 items
Epoch 24 | val_loss: 1.00850, val_acc: 0.71060, train_loss: 1.85297, train_acc: 0.40602
Epoch 25 | val_loss: 1.00680, val_acc: 0.71200, train_loss: 1.82600, train_acc: 0.42258
[slurm61972867_gr069_gpu0_0] Sync pending: 106 items
Epoch 26 | val_loss: 0.98168, val_acc: 0.73260, train_loss: 1.84066, train_acc: 0.42711
[slurm61972867_gr069_gpu0_0] Sync pending: 106 items
Epoch 27 | val_loss: 0.97937, val_acc: 0.73180, train_loss: 1.84401, train_acc: 0.40789
Epoch 28 | val_loss: 0.97561, val_acc: 0.72840, train_loss: 1.83516, train_acc: 0.39918
[slurm61972867_gr069_gpu0_0] Sync pending: 106 items
Epoch 29 | val_loss: 0.92962, val_acc: 0.74260, train_loss: 1.82722, train_acc: 0.43029
Epoch 30 | val_loss: 0.94460, val_acc: 0.74440, train_loss: 1.81814, train_acc: 0.43296
[slurm61972867_gr069_gpu0_0] Sync pending: 110 items
Epoch 31 | val_loss: 0.93620, val_acc: 0.74320, train_loss: 1.81712, train_acc: 0.44244
[slurm61972867_gr069_gpu0_0] Sync pending: 110 items
Epoch 32 | val_loss: 0.93122, val_acc: 0.74680, train_loss: 1.82228, train_acc: 0.42971
Epoch 33 | val_loss: 0.96536, val_acc: 0.73820, train_loss: 1.78873, train_acc: 0.43462
[slurm61972867_gr069_gpu0_0] Sync pending: 114 items
Epoch 34 | val_loss: 0.92527, val_acc: 0.75100, train_loss: 1.81482, train_acc: 0.43187
Epoch 35 | val_loss: 0.93115, val_acc: 0.74300, train_loss: 1.79964, train_acc: 0.44393
[slurm61972867_gr069_gpu0_0] Sync pending: 118 items
Epoch 36 | val_loss: 0.91867, val_acc: 0.76120, train_loss: 1.79589, train_acc: 0.42800
[slurm61972867_gr069_gpu0_0] Sync pending: 118 items
Epoch 37 | val_loss: 0.91616, val_acc: 0.76020, train_loss: 1.80134, train_acc: 0.42729
Epoch 38 | val_loss: 0.91183, val_acc: 0.75420, train_loss: 1.79704, train_acc: 0.44107
[slurm61972867_gr069_gpu0_0] Sync pending: 118 items
Epoch 39 | val_loss: 0.90248, val_acc: 0.76880, train_loss: 1.79403, train_acc: 0.43753
[slurm61972867_gr069_gpu0_0] Sync pending: 118 items
Epoch 40 | val_loss: 0.89892, val_acc: 0.76260, train_loss: 1.79888, train_acc: 0.45264
Epoch 41 | val_loss: 0.89248, val_acc: 0.76480, train_loss: 1.78921, train_acc: 0.44713
[slurm61972867_gr069_gpu0_0] Sync pending: 118 items
Epoch 42 | val_loss: 0.89503, val_acc: 0.76640, train_loss: 1.80087, train_acc: 0.44260
Epoch 43 | val_loss: 0.89475, val_acc: 0.76840, train_loss: 1.78996, train_acc: 0.43344
[slurm61972867_gr069_gpu0_0] Sync pending: 118 items
Epoch 44 | val_loss: 0.90255, val_acc: 0.76540, train_loss: 1.78262, train_acc: 0.43262
[slurm61972867_gr069_gpu0_0] Sync pending: 118 items
Epoch 45 | val_loss: 0.90284, val_acc: 0.76560, train_loss: 1.80021, train_acc: 0.45113
Epoch 46 | val_loss: 0.89372, val_acc: 0.77100, train_loss: 1.79211, train_acc: 0.44047
[slurm61972867_gr069_gpu0_0] Sync pending: 122 items
Epoch 47 | val_loss: 0.88958, val_acc: 0.76900, train_loss: 1.77222, train_acc: 0.45422
Epoch 48 | val_loss: 0.88564, val_acc: 0.76920, train_loss: 1.77243, train_acc: 0.45698
[slurm61972867_gr069_gpu0_0] Sync pending: 126 items
Epoch 49 | val_loss: 0.89084, val_acc: 0.77020, train_loss: 1.78371, train_acc: 0.43442
[slurm61972867_gr069_gpu0_0] Job 7c40a788-10a5-417e-805d-f0fe3b1cdded completed successfully
[slurm61972867_gr069_gpu0_0] Claimed job de88d110-3594-45d1-9ceb-bc9396e4ecf6 (priority=10)
[slurm61972867_gr069_gpu0_0] Executing job de88d110-3594-45d1-9ceb-bc9396e4ecf6 with _target_=dr_exp.trainers.decon_trainer.train_classification
Epoch 0 | val_loss: 2.30258, val_acc: 0.11719
`Trainer.fit` stopped: `max_epochs=50` reached.
