GPU available: True (cuda), used: True
TPU available: False, using: 0 TPU cores
HPU available: False, using: 0 HPUs
/scratch/ddr8143/repos/dr_exp/.venv/lib/python3.12/site-packages/lightning/pytorch/trainer/connectors/logger_connector/logger_connector.py:76: Starting from v1.9.0, `tensorboardX` has been removed as a dependency of the `lightning.pytorch` package, due to potential conflicts with other packages in the ML ecosystem. For this reason, `logger=True` will use `CSVLogger` as the default logger, unless the `tensorboard` or `tensorboardX` packages are found. Please `pip install lightning[extra]` or one of them to enable TensorBoard support by default
LOCAL_RANK: 0 - CUDA_VISIBLE_DEVICES: [0]

  | Name      | Type             | Params | Mode 
-------------------------------------------------------
0 | model     | CifarResNet18    | 11.2 M | train
1 | criterion | CrossEntropyLoss | 0      | train
-------------------------------------------------------
11.2 M    Trainable params
0         Non-trainable params
11.2 M    Total params
44.696    Total estimated model params size (MB)
70        Modules in train mode
0         Modules in eval mode
SLURM auto-requeueing enabled. Setting signal handlers.
[SyncHandler] Failed to initialize Supabase: Supabase URL and key must be provided or set in environment
[SyncHandler] Sync disabled - files will remain in queue
[slurm61982230_gr041_gpu0_0] Sync disabled - Supabase not available
Sync: enabled (Supabase not available - queue only)
Starting worker slurm61982230_gr041_gpu0_0
Experiment: cluster_t0 at /scratch/ddr8143/logs/dcnn_workers
------------------------------------------------------------
[slurm61982230_gr041_gpu0_0] Worker started
[slurm61982230_gr041_gpu0_0] Sync thread started
[slurm61982230_gr041_gpu0_0] Heartbeat thread started
[slurm61982230_gr041_gpu0_0] Claimed job 38181b03-4cef-4e5a-9723-cdae47b98f6c (priority=250)
[slurm61982230_gr041_gpu0_0] Executing job 38181b03-4cef-4e5a-9723-cdae47b98f6c with _target_=dr_exp.trainers.decon_trainer.train_classification
[slurm61982230_gr041_gpu0_0] Sync pending: 222 items
Epoch 0 | val_loss: 2.37270, val_acc: 0.07031
GPU available: True (cuda), used: True
TPU available: False, using: 0 TPU cores
HPU available: False, using: 0 HPUs
LOCAL_RANK: 0 - CUDA_VISIBLE_DEVICES: [0]

  | Name      | Type             | Params | Mode 
-------------------------------------------------------
0 | model     | CifarResNet18    | 11.2 M | train
1 | criterion | CrossEntropyLoss | 0      | train
-------------------------------------------------------
11.2 M    Trainable params
0         Non-trainable params
11.2 M    Total params
44.696    Total estimated model params size (MB)
70        Modules in train mode
0         Modules in eval mode
SLURM auto-requeueing enabled. Setting signal handlers.
Epoch 0 | val_loss: 2.32330, val_acc: 0.10000
[slurm61982230_gr041_gpu0_0] Job 38181b03-4cef-4e5a-9723-cdae47b98f6c failed: InstantiationException: Error in call to target 'dr_exp.trainers.decon_trainer.train_classification':
ValueError("dict contains fields not in fieldnames: 'train_loss', 'train_acc'")
Traceback:
Traceback (most recent call last):
  File "/scratch/ddr8143/repos/dr_exp/.venv/lib/python3.12/site-packages/hydra/_internal/instantiate/_instantiate2.py", line 92, in _call_target
    return _target_(*args, **kwargs)
           ^^^^^^^^^^^^^^^^^^^^^^^^^
  File "/scratch/ddr8143/repos/dr_exp/src/dr_exp/trainers/decon_trainer.py", line 59, in train_classification
    trainer.fit(model, data_module)
  File "/scratch/ddr8143/repos/dr_exp/.venv/lib/python3.12/site-packages/lightning/pytorch/trainer/trainer.py", line 561, in fit
    call._call_and_handle_interrupt(
  File "/scratch/ddr8143/repos/dr_exp/.venv/lib/python3.12/site-packages/lightning/pytorch/trainer/call.py", line 48, in _call_and_handle_interrupt
    return trainer_fn(*args, **kwargs)
           ^^^^^^^^^^^^^^^^^^^^^^^^^^^
  File "/scratch/ddr8143/repos/dr_exp/.venv/lib/python3.12/site-packages/lightning/pytorch/trainer/trainer.py", line 599, in _fit_impl
    self._run(model, ckpt_path=ckpt_path)
  File "/scratch/ddr8143/repos/dr_exp/.venv/lib/python3.12/site-packages/lightning/pytorch/trainer/trainer.py", line 1012, in _run
    results = self._run_stage()
              ^^^^^^^^^^^^^^^^^
  File "/scratch/ddr8143/repos/dr_exp/.venv/lib/python3.12/site-packages/lightning/pytorch/trainer/trainer.py", line 1056, in _run_stage
    self.fit_loop.run()
  File "/scratch/ddr8143/repos/dr_exp/.venv/lib/python3.12/site-packages/lightning/pytorch/loops/fit_loop.py", line 216, in run
    self.advance()
  File "/scratch/ddr8143/repos/dr_exp/.venv/lib/python3.12/site-packages/lightning/pytorch/loops/fit_loop.py", line 455, in advance
    self.epoch_loop.run(self._data_fetcher)
  File "/scratch/ddr8143/repos/dr_exp/.venv/lib/python3.12/site-packages/lightning/pytorch/loops/training_epoch_loop.py", line 151, in run
    self.on_advance_end(data_fetcher)
  File "/scratch/ddr8143/repos/dr_exp/.venv/lib/python3.12/site-packages/lightning/pytorch/loops/training_epoch_loop.py", line 370, in on_advance_end
    self.val_loop.run()
  File "/scratch/ddr8143/repos/dr_exp/.venv/lib/python3.12/site-packages/lightning/pytorch/loops/utilities.py", line 179, in _decorator
    return loop_run(self, *args, **kwargs)
           ^^^^^^^^^^^^^^^^^^^^^^^^^^^^^^^
  File "/scratch/ddr8143/repos/dr_exp/.venv/lib/python3.12/site-packages/lightning/pytorch/loops/evaluation_loop.py", line 152, in run
    return self.on_run_end()
           ^^^^^^^^^^^^^^^^^
  File "/scratch/ddr8143/repos/dr_exp/.venv/lib/python3.12/site-packages/lightning/pytorch/loops/evaluation_loop.py", line 306, in on_run_end
    self.trainer._logger_connector.log_eval_end_metrics(all_logged_outputs)
  File "/scratch/ddr8143/repos/dr_exp/.venv/lib/python3.12/site-packages/lightning/pytorch/trainer/connectors/logger_connector/logger_connector.py", line 151, in log_eval_end_metrics
    self.log_metrics(metrics)
  File "/scratch/ddr8143/repos/dr_exp/.venv/lib/python3.12/site-packages/lightning/pytorch/trainer/connectors/logger_connector/logger_connector.py", line 119, in log_metrics
    logger.save()
  File "/scratch/ddr8143/repos/dr_exp/.venv/lib/python3.12/site-packages/lightning_utilities/core/rank_zero.py", line 41, in wrapped_fn
    return fn(*args, **kwargs)
           ^^^^^^^^^^^^^^^^^^^
  File "/scratch/ddr8143/repos/dr_exp/.venv/lib/python3.12/site-packages/lightning/fabric/loggers/csv_logs.py", line 160, in save
    self.experiment.save()
  File "/scratch/ddr8143/repos/dr_exp/.venv/lib/python3.12/site-packages/lightning/fabric/loggers/csv_logs.py", line 238, in save
    self._rewrite_with_new_header(self.metrics_keys)
  File "/scratch/ddr8143/repos/dr_exp/.venv/lib/python3.12/site-packages/lightning/fabric/loggers/csv_logs.py", line 264, in _rewrite_with_new_header
    writer.writerows(metrics)
  File "/home/ddr8143/.local/share/uv/python/cpython-3.12.5-linux-x86_64-gnu/lib/python3.12/csv.py", line 167, in writerows
    return self.writer.writerows(map(self._dict_to_list, rowdicts))
           ^^^^^^^^^^^^^^^^^^^^^^^^^^^^^^^^^^^^^^^^^^^^^^^^^^^^^^^^
  File "/home/ddr8143/.local/share/uv/python/cpython-3.12.5-linux-x86_64-gnu/lib/python3.12/csv.py", line 159, in _dict_to_list
    raise ValueError("dict contains fields not in fieldnames: "
ValueError: dict contains fields not in fieldnames: 'train_loss', 'train_acc'

The above exception was the direct cause of the following exception:

Traceback (most recent call last):
  File "/scratch/ddr8143/repos/dr_exp/src/dr_exp/worker/base.py", line 312, in execute_job
    result = hydra.utils.call(config)
             ^^^^^^^^^^^^^^^^^^^^^^^^
  File "/scratch/ddr8143/repos/dr_exp/.venv/lib/python3.12/site-packages/hydra/_internal/instantiate/_instantiate2.py", line 226, in instantiate
    return instantiate_node(
           ^^^^^^^^^^^^^^^^^
  File "/scratch/ddr8143/repos/dr_exp/.venv/lib/python3.12/site-packages/hydra/_internal/instantiate/_instantiate2.py", line 347, in instantiate_node
    return _call_target(_target_, partial, args, kwargs, full_key)
           ^^^^^^^^^^^^^^^^^^^^^^^^^^^^^^^^^^^^^^^^^^^^^^^^^^^^^^^
  File "/scratch/ddr8143/repos/dr_exp/.venv/lib/python3.12/site-packages/hydra/_internal/instantiate/_instantiate2.py", line 97, in _call_target
    raise InstantiationException(msg) from e
hydra.errors.InstantiationException: Error in call to target 'dr_exp.trainers.decon_trainer.train_classification':
ValueError("dict contains fields not in fieldnames: 'train_loss', 'train_acc'")

[slurm61982230_gr041_gpu0_0] Job 38181b03-4cef-4e5a-9723-cdae47b98f6c failed
[slurm61982230_gr041_gpu0_0] Claimed job 0feddb5e-b0f0-47f3-b5a3-86ae537c4b6d (priority=240)
[slurm61982230_gr041_gpu0_0] Executing job 0feddb5e-b0f0-47f3-b5a3-86ae537c4b6d with _target_=dr_exp.trainers.decon_trainer.train_classification
[slurm61982230_gr041_gpu0_0] Sync pending: 223 items
Epoch 0 | val_loss: 2.36867, val_acc: 0.12109
Exception ignored in: <function _MultiProcessingDataLoaderIter.__del__ at 0x14da57ddb4c0>
Traceback (most recent call last):
  File "/scratch/ddr8143/repos/dr_exp/.venv/lib/python3.12/site-packages/torch/utils/data/dataloader.py", line 1663, in __del__
Exception ignored in: <function _MultiProcessingDataLoaderIter.__del__ at 0x14da57ddb4c0>
Traceback (most recent call last):
  File "/scratch/ddr8143/repos/dr_exp/.venv/lib/python3.12/site-packages/torch/utils/data/dataloader.py", line 1663, in __del__
    self._shutdown_workers()
  File "/scratch/ddr8143/repos/dr_exp/.venv/lib/python3.12/site-packages/torch/utils/data/dataloader.py", line 1646, in _shutdown_workers
    self._shutdown_workers()
  File "/scratch/ddr8143/repos/dr_exp/.venv/lib/python3.12/site-packages/torch/utils/data/dataloader.py", line 1646, in _shutdown_workers
Exception ignored in: <function _MultiProcessingDataLoaderIter.__del__ at 0x14da57ddb4c0>
Traceback (most recent call last):
  File "/scratch/ddr8143/repos/dr_exp/.venv/lib/python3.12/site-packages/torch/utils/data/dataloader.py", line 1663, in __del__
    if w.is_alive():
       ^^^^^^^^^^^^
  File "/home/ddr8143/.local/share/uv/python/cpython-3.12.5-linux-x86_64-gnu/lib/python3.12/multiprocessing/process.py", line 160, in is_alive
    if w.is_alive():
       ^^^^^^^^^^^^
  File "/home/ddr8143/.local/share/uv/python/cpython-3.12.5-linux-x86_64-gnu/lib/python3.12/multiprocessing/process.py", line 160, in is_alive
    assert self._parent_pid == os.getpid(), 'can only test a child process'
           ^^^^^^^^^^^^^^^^^^^^^^^^^^^^^^^
AssertionError: can only test a child process
    assert self._parent_pid == os.getpid(), 'can only test a child process'
    self._shutdown_workers()
           ^^^^^^^^^^^^^^^^^^^^^^^^^^^^^^^
AssertionError: can only test a child process
  File "/scratch/ddr8143/repos/dr_exp/.venv/lib/python3.12/site-packages/torch/utils/data/dataloader.py", line 1646, in _shutdown_workers
    if w.is_alive():
       ^^^^^^^^^^^^
  File "/home/ddr8143/.local/share/uv/python/cpython-3.12.5-linux-x86_64-gnu/lib/python3.12/multiprocessing/process.py", line 160, in is_alive
    assert self._parent_pid == os.getpid(), 'can only test a child process'
           ^^^^^^^^^^^^^^^^^^^^^^^^^^^^^^^
AssertionError: can only test a child process
Exception ignored in: <function _MultiProcessingDataLoaderIter.__del__ at 0x14da57ddb4c0>
Traceback (most recent call last):
  File "/scratch/ddr8143/repos/dr_exp/.venv/lib/python3.12/site-packages/torch/utils/data/dataloader.py", line 1663, in __del__
    self._shutdown_workers()
  File "/scratch/ddr8143/repos/dr_exp/.venv/lib/python3.12/site-packages/torch/utils/data/dataloader.py", line 1646, in _shutdown_workers
    if w.is_alive():
       ^^^^^^^^^^^^
  File "/home/ddr8143/.local/share/uv/python/cpython-3.12.5-linux-x86_64-gnu/lib/python3.12/multiprocessing/process.py", line 160, in is_alive
    assert self._parent_pid == os.getpid(), 'can only test a child process'
           ^^^^^^^^^^^^^^^^^^^^^^^^^^^^^^^
AssertionError: can only test a child process
/scratch/ddr8143/repos/dr_exp/.venv/lib/python3.12/site-packages/torch/optim/lr_scheduler.py:198: UserWarning: The epoch parameter in `scheduler.step()` was not necessary and is being deprecated where possible. Please use `scheduler.step()` to step the scheduler. During the deprecation, if epoch is different from None, the closed form is used instead of the new chainable form, where available. Please open an issue if you are unable to replicate your use case: https://github.com/pytorch/pytorch/issues/new/choose.
  warnings.warn(EPOCH_DEPRECATION_WARNING, UserWarning)
Exception ignored in: <function _MultiProcessingDataLoaderIter.__del__ at 0x14da57ddb4c0>
Traceback (most recent call last):
  File "/scratch/ddr8143/repos/dr_exp/.venv/lib/python3.12/site-packages/torch/utils/data/dataloader.py", line 1663, in __del__
    self._shutdown_workers()
  File "/scratch/ddr8143/repos/dr_exp/.venv/lib/python3.12/site-packages/torch/utils/data/dataloader.py", line 1646, in _shutdown_workers
    if w.is_alive():
       ^^^^^^^^^^^^
  File "/home/ddr8143/.local/share/uv/python/cpython-3.12.5-linux-x86_64-gnu/lib/python3.12/multiprocessing/process.py", line 160, in is_alive
    assert self._parent_pid == os.getpid(), 'can only test a child process'
           ^^^^^^^^^^^^^^^^^^^^^^^^^^^^^^^
AssertionError: can only test a child process
Exception ignored in: <function _MultiProcessingDataLoaderIter.__del__ at 0x14da57ddb4c0>
Traceback (most recent call last):
  File "/scratch/ddr8143/repos/dr_exp/.venv/lib/python3.12/site-packages/torch/utils/data/dataloader.py", line 1663, in __del__
    self._shutdown_workers()
  File "/scratch/ddr8143/repos/dr_exp/.venv/lib/python3.12/site-packages/torch/utils/data/dataloader.py", line 1646, in _shutdown_workers
    if w.is_alive():
       ^^^^^^^^^^^^
  File "/home/ddr8143/.local/share/uv/python/cpython-3.12.5-linux-x86_64-gnu/lib/python3.12/multiprocessing/process.py", line 160, in is_alive
    assert self._parent_pid == os.getpid(), 'can only test a child process'
           ^^^^^^^^^^^^^^^^^^^^^^^^^^^^^^^
AssertionError: can only test a child process
Exception ignored in: <function _MultiProcessingDataLoaderIter.__del__ at 0x14da57ddb4c0>
Traceback (most recent call last):
  File "/scratch/ddr8143/repos/dr_exp/.venv/lib/python3.12/site-packages/torch/utils/data/dataloader.py", line 1663, in __del__
    self._shutdown_workers()
  File "/scratch/ddr8143/repos/dr_exp/.venv/lib/python3.12/site-packages/torch/utils/data/dataloader.py", line 1646, in _shutdown_workers
    if w.is_alive():
       ^^^^^^^^^^^^
  File "/home/ddr8143/.local/share/uv/python/cpython-3.12.5-linux-x86_64-gnu/lib/python3.12/multiprocessing/process.py", line 160, in is_alive
    assert self._parent_pid == os.getpid(), 'can only test a child process'
           ^^^^^^^^^^^^^^^^^^^^^^^^^^^^^^^
AssertionError: can only test a child process
Exception ignored in: <function _MultiProcessingDataLoaderIter.__del__ at 0x14da57ddb4c0>
Traceback (most recent call last):
  File "/scratch/ddr8143/repos/dr_exp/.venv/lib/python3.12/site-packages/torch/utils/data/dataloader.py", line 1663, in __del__
    self._shutdown_workers()
  File "/scratch/ddr8143/repos/dr_exp/.venv/lib/python3.12/site-packages/torch/utils/data/dataloader.py", line 1646, in _shutdown_workers
    if w.is_alive():
       ^^^^^^^^^^^^
  File "/home/ddr8143/.local/share/uv/python/cpython-3.12.5-linux-x86_64-gnu/lib/python3.12/multiprocessing/process.py", line 160, in is_alive
    assert self._parent_pid == os.getpid(), 'can only test a child process'
           ^^^^^^^^^^^^^^^^^^^^^^^^^^^^^^^
AssertionError: can only test a child process
`Trainer.fit` stopped: `max_epochs=50` reached.
GPU available: True (cuda), used: True
TPU available: False, using: 0 TPU cores
HPU available: False, using: 0 HPUs
LOCAL_RANK: 0 - CUDA_VISIBLE_DEVICES: [0]

  | Name      | Type             | Params | Mode 
-------------------------------------------------------
0 | model     | CifarAlexNet     | 2.4 M  | train
1 | criterion | CrossEntropyLoss | 0      | train
-------------------------------------------------------
2.4 M     Trainable params
0         Non-trainable params
2.4 M     Total params
9.775     Total estimated model params size (MB)
24        Modules in train mode
0         Modules in eval mode
SLURM auto-requeueing enabled. Setting signal handlers.
Epoch 0 | val_loss: 2.33930, val_acc: 0.08200
[slurm61982230_gr041_gpu0_0] Sync pending: 223 items
Epoch 1 | val_loss: 1.59497, val_acc: 0.39480, train_loss: 2.32937, train_acc: 0.08233
Epoch 2 | val_loss: 1.32391, val_acc: 0.50240, train_loss: 1.86259, train_acc: 0.30396
[slurm61982230_gr041_gpu0_0] Sync pending: 223 items
Epoch 3 | val_loss: 1.17220, val_acc: 0.56400, train_loss: 1.49681, train_acc: 0.44471
Epoch 4 | val_loss: 1.04825, val_acc: 0.61860, train_loss: 1.26168, train_acc: 0.54016
[slurm61982230_gr041_gpu0_0] Sync pending: 231 items
Epoch 5 | val_loss: 0.90829, val_acc: 0.68360, train_loss: 1.05192, train_acc: 0.62233
Epoch 6 | val_loss: 0.83491, val_acc: 0.72000, train_loss: 0.89561, train_acc: 0.68251
[slurm61982230_gr041_gpu0_0] Sync pending: 231 items
Epoch 7 | val_loss: 0.73909, val_acc: 0.74280, train_loss: 0.74173, train_acc: 0.73920
Epoch 8 | val_loss: 0.63801, val_acc: 0.77540, train_loss: 0.65144, train_acc: 0.77178
[slurm61982230_gr041_gpu0_0] Sync pending: 235 items
Epoch 9 | val_loss: 0.57917, val_acc: 0.80020, train_loss: 0.57985, train_acc: 0.79651
[slurm61982230_gr041_gpu0_0] Sync pending: 235 items
Epoch 10 | val_loss: 0.74197, val_acc: 0.75580, train_loss: 0.53317, train_acc: 0.81387
Epoch 11 | val_loss: 0.52628, val_acc: 0.82020, train_loss: 0.47923, train_acc: 0.83458
[slurm61982230_gr041_gpu0_0] Sync pending: 235 items
Epoch 12 | val_loss: 0.50897, val_acc: 0.82820, train_loss: 0.43997, train_acc: 0.84602
Epoch 13 | val_loss: 0.51916, val_acc: 0.83200, train_loss: 0.40553, train_acc: 0.85824
[slurm61982230_gr041_gpu0_0] Sync pending: 239 items
Epoch 14 | val_loss: 0.53388, val_acc: 0.83260, train_loss: 0.37231, train_acc: 0.87044
Epoch 15 | val_loss: 0.50864, val_acc: 0.83440, train_loss: 0.34447, train_acc: 0.87978
[slurm61982230_gr041_gpu0_0] Sync pending: 239 items
Epoch 16 | val_loss: 0.50382, val_acc: 0.83920, train_loss: 0.32192, train_acc: 0.88749
Epoch 17 | val_loss: 0.52171, val_acc: 0.83600, train_loss: 0.29551, train_acc: 0.89758
[slurm61982230_gr041_gpu0_0] Sync pending: 239 items
Epoch 18 | val_loss: 0.46758, val_acc: 0.85260, train_loss: 0.27028, train_acc: 0.90427
Epoch 19 | val_loss: 0.46210, val_acc: 0.85640, train_loss: 0.25111, train_acc: 0.91256
[slurm61982230_gr041_gpu0_0] Sync pending: 239 items
Epoch 20 | val_loss: 0.42527, val_acc: 0.86520, train_loss: 0.23325, train_acc: 0.91749
[slurm61982230_gr041_gpu0_0] Sync pending: 243 items
Epoch 21 | val_loss: 0.47111, val_acc: 0.85560, train_loss: 0.21391, train_acc: 0.92480
Epoch 22 | val_loss: 0.46252, val_acc: 0.86000, train_loss: 0.19260, train_acc: 0.93242
[slurm61982230_gr041_gpu0_0] Sync pending: 243 items
Epoch 23 | val_loss: 0.45092, val_acc: 0.86500, train_loss: 0.17742, train_acc: 0.93936
Epoch 24 | val_loss: 0.46007, val_acc: 0.86600, train_loss: 0.16885, train_acc: 0.94158
[slurm61982230_gr041_gpu0_0] Sync pending: 243 items
Epoch 25 | val_loss: 0.42908, val_acc: 0.87440, train_loss: 0.15457, train_acc: 0.94651
Epoch 26 | val_loss: 0.47457, val_acc: 0.86740, train_loss: 0.13587, train_acc: 0.95300
[slurm61982230_gr041_gpu0_0] Sync pending: 243 items
Epoch 27 | val_loss: 0.42983, val_acc: 0.87680, train_loss: 0.12545, train_acc: 0.95593
Epoch 28 | val_loss: 0.44498, val_acc: 0.87000, train_loss: 0.11380, train_acc: 0.96167
[slurm61982230_gr041_gpu0_0] Sync pending: 247 items
Epoch 29 | val_loss: 0.43721, val_acc: 0.87980, train_loss: 0.10268, train_acc: 0.96420
Epoch 30 | val_loss: 0.44107, val_acc: 0.87920, train_loss: 0.09289, train_acc: 0.96871
[slurm61982230_gr041_gpu0_0] Sync pending: 247 items
Epoch 31 | val_loss: 0.44676, val_acc: 0.87980, train_loss: 0.08420, train_acc: 0.97231
[slurm61982230_gr041_gpu0_0] Sync pending: 247 items
Epoch 32 | val_loss: 0.44736, val_acc: 0.88080, train_loss: 0.07700, train_acc: 0.97462
Epoch 33 | val_loss: 0.42268, val_acc: 0.88240, train_loss: 0.07311, train_acc: 0.97556
[slurm61982230_gr041_gpu0_0] Sync pending: 247 items
Epoch 34 | val_loss: 0.43788, val_acc: 0.88440, train_loss: 0.06183, train_acc: 0.97982
Epoch 35 | val_loss: 0.43403, val_acc: 0.88620, train_loss: 0.05943, train_acc: 0.97987
[slurm61982230_gr041_gpu0_0] Sync pending: 247 items
Epoch 36 | val_loss: 0.43609, val_acc: 0.88700, train_loss: 0.05177, train_acc: 0.98336
Epoch 37 | val_loss: 0.42087, val_acc: 0.88840, train_loss: 0.04927, train_acc: 0.98449
[slurm61982230_gr041_gpu0_0] Sync pending: 247 items
Epoch 38 | val_loss: 0.41284, val_acc: 0.89120, train_loss: 0.04375, train_acc: 0.98662
Epoch 39 | val_loss: 0.41937, val_acc: 0.88840, train_loss: 0.04278, train_acc: 0.98642
[slurm61982230_gr041_gpu0_0] Sync pending: 247 items
Epoch 40 | val_loss: 0.41953, val_acc: 0.89220, train_loss: 0.03933, train_acc: 0.98811
Epoch 41 | val_loss: 0.41801, val_acc: 0.89280, train_loss: 0.03730, train_acc: 0.98862
[slurm61982230_gr041_gpu0_0] Sync pending: 247 items
Epoch 42 | val_loss: 0.41110, val_acc: 0.89380, train_loss: 0.03402, train_acc: 0.98993
Epoch 43 | val_loss: 0.41393, val_acc: 0.89300, train_loss: 0.03435, train_acc: 0.98969
[slurm61982230_gr041_gpu0_0] Sync pending: 247 items
Epoch 44 | val_loss: 0.41271, val_acc: 0.89120, train_loss: 0.03209, train_acc: 0.99071
[slurm61982230_gr041_gpu0_0] Sync pending: 255 items
Epoch 45 | val_loss: 0.41062, val_acc: 0.89340, train_loss: 0.03032, train_acc: 0.99149
Epoch 46 | val_loss: 0.40816, val_acc: 0.89340, train_loss: 0.03175, train_acc: 0.99109
[slurm61982230_gr041_gpu0_0] Sync pending: 263 items
Epoch 47 | val_loss: 0.40941, val_acc: 0.89340, train_loss: 0.03022, train_acc: 0.99129
Epoch 48 | val_loss: 0.40993, val_acc: 0.89440, train_loss: 0.02976, train_acc: 0.99076
[slurm61982230_gr041_gpu0_0] Sync pending: 272 items
Epoch 49 | val_loss: 0.40976, val_acc: 0.89460, train_loss: 0.02992, train_acc: 0.99116
[slurm61982230_gr041_gpu0_0] Job 0feddb5e-b0f0-47f3-b5a3-86ae537c4b6d completed successfully
[slurm61982230_gr041_gpu0_0] Claimed job 0580bea3-e069-4db7-ba10-92b7598b3b1b (priority=220)
[slurm61982230_gr041_gpu0_0] Executing job 0580bea3-e069-4db7-ba10-92b7598b3b1b with _target_=dr_exp.trainers.decon_trainer.train_classification
Epoch 0 | val_loss: 2.30270, val_acc: 0.10938
Exception ignored in: <function _MultiProcessingDataLoaderIter.__del__ at 0x14da57ddb4c0>
Traceback (most recent call last):
  File "/scratch/ddr8143/repos/dr_exp/.venv/lib/python3.12/site-packages/torch/utils/data/dataloader.py", line 1663, in __del__
    self._shutdown_workers()
  File "/scratch/ddr8143/repos/dr_exp/.venv/lib/python3.12/site-packages/torch/utils/data/dataloader.py", line 1646, in _shutdown_workers
    if w.is_alive():
       ^^^^^^^^^^^^
  File "/home/ddr8143/.local/share/uv/python/cpython-3.12.5-linux-x86_64-gnu/lib/python3.12/multiprocessing/process.py", line 160, in is_alive
    assert self._parent_pid == os.getpid(), 'can only test a child process'
           ^^^^^^^^^^^^^^^^^^^^^^^^^^^^^^^
AssertionError: can only test a child process
Exception ignored in: <function _MultiProcessingDataLoaderIter.__del__ at 0x14da57ddb4c0>
Traceback (most recent call last):
  File "/scratch/ddr8143/repos/dr_exp/.venv/lib/python3.12/site-packages/torch/utils/data/dataloader.py", line 1663, in __del__
    self._shutdown_workers()
  File "/scratch/ddr8143/repos/dr_exp/.venv/lib/python3.12/site-packages/torch/utils/data/dataloader.py", line 1646, in _shutdown_workers
    if w.is_alive():
       ^^^^^^^^^^^^
  File "/home/ddr8143/.local/share/uv/python/cpython-3.12.5-linux-x86_64-gnu/lib/python3.12/multiprocessing/process.py", line 160, in is_alive
    assert self._parent_pid == os.getpid(), 'can only test a child process'
           ^^^^^^^^^^^^^^^^^^^^^^^^^^^^^^^
AssertionError: can only test a child process
Exception ignored in: <function _MultiProcessingDataLoaderIter.__del__ at 0x14da57ddb4c0>
Traceback (most recent call last):
  File "/scratch/ddr8143/repos/dr_exp/.venv/lib/python3.12/site-packages/torch/utils/data/dataloader.py", line 1663, in __del__
    self._shutdown_workers()
  File "/scratch/ddr8143/repos/dr_exp/.venv/lib/python3.12/site-packages/torch/utils/data/dataloader.py", line 1646, in _shutdown_workers
    if w.is_alive():
       ^^^^^^^^^^^^
  File "/home/ddr8143/.local/share/uv/python/cpython-3.12.5-linux-x86_64-gnu/lib/python3.12/multiprocessing/process.py", line 160, in is_alive
    assert self._parent_pid == os.getpid(), 'can only test a child process'
           ^^^^^^^^^^^^^^^^^^^^^^^^^^^^^^^
AssertionError: can only test a child process
Exception ignored in: <function _MultiProcessingDataLoaderIter.__del__ at 0x14da57ddb4c0>
Traceback (most recent call last):
  File "/scratch/ddr8143/repos/dr_exp/.venv/lib/python3.12/site-packages/torch/utils/data/dataloader.py", line 1663, in __del__
    self._shutdown_workers()
  File "/scratch/ddr8143/repos/dr_exp/.venv/lib/python3.12/site-packages/torch/utils/data/dataloader.py", line 1646, in _shutdown_workers
    if w.is_alive():
       ^^^^^^^^^^^^
  File "/home/ddr8143/.local/share/uv/python/cpython-3.12.5-linux-x86_64-gnu/lib/python3.12/multiprocessing/process.py", line 160, in is_alive
    assert self._parent_pid == os.getpid(), 'can only test a child process'
           ^^^^^^^^^^^^^^^^^^^^^^^^^^^^^^^
AssertionError: can only test a child process
Exception ignored in: <function _MultiProcessingDataLoaderIter.__del__ at 0x14da57ddb4c0>
Traceback (most recent call last):
  File "/scratch/ddr8143/repos/dr_exp/.venv/lib/python3.12/site-packages/torch/utils/data/dataloader.py", line 1663, in __del__
    self._shutdown_workers()
  File "/scratch/ddr8143/repos/dr_exp/.venv/lib/python3.12/site-packages/torch/utils/data/dataloader.py", line 1646, in _shutdown_workers
    if w.is_alive():
       ^^^^^^^^^^^^
  File "/home/ddr8143/.local/share/uv/python/cpython-3.12.5-linux-x86_64-gnu/lib/python3.12/multiprocessing/process.py", line 160, in is_alive
    assert self._parent_pid == os.getpid(), 'can only test a child process'
           ^^^^^^^^^^^^^^^^^^^^^^^^^^^^^^^
AssertionError: can only test a child process
Exception ignored in: <function _MultiProcessingDataLoaderIter.__del__ at 0x14da57ddb4c0>
Traceback (most recent call last):
  File "/scratch/ddr8143/repos/dr_exp/.venv/lib/python3.12/site-packages/torch/utils/data/dataloader.py", line 1663, in __del__
    self._shutdown_workers()
  File "/scratch/ddr8143/repos/dr_exp/.venv/lib/python3.12/site-packages/torch/utils/data/dataloader.py", line 1646, in _shutdown_workers
    if w.is_alive():
       ^^^^^^^^^^^^
  File "/home/ddr8143/.local/share/uv/python/cpython-3.12.5-linux-x86_64-gnu/lib/python3.12/multiprocessing/process.py", line 160, in is_alive
    assert self._parent_pid == os.getpid(), 'can only test a child process'
           ^^^^^^^^^^^^^^^^^^^^^^^^^^^^^^^
AssertionError: can only test a child process
Exception ignored in: <function _MultiProcessingDataLoaderIter.__del__ at 0x14da57ddb4c0>
Traceback (most recent call last):
  File "/scratch/ddr8143/repos/dr_exp/.venv/lib/python3.12/site-packages/torch/utils/data/dataloader.py", line 1663, in __del__
    self._shutdown_workers()
  File "/scratch/ddr8143/repos/dr_exp/.venv/lib/python3.12/site-packages/torch/utils/data/dataloader.py", line 1646, in _shutdown_workers
    if w.is_alive():
       ^^^^^^^^^^^^
  File "/home/ddr8143/.local/share/uv/python/cpython-3.12.5-linux-x86_64-gnu/lib/python3.12/multiprocessing/process.py", line 160, in is_alive
    assert self._parent_pid == os.getpid(), 'can only test a child process'
           ^^^^^^^^^^^^^^^^^^^^^^^^^^^^^^^
AssertionError: can only test a child process
Exception ignored in: <function _MultiProcessingDataLoaderIter.__del__ at 0x14da57ddb4c0>
Traceback (most recent call last):
  File "/scratch/ddr8143/repos/dr_exp/.venv/lib/python3.12/site-packages/torch/utils/data/dataloader.py", line 1663, in __del__
    self._shutdown_workers()
  File "/scratch/ddr8143/repos/dr_exp/.venv/lib/python3.12/site-packages/torch/utils/data/dataloader.py", line 1646, in _shutdown_workers
    if w.is_alive():
       ^^^^^^^^^^^^
  File "/home/ddr8143/.local/share/uv/python/cpython-3.12.5-linux-x86_64-gnu/lib/python3.12/multiprocessing/process.py", line 160, in is_alive
    assert self._parent_pid == os.getpid(), 'can only test a child process'
           ^^^^^^^^^^^^^^^^^^^^^^^^^^^^^^^
AssertionError: can only test a child process
`Trainer.fit` stopped: `max_epochs=50` reached.
GPU available: True (cuda), used: True
TPU available: False, using: 0 TPU cores
HPU available: False, using: 0 HPUs
LOCAL_RANK: 0 - CUDA_VISIBLE_DEVICES: [0]

  | Name      | Type             | Params | Mode 
-------------------------------------------------------
0 | model     | CifarResNet18    | 11.2 M | train
1 | criterion | CrossEntropyLoss | 0      | train
-------------------------------------------------------
11.2 M    Trainable params
0         Non-trainable params
11.2 M    Total params
44.696    Total estimated model params size (MB)
70        Modules in train mode
0         Modules in eval mode
SLURM auto-requeueing enabled. Setting signal handlers.
Epoch 0 | val_loss: 2.30336, val_acc: 0.08020
[slurm61982230_gr041_gpu0_0] Sync pending: 280 items
Epoch 1 | val_loss: 1.34657, val_acc: 0.51000, train_loss: 2.30297, train_acc: 0.08704
Epoch 2 | val_loss: 1.08620, val_acc: 0.62060, train_loss: 1.61579, train_acc: 0.39120
[slurm61982230_gr041_gpu0_0] Sync pending: 280 items
Epoch 3 | val_loss: 0.94648, val_acc: 0.67940, train_loss: 1.19405, train_acc: 0.56978
Epoch 4 | val_loss: 0.98014, val_acc: 0.66800, train_loss: 0.99496, train_acc: 0.65376
[slurm61982230_gr041_gpu0_0] Sync pending: 288 items
Epoch 5 | val_loss: 0.72773, val_acc: 0.75320, train_loss: 0.89438, train_acc: 0.69002
Epoch 6 | val_loss: 0.81683, val_acc: 0.72020, train_loss: 0.81283, train_acc: 0.72138
[slurm61982230_gr041_gpu0_0] Sync pending: 288 items
Epoch 7 | val_loss: 0.76945, val_acc: 0.74500, train_loss: 0.72675, train_acc: 0.75089
Epoch 8 | val_loss: 0.78990, val_acc: 0.74840, train_loss: 0.68008, train_acc: 0.76838
[slurm61982230_gr041_gpu0_0] Sync pending: 288 items
Epoch 9 | val_loss: 0.65274, val_acc: 0.77980, train_loss: 0.64397, train_acc: 0.78149
Epoch 10 | val_loss: 0.64218, val_acc: 0.78360, train_loss: 0.60925, train_acc: 0.79080
[slurm61982230_gr041_gpu0_0] Sync pending: 292 items
Epoch 11 | val_loss: 0.73527, val_acc: 0.75300, train_loss: 0.58548, train_acc: 0.80022
Epoch 12 | val_loss: 1.08195, val_acc: 0.68060, train_loss: 0.56283, train_acc: 0.80678
[slurm61982230_gr041_gpu0_0] Sync pending: 292 items
Epoch 13 | val_loss: 0.61450, val_acc: 0.79820, train_loss: 0.54824, train_acc: 0.81184
Epoch 14 | val_loss: 0.59517, val_acc: 0.80680, train_loss: 0.52994, train_acc: 0.81600
[slurm61982230_gr041_gpu0_0] Sync pending: 296 items
Epoch 15 | val_loss: 0.62038, val_acc: 0.78880, train_loss: 0.51212, train_acc: 0.82536
Epoch 16 | val_loss: 0.66857, val_acc: 0.78040, train_loss: 0.50403, train_acc: 0.82789
[slurm61982230_gr041_gpu0_0] Sync pending: 300 items
Epoch 17 | val_loss: 0.70471, val_acc: 0.77340, train_loss: 0.47626, train_acc: 0.83562
Epoch 18 | val_loss: 0.60386, val_acc: 0.79960, train_loss: 0.46762, train_acc: 0.83891
[slurm61982230_gr041_gpu0_0] Sync pending: 300 items
Epoch 19 | val_loss: 0.67410, val_acc: 0.77880, train_loss: 0.45371, train_acc: 0.84371
Epoch 20 | val_loss: 0.64169, val_acc: 0.79140, train_loss: 0.44337, train_acc: 0.84667
[slurm61982230_gr041_gpu0_0] Sync pending: 300 items
Epoch 21 | val_loss: 0.61938, val_acc: 0.80320, train_loss: 0.41825, train_acc: 0.85696
Epoch 22 | val_loss: 0.56961, val_acc: 0.80920, train_loss: 0.40685, train_acc: 0.86044
[slurm61982230_gr041_gpu0_0] Sync pending: 300 items
Epoch 23 | val_loss: 0.67944, val_acc: 0.79140, train_loss: 0.39164, train_acc: 0.86411
Epoch 24 | val_loss: 0.48240, val_acc: 0.83180, train_loss: 0.38152, train_acc: 0.87109
[slurm61982230_gr041_gpu0_0] Sync pending: 300 items
Epoch 25 | val_loss: 0.80025, val_acc: 0.76640, train_loss: 0.36661, train_acc: 0.87604
Epoch 26 | val_loss: 0.55898, val_acc: 0.82840, train_loss: 0.34378, train_acc: 0.88260
[slurm61982230_gr041_gpu0_0] Sync pending: 300 items
Epoch 27 | val_loss: 0.50026, val_acc: 0.83620, train_loss: 0.33488, train_acc: 0.88442
Epoch 28 | val_loss: 0.54401, val_acc: 0.82940, train_loss: 0.30648, train_acc: 0.89436
[slurm61982230_gr041_gpu0_0] Sync pending: 300 items
Epoch 29 | val_loss: 0.51616, val_acc: 0.84020, train_loss: 0.29507, train_acc: 0.89736
Epoch 30 | val_loss: 0.47288, val_acc: 0.84900, train_loss: 0.27464, train_acc: 0.90409
[slurm61982230_gr041_gpu0_0] Sync pending: 304 items
Epoch 31 | val_loss: 0.47401, val_acc: 0.85580, train_loss: 0.25227, train_acc: 0.91240
Epoch 32 | val_loss: 0.45652, val_acc: 0.85520, train_loss: 0.23380, train_acc: 0.91913
Epoch 33 | val_loss: 0.48199, val_acc: 0.85160, train_loss: 0.22024, train_acc: 0.92467
[slurm61982230_gr041_gpu0_0] Sync pending: 304 items
Epoch 34 | val_loss: 0.47656, val_acc: 0.85620, train_loss: 0.19820, train_acc: 0.93191
Epoch 35 | val_loss: 0.44763, val_acc: 0.86580, train_loss: 0.17606, train_acc: 0.93889
[slurm61982230_gr041_gpu0_0] Sync pending: 304 items
Epoch 36 | val_loss: 0.45997, val_acc: 0.86560, train_loss: 0.15916, train_acc: 0.94491
Epoch 37 | val_loss: 0.43870, val_acc: 0.87420, train_loss: 0.13862, train_acc: 0.95258
[slurm61982230_gr041_gpu0_0] Sync pending: 304 items
Epoch 38 | val_loss: 0.43313, val_acc: 0.87740, train_loss: 0.12442, train_acc: 0.95771
Epoch 39 | val_loss: 0.41404, val_acc: 0.88000, train_loss: 0.10460, train_acc: 0.96467
[slurm61982230_gr041_gpu0_0] Sync pending: 304 items
Epoch 40 | val_loss: 0.41308, val_acc: 0.88660, train_loss: 0.08534, train_acc: 0.97162
Epoch 41 | val_loss: 0.43812, val_acc: 0.88400, train_loss: 0.07129, train_acc: 0.97629
[slurm61982230_gr041_gpu0_0] Sync pending: 304 items
Epoch 42 | val_loss: 0.40145, val_acc: 0.89300, train_loss: 0.06057, train_acc: 0.98042
Epoch 43 | val_loss: 0.40671, val_acc: 0.89380, train_loss: 0.04658, train_acc: 0.98587
[slurm61982230_gr041_gpu0_0] Sync pending: 304 items
Epoch 44 | val_loss: 0.39961, val_acc: 0.89440, train_loss: 0.04150, train_acc: 0.98751
Epoch 45 | val_loss: 0.39477, val_acc: 0.89680, train_loss: 0.03534, train_acc: 0.98933
[slurm61982230_gr041_gpu0_0] Sync pending: 312 items
Epoch 46 | val_loss: 0.39314, val_acc: 0.89800, train_loss: 0.02973, train_acc: 0.99136
Epoch 47 | val_loss: 0.38904, val_acc: 0.90040, train_loss: 0.02634, train_acc: 0.99204
[slurm61982230_gr041_gpu0_0] Sync pending: 324 items
Epoch 48 | val_loss: 0.38684, val_acc: 0.89840, train_loss: 0.02604, train_acc: 0.99273
Epoch 49 | val_loss: 0.39224, val_acc: 0.89840, train_loss: 0.02268, train_acc: 0.99364
[slurm61982230_gr041_gpu0_0] Job 0580bea3-e069-4db7-ba10-92b7598b3b1b completed successfully
[slurm61982230_gr041_gpu0_0] Claimed job 738e1355-8cc0-41ba-81b0-15154b3122ab (priority=200)
[slurm61982230_gr041_gpu0_0] Executing job 738e1355-8cc0-41ba-81b0-15154b3122ab with _target_=dr_exp.trainers.decon_trainer.train_classification
Epoch 0 | val_loss: 2.33885, val_acc: 0.09766
Exception ignored in: <function _MultiProcessingDataLoaderIter.__del__ at 0x14da57ddb4c0>
Traceback (most recent call last):
  File "/scratch/ddr8143/repos/dr_exp/.venv/lib/python3.12/site-packages/torch/utils/data/dataloader.py", line 1663, in __del__
    self._shutdown_workers()
  File "/scratch/ddr8143/repos/dr_exp/.venv/lib/python3.12/site-packages/torch/utils/data/dataloader.py", line 1646, in _shutdown_workers
    if w.is_alive():
Exception ignored in: <function _MultiProcessingDataLoaderIter.__del__ at 0x14da57ddb4c0>
       ^^^^^^^^^^^^
  File "/home/ddr8143/.local/share/uv/python/cpython-3.12.5-linux-x86_64-gnu/lib/python3.12/multiprocessing/process.py", line 160, in is_alive
Traceback (most recent call last):
  File "/scratch/ddr8143/repos/dr_exp/.venv/lib/python3.12/site-packages/torch/utils/data/dataloader.py", line 1663, in __del__
    assert self._parent_pid == os.getpid(), 'can only test a child process'
           ^^^^^^^^^^^^^^^^^^^^^^^^^^^^^^^
AssertionError: can only test a child process
Exception ignored in: <function _MultiProcessingDataLoaderIter.__del__ at 0x14da57ddb4c0>
Traceback (most recent call last):
  File "/scratch/ddr8143/repos/dr_exp/.venv/lib/python3.12/site-packages/torch/utils/data/dataloader.py", line 1663, in __del__
    self._shutdown_workers()
  File "/scratch/ddr8143/repos/dr_exp/.venv/lib/python3.12/site-packages/torch/utils/data/dataloader.py", line 1646, in _shutdown_workers
    self._shutdown_workers()
    if w.is_alive():
  File "/scratch/ddr8143/repos/dr_exp/.venv/lib/python3.12/site-packages/torch/utils/data/dataloader.py", line 1646, in _shutdown_workers
       ^^^^^^^^^^^^
  File "/home/ddr8143/.local/share/uv/python/cpython-3.12.5-linux-x86_64-gnu/lib/python3.12/multiprocessing/process.py", line 160, in is_alive
    assert self._parent_pid == os.getpid(), 'can only test a child process'
           ^^^^^^^^^^^^^^^^^^^^^^^^^^^^^^^
AssertionError: can only test a child process
    if w.is_alive():
       ^^^^^^^^^^^^
  File "/home/ddr8143/.local/share/uv/python/cpython-3.12.5-linux-x86_64-gnu/lib/python3.12/multiprocessing/process.py", line 160, in is_alive
    assert self._parent_pid == os.getpid(), 'can only test a child process'
           ^^^^^^^^^^^^^^^^^^^^^^^^^^^^^^^
AssertionError: can only test a child process
Exception ignored in: <function _MultiProcessingDataLoaderIter.__del__ at 0x14da57ddb4c0>
Traceback (most recent call last):
  File "/scratch/ddr8143/repos/dr_exp/.venv/lib/python3.12/site-packages/torch/utils/data/dataloader.py", line 1663, in __del__
    self._shutdown_workers()
  File "/scratch/ddr8143/repos/dr_exp/.venv/lib/python3.12/site-packages/torch/utils/data/dataloader.py", line 1646, in _shutdown_workers
    if w.is_alive():
       ^^^^^^^^^^^^
  File "/home/ddr8143/.local/share/uv/python/cpython-3.12.5-linux-x86_64-gnu/lib/python3.12/multiprocessing/process.py", line 160, in is_alive
    assert self._parent_pid == os.getpid(), 'can only test a child process'
           ^^^^^^^^^^^^^^^^^^^^^^^^^^^^^^^
AssertionError: can only test a child process
Exception ignored in: <function _MultiProcessingDataLoaderIter.__del__ at 0x14da57ddb4c0>
Traceback (most recent call last):
  File "/scratch/ddr8143/repos/dr_exp/.venv/lib/python3.12/site-packages/torch/utils/data/dataloader.py", line 1663, in __del__
    self._shutdown_workers()
  File "/scratch/ddr8143/repos/dr_exp/.venv/lib/python3.12/site-packages/torch/utils/data/dataloader.py", line 1646, in _shutdown_workers
    if w.is_alive():
       ^^^^^^^^^^^^
  File "/home/ddr8143/.local/share/uv/python/cpython-3.12.5-linux-x86_64-gnu/lib/python3.12/multiprocessing/process.py", line 160, in is_alive
    assert self._parent_pid == os.getpid(), 'can only test a child process'
           ^^^^^^^^^^^^^^^^^^^^^^^^^^^^^^^
AssertionError: can only test a child process
Exception ignored in: <function _MultiProcessingDataLoaderIter.__del__ at 0x14da57ddb4c0>
Traceback (most recent call last):
  File "/scratch/ddr8143/repos/dr_exp/.venv/lib/python3.12/site-packages/torch/utils/data/dataloader.py", line 1663, in __del__
    self._shutdown_workers()
  File "/scratch/ddr8143/repos/dr_exp/.venv/lib/python3.12/site-packages/torch/utils/data/dataloader.py", line 1646, in _shutdown_workers
    if w.is_alive():
       ^^^^^^^^^^^^
  File "/home/ddr8143/.local/share/uv/python/cpython-3.12.5-linux-x86_64-gnu/lib/python3.12/multiprocessing/process.py", line 160, in is_alive
    assert self._parent_pid == os.getpid(), 'can only test a child process'
           ^^^^^^^^^^^^^^^^^^^^^^^^^^^^^^^
AssertionError: can only test a child process
Exception ignored in: <function _MultiProcessingDataLoaderIter.__del__ at 0x14da57ddb4c0>
Traceback (most recent call last):
  File "/scratch/ddr8143/repos/dr_exp/.venv/lib/python3.12/site-packages/torch/utils/data/dataloader.py", line 1663, in __del__
    self._shutdown_workers()
  File "/scratch/ddr8143/repos/dr_exp/.venv/lib/python3.12/site-packages/torch/utils/data/dataloader.py", line 1646, in _shutdown_workers
    if w.is_alive():
       ^^^^^^^^^^^^
  File "/home/ddr8143/.local/share/uv/python/cpython-3.12.5-linux-x86_64-gnu/lib/python3.12/multiprocessing/process.py", line 160, in is_alive
    assert self._parent_pid == os.getpid(), 'can only test a child process'
           ^^^^^^^^^^^^^^^^^^^^^^^^^^^^^^^
AssertionError: can only test a child process
Exception ignored in: <function _MultiProcessingDataLoaderIter.__del__ at 0x14da57ddb4c0>
Traceback (most recent call last):
  File "/scratch/ddr8143/repos/dr_exp/.venv/lib/python3.12/site-packages/torch/utils/data/dataloader.py", line 1663, in __del__
    self._shutdown_workers()
  File "/scratch/ddr8143/repos/dr_exp/.venv/lib/python3.12/site-packages/torch/utils/data/dataloader.py", line 1646, in _shutdown_workers
    if w.is_alive():
       ^^^^^^^^^^^^
  File "/home/ddr8143/.local/share/uv/python/cpython-3.12.5-linux-x86_64-gnu/lib/python3.12/multiprocessing/process.py", line 160, in is_alive
    assert self._parent_pid == os.getpid(), 'can only test a child process'
           ^^^^^^^^^^^^^^^^^^^^^^^^^^^^^^^
AssertionError: can only test a child process
`Trainer.fit` stopped: `max_epochs=50` reached.
GPU available: True (cuda), used: True
TPU available: False, using: 0 TPU cores
HPU available: False, using: 0 HPUs
LOCAL_RANK: 0 - CUDA_VISIBLE_DEVICES: [0]

  | Name      | Type             | Params | Mode 
-------------------------------------------------------
0 | model     | CifarResNet18    | 11.2 M | train
1 | criterion | CrossEntropyLoss | 0      | train
-------------------------------------------------------
11.2 M    Trainable params
0         Non-trainable params
11.2 M    Total params
44.696    Total estimated model params size (MB)
70        Modules in train mode
0         Modules in eval mode
SLURM auto-requeueing enabled. Setting signal handlers.
[slurm61982230_gr041_gpu0_0] Sync pending: 332 items
Epoch 0 | val_loss: 2.31550, val_acc: 0.10760
[slurm61982230_gr041_gpu0_0] Sync pending: 332 items
Epoch 1 | val_loss: 1.46383, val_acc: 0.47420, train_loss: 2.31493, train_acc: 0.10164
Epoch 2 | val_loss: 1.10153, val_acc: 0.63420, train_loss: 1.61111, train_acc: 0.41469
[slurm61982230_gr041_gpu0_0] Sync pending: 332 items
Epoch 3 | val_loss: 0.99154, val_acc: 0.67100, train_loss: 1.17379, train_acc: 0.58349
Epoch 4 | val_loss: 0.84703, val_acc: 0.70640, train_loss: 0.90110, train_acc: 0.68576
[slurm61982230_gr041_gpu0_0] Sync pending: 344 items
Epoch 5 | val_loss: 0.77852, val_acc: 0.74460, train_loss: 0.75335, train_acc: 0.73878
Epoch 6 | val_loss: 0.63347, val_acc: 0.78420, train_loss: 0.67825, train_acc: 0.76424
[slurm61982230_gr041_gpu0_0] Sync pending: 344 items
Epoch 7 | val_loss: 0.64301, val_acc: 0.77760, train_loss: 0.59691, train_acc: 0.79287
Epoch 8 | val_loss: 0.59984, val_acc: 0.79720, train_loss: 0.55285, train_acc: 0.80824
[slurm61982230_gr041_gpu0_0] Sync pending: 344 items
Epoch 9 | val_loss: 0.67431, val_acc: 0.77440, train_loss: 0.51168, train_acc: 0.82420
Epoch 10 | val_loss: 0.63641, val_acc: 0.78820, train_loss: 0.48378, train_acc: 0.83440
[slurm61982230_gr041_gpu0_0] Sync pending: 344 items
Epoch 11 | val_loss: 0.66944, val_acc: 0.77200, train_loss: 0.47503, train_acc: 0.83713
Epoch 12 | val_loss: 0.77567, val_acc: 0.74700, train_loss: 0.46471, train_acc: 0.84000
[slurm61982230_gr041_gpu0_0] Sync pending: 348 items
Epoch 13 | val_loss: 0.57992, val_acc: 0.80580, train_loss: 0.44519, train_acc: 0.84676
Epoch 14 | val_loss: 0.59784, val_acc: 0.79020, train_loss: 0.43795, train_acc: 0.85056
[slurm61982230_gr041_gpu0_0] Sync pending: 356 items
Epoch 15 | val_loss: 0.51105, val_acc: 0.81960, train_loss: 0.42670, train_acc: 0.85396
Epoch 16 | val_loss: 0.66114, val_acc: 0.78480, train_loss: 0.42113, train_acc: 0.85704
[slurm61982230_gr041_gpu0_0] Sync pending: 356 items
Epoch 17 | val_loss: 0.54530, val_acc: 0.81540, train_loss: 0.41187, train_acc: 0.85869
[slurm61982230_gr041_gpu0_0] Sync pending: 356 items
Epoch 18 | val_loss: 0.55281, val_acc: 0.80980, train_loss: 0.40548, train_acc: 0.86262
Epoch 19 | val_loss: 0.60352, val_acc: 0.81260, train_loss: 0.39666, train_acc: 0.86458
[slurm61982230_gr041_gpu0_0] Sync pending: 356 items
Epoch 20 | val_loss: 0.55282, val_acc: 0.81000, train_loss: 0.39648, train_acc: 0.86411
Epoch 21 | val_loss: 0.79429, val_acc: 0.78060, train_loss: 0.38198, train_acc: 0.86987
[slurm61982230_gr041_gpu0_0] Sync pending: 360 items
Epoch 22 | val_loss: 0.64194, val_acc: 0.79360, train_loss: 0.38471, train_acc: 0.86796
Epoch 23 | val_loss: 0.58888, val_acc: 0.80140, train_loss: 0.38124, train_acc: 0.87180
[slurm61982230_gr041_gpu0_0] Sync pending: 360 items
Epoch 24 | val_loss: 0.58009, val_acc: 0.81800, train_loss: 0.37279, train_acc: 0.87202
Epoch 25 | val_loss: 0.49164, val_acc: 0.83780, train_loss: 0.37323, train_acc: 0.87287
[slurm61982230_gr041_gpu0_0] Sync pending: 360 items
Epoch 26 | val_loss: 0.47941, val_acc: 0.84400, train_loss: 0.36908, train_acc: 0.87300
Epoch 27 | val_loss: 0.62674, val_acc: 0.80020, train_loss: 0.36966, train_acc: 0.87300
[slurm61982230_gr041_gpu0_0] Sync pending: 360 items
Epoch 28 | val_loss: 0.46112, val_acc: 0.84000, train_loss: 0.35935, train_acc: 0.87782
Epoch 29 | val_loss: 0.51459, val_acc: 0.83160, train_loss: 0.36132, train_acc: 0.87509
[slurm61982230_gr041_gpu0_0] Sync pending: 364 items
Epoch 30 | val_loss: 0.64885, val_acc: 0.79420, train_loss: 0.35783, train_acc: 0.87680
Epoch 31 | val_loss: 0.47531, val_acc: 0.84120, train_loss: 0.35810, train_acc: 0.87607
[slurm61982230_gr041_gpu0_0] Sync pending: 364 items
Epoch 32 | val_loss: 0.49875, val_acc: 0.83780, train_loss: 0.34529, train_acc: 0.88076
Epoch 33 | val_loss: 0.45624, val_acc: 0.84240, train_loss: 0.35875, train_acc: 0.87562
[slurm61982230_gr041_gpu0_0] Sync pending: 364 items
Epoch 34 | val_loss: 0.56297, val_acc: 0.81940, train_loss: 0.34382, train_acc: 0.88162
[slurm61982230_gr041_gpu0_0] Sync pending: 364 items
Epoch 35 | val_loss: 0.25821, val_acc: 0.91380, train_loss: 0.35329, train_acc: 0.88020
Epoch 36 | val_loss: 0.24995, val_acc: 0.91980, train_loss: 0.18980, train_acc: 0.93722
[slurm61982230_gr041_gpu0_0] Sync pending: 364 items
Epoch 37 | val_loss: 0.24455, val_acc: 0.92340, train_loss: 0.13846, train_acc: 0.95424
Epoch 38 | val_loss: 0.25738, val_acc: 0.91800, train_loss: 0.11704, train_acc: 0.96053
[slurm61982230_gr041_gpu0_0] Sync pending: 364 items
Epoch 39 | val_loss: 0.24422, val_acc: 0.92200, train_loss: 0.10198, train_acc: 0.96658
Epoch 40 | val_loss: 0.24607, val_acc: 0.92200, train_loss: 0.09000, train_acc: 0.97064
[slurm61982230_gr041_gpu0_0] Sync pending: 368 items
Epoch 41 | val_loss: 0.23814, val_acc: 0.92420, train_loss: 0.08325, train_acc: 0.97267
Epoch 42 | val_loss: 0.24413, val_acc: 0.92480, train_loss: 0.07285, train_acc: 0.97649
[slurm61982230_gr041_gpu0_0] Sync pending: 368 items
Epoch 43 | val_loss: 0.23174, val_acc: 0.92880, train_loss: 0.06494, train_acc: 0.97911
Epoch 44 | val_loss: 0.24627, val_acc: 0.92680, train_loss: 0.05626, train_acc: 0.98242
[slurm61982230_gr041_gpu0_0] Sync pending: 372 items
Epoch 45 | val_loss: 0.25790, val_acc: 0.92300, train_loss: 0.05560, train_acc: 0.98202
Epoch 46 | val_loss: 0.25684, val_acc: 0.92880, train_loss: 0.04941, train_acc: 0.98396
[slurm61982230_gr041_gpu0_0] Sync pending: 376 items
Epoch 47 | val_loss: 0.26241, val_acc: 0.92140, train_loss: 0.04584, train_acc: 0.98593
Epoch 48 | val_loss: 0.25854, val_acc: 0.92520, train_loss: 0.04362, train_acc: 0.98651
[slurm61982230_gr041_gpu0_0] Sync pending: 384 items
Epoch 49 | val_loss: 0.25400, val_acc: 0.92540, train_loss: 0.04380, train_acc: 0.98618
[slurm61982230_gr041_gpu0_0] Job 738e1355-8cc0-41ba-81b0-15154b3122ab completed successfully
[slurm61982230_gr041_gpu0_0] Claimed job c8a6d149-da56-4824-958a-9495bf73ded9 (priority=190)
[slurm61982230_gr041_gpu0_0] Executing job c8a6d149-da56-4824-958a-9495bf73ded9 with _target_=dr_exp.trainers.decon_trainer.train_classification
Epoch 0 | val_loss: 2.39739, val_acc: 0.06641
Exception ignored in: <function _MultiProcessingDataLoaderIter.__del__ at 0x14da57ddb4c0>
Traceback (most recent call last):
  File "/scratch/ddr8143/repos/dr_exp/.venv/lib/python3.12/site-packages/torch/utils/data/dataloader.py", line 1663, in __del__
    self._shutdown_workers()
  File "/scratch/ddr8143/repos/dr_exp/.venv/lib/python3.12/site-packages/torch/utils/data/dataloader.py", line 1646, in _shutdown_workers
    if w.is_alive():
       ^^^^^^^^^^^^
  File "/home/ddr8143/.local/share/uv/python/cpython-3.12.5-linux-x86_64-gnu/lib/python3.12/multiprocessing/process.py", line 160, in is_alive
    assert self._parent_pid == os.getpid(), 'can only test a child process'
           ^^^^^^^^^^^^^^^^^^^^^^^^^^^^^^^
AssertionError: can only test a child process
Exception ignored in: <function _MultiProcessingDataLoaderIter.__del__ at 0x14da57ddb4c0>
Traceback (most recent call last):
  File "/scratch/ddr8143/repos/dr_exp/.venv/lib/python3.12/site-packages/torch/utils/data/dataloader.py", line 1663, in __del__
    self._shutdown_workers()
  File "/scratch/ddr8143/repos/dr_exp/.venv/lib/python3.12/site-packages/torch/utils/data/dataloader.py", line 1646, in _shutdown_workers
    if w.is_alive():
       ^^^^^^^^^^^^
  File "/home/ddr8143/.local/share/uv/python/cpython-3.12.5-linux-x86_64-gnu/lib/python3.12/multiprocessing/process.py", line 160, in is_alive
    assert self._parent_pid == os.getpid(), 'can only test a child process'
           ^^^^^^^^^^^^^^^^^^^^^^^^^^^^^^^
AssertionError: can only test a child process
Exception ignored in: <function _MultiProcessingDataLoaderIter.__del__ at 0x14da57ddb4c0>
Traceback (most recent call last):
  File "/scratch/ddr8143/repos/dr_exp/.venv/lib/python3.12/site-packages/torch/utils/data/dataloader.py", line 1663, in __del__
    self._shutdown_workers()
  File "/scratch/ddr8143/repos/dr_exp/.venv/lib/python3.12/site-packages/torch/utils/data/dataloader.py", line 1646, in _shutdown_workers
    if w.is_alive():
       ^^^^^^^^^^^^
  File "/home/ddr8143/.local/share/uv/python/cpython-3.12.5-linux-x86_64-gnu/lib/python3.12/multiprocessing/process.py", line 160, in is_alive
    assert self._parent_pid == os.getpid(), 'can only test a child process'
           ^^^^^^^^^^^^^^^^^^^^^^^^^^^^^^^
AssertionError: can only test a child process
Exception ignored in: <function _MultiProcessingDataLoaderIter.__del__ at 0x14da57ddb4c0>
Traceback (most recent call last):
  File "/scratch/ddr8143/repos/dr_exp/.venv/lib/python3.12/site-packages/torch/utils/data/dataloader.py", line 1663, in __del__
    self._shutdown_workers()
  File "/scratch/ddr8143/repos/dr_exp/.venv/lib/python3.12/site-packages/torch/utils/data/dataloader.py", line 1646, in _shutdown_workers
    if w.is_alive():
       ^^^^^^^^^^^^
  File "/home/ddr8143/.local/share/uv/python/cpython-3.12.5-linux-x86_64-gnu/lib/python3.12/multiprocessing/process.py", line 160, in is_alive
    assert self._parent_pid == os.getpid(), 'can only test a child process'
           ^^^^^^^^^^^^^^^^^^^^^^^^^^^^^^^
AssertionError: can only test a child process
Exception ignored in: <function _MultiProcessingDataLoaderIter.__del__ at 0x14da57ddb4c0>
Traceback (most recent call last):
  File "/scratch/ddr8143/repos/dr_exp/.venv/lib/python3.12/site-packages/torch/utils/data/dataloader.py", line 1663, in __del__
    self._shutdown_workers()
  File "/scratch/ddr8143/repos/dr_exp/.venv/lib/python3.12/site-packages/torch/utils/data/dataloader.py", line 1646, in _shutdown_workers
    if w.is_alive():
       ^^^^^^^^^^^^
  File "/home/ddr8143/.local/share/uv/python/cpython-3.12.5-linux-x86_64-gnu/lib/python3.12/multiprocessing/process.py", line 160, in is_alive
    assert self._parent_pid == os.getpid(), 'can only test a child process'
           ^^^^^^^^^^^^^^^^^^^^^^^^^^^^^^^
AssertionError: can only test a child process
Exception ignored in: <function _MultiProcessingDataLoaderIter.__del__ at 0x14da57ddb4c0>
Traceback (most recent call last):
  File "/scratch/ddr8143/repos/dr_exp/.venv/lib/python3.12/site-packages/torch/utils/data/dataloader.py", line 1663, in __del__
    self._shutdown_workers()
  File "/scratch/ddr8143/repos/dr_exp/.venv/lib/python3.12/site-packages/torch/utils/data/dataloader.py", line 1646, in _shutdown_workers
    if w.is_alive():
       ^^^^^^^^^^^^
  File "/home/ddr8143/.local/share/uv/python/cpython-3.12.5-linux-x86_64-gnu/lib/python3.12/multiprocessing/process.py", line 160, in is_alive
    assert self._parent_pid == os.getpid(), 'can only test a child process'
           ^^^^^^^^^^^^^^^^^^^^^^^^^^^^^^^
AssertionError: can only test a child process
Exception ignored in: <function _MultiProcessingDataLoaderIter.__del__ at 0x14da57ddb4c0>
Traceback (most recent call last):
  File "/scratch/ddr8143/repos/dr_exp/.venv/lib/python3.12/site-packages/torch/utils/data/dataloader.py", line 1663, in __del__
    self._shutdown_workers()
  File "/scratch/ddr8143/repos/dr_exp/.venv/lib/python3.12/site-packages/torch/utils/data/dataloader.py", line 1646, in _shutdown_workers
    if w.is_alive():
       ^^^^^^^^^^^^
  File "/home/ddr8143/.local/share/uv/python/cpython-3.12.5-linux-x86_64-gnu/lib/python3.12/multiprocessing/process.py", line 160, in is_alive
    assert self._parent_pid == os.getpid(), 'can only test a child process'
           ^^^^^^^^^^^^^^^^^^^^^^^^^^^^^^^
AssertionError: can only test a child process
Exception ignored in: <function _MultiProcessingDataLoaderIter.__del__ at 0x14da57ddb4c0>
Traceback (most recent call last):
  File "/scratch/ddr8143/repos/dr_exp/.venv/lib/python3.12/site-packages/torch/utils/data/dataloader.py", line 1663, in __del__
    self._shutdown_workers()
  File "/scratch/ddr8143/repos/dr_exp/.venv/lib/python3.12/site-packages/torch/utils/data/dataloader.py", line 1646, in _shutdown_workers
    if w.is_alive():
       ^^^^^^^^^^^^
  File "/home/ddr8143/.local/share/uv/python/cpython-3.12.5-linux-x86_64-gnu/lib/python3.12/multiprocessing/process.py", line 160, in is_alive
    assert self._parent_pid == os.getpid(), 'can only test a child process'
           ^^^^^^^^^^^^^^^^^^^^^^^^^^^^^^^
AssertionError: can only test a child process
`Trainer.fit` stopped: `max_epochs=50` reached.
GPU available: True (cuda), used: True
TPU available: False, using: 0 TPU cores
HPU available: False, using: 0 HPUs
LOCAL_RANK: 0 - CUDA_VISIBLE_DEVICES: [0]

  | Name      | Type             | Params | Mode 
-------------------------------------------------------
0 | model     | CifarResNet18    | 11.2 M | train
1 | criterion | CrossEntropyLoss | 0      | train
-------------------------------------------------------
11.2 M    Trainable params
0         Non-trainable params
11.2 M    Total params
44.696    Total estimated model params size (MB)
70        Modules in train mode
0         Modules in eval mode
SLURM auto-requeueing enabled. Setting signal handlers.
[slurm61982230_gr041_gpu0_0] Sync pending: 388 items
Epoch 0 | val_loss: 2.32871, val_acc: 0.10700
Epoch 1 | val_loss: 1.98808, val_acc: 0.28220, train_loss: 2.32848, train_acc: 0.10224
[slurm61982230_gr041_gpu0_0] Sync pending: 392 items
Epoch 2 | val_loss: 1.78039, val_acc: 0.36920, train_loss: 2.25777, train_acc: 0.14662
[slurm61982230_gr041_gpu0_0] Sync pending: 392 items
Epoch 3 | val_loss: 1.69499, val_acc: 0.39680, train_loss: 2.17403, train_acc: 0.20378
Epoch 4 | val_loss: 1.58730, val_acc: 0.43940, train_loss: 2.13396, train_acc: 0.24242
[slurm61982230_gr041_gpu0_0] Sync pending: 392 items
Epoch 5 | val_loss: 1.41985, val_acc: 0.53320, train_loss: 2.09374, train_acc: 0.26444
Epoch 6 | val_loss: 1.29446, val_acc: 0.59160, train_loss: 2.06801, train_acc: 0.29073
[slurm61982230_gr041_gpu0_0] Sync pending: 392 items
Epoch 7 | val_loss: 1.22742, val_acc: 0.61060, train_loss: 2.01795, train_acc: 0.31649
[slurm61982230_gr041_gpu0_0] Sync pending: 392 items
Epoch 8 | val_loss: 1.20096, val_acc: 0.63540, train_loss: 1.96471, train_acc: 0.35182
Epoch 9 | val_loss: 1.15005, val_acc: 0.65680, train_loss: 1.95941, train_acc: 0.35942
[slurm61982230_gr041_gpu0_0] Sync pending: 400 items
Epoch 10 | val_loss: 1.07009, val_acc: 0.67460, train_loss: 1.93531, train_acc: 0.36653
Epoch 11 | val_loss: 1.02319, val_acc: 0.70600, train_loss: 1.89861, train_acc: 0.37158
[slurm61982230_gr041_gpu0_0] Sync pending: 404 items
Epoch 12 | val_loss: 1.09388, val_acc: 0.67340, train_loss: 1.86952, train_acc: 0.39307
Epoch 13 | val_loss: 0.96025, val_acc: 0.73860, train_loss: 1.87051, train_acc: 0.41111
[slurm61982230_gr041_gpu0_0] Sync pending: 404 items
Epoch 14 | val_loss: 0.96801, val_acc: 0.73860, train_loss: 1.87238, train_acc: 0.42609
[slurm61982230_gr041_gpu0_0] Sync pending: 404 items
Epoch 15 | val_loss: 0.94322, val_acc: 0.74400, train_loss: 1.84075, train_acc: 0.42342
Epoch 16 | val_loss: 0.94691, val_acc: 0.73820, train_loss: 1.82982, train_acc: 0.44347
[slurm61982230_gr041_gpu0_0] Sync pending: 408 items
Epoch 17 | val_loss: 0.96062, val_acc: 0.73740, train_loss: 1.81481, train_acc: 0.42698
Epoch 18 | val_loss: 0.91799, val_acc: 0.75760, train_loss: 1.81050, train_acc: 0.42582
[slurm61982230_gr041_gpu0_0] Sync pending: 412 items
Epoch 19 | val_loss: 0.85404, val_acc: 0.77660, train_loss: 1.79773, train_acc: 0.44447
[slurm61982230_gr041_gpu0_0] Sync pending: 416 items
Epoch 20 | val_loss: 0.85270, val_acc: 0.77580, train_loss: 1.79428, train_acc: 0.44258
Epoch 21 | val_loss: 0.89214, val_acc: 0.78280, train_loss: 1.78007, train_acc: 0.43420
[slurm61982230_gr041_gpu0_0] Sync pending: 416 items
Epoch 22 | val_loss: 0.82738, val_acc: 0.79060, train_loss: 1.79037, train_acc: 0.46627
Epoch 23 | val_loss: 0.83666, val_acc: 0.80140, train_loss: 1.75524, train_acc: 0.46787
[slurm61982230_gr041_gpu0_0] Sync pending: 416 items
Epoch 24 | val_loss: 0.84450, val_acc: 0.79900, train_loss: 1.74801, train_acc: 0.48100
[slurm61982230_gr041_gpu0_0] Sync pending: 420 items
Epoch 25 | val_loss: 0.82761, val_acc: 0.80160, train_loss: 1.76193, train_acc: 0.47013
Epoch 26 | val_loss: 0.81546, val_acc: 0.81840, train_loss: 1.75571, train_acc: 0.48962
[slurm61982230_gr041_gpu0_0] Sync pending: 420 items
Epoch 27 | val_loss: 0.83890, val_acc: 0.80400, train_loss: 1.72999, train_acc: 0.47962
Epoch 28 | val_loss: 0.82075, val_acc: 0.80960, train_loss: 1.73582, train_acc: 0.49096
[slurm61982230_gr041_gpu0_0] Sync pending: 420 items
Epoch 29 | val_loss: 0.76266, val_acc: 0.81580, train_loss: 1.72021, train_acc: 0.45902
[slurm61982230_gr041_gpu0_0] Sync pending: 420 items
Epoch 30 | val_loss: 0.81366, val_acc: 0.82380, train_loss: 1.72749, train_acc: 0.46684
Epoch 31 | val_loss: 0.80097, val_acc: 0.81200, train_loss: 1.73079, train_acc: 0.49471
[slurm61982230_gr041_gpu0_0] Sync pending: 420 items
Epoch 32 | val_loss: 0.82026, val_acc: 0.81440, train_loss: 1.72992, train_acc: 0.48942
Epoch 33 | val_loss: 0.76202, val_acc: 0.83300, train_loss: 1.71451, train_acc: 0.47553
[slurm61982230_gr041_gpu0_0] Sync pending: 424 items
Epoch 34 | val_loss: 0.79470, val_acc: 0.82060, train_loss: 1.70719, train_acc: 0.50191
[slurm61982230_gr041_gpu0_0] Sync pending: 428 items
Epoch 35 | val_loss: 0.80387, val_acc: 0.81400, train_loss: 1.70459, train_acc: 0.49896
Epoch 36 | val_loss: 0.81624, val_acc: 0.82360, train_loss: 1.71714, train_acc: 0.50287
[slurm61982230_gr041_gpu0_0] Sync pending: 432 items
Epoch 37 | val_loss: 0.78878, val_acc: 0.82900, train_loss: 1.71250, train_acc: 0.49580
Epoch 38 | val_loss: 0.74749, val_acc: 0.83400, train_loss: 1.69892, train_acc: 0.49629
[slurm61982230_gr041_gpu0_0] Sync pending: 432 items
Epoch 39 | val_loss: 0.77615, val_acc: 0.82800, train_loss: 1.69761, train_acc: 0.49311
[slurm61982230_gr041_gpu0_0] Sync pending: 436 items
Epoch 40 | val_loss: 0.78457, val_acc: 0.83580, train_loss: 1.69158, train_acc: 0.49542
Epoch 41 | val_loss: 0.76970, val_acc: 0.83040, train_loss: 1.70603, train_acc: 0.48516
[slurm61982230_gr041_gpu0_0] Sync pending: 436 items
Epoch 42 | val_loss: 0.78759, val_acc: 0.82980, train_loss: 1.70442, train_acc: 0.47484
Epoch 43 | val_loss: 0.76133, val_acc: 0.83320, train_loss: 1.69522, train_acc: 0.48736
[slurm61982230_gr041_gpu0_0] Sync pending: 440 items
Epoch 44 | val_loss: 0.76630, val_acc: 0.83520, train_loss: 1.69374, train_acc: 0.50569
Epoch 45 | val_loss: 0.75845, val_acc: 0.83940, train_loss: 1.69479, train_acc: 0.47524
[slurm61982230_gr041_gpu0_0] Sync pending: 440 items
Epoch 46 | val_loss: 0.76952, val_acc: 0.83280, train_loss: 1.68465, train_acc: 0.51347
[slurm61982230_gr041_gpu0_0] Sync pending: 448 items
Epoch 47 | val_loss: 0.77208, val_acc: 0.83620, train_loss: 1.66680, train_acc: 0.51520
Epoch 48 | val_loss: 0.77091, val_acc: 0.83300, train_loss: 1.68721, train_acc: 0.50949
[slurm61982230_gr041_gpu0_0] Sync pending: 452 items
Epoch 49 | val_loss: 0.76998, val_acc: 0.83540, train_loss: 1.70313, train_acc: 0.46176
[slurm61982230_gr041_gpu0_0] Job c8a6d149-da56-4824-958a-9495bf73ded9 completed successfully
[slurm61982230_gr041_gpu0_0] Claimed job 3bf47f0d-f3d5-497f-9526-1b20959af2fe (priority=170)
[slurm61982230_gr041_gpu0_0] Executing job 3bf47f0d-f3d5-497f-9526-1b20959af2fe with _target_=dr_exp.trainers.decon_trainer.train_classification
Epoch 0 | val_loss: 2.31572, val_acc: 0.11719
Exception ignored in: <function _MultiProcessingDataLoaderIter.__del__ at 0x14da57ddb4c0>
Traceback (most recent call last):
  File "/scratch/ddr8143/repos/dr_exp/.venv/lib/python3.12/site-packages/torch/utils/data/dataloader.py", line 1663, in __del__
    self._shutdown_workers()
  File "/scratch/ddr8143/repos/dr_exp/.venv/lib/python3.12/site-packages/torch/utils/data/dataloader.py", line 1646, in _shutdown_workers
    if w.is_alive():
       ^^^^^^^^^^^^
  File "/home/ddr8143/.local/share/uv/python/cpython-3.12.5-linux-x86_64-gnu/lib/python3.12/multiprocessing/process.py", line 160, in is_alive
    assert self._parent_pid == os.getpid(), 'can only test a child process'
           ^^^^^^^^^^^^^^^^^^^^^^^^^^^^^^^
AssertionError: can only test a child process
Exception ignored in: <function _MultiProcessingDataLoaderIter.__del__ at 0x14da57ddb4c0>
Traceback (most recent call last):
  File "/scratch/ddr8143/repos/dr_exp/.venv/lib/python3.12/site-packages/torch/utils/data/dataloader.py", line 1663, in __del__
    self._shutdown_workers()
  File "/scratch/ddr8143/repos/dr_exp/.venv/lib/python3.12/site-packages/torch/utils/data/dataloader.py", line 1646, in _shutdown_workers
    if w.is_alive():
       ^^^^^^^^^^^^
  File "/home/ddr8143/.local/share/uv/python/cpython-3.12.5-linux-x86_64-gnu/lib/python3.12/multiprocessing/process.py", line 160, in is_alive
    assert self._parent_pid == os.getpid(), 'can only test a child process'
           ^^^^^^^^^^^^^^^^^^^^^^^^^^^^^^^
AssertionError: can only test a child process
Exception ignored in: <function _MultiProcessingDataLoaderIter.__del__ at 0x14da57ddb4c0>
Traceback (most recent call last):
  File "/scratch/ddr8143/repos/dr_exp/.venv/lib/python3.12/site-packages/torch/utils/data/dataloader.py", line 1663, in __del__
    self._shutdown_workers()
  File "/scratch/ddr8143/repos/dr_exp/.venv/lib/python3.12/site-packages/torch/utils/data/dataloader.py", line 1646, in _shutdown_workers
    if w.is_alive():
       ^^^^^^^^^^^^
  File "/home/ddr8143/.local/share/uv/python/cpython-3.12.5-linux-x86_64-gnu/lib/python3.12/multiprocessing/process.py", line 160, in is_alive
    assert self._parent_pid == os.getpid(), 'can only test a child process'
           ^^^^^^^^^^^^^^^^^^^^^^^^^^^^^^^
AssertionError: can only test a child process
Exception ignored in: <function _MultiProcessingDataLoaderIter.__del__ at 0x14da57ddb4c0>
Traceback (most recent call last):
  File "/scratch/ddr8143/repos/dr_exp/.venv/lib/python3.12/site-packages/torch/utils/data/dataloader.py", line 1663, in __del__
    self._shutdown_workers()
  File "/scratch/ddr8143/repos/dr_exp/.venv/lib/python3.12/site-packages/torch/utils/data/dataloader.py", line 1646, in _shutdown_workers
    if w.is_alive():
       ^^^^^^^^^^^^
  File "/home/ddr8143/.local/share/uv/python/cpython-3.12.5-linux-x86_64-gnu/lib/python3.12/multiprocessing/process.py", line 160, in is_alive
    assert self._parent_pid == os.getpid(), 'can only test a child process'
           ^^^^^^^^^^^^^^^^^^^^^^^^^^^^^^^
AssertionError: can only test a child process
Exception ignored in: <function _MultiProcessingDataLoaderIter.__del__ at 0x14da57ddb4c0>
Traceback (most recent call last):
  File "/scratch/ddr8143/repos/dr_exp/.venv/lib/python3.12/site-packages/torch/utils/data/dataloader.py", line 1663, in __del__
Exception ignored in: <function _MultiProcessingDataLoaderIter.__del__ at 0x14da57ddb4c0>
Traceback (most recent call last):
  File "/scratch/ddr8143/repos/dr_exp/.venv/lib/python3.12/site-packages/torch/utils/data/dataloader.py", line 1663, in __del__
    self._shutdown_workers()
  File "/scratch/ddr8143/repos/dr_exp/.venv/lib/python3.12/site-packages/torch/utils/data/dataloader.py", line 1646, in _shutdown_workers
    self._shutdown_workers()
  File "/scratch/ddr8143/repos/dr_exp/.venv/lib/python3.12/site-packages/torch/utils/data/dataloader.py", line 1646, in _shutdown_workers
    if w.is_alive():
       ^^^^^^^^^^^^
  File "/home/ddr8143/.local/share/uv/python/cpython-3.12.5-linux-x86_64-gnu/lib/python3.12/multiprocessing/process.py", line 160, in is_alive
    if w.is_alive():
       ^^^^^^^^^^^^
  File "/home/ddr8143/.local/share/uv/python/cpython-3.12.5-linux-x86_64-gnu/lib/python3.12/multiprocessing/process.py", line 160, in is_alive
    assert self._parent_pid == os.getpid(), 'can only test a child process'
           ^^^^^^^^^^^^^^^^^^^^^^^^^^^^^^^
AssertionError: can only test a child process
    assert self._parent_pid == os.getpid(), 'can only test a child process'
           ^^^^^^^^^^^^^^^^^^^^^^^^^^^^^^^
AssertionError: can only test a child process
Exception ignored in: <function _MultiProcessingDataLoaderIter.__del__ at 0x14da57ddb4c0>
Traceback (most recent call last):
  File "/scratch/ddr8143/repos/dr_exp/.venv/lib/python3.12/site-packages/torch/utils/data/dataloader.py", line 1663, in __del__
    self._shutdown_workers()
  File "/scratch/ddr8143/repos/dr_exp/.venv/lib/python3.12/site-packages/torch/utils/data/dataloader.py", line 1646, in _shutdown_workers
    if w.is_alive():
       ^^^^^^^^^^^^
  File "/home/ddr8143/.local/share/uv/python/cpython-3.12.5-linux-x86_64-gnu/lib/python3.12/multiprocessing/process.py", line 160, in is_alive
    assert self._parent_pid == os.getpid(), 'can only test a child process'
           ^^^^^^^^^^^^^^^^^^^^^^^^^^^^^^^
AssertionError: can only test a child process
Exception ignored in: <function _MultiProcessingDataLoaderIter.__del__ at 0x14da57ddb4c0>
Traceback (most recent call last):
  File "/scratch/ddr8143/repos/dr_exp/.venv/lib/python3.12/site-packages/torch/utils/data/dataloader.py", line 1663, in __del__
    self._shutdown_workers()
  File "/scratch/ddr8143/repos/dr_exp/.venv/lib/python3.12/site-packages/torch/utils/data/dataloader.py", line 1646, in _shutdown_workers
    if w.is_alive():
       ^^^^^^^^^^^^
  File "/home/ddr8143/.local/share/uv/python/cpython-3.12.5-linux-x86_64-gnu/lib/python3.12/multiprocessing/process.py", line 160, in is_alive
    assert self._parent_pid == os.getpid(), 'can only test a child process'
           ^^^^^^^^^^^^^^^^^^^^^^^^^^^^^^^
AssertionError: can only test a child process
`Trainer.fit` stopped: `max_epochs=50` reached.
GPU available: True (cuda), used: True
TPU available: False, using: 0 TPU cores
HPU available: False, using: 0 HPUs
LOCAL_RANK: 0 - CUDA_VISIBLE_DEVICES: [0]

  | Name      | Type             | Params | Mode 
-------------------------------------------------------
0 | model     | CifarResNet18    | 11.2 M | train
1 | criterion | CrossEntropyLoss | 0      | train
-------------------------------------------------------
11.2 M    Trainable params
0         Non-trainable params
11.2 M    Total params
44.696    Total estimated model params size (MB)
70        Modules in train mode
0         Modules in eval mode
SLURM auto-requeueing enabled. Setting signal handlers.
[slurm61982230_gr041_gpu0_0] Sync pending: 456 items
Epoch 0 | val_loss: 2.30843, val_acc: 0.10620
Epoch 1 | val_loss: 2.05662, val_acc: 0.24120, train_loss: 2.31208, train_acc: 0.10331
[slurm61982230_gr041_gpu0_0] Sync pending: 456 items
Epoch 2 | val_loss: 1.86660, val_acc: 0.33020, train_loss: 2.26847, train_acc: 0.14402
Epoch 3 | val_loss: 1.74476, val_acc: 0.40200, train_loss: 2.19722, train_acc: 0.18771
[slurm61982230_gr041_gpu0_0] Sync pending: 456 items
Epoch 4 | val_loss: 1.60642, val_acc: 0.45000, train_loss: 2.14307, train_acc: 0.22440
[slurm61982230_gr041_gpu0_0] Sync pending: 464 items
Epoch 5 | val_loss: 1.51092, val_acc: 0.50420, train_loss: 2.10567, train_acc: 0.24851
Epoch 6 | val_loss: 1.41468, val_acc: 0.52640, train_loss: 2.07609, train_acc: 0.27518
[slurm61982230_gr041_gpu0_0] Sync pending: 468 items
Epoch 7 | val_loss: 1.34291, val_acc: 0.55500, train_loss: 2.03815, train_acc: 0.29947
Epoch 8 | val_loss: 1.29200, val_acc: 0.57480, train_loss: 2.01632, train_acc: 0.31500
[slurm61982230_gr041_gpu0_0] Sync pending: 472 items
Epoch 9 | val_loss: 1.20729, val_acc: 0.62120, train_loss: 1.98888, train_acc: 0.34276
[slurm61982230_gr041_gpu0_0] Sync pending: 472 items
Epoch 10 | val_loss: 1.18348, val_acc: 0.64460, train_loss: 1.95061, train_acc: 0.33580
Epoch 11 | val_loss: 1.12686, val_acc: 0.64540, train_loss: 1.93903, train_acc: 0.35176
[slurm61982230_gr041_gpu0_0] Sync pending: 472 items
Epoch 12 | val_loss: 1.08092, val_acc: 0.67020, train_loss: 1.92362, train_acc: 0.37644
Epoch 13 | val_loss: 1.10792, val_acc: 0.66760, train_loss: 1.90873, train_acc: 0.38327
[slurm61982230_gr041_gpu0_0] Sync pending: 476 items
Epoch 14 | val_loss: 1.02906, val_acc: 0.69320, train_loss: 1.89550, train_acc: 0.40827
[slurm61982230_gr041_gpu0_0] Sync pending: 476 items
Epoch 15 | val_loss: 1.08021, val_acc: 0.68140, train_loss: 1.85849, train_acc: 0.42491
Epoch 16 | val_loss: 0.98884, val_acc: 0.72200, train_loss: 1.84909, train_acc: 0.42207
[slurm61982230_gr041_gpu0_0] Sync pending: 480 items
Epoch 17 | val_loss: 0.99360, val_acc: 0.72080, train_loss: 1.86470, train_acc: 0.40996
Epoch 18 | val_loss: 0.96504, val_acc: 0.73740, train_loss: 1.83355, train_acc: 0.40816
[slurm61982230_gr041_gpu0_0] Sync pending: 480 items
Epoch 19 | val_loss: 0.94838, val_acc: 0.75020, train_loss: 1.82789, train_acc: 0.43709
[slurm61982230_gr041_gpu0_0] Sync pending: 480 items
Epoch 20 | val_loss: 0.91675, val_acc: 0.75220, train_loss: 1.81501, train_acc: 0.43222
Epoch 21 | val_loss: 0.90015, val_acc: 0.76520, train_loss: 1.81491, train_acc: 0.41520
[slurm61982230_gr041_gpu0_0] Sync pending: 480 items
Epoch 22 | val_loss: 0.96203, val_acc: 0.74780, train_loss: 1.80641, train_acc: 0.46109
Epoch 23 | val_loss: 0.90571, val_acc: 0.77380, train_loss: 1.81645, train_acc: 0.46482
[slurm61982230_gr041_gpu0_0] Sync pending: 484 items
Epoch 24 | val_loss: 0.87963, val_acc: 0.77260, train_loss: 1.78091, train_acc: 0.45333
[slurm61982230_gr041_gpu0_0] Sync pending: 484 items
Epoch 25 | val_loss: 0.89986, val_acc: 0.77500, train_loss: 1.77172, train_acc: 0.46116
Epoch 26 | val_loss: 0.85107, val_acc: 0.78480, train_loss: 1.78884, train_acc: 0.45762
[slurm61982230_gr041_gpu0_0] Sync pending: 484 items
Epoch 27 | val_loss: 0.87355, val_acc: 0.78360, train_loss: 1.77319, train_acc: 0.45838
Epoch 28 | val_loss: 0.86143, val_acc: 0.78620, train_loss: 1.78885, train_acc: 0.44427
[slurm61982230_gr041_gpu0_0] Sync pending: 484 items
Epoch 29 | val_loss: 0.85518, val_acc: 0.79340, train_loss: 1.78061, train_acc: 0.44889
Epoch 30 | val_loss: 0.83346, val_acc: 0.79560, train_loss: 1.77386, train_acc: 0.43549
[slurm61982230_gr041_gpu0_0] Sync pending: 488 items
Epoch 31 | val_loss: 0.82410, val_acc: 0.80020, train_loss: 1.75607, train_acc: 0.46847
[slurm61982230_gr041_gpu0_0] Sync pending: 488 items
Epoch 32 | val_loss: 0.84826, val_acc: 0.79480, train_loss: 1.74650, train_acc: 0.46058
Epoch 33 | val_loss: 0.84475, val_acc: 0.80060, train_loss: 1.74888, train_acc: 0.48140
[slurm61982230_gr041_gpu0_0] Sync pending: 492 items
Epoch 34 | val_loss: 0.83016, val_acc: 0.79600, train_loss: 1.74817, train_acc: 0.49384
Epoch 35 | val_loss: 0.82400, val_acc: 0.80320, train_loss: 1.74713, train_acc: 0.48504
[slurm61982230_gr041_gpu0_0] Sync pending: 492 items
Epoch 36 | val_loss: 0.80192, val_acc: 0.80840, train_loss: 1.74090, train_acc: 0.45136
[slurm61982230_gr041_gpu0_0] Sync pending: 500 items
Epoch 37 | val_loss: 0.80568, val_acc: 0.80360, train_loss: 1.75619, train_acc: 0.46173
Epoch 38 | val_loss: 0.82071, val_acc: 0.80600, train_loss: 1.71303, train_acc: 0.47987
[slurm61982230_gr041_gpu0_0] Sync pending: 504 items
Epoch 39 | val_loss: 0.83135, val_acc: 0.80500, train_loss: 1.73626, train_acc: 0.46707
Epoch 40 | val_loss: 0.83108, val_acc: 0.80660, train_loss: 1.73721, train_acc: 0.49656
[slurm61982230_gr041_gpu0_0] Sync pending: 508 items
Epoch 41 | val_loss: 0.81291, val_acc: 0.80840, train_loss: 1.74754, train_acc: 0.46118
[slurm61982230_gr041_gpu0_0] Sync pending: 520 items
Epoch 42 | val_loss: 0.82641, val_acc: 0.81580, train_loss: 1.74052, train_acc: 0.46540
Epoch 43 | val_loss: 0.80380, val_acc: 0.81240, train_loss: 1.72881, train_acc: 0.46653
[slurm61982230_gr041_gpu0_0] Sync pending: 524 items
Epoch 44 | val_loss: 0.81587, val_acc: 0.81040, train_loss: 1.70024, train_acc: 0.50358
Epoch 45 | val_loss: 0.79641, val_acc: 0.81440, train_loss: 1.73157, train_acc: 0.48827
[slurm61982230_gr041_gpu0_0] Sync pending: 524 items
Epoch 46 | val_loss: 0.81538, val_acc: 0.81420, train_loss: 1.73654, train_acc: 0.48936
[slurm61982230_gr041_gpu0_0] Sync pending: 524 items
Epoch 47 | val_loss: 0.81980, val_acc: 0.81340, train_loss: 1.74027, train_acc: 0.47911
Epoch 48 | val_loss: 0.82526, val_acc: 0.80960, train_loss: 1.73514, train_acc: 0.46833
[slurm61982230_gr041_gpu0_0] Sync pending: 524 items
Epoch 49 | val_loss: 0.80921, val_acc: 0.81160, train_loss: 1.70058, train_acc: 0.49222
[slurm61982230_gr041_gpu0_0] Job 3bf47f0d-f3d5-497f-9526-1b20959af2fe completed successfully
[slurm61982230_gr041_gpu0_0] Claimed job 83a10c1e-1094-4ca5-8aa4-f05bf5c35b45 (priority=145)
[slurm61982230_gr041_gpu0_0] Executing job 83a10c1e-1094-4ca5-8aa4-f05bf5c35b45 with _target_=dr_exp.trainers.decon_trainer.train_classification
Exception ignored in: <function _MultiProcessingDataLoaderIter.__del__ at 0x14da57ddb4c0>
Traceback (most recent call last):
  File "/scratch/ddr8143/repos/dr_exp/.venv/lib/python3.12/site-packages/torch/utils/data/dataloader.py", line 1663, in __del__
Exception ignored in: <function _MultiProcessingDataLoaderIter.__del__ at 0x14da57ddb4c0>
Traceback (most recent call last):
Exception ignored in: <function _MultiProcessingDataLoaderIter.__del__ at 0x14da57ddb4c0>
  File "/scratch/ddr8143/repos/dr_exp/.venv/lib/python3.12/site-packages/torch/utils/data/dataloader.py", line 1663, in __del__
Traceback (most recent call last):
  File "/scratch/ddr8143/repos/dr_exp/.venv/lib/python3.12/site-packages/torch/utils/data/dataloader.py", line 1663, in __del__
    self._shutdown_workers()
  File "/scratch/ddr8143/repos/dr_exp/.venv/lib/python3.12/site-packages/torch/utils/data/dataloader.py", line 1646, in _shutdown_workers
    self._shutdown_workers()
    self._shutdown_workers()
  File "/scratch/ddr8143/repos/dr_exp/.venv/lib/python3.12/site-packages/torch/utils/data/dataloader.py", line 1646, in _shutdown_workers
  File "/scratch/ddr8143/repos/dr_exp/.venv/lib/python3.12/site-packages/torch/utils/data/dataloader.py", line 1646, in _shutdown_workers
Exception ignored in: <function _MultiProcessingDataLoaderIter.__del__ at 0x14da57ddb4c0>
    if w.is_alive():
       ^^^^^^^^^^^^
  File "/home/ddr8143/.local/share/uv/python/cpython-3.12.5-linux-x86_64-gnu/lib/python3.12/multiprocessing/process.py", line 160, in is_alive
Traceback (most recent call last):
  File "/scratch/ddr8143/repos/dr_exp/.venv/lib/python3.12/site-packages/torch/utils/data/dataloader.py", line 1663, in __del__
    assert self._parent_pid == os.getpid(), 'can only test a child process'
           ^^^^^^^^^^^^^^^^^^^^^^^^^^^^^^^
    if w.is_alive():
AssertionError: can only test a child process
    if w.is_alive():
       ^^^^^^^^^^^^
  File "/home/ddr8143/.local/share/uv/python/cpython-3.12.5-linux-x86_64-gnu/lib/python3.12/multiprocessing/process.py", line 160, in is_alive
       ^^^^^^^^^^^^
  File "/home/ddr8143/.local/share/uv/python/cpython-3.12.5-linux-x86_64-gnu/lib/python3.12/multiprocessing/process.py", line 160, in is_alive
    assert self._parent_pid == os.getpid(), 'can only test a child process'
    assert self._parent_pid == os.getpid(), 'can only test a child process'
           ^^^^^^^^^^^^^^^^^^^^^^^^^^^^^^^
           ^^^^^^^^^^^^^^^^^^^^^^^^^^^^^^^
AssertionError: can only test a child process
AssertionError: can only test a child process
    self._shutdown_workers()
  File "/scratch/ddr8143/repos/dr_exp/.venv/lib/python3.12/site-packages/torch/utils/data/dataloader.py", line 1646, in _shutdown_workers
    if w.is_alive():
       ^^^^^^^^^^^^
  File "/home/ddr8143/.local/share/uv/python/cpython-3.12.5-linux-x86_64-gnu/lib/python3.12/multiprocessing/process.py", line 160, in is_alive
    assert self._parent_pid == os.getpid(), 'can only test a child process'
           ^^^^^^^^^^^^^^^^^^^^^^^^^^^^^^^
AssertionError: can only test a child process
Epoch 0 | val_loss: 2.33509, val_acc: 0.10938
`Trainer.fit` stopped: `max_epochs=50` reached.
GPU available: True (cuda), used: True
TPU available: False, using: 0 TPU cores
HPU available: False, using: 0 HPUs
LOCAL_RANK: 0 - CUDA_VISIBLE_DEVICES: [0]

  | Name      | Type             | Params | Mode 
-------------------------------------------------------
0 | model     | CifarAlexNet     | 2.4 M  | train
1 | criterion | CrossEntropyLoss | 0      | train
-------------------------------------------------------
2.4 M     Trainable params
0         Non-trainable params
2.4 M     Total params
9.768     Total estimated model params size (MB)
24        Modules in train mode
0         Modules in eval mode
SLURM auto-requeueing enabled. Setting signal handlers.
[slurm61982230_gr041_gpu0_0] Sync pending: 528 items
Epoch 0 | val_loss: 1.33075, val_acc: 0.51160
Epoch 1 | val_loss: 1.14979, val_acc: 0.61020, train_loss: 1.86389, train_acc: 0.36300
[slurm61982230_gr041_gpu0_0] Sync pending: 528 items
Epoch 2 | val_loss: 0.98633, val_acc: 0.66160, train_loss: 1.44932, train_acc: 0.56987
Epoch 3 | val_loss: 0.81890, val_acc: 0.73300, train_loss: 1.23369, train_acc: 0.67838
[slurm61982230_gr041_gpu0_0] Sync pending: 532 items
Epoch 4 | val_loss: 0.71148, val_acc: 0.76620, train_loss: 1.11251, train_acc: 0.73527
Epoch 5 | val_loss: 0.70931, val_acc: 0.77420, train_loss: 1.03780, train_acc: 0.76631
[slurm61982230_gr041_gpu0_0] Sync pending: 540 items
Epoch 6 | val_loss: 0.67065, val_acc: 0.79360, train_loss: 0.98510, train_acc: 0.79196
Epoch 7 | val_loss: 0.67166, val_acc: 0.78540, train_loss: 0.94874, train_acc: 0.80580
[slurm61982230_gr041_gpu0_0] Sync pending: 540 items
Epoch 8 | val_loss: 0.67942, val_acc: 0.79360, train_loss: 0.91132, train_acc: 0.82356
Epoch 9 | val_loss: 0.57461, val_acc: 0.82720, train_loss: 0.88724, train_acc: 0.83316
[slurm61982230_gr041_gpu0_0] Sync pending: 544 items
Epoch 10 | val_loss: 0.53074, val_acc: 0.83500, train_loss: 0.86574, train_acc: 0.84493
Epoch 11 | val_loss: 0.51769, val_acc: 0.84180, train_loss: 0.84759, train_acc: 0.84931
[slurm61982230_gr041_gpu0_0] Sync pending: 544 items
Epoch 12 | val_loss: 0.61039, val_acc: 0.81140, train_loss: 0.82897, train_acc: 0.85793
Epoch 13 | val_loss: 0.54522, val_acc: 0.83260, train_loss: 0.81894, train_acc: 0.86287
[slurm61982230_gr041_gpu0_0] Sync pending: 548 items
Epoch 14 | val_loss: 0.58273, val_acc: 0.82160, train_loss: 0.80531, train_acc: 0.86958
[slurm61982230_gr041_gpu0_0] Sync pending: 548 items
Epoch 15 | val_loss: 0.48709, val_acc: 0.85200, train_loss: 0.79541, train_acc: 0.87393
Epoch 16 | val_loss: 0.50245, val_acc: 0.85260, train_loss: 0.78796, train_acc: 0.87522
[slurm61982230_gr041_gpu0_0] Sync pending: 548 items
Epoch 17 | val_loss: 0.49233, val_acc: 0.85280, train_loss: 0.78222, train_acc: 0.87793
Epoch 18 | val_loss: 0.50071, val_acc: 0.85460, train_loss: 0.77452, train_acc: 0.88304
[slurm61982230_gr041_gpu0_0] Sync pending: 552 items
Epoch 19 | val_loss: 0.47742, val_acc: 0.85520, train_loss: 0.76696, train_acc: 0.88656
Epoch 20 | val_loss: 0.45397, val_acc: 0.86540, train_loss: 0.76580, train_acc: 0.88542
[slurm61982230_gr041_gpu0_0] Sync pending: 552 items
Epoch 21 | val_loss: 0.50315, val_acc: 0.84400, train_loss: 0.75841, train_acc: 0.88787
Epoch 22 | val_loss: 0.50861, val_acc: 0.84360, train_loss: 0.75725, train_acc: 0.89011
[slurm61982230_gr041_gpu0_0] Sync pending: 556 items
Epoch 23 | val_loss: 0.49402, val_acc: 0.85440, train_loss: 0.75335, train_acc: 0.89213
Epoch 24 | val_loss: 0.48200, val_acc: 0.86060, train_loss: 0.74718, train_acc: 0.89471
[slurm61982230_gr041_gpu0_0] Sync pending: 556 items
Epoch 25 | val_loss: 0.42753, val_acc: 0.87600, train_loss: 0.74687, train_acc: 0.89460
Epoch 26 | val_loss: 0.49355, val_acc: 0.85640, train_loss: 0.74200, train_acc: 0.89551
[slurm61982230_gr041_gpu0_0] Sync pending: 556 items
Epoch 27 | val_loss: 0.48481, val_acc: 0.85540, train_loss: 0.73552, train_acc: 0.90016
Epoch 28 | val_loss: 0.47966, val_acc: 0.86260, train_loss: 0.73224, train_acc: 0.90002
[slurm61982230_gr041_gpu0_0] Sync pending: 560 items
Epoch 29 | val_loss: 0.46232, val_acc: 0.86460, train_loss: 0.73557, train_acc: 0.89858
Epoch 30 | val_loss: 0.31477, val_acc: 0.91920, train_loss: 0.73235, train_acc: 0.90122
[slurm61982230_gr041_gpu0_0] Sync pending: 560 items
Epoch 31 | val_loss: 0.30634, val_acc: 0.92160, train_loss: 0.63903, train_acc: 0.94373
[slurm61982230_gr041_gpu0_0] Sync pending: 564 items
Epoch 32 | val_loss: 0.30041, val_acc: 0.92460, train_loss: 0.60409, train_acc: 0.95891
Epoch 33 | val_loss: 0.30668, val_acc: 0.92200, train_loss: 0.59117, train_acc: 0.96449
[slurm61982230_gr041_gpu0_0] Sync pending: 564 items
Epoch 34 | val_loss: 0.29637, val_acc: 0.92940, train_loss: 0.58564, train_acc: 0.96709
Epoch 35 | val_loss: 0.29036, val_acc: 0.93040, train_loss: 0.57794, train_acc: 0.97118
[slurm61982230_gr041_gpu0_0] Sync pending: 572 items
Epoch 36 | val_loss: 0.28791, val_acc: 0.93020, train_loss: 0.57352, train_acc: 0.97218
Epoch 37 | val_loss: 0.28530, val_acc: 0.93180, train_loss: 0.56644, train_acc: 0.97662
[slurm61982230_gr041_gpu0_0] Sync pending: 576 items
Epoch 38 | val_loss: 0.28546, val_acc: 0.93200, train_loss: 0.56599, train_acc: 0.97622
Epoch 39 | val_loss: 0.29626, val_acc: 0.92640, train_loss: 0.55838, train_acc: 0.97942
[slurm61982230_gr041_gpu0_0] Sync pending: 580 items
Epoch 40 | val_loss: 0.29408, val_acc: 0.92760, train_loss: 0.55781, train_acc: 0.97971
Epoch 41 | val_loss: 0.28890, val_acc: 0.93000, train_loss: 0.55472, train_acc: 0.98093
[slurm61982230_gr041_gpu0_0] Sync pending: 592 items
Epoch 42 | val_loss: 0.28647, val_acc: 0.93000, train_loss: 0.55135, train_acc: 0.98227
Epoch 43 | val_loss: 0.28155, val_acc: 0.93100, train_loss: 0.54925, train_acc: 0.98309
[slurm61982230_gr041_gpu0_0] Sync pending: 596 items
Epoch 44 | val_loss: 0.28802, val_acc: 0.93100, train_loss: 0.54699, train_acc: 0.98398
Epoch 45 | val_loss: 0.28251, val_acc: 0.93060, train_loss: 0.54526, train_acc: 0.98400
[slurm61982230_gr041_gpu0_0] Sync pending: 596 items
Epoch 46 | val_loss: 0.29082, val_acc: 0.93140, train_loss: 0.54300, train_acc: 0.98469
[slurm61982230_gr041_gpu0_0] Sync pending: 596 items
Epoch 47 | val_loss: 0.28397, val_acc: 0.93480, train_loss: 0.53899, train_acc: 0.98700
Epoch 48 | val_loss: 0.28222, val_acc: 0.93560, train_loss: 0.53943, train_acc: 0.98673
[slurm61982230_gr041_gpu0_0] Sync pending: 596 items
Epoch 49 | val_loss: 0.29031, val_acc: 0.93360, train_loss: 0.53539, train_acc: 0.98864
[slurm61982230_gr041_gpu0_0] Job 83a10c1e-1094-4ca5-8aa4-f05bf5c35b45 completed successfully
[slurm61982230_gr041_gpu0_0] Claimed job 92722703-350e-4dba-a341-2a338ce0accc (priority=115)
[slurm61982230_gr041_gpu0_0] Executing job 92722703-350e-4dba-a341-2a338ce0accc with _target_=dr_exp.trainers.decon_trainer.train_classification
Epoch 0 | val_loss: 2.34032, val_acc: 0.10938
`Trainer.fit` stopped: `max_epochs=50` reached.
GPU available: True (cuda), used: True
TPU available: False, using: 0 TPU cores
HPU available: False, using: 0 HPUs
LOCAL_RANK: 0 - CUDA_VISIBLE_DEVICES: [0]

  | Name      | Type             | Params | Mode 
-------------------------------------------------------
0 | model     | CifarAlexNet     | 2.4 M  | train
1 | criterion | CrossEntropyLoss | 0      | train
-------------------------------------------------------
2.4 M     Trainable params
0         Non-trainable params
2.4 M     Total params
9.768     Total estimated model params size (MB)
24        Modules in train mode
0         Modules in eval mode
SLURM auto-requeueing enabled. Setting signal handlers.
Epoch 0 | val_loss: 1.30358, val_acc: 0.53060
Epoch 1 | val_loss: 1.16256, val_acc: 0.59480, train_loss: 1.76843, train_acc: 0.42204
[slurm61982230_gr041_gpu0_0] Sync pending: 600 items
Epoch 2 | val_loss: 1.10754, val_acc: 0.62440, train_loss: 1.47916, train_acc: 0.55698
Epoch 3 | val_loss: 0.96219, val_acc: 0.68140, train_loss: 1.36353, train_acc: 0.61411
Epoch 4 | val_loss: 0.93193, val_acc: 0.68580, train_loss: 1.29794, train_acc: 0.64460
[slurm61982230_gr041_gpu0_0] Sync pending: 604 items
Epoch 5 | val_loss: 0.87459, val_acc: 0.70600, train_loss: 1.23324, train_acc: 0.67891
Epoch 6 | val_loss: 0.89233, val_acc: 0.70100, train_loss: 1.20198, train_acc: 0.69191
Epoch 7 | val_loss: 0.84763, val_acc: 0.72600, train_loss: 1.17078, train_acc: 0.70644
[slurm61982230_gr041_gpu0_0] Sync pending: 608 items
Epoch 8 | val_loss: 0.85979, val_acc: 0.71100, train_loss: 1.13568, train_acc: 0.72280
Epoch 9 | val_loss: 0.82699, val_acc: 0.72700, train_loss: 1.11399, train_acc: 0.73291
[slurm61982230_gr041_gpu0_0] Sync pending: 612 items
Epoch 10 | val_loss: 0.83423, val_acc: 0.72780, train_loss: 1.09931, train_acc: 0.73862
Epoch 11 | val_loss: 0.75968, val_acc: 0.75040, train_loss: 1.08129, train_acc: 0.74802
Epoch 12 | val_loss: 0.81083, val_acc: 0.73240, train_loss: 1.06531, train_acc: 0.75338
[slurm61982230_gr041_gpu0_0] Sync pending: 616 items
Epoch 13 | val_loss: 0.79974, val_acc: 0.73880, train_loss: 1.06076, train_acc: 0.75444
Epoch 14 | val_loss: 0.74117, val_acc: 0.76460, train_loss: 1.04347, train_acc: 0.76407
Epoch 15 | val_loss: 0.74784, val_acc: 0.75340, train_loss: 1.03786, train_acc: 0.76633
[slurm61982230_gr041_gpu0_0] Sync pending: 616 items
Epoch 16 | val_loss: 0.74888, val_acc: 0.75800, train_loss: 1.02210, train_acc: 0.77251
Epoch 17 | val_loss: 0.73285, val_acc: 0.76600, train_loss: 1.02053, train_acc: 0.77451
Epoch 18 | val_loss: 0.80128, val_acc: 0.74120, train_loss: 1.01073, train_acc: 0.77793
[slurm61982230_gr041_gpu0_0] Sync pending: 616 items
Epoch 19 | val_loss: 0.75997, val_acc: 0.75540, train_loss: 1.00647, train_acc: 0.78142
Epoch 20 | val_loss: 0.73834, val_acc: 0.76200, train_loss: 0.99261, train_acc: 0.78644
Epoch 21 | val_loss: 0.77039, val_acc: 0.75840, train_loss: 0.99399, train_acc: 0.78689
[slurm61982230_gr041_gpu0_0] Sync pending: 620 items
Epoch 22 | val_loss: 0.70363, val_acc: 0.77720, train_loss: 0.98967, train_acc: 0.78540
Epoch 23 | val_loss: 0.71395, val_acc: 0.77260, train_loss: 0.98897, train_acc: 0.79158
Epoch 24 | val_loss: 0.69305, val_acc: 0.78340, train_loss: 0.97532, train_acc: 0.79389
[slurm61982230_gr041_gpu0_0] Sync pending: 620 items
Epoch 25 | val_loss: 0.74040, val_acc: 0.76940, train_loss: 0.98016, train_acc: 0.79302
Epoch 26 | val_loss: 0.69774, val_acc: 0.77760, train_loss: 0.96871, train_acc: 0.79891
Epoch 27 | val_loss: 0.67348, val_acc: 0.78680, train_loss: 0.96370, train_acc: 0.80049
[slurm61982230_gr041_gpu0_0] Sync pending: 624 items
Epoch 28 | val_loss: 0.67276, val_acc: 0.79180, train_loss: 0.96425, train_acc: 0.79927
Epoch 29 | val_loss: 0.69081, val_acc: 0.78180, train_loss: 0.95069, train_acc: 0.80544
Epoch 30 | val_loss: 0.56572, val_acc: 0.82740, train_loss: 0.96188, train_acc: 0.80040
[slurm61982230_gr041_gpu0_0] Sync pending: 624 items
Epoch 31 | val_loss: 0.55515, val_acc: 0.83440, train_loss: 0.82853, train_acc: 0.86069
Epoch 32 | val_loss: 0.55957, val_acc: 0.82780, train_loss: 0.79490, train_acc: 0.87744
Epoch 33 | val_loss: 0.55092, val_acc: 0.83100, train_loss: 0.78004, train_acc: 0.88471
[slurm61982230_gr041_gpu0_0] Sync pending: 624 items
Epoch 34 | val_loss: 0.54787, val_acc: 0.83740, train_loss: 0.76659, train_acc: 0.89111
Epoch 35 | val_loss: 0.54685, val_acc: 0.83380, train_loss: 0.76075, train_acc: 0.89229
Epoch 36 | val_loss: 0.53269, val_acc: 0.84200, train_loss: 0.75150, train_acc: 0.89711
[slurm61982230_gr041_gpu0_0] Sync pending: 628 items
Epoch 37 | val_loss: 0.53593, val_acc: 0.83720, train_loss: 0.74641, train_acc: 0.89998
Epoch 38 | val_loss: 0.53999, val_acc: 0.83700, train_loss: 0.74154, train_acc: 0.90278
Epoch 39 | val_loss: 0.53718, val_acc: 0.83840, train_loss: 0.73469, train_acc: 0.90631
[slurm61982230_gr041_gpu0_0] Sync pending: 632 items
Epoch 40 | val_loss: 0.53478, val_acc: 0.84060, train_loss: 0.72835, train_acc: 0.90927
Epoch 41 | val_loss: 0.53082, val_acc: 0.84100, train_loss: 0.72640, train_acc: 0.91060
Epoch 42 | val_loss: 0.51541, val_acc: 0.84480, train_loss: 0.72115, train_acc: 0.91220
[slurm61982230_gr041_gpu0_0] Sync pending: 632 items
Epoch 43 | val_loss: 0.51850, val_acc: 0.84640, train_loss: 0.71401, train_acc: 0.91722
Epoch 44 | val_loss: 0.52783, val_acc: 0.84120, train_loss: 0.71376, train_acc: 0.91578
[slurm61982230_gr041_gpu0_0] Sync pending: 636 items
Epoch 45 | val_loss: 0.53424, val_acc: 0.84500, train_loss: 0.71181, train_acc: 0.91651
Epoch 46 | val_loss: 0.52372, val_acc: 0.84620, train_loss: 0.70432, train_acc: 0.92078
Epoch 47 | val_loss: 0.52302, val_acc: 0.83980, train_loss: 0.70192, train_acc: 0.92309
[slurm61982230_gr041_gpu0_0] Sync pending: 640 items
Epoch 48 | val_loss: 0.52580, val_acc: 0.84460, train_loss: 0.69832, train_acc: 0.92376
Epoch 49 | val_loss: 0.53532, val_acc: 0.84140, train_loss: 0.69562, train_acc: 0.92560
[slurm61982230_gr041_gpu0_0] Job 92722703-350e-4dba-a341-2a338ce0accc completed successfully
[slurm61982230_gr041_gpu0_0] Claimed job 0eacfe24-edab-42ff-a438-62bfbcb8aa8c (priority=105)
[slurm61982230_gr041_gpu0_0] Executing job 0eacfe24-edab-42ff-a438-62bfbcb8aa8c with _target_=dr_exp.trainers.decon_trainer.train_classification
Epoch 0 | val_loss: 2.33595, val_acc: 0.09375
`Trainer.fit` stopped: `max_epochs=50` reached.
