2025-06-12 02:07:17,821 - dr_exp.worker.launcher - INFO - Starting launcher on node gr036
2025-06-12 02:07:17,821 - dr_exp.worker.launcher - INFO - Found 1 GPUs: [0]
2025-06-12 02:07:17,821 - dr_exp.worker.launcher - INFO - Spawning worker slurm61982226_gr036_gpu0_0 on GPU 0
2025-06-12 02:07:17,980 - dr_exp.worker.launcher - INFO - Running maintenance
2025-06-12 02:07:17,997 - dr_exp.worker.launcher - INFO - Workers alive: 1
2025-06-12 02:07:18,015 - dr_exp.worker.launcher - INFO - Jobs queued: 115
2025-06-12 02:07:18,015 - dr_exp.worker.launcher - INFO - Runtime: 0.0 hours
2025-06-12 02:17:18,784 - dr_exp.worker.launcher - INFO - Running maintenance
2025-06-12 02:17:18,801 - dr_exp.worker.launcher - INFO - Workers alive: 1
2025-06-12 02:17:18,819 - dr_exp.worker.launcher - INFO - Jobs queued: 109
2025-06-12 02:17:18,819 - dr_exp.worker.launcher - INFO - Runtime: 0.2 hours
2025-06-12 02:27:19,611 - dr_exp.worker.launcher - INFO - Running maintenance
2025-06-12 02:27:19,630 - dr_exp.worker.launcher - INFO - Workers alive: 1
2025-06-12 02:27:19,648 - dr_exp.worker.launcher - INFO - Jobs queued: 95
2025-06-12 02:27:19,648 - dr_exp.worker.launcher - INFO - Runtime: 0.3 hours
2025-06-12 02:37:20,446 - dr_exp.worker.launcher - INFO - Running maintenance
2025-06-12 02:37:20,463 - dr_exp.worker.launcher - INFO - Workers alive: 1
2025-06-12 02:37:20,480 - dr_exp.worker.launcher - INFO - Jobs queued: 84
2025-06-12 02:37:20,480 - dr_exp.worker.launcher - INFO - Runtime: 0.5 hours
2025-06-12 02:47:21,256 - dr_exp.worker.launcher - INFO - Running maintenance
2025-06-12 02:47:21,275 - dr_exp.worker.launcher - INFO - Workers alive: 1
2025-06-12 02:47:21,295 - dr_exp.worker.launcher - INFO - Jobs queued: 73
2025-06-12 02:47:21,295 - dr_exp.worker.launcher - INFO - Runtime: 0.7 hours
2025-06-12 02:57:22,136 - dr_exp.worker.launcher - INFO - Running maintenance
2025-06-12 02:57:22,155 - dr_exp.worker.launcher - INFO - Workers alive: 1
2025-06-12 02:57:22,173 - dr_exp.worker.launcher - INFO - Jobs queued: 63
2025-06-12 02:57:22,173 - dr_exp.worker.launcher - INFO - Runtime: 0.8 hours
2025-06-12 03:07:22,978 - dr_exp.worker.launcher - INFO - Running maintenance
2025-06-12 03:07:22,995 - dr_exp.worker.launcher - INFO - Workers alive: 1
2025-06-12 03:07:23,011 - dr_exp.worker.launcher - INFO - Jobs queued: 48
2025-06-12 03:07:23,011 - dr_exp.worker.launcher - INFO - Runtime: 1.0 hours
2025-06-12 03:17:23,816 - dr_exp.worker.launcher - INFO - Running maintenance
2025-06-12 03:17:23,835 - dr_exp.worker.launcher - INFO - Workers alive: 1
2025-06-12 03:17:23,852 - dr_exp.worker.launcher - INFO - Jobs queued: 36
2025-06-12 03:17:23,853 - dr_exp.worker.launcher - INFO - Runtime: 1.2 hours
2025-06-12 03:27:24,694 - dr_exp.worker.launcher - INFO - Running maintenance
2025-06-12 03:27:24,712 - dr_exp.worker.launcher - INFO - Workers alive: 1
2025-06-12 03:27:24,729 - dr_exp.worker.launcher - INFO - Jobs queued: 24
2025-06-12 03:27:24,730 - dr_exp.worker.launcher - INFO - Runtime: 1.3 hours
2025-06-12 03:37:25,523 - dr_exp.worker.launcher - INFO - Running maintenance
2025-06-12 03:37:25,540 - dr_exp.worker.launcher - INFO - Workers alive: 1
2025-06-12 03:37:25,556 - dr_exp.worker.launcher - INFO - Jobs queued: 10
2025-06-12 03:37:25,557 - dr_exp.worker.launcher - INFO - Runtime: 1.5 hours
2025-06-12 03:47:26,312 - dr_exp.worker.launcher - INFO - Running maintenance
2025-06-12 03:47:26,329 - dr_exp.worker.launcher - INFO - Workers alive: 1
2025-06-12 03:47:26,345 - dr_exp.worker.launcher - INFO - Jobs queued: 0
2025-06-12 03:47:26,345 - dr_exp.worker.launcher - INFO - Runtime: 1.7 hours
2025-06-12 03:57:27,042 - dr_exp.worker.launcher - INFO - Running maintenance
2025-06-12 03:57:27,059 - dr_exp.worker.launcher - INFO - Workers alive: 1
2025-06-12 03:57:27,075 - dr_exp.worker.launcher - INFO - Jobs queued: 0
2025-06-12 03:57:27,075 - dr_exp.worker.launcher - INFO - Runtime: 1.8 hours
2025-06-12 04:07:27,776 - dr_exp.worker.launcher - INFO - Running maintenance
2025-06-12 04:07:27,793 - dr_exp.worker.launcher - INFO - Workers alive: 1
2025-06-12 04:07:27,809 - dr_exp.worker.launcher - INFO - Jobs queued: 0
2025-06-12 04:07:27,809 - dr_exp.worker.launcher - INFO - Runtime: 2.0 hours
2025-06-12 04:17:28,478 - dr_exp.worker.launcher - INFO - Running maintenance
2025-06-12 04:17:28,494 - dr_exp.worker.launcher - INFO - Workers alive: 1
2025-06-12 04:17:28,509 - dr_exp.worker.launcher - INFO - Jobs queued: 0
2025-06-12 04:17:28,509 - dr_exp.worker.launcher - INFO - Runtime: 2.2 hours
2025-06-12 04:27:29,194 - dr_exp.worker.launcher - INFO - Running maintenance
2025-06-12 04:27:29,210 - dr_exp.worker.launcher - INFO - Workers alive: 1
2025-06-12 04:27:29,226 - dr_exp.worker.launcher - INFO - Jobs queued: 0
2025-06-12 04:27:29,226 - dr_exp.worker.launcher - INFO - Runtime: 2.3 hours
2025-06-12 04:37:29,889 - dr_exp.worker.launcher - INFO - Running maintenance
2025-06-12 04:37:29,930 - dr_exp.worker.launcher - INFO - Workers alive: 1
2025-06-12 04:37:29,945 - dr_exp.worker.launcher - INFO - Jobs queued: 0
2025-06-12 04:37:29,945 - dr_exp.worker.launcher - INFO - Runtime: 2.5 hours
2025-06-12 04:47:30,612 - dr_exp.worker.launcher - INFO - Running maintenance
2025-06-12 04:47:30,629 - dr_exp.worker.launcher - INFO - Workers alive: 1
2025-06-12 04:47:30,644 - dr_exp.worker.launcher - INFO - Jobs queued: 0
2025-06-12 04:47:30,644 - dr_exp.worker.launcher - INFO - Runtime: 2.7 hours
2025-06-12 04:57:31,357 - dr_exp.worker.launcher - INFO - Running maintenance
2025-06-12 04:57:31,374 - dr_exp.worker.launcher - INFO - Workers alive: 1
2025-06-12 04:57:31,390 - dr_exp.worker.launcher - INFO - Jobs queued: 0
2025-06-12 04:57:31,390 - dr_exp.worker.launcher - INFO - Runtime: 2.8 hours
2025-06-12 05:07:32,097 - dr_exp.worker.launcher - INFO - Running maintenance
2025-06-12 05:07:32,114 - dr_exp.worker.launcher - INFO - Workers alive: 1
2025-06-12 05:07:32,130 - dr_exp.worker.launcher - INFO - Jobs queued: 0
2025-06-12 05:07:32,130 - dr_exp.worker.launcher - INFO - Runtime: 3.0 hours
2025-06-12 05:17:32,834 - dr_exp.worker.launcher - INFO - Running maintenance
2025-06-12 05:17:32,851 - dr_exp.worker.launcher - INFO - Workers alive: 1
2025-06-12 05:17:32,867 - dr_exp.worker.launcher - INFO - Jobs queued: 0
2025-06-12 05:17:32,867 - dr_exp.worker.launcher - INFO - Runtime: 3.2 hours
2025-06-12 05:27:33,571 - dr_exp.worker.launcher - INFO - Running maintenance
2025-06-12 05:27:33,589 - dr_exp.worker.launcher - INFO - Workers alive: 1
2025-06-12 05:27:33,605 - dr_exp.worker.launcher - INFO - Jobs queued: 0
2025-06-12 05:27:33,605 - dr_exp.worker.launcher - INFO - Runtime: 3.3 hours
2025-06-12 05:37:34,322 - dr_exp.worker.launcher - INFO - Running maintenance
2025-06-12 05:37:34,339 - dr_exp.worker.launcher - INFO - Workers alive: 1
2025-06-12 05:37:34,355 - dr_exp.worker.launcher - INFO - Jobs queued: 0
2025-06-12 05:37:34,355 - dr_exp.worker.launcher - INFO - Runtime: 3.5 hours
2025-06-12 05:47:35,061 - dr_exp.worker.launcher - INFO - Running maintenance
2025-06-12 05:47:35,078 - dr_exp.worker.launcher - INFO - Workers alive: 1
2025-06-12 05:47:35,095 - dr_exp.worker.launcher - INFO - Jobs queued: 0
2025-06-12 05:47:35,095 - dr_exp.worker.launcher - INFO - Runtime: 3.7 hours
2025-06-12 05:57:35,793 - dr_exp.worker.launcher - INFO - Running maintenance
2025-06-12 05:57:35,809 - dr_exp.worker.launcher - INFO - Workers alive: 1
2025-06-12 05:57:35,824 - dr_exp.worker.launcher - INFO - Jobs queued: 0
2025-06-12 05:57:35,825 - dr_exp.worker.launcher - INFO - Runtime: 3.8 hours
