2025-06-11 19:50:28,912 - dr_exp.worker.launcher - INFO - Starting launcher on node gr070
2025-06-11 19:50:28,912 - dr_exp.worker.launcher - INFO - Found 1 GPUs: [0]
2025-06-11 19:50:28,912 - dr_exp.worker.launcher - INFO - Spawning worker slurm61972819_gr070_gpu0_0 on GPU 0
2025-06-11 19:50:28,934 - dr_exp.worker.launcher - INFO - Running maintenance
2025-06-11 19:50:28,939 - dr_exp.worker.launcher - INFO - Workers alive: 1
2025-06-11 19:50:28,943 - dr_exp.worker.launcher - INFO - Jobs queued: 45
2025-06-11 19:50:28,943 - dr_exp.worker.launcher - INFO - Runtime: 0.0 hours
2025-06-11 20:00:29,193 - dr_exp.worker.launcher - INFO - Running maintenance
2025-06-11 20:00:29,199 - dr_exp.worker.launcher - INFO - Workers alive: 1
2025-06-11 20:00:29,206 - dr_exp.worker.launcher - INFO - Jobs queued: 72
2025-06-11 20:00:29,206 - dr_exp.worker.launcher - INFO - Runtime: 0.2 hours
2025-06-11 20:10:29,478 - dr_exp.worker.launcher - INFO - Running maintenance
2025-06-11 20:10:29,484 - dr_exp.worker.launcher - INFO - Workers alive: 1
2025-06-11 20:10:29,491 - dr_exp.worker.launcher - INFO - Jobs queued: 59
2025-06-11 20:10:29,491 - dr_exp.worker.launcher - INFO - Runtime: 0.3 hours
2025-06-11 20:20:29,773 - dr_exp.worker.launcher - INFO - Running maintenance
2025-06-11 20:20:29,780 - dr_exp.worker.launcher - INFO - Workers alive: 1
2025-06-11 20:20:29,786 - dr_exp.worker.launcher - INFO - Jobs queued: 48
2025-06-11 20:20:29,786 - dr_exp.worker.launcher - INFO - Runtime: 0.5 hours
2025-06-11 20:30:30,052 - dr_exp.worker.launcher - INFO - Running maintenance
2025-06-11 20:30:30,059 - dr_exp.worker.launcher - INFO - Workers alive: 1
2025-06-11 20:30:30,065 - dr_exp.worker.launcher - INFO - Jobs queued: 40
2025-06-11 20:30:30,065 - dr_exp.worker.launcher - INFO - Runtime: 0.7 hours
2025-06-11 20:40:30,335 - dr_exp.worker.launcher - INFO - Running maintenance
2025-06-11 20:40:30,342 - dr_exp.worker.launcher - INFO - Workers alive: 1
2025-06-11 20:40:30,348 - dr_exp.worker.launcher - INFO - Jobs queued: 29
2025-06-11 20:40:30,348 - dr_exp.worker.launcher - INFO - Runtime: 0.8 hours
2025-06-11 20:50:30,628 - dr_exp.worker.launcher - INFO - Running maintenance
2025-06-11 20:50:30,634 - dr_exp.worker.launcher - INFO - Workers alive: 1
2025-06-11 20:50:30,641 - dr_exp.worker.launcher - INFO - Jobs queued: 20
2025-06-11 20:50:30,641 - dr_exp.worker.launcher - INFO - Runtime: 1.0 hours
2025-06-11 21:00:30,961 - dr_exp.worker.launcher - INFO - Running maintenance
2025-06-11 21:00:30,968 - dr_exp.worker.launcher - INFO - Workers alive: 1
2025-06-11 21:00:30,974 - dr_exp.worker.launcher - INFO - Jobs queued: 13
2025-06-11 21:00:30,974 - dr_exp.worker.launcher - INFO - Runtime: 1.2 hours
2025-06-11 21:10:31,302 - dr_exp.worker.launcher - INFO - Running maintenance
2025-06-11 21:10:31,310 - dr_exp.worker.launcher - INFO - Workers alive: 1
2025-06-11 21:10:31,317 - dr_exp.worker.launcher - INFO - Jobs queued: 4
2025-06-11 21:10:31,317 - dr_exp.worker.launcher - INFO - Runtime: 1.3 hours
2025-06-11 21:20:31,627 - dr_exp.worker.launcher - INFO - Running maintenance
2025-06-11 21:20:31,634 - dr_exp.worker.launcher - INFO - Workers alive: 1
2025-06-11 21:20:31,641 - dr_exp.worker.launcher - INFO - Jobs queued: 0
2025-06-11 21:20:31,641 - dr_exp.worker.launcher - INFO - Runtime: 1.5 hours
2025-06-11 21:30:31,936 - dr_exp.worker.launcher - INFO - Running maintenance
2025-06-11 21:30:31,943 - dr_exp.worker.launcher - INFO - Workers alive: 1
2025-06-11 21:30:31,950 - dr_exp.worker.launcher - INFO - Jobs queued: 0
2025-06-11 21:30:31,950 - dr_exp.worker.launcher - INFO - Runtime: 1.7 hours
2025-06-11 21:40:32,238 - dr_exp.worker.launcher - INFO - Running maintenance
2025-06-11 21:40:32,245 - dr_exp.worker.launcher - INFO - Workers alive: 1
2025-06-11 21:40:32,252 - dr_exp.worker.launcher - INFO - Jobs queued: 0
2025-06-11 21:40:32,252 - dr_exp.worker.launcher - INFO - Runtime: 1.8 hours
2025-06-11 21:50:32,533 - dr_exp.worker.launcher - INFO - Running maintenance
2025-06-11 21:50:32,540 - dr_exp.worker.launcher - INFO - Workers alive: 1
2025-06-11 21:50:32,545 - dr_exp.worker.launcher - INFO - Jobs queued: 0
2025-06-11 21:50:32,546 - dr_exp.worker.launcher - INFO - Runtime: 2.0 hours
2025-06-11 22:00:32,814 - dr_exp.worker.launcher - INFO - Running maintenance
2025-06-11 22:00:32,821 - dr_exp.worker.launcher - INFO - Workers alive: 1
2025-06-11 22:00:32,827 - dr_exp.worker.launcher - INFO - Jobs queued: 0
2025-06-11 22:00:32,827 - dr_exp.worker.launcher - INFO - Runtime: 2.2 hours
2025-06-11 22:10:33,092 - dr_exp.worker.launcher - INFO - Running maintenance
2025-06-11 22:10:33,098 - dr_exp.worker.launcher - INFO - Workers alive: 1
2025-06-11 22:10:33,104 - dr_exp.worker.launcher - INFO - Jobs queued: 0
2025-06-11 22:10:33,104 - dr_exp.worker.launcher - INFO - Runtime: 2.3 hours
2025-06-11 22:20:33,365 - dr_exp.worker.launcher - INFO - Running maintenance
2025-06-11 22:20:33,372 - dr_exp.worker.launcher - INFO - Workers alive: 1
2025-06-11 22:20:33,377 - dr_exp.worker.launcher - INFO - Jobs queued: 0
2025-06-11 22:20:33,377 - dr_exp.worker.launcher - INFO - Runtime: 2.5 hours
2025-06-11 22:30:33,635 - dr_exp.worker.launcher - INFO - Running maintenance
2025-06-11 22:30:33,641 - dr_exp.worker.launcher - INFO - Workers alive: 1
2025-06-11 22:30:33,647 - dr_exp.worker.launcher - INFO - Jobs queued: 0
2025-06-11 22:30:33,647 - dr_exp.worker.launcher - INFO - Runtime: 2.7 hours
2025-06-11 22:40:33,901 - dr_exp.worker.launcher - INFO - Running maintenance
2025-06-11 22:40:33,908 - dr_exp.worker.launcher - INFO - Workers alive: 1
2025-06-11 22:40:33,914 - dr_exp.worker.launcher - INFO - Jobs queued: 0
2025-06-11 22:40:33,914 - dr_exp.worker.launcher - INFO - Runtime: 2.8 hours
2025-06-11 22:50:34,168 - dr_exp.worker.launcher - INFO - Running maintenance
2025-06-11 22:50:34,174 - dr_exp.worker.launcher - INFO - Workers alive: 1
2025-06-11 22:50:34,180 - dr_exp.worker.launcher - INFO - Jobs queued: 0
2025-06-11 22:50:34,180 - dr_exp.worker.launcher - INFO - Runtime: 3.0 hours
2025-06-11 23:00:34,434 - dr_exp.worker.launcher - INFO - Running maintenance
2025-06-11 23:00:34,440 - dr_exp.worker.launcher - INFO - Workers alive: 1
2025-06-11 23:00:34,446 - dr_exp.worker.launcher - INFO - Jobs queued: 0
2025-06-11 23:00:34,446 - dr_exp.worker.launcher - INFO - Runtime: 3.2 hours
2025-06-11 23:10:34,700 - dr_exp.worker.launcher - INFO - Running maintenance
2025-06-11 23:10:34,706 - dr_exp.worker.launcher - INFO - Workers alive: 1
2025-06-11 23:10:34,712 - dr_exp.worker.launcher - INFO - Jobs queued: 0
2025-06-11 23:10:34,712 - dr_exp.worker.launcher - INFO - Runtime: 3.3 hours
2025-06-11 23:20:34,968 - dr_exp.worker.launcher - INFO - Running maintenance
2025-06-11 23:20:34,974 - dr_exp.worker.launcher - INFO - Workers alive: 1
2025-06-11 23:20:34,980 - dr_exp.worker.launcher - INFO - Jobs queued: 0
2025-06-11 23:20:34,980 - dr_exp.worker.launcher - INFO - Runtime: 3.5 hours
2025-06-11 23:30:35,238 - dr_exp.worker.launcher - INFO - Running maintenance
2025-06-11 23:30:35,244 - dr_exp.worker.launcher - INFO - Workers alive: 1
2025-06-11 23:30:35,250 - dr_exp.worker.launcher - INFO - Jobs queued: 0
2025-06-11 23:30:35,250 - dr_exp.worker.launcher - INFO - Runtime: 3.7 hours
2025-06-11 23:40:35,505 - dr_exp.worker.launcher - INFO - Running maintenance
2025-06-11 23:40:35,511 - dr_exp.worker.launcher - INFO - Workers alive: 1
2025-06-11 23:40:35,517 - dr_exp.worker.launcher - INFO - Jobs queued: 0
2025-06-11 23:40:35,517 - dr_exp.worker.launcher - INFO - Runtime: 3.8 hours
2025-06-11 23:50:35,772 - dr_exp.worker.launcher - INFO - Running maintenance
2025-06-11 23:50:35,779 - dr_exp.worker.launcher - INFO - Workers alive: 1
2025-06-11 23:50:35,784 - dr_exp.worker.launcher - INFO - Jobs queued: 0
2025-06-11 23:50:35,784 - dr_exp.worker.launcher - INFO - Runtime: 4.0 hours
2025-06-12 00:00:36,040 - dr_exp.worker.launcher - INFO - Running maintenance
2025-06-12 00:00:36,046 - dr_exp.worker.launcher - INFO - Workers alive: 1
2025-06-12 00:00:36,052 - dr_exp.worker.launcher - INFO - Jobs queued: 0
2025-06-12 00:00:36,052 - dr_exp.worker.launcher - INFO - Runtime: 4.2 hours
