GPU available: True (cuda), used: True
TPU available: False, using: 0 TPU cores
HPU available: False, using: 0 HPUs
/scratch/ddr8143/repos/dr_exp/.venv/lib/python3.12/site-packages/lightning/pytorch/trainer/connectors/logger_connector/logger_connector.py:76: Starting from v1.9.0, `tensorboardX` has been removed as a dependency of the `lightning.pytorch` package, due to potential conflicts with other packages in the ML ecosystem. For this reason, `logger=True` will use `CSVLogger` as the default logger, unless the `tensorboard` or `tensorboardX` packages are found. Please `pip install lightning[extra]` or one of them to enable TensorBoard support by default
LOCAL_RANK: 0 - CUDA_VISIBLE_DEVICES: [0]

  | Name      | Type             | Params | Mode 
-------------------------------------------------------
0 | model     | CifarResNet18    | 11.2 M | train
1 | criterion | CrossEntropyLoss | 0      | train
-------------------------------------------------------
11.2 M    Trainable params
0         Non-trainable params
11.2 M    Total params
44.696    Total estimated model params size (MB)
70        Modules in train mode
0         Modules in eval mode
SLURM auto-requeueing enabled. Setting signal handlers.
[SyncHandler] Failed to initialize Supabase: Supabase URL and key must be provided or set in environment
[SyncHandler] Sync disabled - files will remain in queue
[slurm61972819_gr070_gpu0_0] Sync disabled - Supabase not available
Sync: enabled (Supabase not available - queue only)
Starting worker slurm61972819_gr070_gpu0_0
Experiment: cluster_t0 at /scratch/ddr8143/logs/dcnn_workers
------------------------------------------------------------
[slurm61972819_gr070_gpu0_0] Worker started
[slurm61972819_gr070_gpu0_0] Sync thread started
[slurm61972819_gr070_gpu0_0] Heartbeat thread started
[slurm61972819_gr070_gpu0_0] Claimed job 92cb7b79-ab45-4d3f-b1bd-04bd3a1f13ee (priority=10)
[slurm61972819_gr070_gpu0_0] Executing job 92cb7b79-ab45-4d3f-b1bd-04bd3a1f13ee with _target_=dr_exp.trainers.decon_trainer.train_classification
Epoch 0 | val_loss: 2.31260, val_acc: 0.12500
/scratch/ddr8143/repos/dr_exp/.venv/lib/python3.12/site-packages/torch/optim/lr_scheduler.py:198: UserWarning: The epoch parameter in `scheduler.step()` was not necessary and is being deprecated where possible. Please use `scheduler.step()` to step the scheduler. During the deprecation, if epoch is different from None, the closed form is used instead of the new chainable form, where available. Please open an issue if you are unable to replicate your use case: https://github.com/pytorch/pytorch/issues/new/choose.
  warnings.warn(EPOCH_DEPRECATION_WARNING, UserWarning)
`Trainer.fit` stopped: `max_epochs=50` reached.
GPU available: True (cuda), used: True
TPU available: False, using: 0 TPU cores
HPU available: False, using: 0 HPUs
LOCAL_RANK: 0 - CUDA_VISIBLE_DEVICES: [0]

  | Name      | Type             | Params | Mode 
-------------------------------------------------------
0 | model     | CifarAlexNet     | 2.4 M  | train
1 | criterion | CrossEntropyLoss | 0      | train
-------------------------------------------------------
2.4 M     Trainable params
0         Non-trainable params
2.4 M     Total params
9.768     Total estimated model params size (MB)
24        Modules in train mode
0         Modules in eval mode
SLURM auto-requeueing enabled. Setting signal handlers.
Epoch 0 | val_loss: 2.31442, val_acc: 0.09980
Epoch 1 | val_loss: 1.40830, val_acc: 0.50120, train_loss: 2.31204, train_acc: 0.09749
Epoch 2 | val_loss: 1.34895, val_acc: 0.54820, train_loss: 1.80966, train_acc: 0.39420
Epoch 3 | val_loss: 0.84136, val_acc: 0.72340, train_loss: 1.45300, train_acc: 0.58018
Epoch 4 | val_loss: 0.81495, val_acc: 0.74080, train_loss: 1.23416, train_acc: 0.68233
Epoch 5 | val_loss: 0.95191, val_acc: 0.67420, train_loss: 1.12594, train_acc: 0.73011
Epoch 6 | val_loss: 0.70630, val_acc: 0.77420, train_loss: 1.07142, train_acc: 0.75478
Epoch 7 | val_loss: 0.69575, val_acc: 0.77860, train_loss: 1.00505, train_acc: 0.78269
Epoch 8 | val_loss: 0.71889, val_acc: 0.77020, train_loss: 0.96406, train_acc: 0.79769
Epoch 9 | val_loss: 0.73105, val_acc: 0.76580, train_loss: 0.93706, train_acc: 0.81091
Epoch 10 | val_loss: 0.66439, val_acc: 0.79020, train_loss: 0.91613, train_acc: 0.81904
Epoch 11 | val_loss: 0.69363, val_acc: 0.77800, train_loss: 0.90264, train_acc: 0.82638
Epoch 12 | val_loss: 0.65088, val_acc: 0.80180, train_loss: 0.89105, train_acc: 0.83118
Epoch 13 | val_loss: 0.64409, val_acc: 0.79320, train_loss: 0.87544, train_acc: 0.83724
Epoch 14 | val_loss: 0.72072, val_acc: 0.77560, train_loss: 0.86440, train_acc: 0.84229
Epoch 15 | val_loss: 0.55085, val_acc: 0.82620, train_loss: 0.85595, train_acc: 0.84678
Epoch 16 | val_loss: 0.56931, val_acc: 0.81980, train_loss: 0.84735, train_acc: 0.85060
Epoch 17 | val_loss: 0.61757, val_acc: 0.80880, train_loss: 0.83575, train_acc: 0.85489
Epoch 18 | val_loss: 0.50665, val_acc: 0.84300, train_loss: 0.82280, train_acc: 0.86020
Epoch 19 | val_loss: 0.56157, val_acc: 0.82100, train_loss: 0.81828, train_acc: 0.86358
Epoch 20 | val_loss: 0.50361, val_acc: 0.85020, train_loss: 0.80765, train_acc: 0.86862
Epoch 21 | val_loss: 0.55485, val_acc: 0.83280, train_loss: 0.80221, train_acc: 0.87044
Epoch 22 | val_loss: 0.50419, val_acc: 0.84760, train_loss: 0.78556, train_acc: 0.87707
Epoch 23 | val_loss: 0.47783, val_acc: 0.86040, train_loss: 0.77390, train_acc: 0.88313
Epoch 24 | val_loss: 0.62037, val_acc: 0.81260, train_loss: 0.76842, train_acc: 0.88527
Epoch 25 | val_loss: 0.46234, val_acc: 0.86420, train_loss: 0.75776, train_acc: 0.89018
Epoch 26 | val_loss: 0.54071, val_acc: 0.83760, train_loss: 0.74801, train_acc: 0.89453
Epoch 27 | val_loss: 0.46162, val_acc: 0.86400, train_loss: 0.73983, train_acc: 0.89649
Epoch 28 | val_loss: 0.47541, val_acc: 0.86240, train_loss: 0.72529, train_acc: 0.90400
Epoch 29 | val_loss: 0.43866, val_acc: 0.87380, train_loss: 0.71546, train_acc: 0.90976
Epoch 30 | val_loss: 0.42388, val_acc: 0.88000, train_loss: 0.69845, train_acc: 0.91627
Epoch 31 | val_loss: 0.37743, val_acc: 0.89420, train_loss: 0.68661, train_acc: 0.92222
Epoch 32 | val_loss: 0.36772, val_acc: 0.89720, train_loss: 0.68114, train_acc: 0.92307
Epoch 33 | val_loss: 0.37781, val_acc: 0.89840, train_loss: 0.66729, train_acc: 0.92898
Epoch 34 | val_loss: 0.35795, val_acc: 0.89980, train_loss: 0.65267, train_acc: 0.93720
Epoch 35 | val_loss: 0.37306, val_acc: 0.89980, train_loss: 0.63725, train_acc: 0.94269
Epoch 36 | val_loss: 0.35839, val_acc: 0.90220, train_loss: 0.62189, train_acc: 0.95147
Epoch 37 | val_loss: 0.35394, val_acc: 0.90620, train_loss: 0.61181, train_acc: 0.95400
Epoch 38 | val_loss: 0.34115, val_acc: 0.90900, train_loss: 0.59937, train_acc: 0.95873
Epoch 39 | val_loss: 0.32136, val_acc: 0.91600, train_loss: 0.58441, train_acc: 0.96687
Epoch 40 | val_loss: 0.31009, val_acc: 0.92160, train_loss: 0.57341, train_acc: 0.97198
Epoch 41 | val_loss: 0.31679, val_acc: 0.92280, train_loss: 0.56166, train_acc: 0.97731
Epoch 42 | val_loss: 0.28673, val_acc: 0.93400, train_loss: 0.55070, train_acc: 0.98184
Epoch 43 | val_loss: 0.27971, val_acc: 0.93580, train_loss: 0.54156, train_acc: 0.98607
Epoch 44 | val_loss: 0.27629, val_acc: 0.93700, train_loss: 0.53640, train_acc: 0.98787
[slurm61972819_gr070_gpu0_0] Sync pending: 4 items
Epoch 45 | val_loss: 0.27640, val_acc: 0.93840, train_loss: 0.53210, train_acc: 0.99007
Epoch 46 | val_loss: 0.27484, val_acc: 0.93980, train_loss: 0.52693, train_acc: 0.99191
[slurm61972819_gr070_gpu0_0] Sync pending: 20 items
Epoch 47 | val_loss: 0.27132, val_acc: 0.93940, train_loss: 0.52501, train_acc: 0.99280
Epoch 48 | val_loss: 0.27157, val_acc: 0.94060, train_loss: 0.52316, train_acc: 0.99318
[slurm61972819_gr070_gpu0_0] Sync pending: 24 items
Epoch 49 | val_loss: 0.27006, val_acc: 0.94260, train_loss: 0.52196, train_acc: 0.99382
[slurm61972819_gr070_gpu0_0] Job 92cb7b79-ab45-4d3f-b1bd-04bd3a1f13ee completed successfully
[slurm61972819_gr070_gpu0_0] Claimed job 57a5ac00-e62b-410a-84cd-dc712e8aed22 (priority=10)
[slurm61972819_gr070_gpu0_0] Executing job 57a5ac00-e62b-410a-84cd-dc712e8aed22 with _target_=dr_exp.trainers.decon_trainer.train_classification
Epoch 0 | val_loss: 2.31116, val_acc: 0.07422
`Trainer.fit` stopped: `max_epochs=50` reached.
GPU available: True (cuda), used: True
TPU available: False, using: 0 TPU cores
HPU available: False, using: 0 HPUs
LOCAL_RANK: 0 - CUDA_VISIBLE_DEVICES: [0]

  | Name      | Type             | Params | Mode 
-------------------------------------------------------
0 | model     | CifarAlexNet     | 2.4 M  | train
1 | criterion | CrossEntropyLoss | 0      | train
-------------------------------------------------------
2.4 M     Trainable params
0         Non-trainable params
2.4 M     Total params
9.768     Total estimated model params size (MB)
24        Modules in train mode
0         Modules in eval mode
SLURM auto-requeueing enabled. Setting signal handlers.
[slurm61972819_gr070_gpu0_0] Sync pending: 30 items
Epoch 0 | val_loss: 1.75442, val_acc: 0.33140
Epoch 1 | val_loss: 1.61305, val_acc: 0.39480, train_loss: 2.13133, train_acc: 0.21251
Epoch 2 | val_loss: 1.43656, val_acc: 0.49980, train_loss: 1.85800, train_acc: 0.36100
[slurm61972819_gr070_gpu0_0] Sync pending: 25 items
Epoch 3 | val_loss: 1.30888, val_acc: 0.53580, train_loss: 1.74093, train_acc: 0.42560
Epoch 4 | val_loss: 1.24769, val_acc: 0.56320, train_loss: 1.63893, train_acc: 0.48136
[slurm61972819_gr070_gpu0_0] Sync pending: 24 items
Epoch 5 | val_loss: 1.15736, val_acc: 0.61380, train_loss: 1.56857, train_acc: 0.52067
Epoch 6 | val_loss: 1.07050, val_acc: 0.62900, train_loss: 1.51801, train_acc: 0.54627
[slurm61972819_gr070_gpu0_0] Sync pending: 19 items
Epoch 7 | val_loss: 1.15142, val_acc: 0.61620, train_loss: 1.48251, train_acc: 0.56198
Epoch 8 | val_loss: 1.00625, val_acc: 0.66200, train_loss: 1.44959, train_acc: 0.58182
[slurm61972819_gr070_gpu0_0] Sync pending: 16 items
Epoch 9 | val_loss: 1.10375, val_acc: 0.62960, train_loss: 1.40964, train_acc: 0.60289
Epoch 10 | val_loss: 0.96999, val_acc: 0.67520, train_loss: 1.38231, train_acc: 0.61642
[slurm61972819_gr070_gpu0_0] Sync pending: 16 items
Epoch 11 | val_loss: 0.96736, val_acc: 0.67980, train_loss: 1.36596, train_acc: 0.62224
Epoch 12 | val_loss: 0.96419, val_acc: 0.67580, train_loss: 1.34491, train_acc: 0.63324
[slurm61972819_gr070_gpu0_0] Sync pending: 11 items
Epoch 13 | val_loss: 0.97316, val_acc: 0.68300, train_loss: 1.33215, train_acc: 0.64229
Epoch 14 | val_loss: 0.94273, val_acc: 0.69320, train_loss: 1.32470, train_acc: 0.64598
[slurm61972819_gr070_gpu0_0] Sync pending: 9 items
Epoch 15 | val_loss: 1.00328, val_acc: 0.66880, train_loss: 1.30388, train_acc: 0.65536
Epoch 16 | val_loss: 0.87344, val_acc: 0.71500, train_loss: 1.29255, train_acc: 0.66200
[slurm61972819_gr070_gpu0_0] Sync pending: 6 items
Epoch 17 | val_loss: 0.87750, val_acc: 0.70960, train_loss: 1.28172, train_acc: 0.66700
[slurm61972819_gr070_gpu0_0] Sync pending: 2 items
Epoch 18 | val_loss: 0.90533, val_acc: 0.69220, train_loss: 1.26769, train_acc: 0.67344
Epoch 19 | val_loss: 0.85469, val_acc: 0.72520, train_loss: 1.26786, train_acc: 0.67244
[slurm61972819_gr070_gpu0_0] Sync pending: 2 items
Epoch 20 | val_loss: 0.87846, val_acc: 0.71640, train_loss: 1.25688, train_acc: 0.67831
Epoch 21 | val_loss: 0.93693, val_acc: 0.69280, train_loss: 1.26122, train_acc: 0.67584
Epoch 22 | val_loss: 0.87551, val_acc: 0.72400, train_loss: 1.23619, train_acc: 0.68936
Epoch 23 | val_loss: 0.90315, val_acc: 0.70600, train_loss: 1.23757, train_acc: 0.68813
[slurm61972819_gr070_gpu0_0] Sync pending: 4 items
Epoch 24 | val_loss: 0.86971, val_acc: 0.71840, train_loss: 1.23935, train_acc: 0.68778
Epoch 25 | val_loss: 0.86779, val_acc: 0.71980, train_loss: 1.21501, train_acc: 0.69807
[slurm61972819_gr070_gpu0_0] Sync pending: 4 items
Epoch 26 | val_loss: 0.82252, val_acc: 0.73700, train_loss: 1.21063, train_acc: 0.69940
Epoch 27 | val_loss: 0.89200, val_acc: 0.70780, train_loss: 1.21023, train_acc: 0.69778
[slurm61972819_gr070_gpu0_0] Sync pending: 3 items
Epoch 28 | val_loss: 0.82376, val_acc: 0.73360, train_loss: 1.20829, train_acc: 0.69991
Epoch 29 | val_loss: 0.84350, val_acc: 0.73160, train_loss: 1.20018, train_acc: 0.70413
[slurm61972819_gr070_gpu0_0] Sync pending: 3 items
Epoch 30 | val_loss: 0.64315, val_acc: 0.79300, train_loss: 1.20444, train_acc: 0.70267
Epoch 31 | val_loss: 0.60549, val_acc: 0.81160, train_loss: 1.01214, train_acc: 0.78340
[slurm61972819_gr070_gpu0_0] Sync pending: 7 items
Epoch 32 | val_loss: 0.58107, val_acc: 0.81940, train_loss: 0.95447, train_acc: 0.80689
Epoch 33 | val_loss: 0.57845, val_acc: 0.81900, train_loss: 0.92880, train_acc: 0.81709
[slurm61972819_gr070_gpu0_0] Sync pending: 10 items
Epoch 34 | val_loss: 0.56854, val_acc: 0.82180, train_loss: 0.91077, train_acc: 0.82407
Epoch 35 | val_loss: 0.56261, val_acc: 0.82340, train_loss: 0.89527, train_acc: 0.83140
[slurm61972819_gr070_gpu0_0] Sync pending: 13 items
Epoch 36 | val_loss: 0.55647, val_acc: 0.82520, train_loss: 0.88240, train_acc: 0.83804
Epoch 37 | val_loss: 0.53014, val_acc: 0.83320, train_loss: 0.87270, train_acc: 0.83978
[slurm61972819_gr070_gpu0_0] Sync pending: 13 items
Epoch 38 | val_loss: 0.53653, val_acc: 0.83300, train_loss: 0.85955, train_acc: 0.84702
Epoch 39 | val_loss: 0.55046, val_acc: 0.83080, train_loss: 0.84949, train_acc: 0.85160
[slurm61972819_gr070_gpu0_0] Sync pending: 13 items
Epoch 40 | val_loss: 0.52249, val_acc: 0.83660, train_loss: 0.84321, train_acc: 0.85302
Epoch 41 | val_loss: 0.52590, val_acc: 0.83860, train_loss: 0.83906, train_acc: 0.85371
[slurm61972819_gr070_gpu0_0] Sync pending: 9 items
Epoch 42 | val_loss: 0.50835, val_acc: 0.84140, train_loss: 0.82655, train_acc: 0.85971
Epoch 43 | val_loss: 0.51336, val_acc: 0.84440, train_loss: 0.81945, train_acc: 0.86349
[slurm61972819_gr070_gpu0_0] Sync pending: 5 items
Epoch 44 | val_loss: 0.52516, val_acc: 0.83920, train_loss: 0.81976, train_acc: 0.86156
Epoch 45 | val_loss: 0.50418, val_acc: 0.84500, train_loss: 0.81096, train_acc: 0.86753
[slurm61972819_gr070_gpu0_0] Sync pending: 1 items
Epoch 46 | val_loss: 0.51230, val_acc: 0.84780, train_loss: 0.80666, train_acc: 0.86920
Epoch 47 | val_loss: 0.50005, val_acc: 0.84840, train_loss: 0.79772, train_acc: 0.87284
[slurm61972819_gr070_gpu0_0] Sync pending: 5 items
Epoch 48 | val_loss: 0.49361, val_acc: 0.85100, train_loss: 0.79176, train_acc: 0.87616
Epoch 49 | val_loss: 0.50530, val_acc: 0.84860, train_loss: 0.78634, train_acc: 0.87776
[slurm61972819_gr070_gpu0_0] Job 57a5ac00-e62b-410a-84cd-dc712e8aed22 completed successfully
[slurm61972819_gr070_gpu0_0] Claimed job 031f31cf-e7f7-4421-a53d-32a209853273 (priority=10)
[slurm61972819_gr070_gpu0_0] Executing job 031f31cf-e7f7-4421-a53d-32a209853273 with _target_=dr_exp.trainers.decon_trainer.train_classification
[slurm61972819_gr070_gpu0_0] Sync pending: 9 items
Epoch 0 | val_loss: 2.36099, val_acc: 0.10938
`Trainer.fit` stopped: `max_epochs=50` reached.
GPU available: True (cuda), used: True
TPU available: False, using: 0 TPU cores
HPU available: False, using: 0 HPUs
LOCAL_RANK: 0 - CUDA_VISIBLE_DEVICES: [0]

  | Name      | Type             | Params | Mode 
-------------------------------------------------------
0 | model     | CifarResNet18    | 11.2 M | train
1 | criterion | CrossEntropyLoss | 0      | train
-------------------------------------------------------
11.2 M    Trainable params
0         Non-trainable params
11.2 M    Total params
44.696    Total estimated model params size (MB)
70        Modules in train mode
0         Modules in eval mode
SLURM auto-requeueing enabled. Setting signal handlers.
Epoch 0 | val_loss: 1.74698, val_acc: 0.37780
Epoch 1 | val_loss: 1.60675, val_acc: 0.42860, train_loss: 2.17992, train_acc: 0.29156
Epoch 2 | val_loss: 1.40630, val_acc: 0.50960, train_loss: 1.85009, train_acc: 0.40922
[slurm61972819_gr070_gpu0_0] Sync pending: 8 items
Epoch 3 | val_loss: 1.39356, val_acc: 0.51040, train_loss: 1.69184, train_acc: 0.47640
Epoch 4 | val_loss: 1.23983, val_acc: 0.56260, train_loss: 1.56983, train_acc: 0.53084
Epoch 5 | val_loss: 1.20961, val_acc: 0.58080, train_loss: 1.50205, train_acc: 0.56307
[slurm61972819_gr070_gpu0_0] Sync pending: 8 items
Epoch 6 | val_loss: 1.14435, val_acc: 0.59000, train_loss: 1.41580, train_acc: 0.60076
Epoch 7 | val_loss: 1.03842, val_acc: 0.64580, train_loss: 1.36874, train_acc: 0.62347
Epoch 8 | val_loss: 1.02337, val_acc: 0.65700, train_loss: 1.31001, train_acc: 0.64662
Epoch 9 | val_loss: 1.04031, val_acc: 0.64580, train_loss: 1.28934, train_acc: 0.65736
[slurm61972819_gr070_gpu0_0] Sync pending: 16 items
Epoch 10 | val_loss: 0.99766, val_acc: 0.67020, train_loss: 1.24146, train_acc: 0.68060
Epoch 11 | val_loss: 0.94125, val_acc: 0.68820, train_loss: 1.21418, train_acc: 0.69116
Epoch 12 | val_loss: 1.03227, val_acc: 0.65800, train_loss: 1.19218, train_acc: 0.70069
Epoch 13 | val_loss: 0.91049, val_acc: 0.70420, train_loss: 1.17501, train_acc: 0.70947
[slurm61972819_gr070_gpu0_0] Sync pending: 16 items
Epoch 14 | val_loss: 0.93155, val_acc: 0.68900, train_loss: 1.14932, train_acc: 0.72184
Epoch 15 | val_loss: 0.88112, val_acc: 0.71000, train_loss: 1.13462, train_acc: 0.72707
Epoch 16 | val_loss: 0.88915, val_acc: 0.70080, train_loss: 1.11738, train_acc: 0.73478
[slurm61972819_gr070_gpu0_0] Sync pending: 14 items
Epoch 17 | val_loss: 0.95565, val_acc: 0.68140, train_loss: 1.10988, train_acc: 0.73960
Epoch 18 | val_loss: 0.90020, val_acc: 0.69940, train_loss: 1.10433, train_acc: 0.74187
Epoch 19 | val_loss: 0.89576, val_acc: 0.71380, train_loss: 1.09065, train_acc: 0.74647
Epoch 20 | val_loss: 0.88463, val_acc: 0.70700, train_loss: 1.07731, train_acc: 0.75333
[slurm61972819_gr070_gpu0_0] Sync pending: 18 items
Epoch 21 | val_loss: 0.85297, val_acc: 0.73040, train_loss: 1.07301, train_acc: 0.75347
Epoch 22 | val_loss: 0.86582, val_acc: 0.71940, train_loss: 1.06381, train_acc: 0.75733
Epoch 23 | val_loss: 0.83450, val_acc: 0.72520, train_loss: 1.05489, train_acc: 0.76218
[slurm61972819_gr070_gpu0_0] Sync pending: 19 items
Epoch 24 | val_loss: 0.83842, val_acc: 0.72400, train_loss: 1.05932, train_acc: 0.76053
Epoch 25 | val_loss: 0.80878, val_acc: 0.73400, train_loss: 1.05704, train_acc: 0.76253
Epoch 26 | val_loss: 0.86055, val_acc: 0.72060, train_loss: 1.04011, train_acc: 0.76891
Epoch 27 | val_loss: 0.80689, val_acc: 0.73140, train_loss: 1.04048, train_acc: 0.76796
[slurm61972819_gr070_gpu0_0] Sync pending: 27 items
Epoch 28 | val_loss: 0.85271, val_acc: 0.72280, train_loss: 1.03167, train_acc: 0.77151
Epoch 29 | val_loss: 0.81830, val_acc: 0.74440, train_loss: 1.04278, train_acc: 0.77027
Epoch 30 | val_loss: 0.63577, val_acc: 0.80180, train_loss: 1.02568, train_acc: 0.77449
[slurm61972819_gr070_gpu0_0] Sync pending: 26 items
Epoch 31 | val_loss: 0.63061, val_acc: 0.80680, train_loss: 0.82779, train_acc: 0.86284
Epoch 32 | val_loss: 0.61502, val_acc: 0.80780, train_loss: 0.76313, train_acc: 0.89373
Epoch 33 | val_loss: 0.61600, val_acc: 0.80980, train_loss: 0.72862, train_acc: 0.91224
Epoch 34 | val_loss: 0.61937, val_acc: 0.81120, train_loss: 0.70264, train_acc: 0.92471
[slurm61972819_gr070_gpu0_0] Sync pending: 23 items
Epoch 35 | val_loss: 0.61230, val_acc: 0.81720, train_loss: 0.67915, train_acc: 0.93707
Epoch 36 | val_loss: 0.61462, val_acc: 0.81560, train_loss: 0.65917, train_acc: 0.94758
Epoch 37 | val_loss: 0.61766, val_acc: 0.81620, train_loss: 0.64138, train_acc: 0.95656
Epoch 38 | val_loss: 0.62246, val_acc: 0.81280, train_loss: 0.62593, train_acc: 0.96442
[slurm61972819_gr070_gpu0_0] Sync pending: 23 items
Epoch 39 | val_loss: 0.61942, val_acc: 0.81380, train_loss: 0.61495, train_acc: 0.96898
Epoch 40 | val_loss: 0.62439, val_acc: 0.81580, train_loss: 0.60114, train_acc: 0.97449
Epoch 41 | val_loss: 0.62188, val_acc: 0.81700, train_loss: 0.59165, train_acc: 0.97936
[slurm61972819_gr070_gpu0_0] Sync pending: 23 items
Epoch 42 | val_loss: 0.62587, val_acc: 0.81960, train_loss: 0.58197, train_acc: 0.98273
Epoch 43 | val_loss: 0.62612, val_acc: 0.81780, train_loss: 0.57465, train_acc: 0.98584
Epoch 44 | val_loss: 0.62593, val_acc: 0.81740, train_loss: 0.56725, train_acc: 0.98813
Epoch 45 | val_loss: 0.62357, val_acc: 0.81800, train_loss: 0.56223, train_acc: 0.99044
[slurm61972819_gr070_gpu0_0] Sync pending: 29 items
Epoch 46 | val_loss: 0.62368, val_acc: 0.82260, train_loss: 0.55598, train_acc: 0.99220
Epoch 47 | val_loss: 0.63091, val_acc: 0.81800, train_loss: 0.55268, train_acc: 0.99284
Epoch 48 | val_loss: 0.63199, val_acc: 0.81900, train_loss: 0.54826, train_acc: 0.99447
[slurm61972819_gr070_gpu0_0] Sync pending: 27 items
Epoch 49 | val_loss: 0.62956, val_acc: 0.82060, train_loss: 0.54489, train_acc: 0.99496
[slurm61972819_gr070_gpu0_0] Job 031f31cf-e7f7-4421-a53d-32a209853273 completed successfully
[slurm61972819_gr070_gpu0_0] Claimed job cbbd4af3-7326-4137-b9d6-4c4243ce39f3 (priority=10)
[slurm61972819_gr070_gpu0_0] Executing job cbbd4af3-7326-4137-b9d6-4c4243ce39f3 with _target_=dr_exp.trainers.decon_trainer.train_classification
Epoch 0 | val_loss: 2.31004, val_acc: 0.08594
`Trainer.fit` stopped: `max_epochs=50` reached.
GPU available: True (cuda), used: True
TPU available: False, using: 0 TPU cores
HPU available: False, using: 0 HPUs
LOCAL_RANK: 0 - CUDA_VISIBLE_DEVICES: [0]

  | Name      | Type             | Params | Mode 
-------------------------------------------------------
0 | model     | CifarAlexNet     | 2.4 M  | train
1 | criterion | CrossEntropyLoss | 0      | train
-------------------------------------------------------
2.4 M     Trainable params
0         Non-trainable params
2.4 M     Total params
9.768     Total estimated model params size (MB)
24        Modules in train mode
0         Modules in eval mode
SLURM auto-requeueing enabled. Setting signal handlers.
Epoch 0 | val_loss: 1.57687, val_acc: 0.43060
[slurm61972819_gr070_gpu0_0] Sync pending: 28 items
Epoch 1 | val_loss: 1.46450, val_acc: 0.47800, train_loss: 2.09315, train_acc: 0.26876
Epoch 2 | val_loss: 1.15798, val_acc: 0.60340, train_loss: 1.67945, train_acc: 0.45273
[slurm61972819_gr070_gpu0_0] Sync pending: 26 items
Epoch 3 | val_loss: 0.99648, val_acc: 0.66600, train_loss: 1.46119, train_acc: 0.56289
Epoch 4 | val_loss: 0.93589, val_acc: 0.68300, train_loss: 1.27062, train_acc: 0.65713
[slurm61972819_gr070_gpu0_0] Sync pending: 24 items
Epoch 5 | val_loss: 0.74536, val_acc: 0.76080, train_loss: 1.13967, train_acc: 0.71787
Epoch 6 | val_loss: 0.65802, val_acc: 0.79700, train_loss: 1.06325, train_acc: 0.75658
[slurm61972819_gr070_gpu0_0] Sync pending: 24 items
Epoch 7 | val_loss: 0.72995, val_acc: 0.76580, train_loss: 1.00946, train_acc: 0.78058
Epoch 8 | val_loss: 0.71844, val_acc: 0.77040, train_loss: 0.97381, train_acc: 0.79351
[slurm61972819_gr070_gpu0_0] Sync pending: 23 items
Epoch 9 | val_loss: 0.67967, val_acc: 0.78740, train_loss: 0.94656, train_acc: 0.80744
[slurm61972819_gr070_gpu0_0] Sync pending: 21 items
Epoch 10 | val_loss: 0.69478, val_acc: 0.77920, train_loss: 0.92222, train_acc: 0.81727
Epoch 11 | val_loss: 0.76163, val_acc: 0.75960, train_loss: 0.90708, train_acc: 0.82547
[slurm61972819_gr070_gpu0_0] Sync pending: 19 items
Epoch 12 | val_loss: 0.69021, val_acc: 0.78160, train_loss: 0.88852, train_acc: 0.83364
Epoch 13 | val_loss: 0.71967, val_acc: 0.77560, train_loss: 0.87011, train_acc: 0.84091
[slurm61972819_gr070_gpu0_0] Sync pending: 22 items
Epoch 14 | val_loss: 0.60274, val_acc: 0.81280, train_loss: 0.86066, train_acc: 0.84511
Epoch 15 | val_loss: 0.59239, val_acc: 0.81940, train_loss: 0.84683, train_acc: 0.85053
[slurm61972819_gr070_gpu0_0] Sync pending: 21 items
Epoch 16 | val_loss: 0.58657, val_acc: 0.82080, train_loss: 0.83553, train_acc: 0.85629
Epoch 17 | val_loss: 0.61217, val_acc: 0.81260, train_loss: 0.82412, train_acc: 0.86178
[slurm61972819_gr070_gpu0_0] Sync pending: 20 items
Epoch 18 | val_loss: 0.51714, val_acc: 0.84000, train_loss: 0.81441, train_acc: 0.86420
Epoch 19 | val_loss: 0.56275, val_acc: 0.83200, train_loss: 0.80097, train_acc: 0.87020
[slurm61972819_gr070_gpu0_0] Sync pending: 20 items
Epoch 20 | val_loss: 0.53079, val_acc: 0.84180, train_loss: 0.79187, train_acc: 0.87540
Epoch 21 | val_loss: 0.51348, val_acc: 0.84920, train_loss: 0.77894, train_acc: 0.87971
[slurm61972819_gr070_gpu0_0] Sync pending: 24 items
Epoch 22 | val_loss: 0.47998, val_acc: 0.85320, train_loss: 0.76940, train_acc: 0.88449
Epoch 23 | val_loss: 0.43968, val_acc: 0.87560, train_loss: 0.75754, train_acc: 0.89038
[slurm61972819_gr070_gpu0_0] Sync pending: 24 items
Epoch 24 | val_loss: 0.42123, val_acc: 0.87960, train_loss: 0.75236, train_acc: 0.89198
Epoch 25 | val_loss: 0.43475, val_acc: 0.87620, train_loss: 0.73618, train_acc: 0.89987
[slurm61972819_gr070_gpu0_0] Sync pending: 28 items
Epoch 26 | val_loss: 0.47413, val_acc: 0.86020, train_loss: 0.72863, train_acc: 0.90269
[slurm61972819_gr070_gpu0_0] Sync pending: 27 items
Epoch 27 | val_loss: 0.45077, val_acc: 0.86900, train_loss: 0.71793, train_acc: 0.90693
Epoch 28 | val_loss: 0.39666, val_acc: 0.88860, train_loss: 0.70297, train_acc: 0.91453
[slurm61972819_gr070_gpu0_0] Sync pending: 35 items
Epoch 29 | val_loss: 0.45921, val_acc: 0.86680, train_loss: 0.69302, train_acc: 0.91920
Epoch 30 | val_loss: 0.39458, val_acc: 0.89160, train_loss: 0.68218, train_acc: 0.92211
[slurm61972819_gr070_gpu0_0] Sync pending: 38 items
Epoch 31 | val_loss: 0.39660, val_acc: 0.88640, train_loss: 0.66780, train_acc: 0.92953
Epoch 32 | val_loss: 0.39985, val_acc: 0.88740, train_loss: 0.65587, train_acc: 0.93547
[slurm61972819_gr070_gpu0_0] Sync pending: 38 items
Epoch 33 | val_loss: 0.35533, val_acc: 0.90380, train_loss: 0.64980, train_acc: 0.93740
Epoch 34 | val_loss: 0.34099, val_acc: 0.90940, train_loss: 0.63067, train_acc: 0.94656
[slurm61972819_gr070_gpu0_0] Sync pending: 37 items
Epoch 35 | val_loss: 0.34476, val_acc: 0.90760, train_loss: 0.61955, train_acc: 0.95207
Epoch 36 | val_loss: 0.33035, val_acc: 0.91540, train_loss: 0.60839, train_acc: 0.95589
[slurm61972819_gr070_gpu0_0] Sync pending: 44 items
Epoch 37 | val_loss: 0.31349, val_acc: 0.92180, train_loss: 0.59497, train_acc: 0.96298
[slurm61972819_gr070_gpu0_0] Sync pending: 43 items
Epoch 38 | val_loss: 0.31520, val_acc: 0.92020, train_loss: 0.58427, train_acc: 0.96678
Epoch 39 | val_loss: 0.31572, val_acc: 0.92120, train_loss: 0.57053, train_acc: 0.97373
[slurm61972819_gr070_gpu0_0] Sync pending: 42 items
Epoch 40 | val_loss: 0.29859, val_acc: 0.93020, train_loss: 0.56341, train_acc: 0.97618
Epoch 41 | val_loss: 0.29782, val_acc: 0.93000, train_loss: 0.55079, train_acc: 0.98184
[slurm61972819_gr070_gpu0_0] Sync pending: 42 items
Epoch 42 | val_loss: 0.28448, val_acc: 0.93520, train_loss: 0.54385, train_acc: 0.98531
Epoch 43 | val_loss: 0.28917, val_acc: 0.93140, train_loss: 0.53554, train_acc: 0.98871
[slurm61972819_gr070_gpu0_0] Sync pending: 46 items
Epoch 44 | val_loss: 0.27721, val_acc: 0.93860, train_loss: 0.53247, train_acc: 0.98960
Epoch 45 | val_loss: 0.27633, val_acc: 0.93980, train_loss: 0.52735, train_acc: 0.99142
[slurm61972819_gr070_gpu0_0] Sync pending: 46 items
Epoch 46 | val_loss: 0.27364, val_acc: 0.94100, train_loss: 0.52445, train_acc: 0.99300
Epoch 47 | val_loss: 0.27159, val_acc: 0.94240, train_loss: 0.52353, train_acc: 0.99353
[slurm61972819_gr070_gpu0_0] Sync pending: 46 items
Epoch 48 | val_loss: 0.27155, val_acc: 0.94180, train_loss: 0.52153, train_acc: 0.99438
[slurm61972819_gr070_gpu0_0] Sync pending: 53 items
Epoch 49 | val_loss: 0.27033, val_acc: 0.94120, train_loss: 0.52140, train_acc: 0.99387
[slurm61972819_gr070_gpu0_0] Job cbbd4af3-7326-4137-b9d6-4c4243ce39f3 completed successfully
[slurm61972819_gr070_gpu0_0] Claimed job fdab3252-5369-425a-bc00-41ab1543de12 (priority=10)
[slurm61972819_gr070_gpu0_0] Executing job fdab3252-5369-425a-bc00-41ab1543de12 with _target_=dr_exp.trainers.decon_trainer.train_classification
Epoch 0 | val_loss: 2.30640, val_acc: 0.10156
`Trainer.fit` stopped: `max_epochs=50` reached.
GPU available: True (cuda), used: True
TPU available: False, using: 0 TPU cores
HPU available: False, using: 0 HPUs
LOCAL_RANK: 0 - CUDA_VISIBLE_DEVICES: [0]

  | Name      | Type             | Params | Mode 
-------------------------------------------------------
0 | model     | CifarResNet18    | 11.2 M | train
1 | criterion | CrossEntropyLoss | 0      | train
-------------------------------------------------------
11.2 M    Trainable params
0         Non-trainable params
11.2 M    Total params
44.696    Total estimated model params size (MB)
70        Modules in train mode
0         Modules in eval mode
SLURM auto-requeueing enabled. Setting signal handlers.
Epoch 0 | val_loss: 1.45905, val_acc: 0.46420
[slurm61972819_gr070_gpu0_0] Sync pending: 56 items
Epoch 1 | val_loss: 1.21269, val_acc: 0.58160, train_loss: 1.91148, train_acc: 0.33676
Epoch 2 | val_loss: 1.08859, val_acc: 0.62320, train_loss: 1.62489, train_acc: 0.48813
[slurm61972819_gr070_gpu0_0] Sync pending: 59 items
Epoch 3 | val_loss: 1.10766, val_acc: 0.63460, train_loss: 1.48322, train_acc: 0.55991
Epoch 4 | val_loss: 1.01011, val_acc: 0.67260, train_loss: 1.38993, train_acc: 0.60900
[slurm61972819_gr070_gpu0_0] Sync pending: 58 items
Epoch 5 | val_loss: 0.89311, val_acc: 0.70580, train_loss: 1.32214, train_acc: 0.63773
[slurm61972819_gr070_gpu0_0] Sync pending: 57 items
Epoch 6 | val_loss: 0.98364, val_acc: 0.67780, train_loss: 1.28299, train_acc: 0.65687
Epoch 7 | val_loss: 0.92329, val_acc: 0.70220, train_loss: 1.24762, train_acc: 0.67593
[slurm61972819_gr070_gpu0_0] Sync pending: 56 items
Epoch 8 | val_loss: 0.86361, val_acc: 0.71420, train_loss: 1.22267, train_acc: 0.68636
Epoch 9 | val_loss: 0.89769, val_acc: 0.71220, train_loss: 1.19630, train_acc: 0.70104
[slurm61972819_gr070_gpu0_0] Sync pending: 56 items
Epoch 10 | val_loss: 0.80289, val_acc: 0.74240, train_loss: 1.17108, train_acc: 0.71038
Epoch 11 | val_loss: 0.79212, val_acc: 0.74600, train_loss: 1.16065, train_acc: 0.71460
[slurm61972819_gr070_gpu0_0] Sync pending: 56 items
Epoch 12 | val_loss: 0.76113, val_acc: 0.75980, train_loss: 1.14254, train_acc: 0.72320
Epoch 13 | val_loss: 0.77338, val_acc: 0.74440, train_loss: 1.12945, train_acc: 0.73120
[slurm61972819_gr070_gpu0_0] Sync pending: 59 items
Epoch 14 | val_loss: 0.79749, val_acc: 0.74380, train_loss: 1.12871, train_acc: 0.72942
Epoch 15 | val_loss: 0.77152, val_acc: 0.75240, train_loss: 1.11293, train_acc: 0.73896
[slurm61972819_gr070_gpu0_0] Sync pending: 59 items
Epoch 16 | val_loss: 0.81378, val_acc: 0.73580, train_loss: 1.10723, train_acc: 0.74040
Epoch 17 | val_loss: 0.72140, val_acc: 0.77360, train_loss: 1.08967, train_acc: 0.74884
[slurm61972819_gr070_gpu0_0] Sync pending: 59 items
Epoch 18 | val_loss: 0.77341, val_acc: 0.75260, train_loss: 1.09343, train_acc: 0.74791
[slurm61972819_gr070_gpu0_0] Sync pending: 58 items
Epoch 19 | val_loss: 0.74526, val_acc: 0.75740, train_loss: 1.08161, train_acc: 0.75060
Epoch 20 | val_loss: 0.78169, val_acc: 0.75320, train_loss: 1.07281, train_acc: 0.75398
[slurm61972819_gr070_gpu0_0] Sync pending: 58 items
Epoch 21 | val_loss: 0.79789, val_acc: 0.74580, train_loss: 1.07361, train_acc: 0.75624
Epoch 22 | val_loss: 0.72809, val_acc: 0.76720, train_loss: 1.06315, train_acc: 0.75840
[slurm61972819_gr070_gpu0_0] Sync pending: 58 items
Epoch 23 | val_loss: 0.78077, val_acc: 0.75260, train_loss: 1.06448, train_acc: 0.75993
Epoch 24 | val_loss: 0.74670, val_acc: 0.76540, train_loss: 1.06249, train_acc: 0.76042
[slurm61972819_gr070_gpu0_0] Sync pending: 62 items
Epoch 25 | val_loss: 0.68259, val_acc: 0.78820, train_loss: 1.05388, train_acc: 0.76458
Epoch 26 | val_loss: 0.78086, val_acc: 0.76020, train_loss: 1.04946, train_acc: 0.76724
[slurm61972819_gr070_gpu0_0] Sync pending: 70 items
Epoch 27 | val_loss: 0.71496, val_acc: 0.77760, train_loss: 1.03919, train_acc: 0.76884
Epoch 28 | val_loss: 0.74464, val_acc: 0.77060, train_loss: 1.04587, train_acc: 0.76680
[slurm61972819_gr070_gpu0_0] Sync pending: 74 items
Epoch 29 | val_loss: 0.71445, val_acc: 0.77700, train_loss: 1.04354, train_acc: 0.77007
Epoch 30 | val_loss: 0.54389, val_acc: 0.83280, train_loss: 1.04246, train_acc: 0.77038
[slurm61972819_gr070_gpu0_0] Sync pending: 74 items
Epoch 31 | val_loss: 0.52639, val_acc: 0.84220, train_loss: 0.87279, train_acc: 0.84296
Epoch 32 | val_loss: 0.51791, val_acc: 0.84080, train_loss: 0.81690, train_acc: 0.86631
[slurm61972819_gr070_gpu0_0] Sync pending: 78 items
Epoch 33 | val_loss: 0.50612, val_acc: 0.84540, train_loss: 0.79249, train_acc: 0.87671
Epoch 34 | val_loss: 0.49601, val_acc: 0.85120, train_loss: 0.77751, train_acc: 0.88258
[slurm61972819_gr070_gpu0_0] Sync pending: 78 items
Epoch 35 | val_loss: 0.48416, val_acc: 0.85480, train_loss: 0.76278, train_acc: 0.89024
Epoch 36 | val_loss: 0.49491, val_acc: 0.85480, train_loss: 0.75425, train_acc: 0.89449
[slurm61972819_gr070_gpu0_0] Sync pending: 82 items
Epoch 37 | val_loss: 0.47441, val_acc: 0.86480, train_loss: 0.74193, train_acc: 0.90007
Epoch 38 | val_loss: 0.47925, val_acc: 0.85840, train_loss: 0.73194, train_acc: 0.90420
[slurm61972819_gr070_gpu0_0] Sync pending: 86 items
Epoch 39 | val_loss: 0.46796, val_acc: 0.86400, train_loss: 0.72914, train_acc: 0.90436
Epoch 40 | val_loss: 0.46704, val_acc: 0.86360, train_loss: 0.71757, train_acc: 0.91051
[slurm61972819_gr070_gpu0_0] Sync pending: 86 items
Epoch 41 | val_loss: 0.46283, val_acc: 0.86880, train_loss: 0.70857, train_acc: 0.91498
[slurm61972819_gr070_gpu0_0] Sync pending: 86 items
Epoch 42 | val_loss: 0.46770, val_acc: 0.86560, train_loss: 0.70322, train_acc: 0.91747
Epoch 43 | val_loss: 0.45827, val_acc: 0.86820, train_loss: 0.69951, train_acc: 0.91938
Epoch 44 | val_loss: 0.45539, val_acc: 0.86800, train_loss: 0.68972, train_acc: 0.92427
[slurm61972819_gr070_gpu0_0] Sync pending: 86 items
Epoch 45 | val_loss: 0.46673, val_acc: 0.86480, train_loss: 0.68797, train_acc: 0.92542
Epoch 46 | val_loss: 0.44406, val_acc: 0.87660, train_loss: 0.68300, train_acc: 0.92613
[slurm61972819_gr070_gpu0_0] Sync pending: 86 items
Epoch 47 | val_loss: 0.47704, val_acc: 0.86060, train_loss: 0.67844, train_acc: 0.92931
[slurm61972819_gr070_gpu0_0] Sync pending: 90 items
Epoch 48 | val_loss: 0.46565, val_acc: 0.87020, train_loss: 0.67596, train_acc: 0.92987
Epoch 49 | val_loss: 0.48467, val_acc: 0.86580, train_loss: 0.66958, train_acc: 0.93340
[slurm61972819_gr070_gpu0_0] Job fdab3252-5369-425a-bc00-41ab1543de12 completed successfully
[slurm61972819_gr070_gpu0_0] Claimed job d7387b7d-a18e-46e7-a7d2-f77cdead9a7d (priority=10)
[slurm61972819_gr070_gpu0_0] Executing job d7387b7d-a18e-46e7-a7d2-f77cdead9a7d with _target_=dr_exp.trainers.decon_trainer.train_classification
Epoch 0 | val_loss: 2.30270, val_acc: 0.11719
`Trainer.fit` stopped: `max_epochs=50` reached.
GPU available: True (cuda), used: True
TPU available: False, using: 0 TPU cores
HPU available: False, using: 0 HPUs
LOCAL_RANK: 0 - CUDA_VISIBLE_DEVICES: [0]

  | Name      | Type             | Params | Mode 
-------------------------------------------------------
0 | model     | CifarResNet18    | 11.2 M | train
1 | criterion | CrossEntropyLoss | 0      | train
-------------------------------------------------------
11.2 M    Trainable params
0         Non-trainable params
11.2 M    Total params
44.696    Total estimated model params size (MB)
70        Modules in train mode
0         Modules in eval mode
SLURM auto-requeueing enabled. Setting signal handlers.
[slurm61972819_gr070_gpu0_0] Sync pending: 94 items
Epoch 0 | val_loss: 3.52421, val_acc: 0.29980
Epoch 1 | val_loss: 1.13449, val_acc: 0.61040, train_loss: 1.88975, train_acc: 0.33716
[slurm61972819_gr070_gpu0_0] Sync pending: 94 items
Epoch 2 | val_loss: 0.96969, val_acc: 0.68260, train_loss: 1.49566, train_acc: 0.54376
Epoch 3 | val_loss: 0.88038, val_acc: 0.70700, train_loss: 1.25412, train_acc: 0.66456
[slurm61972819_gr070_gpu0_0] Sync pending: 94 items
Epoch 4 | val_loss: 0.91036, val_acc: 0.69240, train_loss: 1.13674, train_acc: 0.72358
Epoch 5 | val_loss: 0.96729, val_acc: 0.68540, train_loss: 1.07286, train_acc: 0.74847
[slurm61972819_gr070_gpu0_0] Sync pending: 94 items
Epoch 6 | val_loss: 0.86424, val_acc: 0.72860, train_loss: 1.03344, train_acc: 0.76489
Epoch 7 | val_loss: 0.95236, val_acc: 0.68280, train_loss: 1.00994, train_acc: 0.77733
[slurm61972819_gr070_gpu0_0] Sync pending: 98 items
Epoch 8 | val_loss: 0.72269, val_acc: 0.77220, train_loss: 0.98682, train_acc: 0.78598
Epoch 9 | val_loss: 0.80577, val_acc: 0.74340, train_loss: 0.98047, train_acc: 0.79018
[slurm61972819_gr070_gpu0_0] Sync pending: 102 items
Epoch 10 | val_loss: 0.79949, val_acc: 0.74820, train_loss: 0.96661, train_acc: 0.79527
Epoch 11 | val_loss: 0.71384, val_acc: 0.77700, train_loss: 0.95326, train_acc: 0.80309
[slurm61972819_gr070_gpu0_0] Sync pending: 106 items
Epoch 12 | val_loss: 0.69223, val_acc: 0.78320, train_loss: 0.94127, train_acc: 0.80933
Epoch 13 | val_loss: 0.78037, val_acc: 0.75480, train_loss: 0.93850, train_acc: 0.80898
[slurm61972819_gr070_gpu0_0] Sync pending: 106 items
Epoch 14 | val_loss: 0.70645, val_acc: 0.78240, train_loss: 0.93172, train_acc: 0.81227
Epoch 15 | val_loss: 0.77151, val_acc: 0.76300, train_loss: 0.92396, train_acc: 0.81596
[slurm61972819_gr070_gpu0_0] Sync pending: 106 items
Epoch 16 | val_loss: 0.68310, val_acc: 0.79100, train_loss: 0.91897, train_acc: 0.81789
Epoch 17 | val_loss: 0.73496, val_acc: 0.76640, train_loss: 0.91248, train_acc: 0.81982
[slurm61972819_gr070_gpu0_0] Sync pending: 106 items
Epoch 18 | val_loss: 0.65098, val_acc: 0.79600, train_loss: 0.90841, train_acc: 0.82402
Epoch 19 | val_loss: 0.70307, val_acc: 0.77720, train_loss: 0.90631, train_acc: 0.82422
[slurm61972819_gr070_gpu0_0] Sync pending: 106 items
Epoch 20 | val_loss: 0.65048, val_acc: 0.80200, train_loss: 0.89194, train_acc: 0.82984
Epoch 21 | val_loss: 0.70536, val_acc: 0.77860, train_loss: 0.89420, train_acc: 0.82909
[slurm61972819_gr070_gpu0_0] Sync pending: 110 items
Epoch 22 | val_loss: 0.76153, val_acc: 0.75380, train_loss: 0.89679, train_acc: 0.82804
Epoch 23 | val_loss: 0.75938, val_acc: 0.75800, train_loss: 0.89013, train_acc: 0.83273
Epoch 24 | val_loss: 1.02287, val_acc: 0.68100, train_loss: 0.88171, train_acc: 0.83567
[slurm61972819_gr070_gpu0_0] Sync pending: 110 items
Epoch 25 | val_loss: 0.57090, val_acc: 0.82620, train_loss: 0.87978, train_acc: 0.83360
Epoch 26 | val_loss: 0.60003, val_acc: 0.81640, train_loss: 0.88086, train_acc: 0.83404
[slurm61972819_gr070_gpu0_0] Sync pending: 114 items
Epoch 27 | val_loss: 0.61763, val_acc: 0.80860, train_loss: 0.87557, train_acc: 0.83696
Epoch 28 | val_loss: 0.74015, val_acc: 0.76680, train_loss: 0.87394, train_acc: 0.83900
[slurm61972819_gr070_gpu0_0] Sync pending: 118 items
Epoch 29 | val_loss: 0.67879, val_acc: 0.78740, train_loss: 0.86728, train_acc: 0.84129
Epoch 30 | val_loss: 0.36721, val_acc: 0.90040, train_loss: 0.86923, train_acc: 0.83971
[slurm61972819_gr070_gpu0_0] Sync pending: 118 items
Epoch 31 | val_loss: 0.35547, val_acc: 0.90560, train_loss: 0.73353, train_acc: 0.89971
Epoch 32 | val_loss: 0.34687, val_acc: 0.90580, train_loss: 0.68775, train_acc: 0.92047
[slurm61972819_gr070_gpu0_0] Sync pending: 118 items
Epoch 33 | val_loss: 0.34100, val_acc: 0.90820, train_loss: 0.66455, train_acc: 0.93120
[slurm61972819_gr070_gpu0_0] Sync pending: 118 items
Epoch 34 | val_loss: 0.34916, val_acc: 0.90700, train_loss: 0.65770, train_acc: 0.93298
Epoch 35 | val_loss: 0.34193, val_acc: 0.90920, train_loss: 0.65019, train_acc: 0.93680
[slurm61972819_gr070_gpu0_0] Sync pending: 118 items
Epoch 36 | val_loss: 0.33002, val_acc: 0.91300, train_loss: 0.63721, train_acc: 0.94282
Epoch 37 | val_loss: 0.31598, val_acc: 0.91600, train_loss: 0.62953, train_acc: 0.94649
[slurm61972819_gr070_gpu0_0] Sync pending: 118 items
Epoch 38 | val_loss: 0.32932, val_acc: 0.91300, train_loss: 0.62381, train_acc: 0.94816
Epoch 39 | val_loss: 0.32188, val_acc: 0.91460, train_loss: 0.61541, train_acc: 0.95151
[slurm61972819_gr070_gpu0_0] Sync pending: 118 items
Epoch 40 | val_loss: 0.32717, val_acc: 0.91240, train_loss: 0.61234, train_acc: 0.95327
Epoch 41 | val_loss: 0.33632, val_acc: 0.91100, train_loss: 0.60750, train_acc: 0.95662
[slurm61972819_gr070_gpu0_0] Sync pending: 122 items
Epoch 42 | val_loss: 0.33273, val_acc: 0.91200, train_loss: 0.60460, train_acc: 0.95656
Epoch 43 | val_loss: 0.31424, val_acc: 0.92120, train_loss: 0.60073, train_acc: 0.95793
[slurm61972819_gr070_gpu0_0] Sync pending: 126 items
Epoch 44 | val_loss: 0.32786, val_acc: 0.91180, train_loss: 0.59854, train_acc: 0.95871
Epoch 45 | val_loss: 0.32217, val_acc: 0.91480, train_loss: 0.59757, train_acc: 0.95873
[slurm61972819_gr070_gpu0_0] Sync pending: 130 items
Epoch 46 | val_loss: 0.32085, val_acc: 0.92160, train_loss: 0.58976, train_acc: 0.96396
Epoch 47 | val_loss: 0.34418, val_acc: 0.90720, train_loss: 0.59338, train_acc: 0.96111
[slurm61972819_gr070_gpu0_0] Sync pending: 130 items
Epoch 48 | val_loss: 0.32846, val_acc: 0.91440, train_loss: 0.58634, train_acc: 0.96507
[slurm61972819_gr070_gpu0_0] Sync pending: 134 items
Epoch 49 | val_loss: 0.35819, val_acc: 0.90160, train_loss: 0.58935, train_acc: 0.96338
[slurm61972819_gr070_gpu0_0] Job d7387b7d-a18e-46e7-a7d2-f77cdead9a7d completed successfully
[slurm61972819_gr070_gpu0_0] Claimed job 7508f136-cd2d-4a5a-bdd7-b9d8933e9a14 (priority=10)
[slurm61972819_gr070_gpu0_0] Executing job 7508f136-cd2d-4a5a-bdd7-b9d8933e9a14 with _target_=dr_exp.trainers.decon_trainer.train_classification
Epoch 0 | val_loss: 2.34676, val_acc: 0.08203
`Trainer.fit` stopped: `max_epochs=50` reached.
GPU available: True (cuda), used: True
TPU available: False, using: 0 TPU cores
HPU available: False, using: 0 HPUs
LOCAL_RANK: 0 - CUDA_VISIBLE_DEVICES: [0]

  | Name      | Type             | Params | Mode 
-------------------------------------------------------
0 | model     | CifarResNet18    | 11.2 M | train
1 | criterion | CrossEntropyLoss | 0      | train
-------------------------------------------------------
11.2 M    Trainable params
0         Non-trainable params
11.2 M    Total params
44.696    Total estimated model params size (MB)
70        Modules in train mode
0         Modules in eval mode
SLURM auto-requeueing enabled. Setting signal handlers.
Epoch 0 | val_loss: 1.77541, val_acc: 0.34040
[slurm61972819_gr070_gpu0_0] Sync pending: 138 items
Epoch 1 | val_loss: 1.45330, val_acc: 0.49180, train_loss: 2.20629, train_acc: 0.22764
Epoch 2 | val_loss: 1.19886, val_acc: 0.58160, train_loss: 1.78021, train_acc: 0.39640
[slurm61972819_gr070_gpu0_0] Sync pending: 142 items
Epoch 3 | val_loss: 0.99741, val_acc: 0.66660, train_loss: 1.54423, train_acc: 0.52098
Epoch 4 | val_loss: 0.91421, val_acc: 0.68960, train_loss: 1.33405, train_acc: 0.62509
[slurm61972819_gr070_gpu0_0] Sync pending: 142 items
Epoch 5 | val_loss: 0.82352, val_acc: 0.73000, train_loss: 1.18590, train_acc: 0.69796
[slurm61972819_gr070_gpu0_0] Sync pending: 142 items
Epoch 6 | val_loss: 0.88341, val_acc: 0.71560, train_loss: 1.09064, train_acc: 0.74160
Epoch 7 | val_loss: 0.77853, val_acc: 0.74920, train_loss: 1.03889, train_acc: 0.76496
[slurm61972819_gr070_gpu0_0] Sync pending: 142 items
Epoch 8 | val_loss: 0.70536, val_acc: 0.77200, train_loss: 0.99783, train_acc: 0.78393
Epoch 9 | val_loss: 0.76652, val_acc: 0.74500, train_loss: 0.97056, train_acc: 0.79622
[slurm61972819_gr070_gpu0_0] Sync pending: 142 items
Epoch 10 | val_loss: 0.65789, val_acc: 0.79120, train_loss: 0.95376, train_acc: 0.80458
Epoch 11 | val_loss: 0.60587, val_acc: 0.81580, train_loss: 0.93093, train_acc: 0.81329
[slurm61972819_gr070_gpu0_0] Sync pending: 142 items
Epoch 12 | val_loss: 0.59685, val_acc: 0.81640, train_loss: 0.92002, train_acc: 0.81904
Epoch 13 | val_loss: 0.66119, val_acc: 0.79080, train_loss: 0.90971, train_acc: 0.82453
[slurm61972819_gr070_gpu0_0] Sync pending: 142 items
Epoch 14 | val_loss: 0.62419, val_acc: 0.80280, train_loss: 0.89742, train_acc: 0.82978
Epoch 15 | val_loss: 0.59947, val_acc: 0.82080, train_loss: 0.88885, train_acc: 0.83222
[slurm61972819_gr070_gpu0_0] Sync pending: 142 items
Epoch 16 | val_loss: 0.70893, val_acc: 0.77260, train_loss: 0.87392, train_acc: 0.83944
Epoch 17 | val_loss: 0.64585, val_acc: 0.80280, train_loss: 0.86854, train_acc: 0.84044
[slurm61972819_gr070_gpu0_0] Sync pending: 142 items
Epoch 18 | val_loss: 0.64051, val_acc: 0.80460, train_loss: 0.86352, train_acc: 0.84442
[slurm61972819_gr070_gpu0_0] Sync pending: 146 items
Epoch 19 | val_loss: 0.59318, val_acc: 0.81860, train_loss: 0.85704, train_acc: 0.84669
Epoch 20 | val_loss: 0.60936, val_acc: 0.81280, train_loss: 0.85639, train_acc: 0.84802
[slurm61972819_gr070_gpu0_0] Sync pending: 146 items
Epoch 21 | val_loss: 0.57189, val_acc: 0.82680, train_loss: 0.84921, train_acc: 0.85051
Epoch 22 | val_loss: 0.67102, val_acc: 0.78540, train_loss: 0.84418, train_acc: 0.85171
[slurm61972819_gr070_gpu0_0] Sync pending: 150 items
Epoch 23 | val_loss: 0.79945, val_acc: 0.74700, train_loss: 0.84562, train_acc: 0.85084
Epoch 24 | val_loss: 0.59522, val_acc: 0.82040, train_loss: 0.83546, train_acc: 0.85662
[slurm61972819_gr070_gpu0_0] Sync pending: 154 items
Epoch 25 | val_loss: 0.69728, val_acc: 0.78520, train_loss: 0.83597, train_acc: 0.85627
Epoch 26 | val_loss: 0.59420, val_acc: 0.81660, train_loss: 0.83321, train_acc: 0.85787
[slurm61972819_gr070_gpu0_0] Sync pending: 154 items
Epoch 27 | val_loss: 0.61769, val_acc: 0.79940, train_loss: 0.83191, train_acc: 0.85816
Epoch 28 | val_loss: 0.50550, val_acc: 0.84940, train_loss: 0.82227, train_acc: 0.86229
[slurm61972819_gr070_gpu0_0] Sync pending: 154 items
Epoch 29 | val_loss: 0.70539, val_acc: 0.78340, train_loss: 0.82124, train_acc: 0.86324
[slurm61972819_gr070_gpu0_0] Sync pending: 153 items
Epoch 30 | val_loss: 0.36078, val_acc: 0.90080, train_loss: 0.82331, train_acc: 0.86080
Epoch 31 | val_loss: 0.34122, val_acc: 0.91060, train_loss: 0.70011, train_acc: 0.91678
[slurm61972819_gr070_gpu0_0] Sync pending: 153 items
Epoch 32 | val_loss: 0.32437, val_acc: 0.91060, train_loss: 0.65629, train_acc: 0.93569
Epoch 33 | val_loss: 0.32047, val_acc: 0.91540, train_loss: 0.64141, train_acc: 0.94322
[slurm61972819_gr070_gpu0_0] Sync pending: 153 items
Epoch 34 | val_loss: 0.31833, val_acc: 0.91700, train_loss: 0.62791, train_acc: 0.94771
Epoch 35 | val_loss: 0.32158, val_acc: 0.91760, train_loss: 0.61981, train_acc: 0.95302
[slurm61972819_gr070_gpu0_0] Sync pending: 157 items
Epoch 36 | val_loss: 0.31799, val_acc: 0.91820, train_loss: 0.60936, train_acc: 0.95649
Epoch 37 | val_loss: 0.31457, val_acc: 0.92400, train_loss: 0.60638, train_acc: 0.95798
[slurm61972819_gr070_gpu0_0] Sync pending: 161 items
Epoch 38 | val_loss: 0.30592, val_acc: 0.92100, train_loss: 0.59541, train_acc: 0.96342
Epoch 39 | val_loss: 0.31044, val_acc: 0.92080, train_loss: 0.59305, train_acc: 0.96402
[slurm61972819_gr070_gpu0_0] Sync pending: 160 items
Epoch 40 | val_loss: 0.30764, val_acc: 0.92100, train_loss: 0.58858, train_acc: 0.96547
Epoch 41 | val_loss: 0.32105, val_acc: 0.91580, train_loss: 0.58126, train_acc: 0.96953
[slurm61972819_gr070_gpu0_0] Sync pending: 159 items
Epoch 42 | val_loss: 0.32306, val_acc: 0.91680, train_loss: 0.57771, train_acc: 0.97131
Epoch 43 | val_loss: 0.31506, val_acc: 0.91980, train_loss: 0.57444, train_acc: 0.97296
[slurm61972819_gr070_gpu0_0] Sync pending: 158 items
Epoch 44 | val_loss: 0.31658, val_acc: 0.91920, train_loss: 0.57205, train_acc: 0.97391
[slurm61972819_gr070_gpu0_0] Sync pending: 157 items
Epoch 45 | val_loss: 0.30878, val_acc: 0.92040, train_loss: 0.57016, train_acc: 0.97371
Epoch 46 | val_loss: 0.32381, val_acc: 0.91660, train_loss: 0.56792, train_acc: 0.97424
[slurm61972819_gr070_gpu0_0] Sync pending: 157 items
Epoch 47 | val_loss: 0.31797, val_acc: 0.92240, train_loss: 0.56524, train_acc: 0.97576
Epoch 48 | val_loss: 0.32759, val_acc: 0.92020, train_loss: 0.56365, train_acc: 0.97720
[slurm61972819_gr070_gpu0_0] Sync pending: 157 items
Epoch 49 | val_loss: 0.32358, val_acc: 0.91960, train_loss: 0.56158, train_acc: 0.97762
[slurm61972819_gr070_gpu0_0] Job 7508f136-cd2d-4a5a-bdd7-b9d8933e9a14 completed successfully
[slurm61972819_gr070_gpu0_0] Claimed job 0c4cf87f-857b-480f-979e-b16f9fc4c4e0 (priority=10)
[slurm61972819_gr070_gpu0_0] Executing job 0c4cf87f-857b-480f-979e-b16f9fc4c4e0 with _target_=dr_exp.trainers.decon_trainer.train_classification
Epoch 0 | val_loss: 2.31531, val_acc: 0.12109
`Trainer.fit` stopped: `max_epochs=50` reached.
