GPU available: True (cuda), used: True
TPU available: False, using: 0 TPU cores
HPU available: False, using: 0 HPUs
/scratch/ddr8143/repos/dr_exp/.venv/lib/python3.12/site-packages/lightning/pytorch/trainer/connectors/logger_connector/logger_connector.py:76: Starting from v1.9.0, `tensorboardX` has been removed as a dependency of the `lightning.pytorch` package, due to potential conflicts with other packages in the ML ecosystem. For this reason, `logger=True` will use `CSVLogger` as the default logger, unless the `tensorboard` or `tensorboardX` packages are found. Please `pip install lightning[extra]` or one of them to enable TensorBoard support by default
LOCAL_RANK: 0 - CUDA_VISIBLE_DEVICES: [0]

  | Name      | Type             | Params | Mode 
-------------------------------------------------------
0 | model     | CifarResNet18    | 11.2 M | train
1 | criterion | CrossEntropyLoss | 0      | train
-------------------------------------------------------
11.2 M    Trainable params
0         Non-trainable params
11.2 M    Total params
44.696    Total estimated model params size (MB)
70        Modules in train mode
0         Modules in eval mode
SLURM auto-requeueing enabled. Setting signal handlers.
[SyncHandler] Failed to initialize Supabase: Supabase URL and key must be provided or set in environment
[SyncHandler] Sync disabled - files will remain in queue
[slurm61982223_gr043_gpu0_0] Sync disabled - Supabase not available
Sync: enabled (Supabase not available - queue only)
Starting worker slurm61982223_gr043_gpu0_0
Experiment: cluster_t0 at /scratch/ddr8143/logs/dcnn_workers
------------------------------------------------------------
[slurm61982223_gr043_gpu0_0] Worker started
[slurm61982223_gr043_gpu0_0] Sync thread started
[slurm61982223_gr043_gpu0_0] Heartbeat thread started
[slurm61982223_gr043_gpu0_0] Claimed job 1a682464-7144-4961-bda7-aed86eead46f (priority=250)
[slurm61982223_gr043_gpu0_0] Executing job 1a682464-7144-4961-bda7-aed86eead46f with _target_=dr_exp.trainers.decon_trainer.train_classification
Epoch 0 | val_loss: 2.33810, val_acc: 0.11719
/scratch/ddr8143/repos/dr_exp/.venv/lib/python3.12/site-packages/torch/optim/lr_scheduler.py:198: UserWarning: The epoch parameter in `scheduler.step()` was not necessary and is being deprecated where possible. Please use `scheduler.step()` to step the scheduler. During the deprecation, if epoch is different from None, the closed form is used instead of the new chainable form, where available. Please open an issue if you are unable to replicate your use case: https://github.com/pytorch/pytorch/issues/new/choose.
  warnings.warn(EPOCH_DEPRECATION_WARNING, UserWarning)
`Trainer.fit` stopped: `max_epochs=50` reached.
GPU available: True (cuda), used: True
TPU available: False, using: 0 TPU cores
HPU available: False, using: 0 HPUs
LOCAL_RANK: 0 - CUDA_VISIBLE_DEVICES: [0]

  | Name      | Type             | Params | Mode 
-------------------------------------------------------
0 | model     | CifarResNet12    | 1.8 M  | train
1 | criterion | CrossEntropyLoss | 0      | train
-------------------------------------------------------
1.8 M     Trainable params
0         Non-trainable params
1.8 M     Total params
7.154     Total estimated model params size (MB)
36        Modules in train mode
0         Modules in eval mode
SLURM auto-requeueing enabled. Setting signal handlers.
Epoch 0 | val_loss: 2.31432, val_acc: 0.11620
[slurm61982223_gr043_gpu0_0] Sync pending: 222 items
Epoch 1 | val_loss: 1.44262, val_acc: 0.49960, train_loss: 2.31460, train_acc: 0.11453
Epoch 2 | val_loss: 0.94156, val_acc: 0.66220, train_loss: 1.60324, train_acc: 0.42031
[slurm61982223_gr043_gpu0_0] Sync pending: 222 items
Epoch 3 | val_loss: 0.85768, val_acc: 0.72560, train_loss: 1.17185, train_acc: 0.58689
Epoch 4 | val_loss: 0.91016, val_acc: 0.69600, train_loss: 0.86576, train_acc: 0.69824
[slurm61982223_gr043_gpu0_0] Sync pending: 223 items
Epoch 5 | val_loss: 0.96595, val_acc: 0.69620, train_loss: 0.75139, train_acc: 0.73869
Epoch 6 | val_loss: 0.83990, val_acc: 0.72640, train_loss: 0.65724, train_acc: 0.77356
[slurm61982223_gr043_gpu0_0] Sync pending: 223 items
Epoch 7 | val_loss: 0.56422, val_acc: 0.80940, train_loss: 0.58386, train_acc: 0.79796
[slurm61982223_gr043_gpu0_0] Sync pending: 231 items
Epoch 8 | val_loss: 0.61389, val_acc: 0.78820, train_loss: 0.53524, train_acc: 0.81540
Epoch 9 | val_loss: 0.56824, val_acc: 0.80480, train_loss: 0.49786, train_acc: 0.82942
[slurm61982223_gr043_gpu0_0] Sync pending: 231 items
Epoch 10 | val_loss: 0.53792, val_acc: 0.81460, train_loss: 0.47208, train_acc: 0.83651
Epoch 11 | val_loss: 0.63209, val_acc: 0.79220, train_loss: 0.45314, train_acc: 0.84642
[slurm61982223_gr043_gpu0_0] Sync pending: 235 items
Epoch 12 | val_loss: 0.55152, val_acc: 0.81060, train_loss: 0.43785, train_acc: 0.84938
Epoch 13 | val_loss: 0.51533, val_acc: 0.82320, train_loss: 0.43200, train_acc: 0.85062
[slurm61982223_gr043_gpu0_0] Sync pending: 235 items
Epoch 14 | val_loss: 0.54964, val_acc: 0.81900, train_loss: 0.41491, train_acc: 0.85698
Epoch 15 | val_loss: 0.51567, val_acc: 0.82360, train_loss: 0.40033, train_acc: 0.86329
[slurm61982223_gr043_gpu0_0] Sync pending: 235 items
Epoch 16 | val_loss: 0.47796, val_acc: 0.84080, train_loss: 0.39246, train_acc: 0.86493
Epoch 17 | val_loss: 0.69233, val_acc: 0.79400, train_loss: 0.37583, train_acc: 0.87144
[slurm61982223_gr043_gpu0_0] Sync pending: 239 items
Epoch 18 | val_loss: 0.42765, val_acc: 0.85640, train_loss: 0.35831, train_acc: 0.87800
Epoch 19 | val_loss: 0.60705, val_acc: 0.80880, train_loss: 0.35178, train_acc: 0.88007
[slurm61982223_gr043_gpu0_0] Sync pending: 239 items
Epoch 20 | val_loss: 0.59162, val_acc: 0.80800, train_loss: 0.33745, train_acc: 0.88533
Epoch 21 | val_loss: 0.41894, val_acc: 0.86020, train_loss: 0.32722, train_acc: 0.88798
[slurm61982223_gr043_gpu0_0] Sync pending: 239 items
Epoch 22 | val_loss: 0.49389, val_acc: 0.83500, train_loss: 0.31514, train_acc: 0.89100
[slurm61982223_gr043_gpu0_0] Sync pending: 239 items
Epoch 23 | val_loss: 0.40641, val_acc: 0.86240, train_loss: 0.30213, train_acc: 0.89602
Epoch 24 | val_loss: 0.49610, val_acc: 0.84100, train_loss: 0.29054, train_acc: 0.90036
[slurm61982223_gr043_gpu0_0] Sync pending: 243 items
Epoch 25 | val_loss: 0.52684, val_acc: 0.83220, train_loss: 0.27907, train_acc: 0.90320
Epoch 26 | val_loss: 0.37389, val_acc: 0.87340, train_loss: 0.26340, train_acc: 0.91004
[slurm61982223_gr043_gpu0_0] Sync pending: 243 items
Epoch 27 | val_loss: 0.34938, val_acc: 0.88320, train_loss: 0.24800, train_acc: 0.91404
Epoch 28 | val_loss: 0.44777, val_acc: 0.85040, train_loss: 0.23485, train_acc: 0.91822
[slurm61982223_gr043_gpu0_0] Sync pending: 243 items
Epoch 29 | val_loss: 0.35928, val_acc: 0.88540, train_loss: 0.21699, train_acc: 0.92491
Epoch 30 | val_loss: 0.38702, val_acc: 0.87240, train_loss: 0.21364, train_acc: 0.92536
[slurm61982223_gr043_gpu0_0] Sync pending: 243 items
Epoch 31 | val_loss: 0.36360, val_acc: 0.88240, train_loss: 0.18711, train_acc: 0.93598
Epoch 32 | val_loss: 0.35036, val_acc: 0.89040, train_loss: 0.16856, train_acc: 0.94153
[slurm61982223_gr043_gpu0_0] Sync pending: 247 items
Epoch 33 | val_loss: 0.33991, val_acc: 0.89320, train_loss: 0.15926, train_acc: 0.94571
Epoch 34 | val_loss: 0.35749, val_acc: 0.88540, train_loss: 0.14169, train_acc: 0.95047
[slurm61982223_gr043_gpu0_0] Sync pending: 247 items
Epoch 35 | val_loss: 0.30738, val_acc: 0.89980, train_loss: 0.12677, train_acc: 0.95584
Epoch 36 | val_loss: 0.31398, val_acc: 0.90400, train_loss: 0.10948, train_acc: 0.96318
[slurm61982223_gr043_gpu0_0] Sync pending: 247 items
Epoch 37 | val_loss: 0.29195, val_acc: 0.90780, train_loss: 0.08969, train_acc: 0.97029
Epoch 38 | val_loss: 0.27678, val_acc: 0.91600, train_loss: 0.07646, train_acc: 0.97420
[slurm61982223_gr043_gpu0_0] Sync pending: 247 items
Epoch 39 | val_loss: 0.25612, val_acc: 0.92360, train_loss: 0.05941, train_acc: 0.98036
[slurm61982223_gr043_gpu0_0] Sync pending: 247 items
Epoch 40 | val_loss: 0.26285, val_acc: 0.92100, train_loss: 0.04728, train_acc: 0.98500
Epoch 41 | val_loss: 0.23930, val_acc: 0.92820, train_loss: 0.04002, train_acc: 0.98787
[slurm61982223_gr043_gpu0_0] Sync pending: 247 items
Epoch 42 | val_loss: 0.22985, val_acc: 0.92980, train_loss: 0.03066, train_acc: 0.99033
Epoch 43 | val_loss: 0.23215, val_acc: 0.93300, train_loss: 0.02316, train_acc: 0.99340
[slurm61982223_gr043_gpu0_0] Sync pending: 247 items
Epoch 44 | val_loss: 0.22622, val_acc: 0.93300, train_loss: 0.02009, train_acc: 0.99456
Epoch 45 | val_loss: 0.22060, val_acc: 0.93500, train_loss: 0.01845, train_acc: 0.99478
[slurm61982223_gr043_gpu0_0] Sync pending: 247 items
Epoch 46 | val_loss: 0.22506, val_acc: 0.93360, train_loss: 0.01311, train_acc: 0.99720
Epoch 47 | val_loss: 0.22136, val_acc: 0.93380, train_loss: 0.01195, train_acc: 0.99727
[slurm61982223_gr043_gpu0_0] Sync pending: 247 items
Epoch 48 | val_loss: 0.21997, val_acc: 0.93540, train_loss: 0.01165, train_acc: 0.99751
Epoch 49 | val_loss: 0.22103, val_acc: 0.93380, train_loss: 0.01171, train_acc: 0.99740
[slurm61982223_gr043_gpu0_0] Job 1a682464-7144-4961-bda7-aed86eead46f completed successfully
[slurm61982223_gr043_gpu0_0] Claimed job ec22153c-4ce9-494d-a89a-38795d6c6aba (priority=230)
[slurm61982223_gr043_gpu0_0] Executing job ec22153c-4ce9-494d-a89a-38795d6c6aba with _target_=dr_exp.trainers.decon_trainer.train_classification
Epoch 0 | val_loss: 2.30464, val_acc: 0.05078
`Trainer.fit` stopped: `max_epochs=50` reached.
GPU available: True (cuda), used: True
TPU available: False, using: 0 TPU cores
HPU available: False, using: 0 HPUs
LOCAL_RANK: 0 - CUDA_VISIBLE_DEVICES: [0]

  | Name      | Type             | Params | Mode 
-------------------------------------------------------
0 | model     | CifarResNet18    | 11.2 M | train
1 | criterion | CrossEntropyLoss | 0      | train
-------------------------------------------------------
11.2 M    Trainable params
0         Non-trainable params
11.2 M    Total params
44.696    Total estimated model params size (MB)
70        Modules in train mode
0         Modules in eval mode
SLURM auto-requeueing enabled. Setting signal handlers.
[slurm61982223_gr043_gpu0_0] Sync pending: 251 items
Epoch 0 | val_loss: 2.31368, val_acc: 0.08320
Epoch 1 | val_loss: 1.33497, val_acc: 0.51440, train_loss: 2.30897, train_acc: 0.08098
[slurm61982223_gr043_gpu0_0] Sync pending: 255 items
Epoch 2 | val_loss: 0.95928, val_acc: 0.65800, train_loss: 1.52365, train_acc: 0.44064
Epoch 3 | val_loss: 0.75610, val_acc: 0.73840, train_loss: 1.17533, train_acc: 0.57953
[slurm61982223_gr043_gpu0_0] Sync pending: 272 items
Epoch 4 | val_loss: 0.69538, val_acc: 0.75780, train_loss: 0.93774, train_acc: 0.66978
Epoch 5 | val_loss: 0.77106, val_acc: 0.74220, train_loss: 0.80960, train_acc: 0.71513
[slurm61982223_gr043_gpu0_0] Sync pending: 280 items
Epoch 6 | val_loss: 0.69126, val_acc: 0.76540, train_loss: 0.72736, train_acc: 0.74769
Epoch 7 | val_loss: 0.73134, val_acc: 0.75480, train_loss: 0.64639, train_acc: 0.77424
[slurm61982223_gr043_gpu0_0] Sync pending: 280 items
Epoch 8 | val_loss: 0.63796, val_acc: 0.78060, train_loss: 0.60163, train_acc: 0.79222
Epoch 9 | val_loss: 0.62876, val_acc: 0.77620, train_loss: 0.56892, train_acc: 0.80302
[slurm61982223_gr043_gpu0_0] Sync pending: 284 items
Epoch 10 | val_loss: 0.66184, val_acc: 0.77700, train_loss: 0.54786, train_acc: 0.81211
Epoch 11 | val_loss: 0.61247, val_acc: 0.79020, train_loss: 0.53078, train_acc: 0.81664
[slurm61982223_gr043_gpu0_0] Sync pending: 288 items
Epoch 12 | val_loss: 0.56969, val_acc: 0.80600, train_loss: 0.51356, train_acc: 0.82240
Epoch 13 | val_loss: 0.51744, val_acc: 0.82620, train_loss: 0.49081, train_acc: 0.83007
[slurm61982223_gr043_gpu0_0] Sync pending: 288 items
Epoch 14 | val_loss: 0.56566, val_acc: 0.80720, train_loss: 0.47801, train_acc: 0.83240
Epoch 15 | val_loss: 0.66406, val_acc: 0.78160, train_loss: 0.47112, train_acc: 0.83849
[slurm61982223_gr043_gpu0_0] Sync pending: 292 items
Epoch 16 | val_loss: 0.53415, val_acc: 0.81400, train_loss: 0.45431, train_acc: 0.84344
Epoch 17 | val_loss: 0.68713, val_acc: 0.77120, train_loss: 0.44425, train_acc: 0.84769
[slurm61982223_gr043_gpu0_0] Sync pending: 292 items
Epoch 18 | val_loss: 0.48417, val_acc: 0.83500, train_loss: 0.43044, train_acc: 0.84931
Epoch 19 | val_loss: 0.55192, val_acc: 0.81520, train_loss: 0.41728, train_acc: 0.85653
[slurm61982223_gr043_gpu0_0] Sync pending: 296 items
Epoch 20 | val_loss: 0.53679, val_acc: 0.81840, train_loss: 0.41173, train_acc: 0.85860
Epoch 21 | val_loss: 0.48009, val_acc: 0.83320, train_loss: 0.39437, train_acc: 0.86240
[slurm61982223_gr043_gpu0_0] Sync pending: 300 items
Epoch 22 | val_loss: 0.48063, val_acc: 0.83020, train_loss: 0.38493, train_acc: 0.86604
Epoch 23 | val_loss: 0.45648, val_acc: 0.84560, train_loss: 0.37681, train_acc: 0.86993
[slurm61982223_gr043_gpu0_0] Sync pending: 300 items
Epoch 24 | val_loss: 0.51423, val_acc: 0.82560, train_loss: 0.36082, train_acc: 0.87553
Epoch 25 | val_loss: 0.45214, val_acc: 0.84540, train_loss: 0.35403, train_acc: 0.87853
[slurm61982223_gr043_gpu0_0] Sync pending: 300 items
Epoch 26 | val_loss: 0.47656, val_acc: 0.83620, train_loss: 0.33588, train_acc: 0.88356
Epoch 27 | val_loss: 0.41525, val_acc: 0.86240, train_loss: 0.32708, train_acc: 0.88631
[slurm61982223_gr043_gpu0_0] Sync pending: 300 items
Epoch 28 | val_loss: 0.46765, val_acc: 0.84520, train_loss: 0.31366, train_acc: 0.89191
Epoch 29 | val_loss: 0.43091, val_acc: 0.85560, train_loss: 0.30471, train_acc: 0.89504
[slurm61982223_gr043_gpu0_0] Sync pending: 300 items
Epoch 30 | val_loss: 0.42751, val_acc: 0.85720, train_loss: 0.28110, train_acc: 0.90178
Epoch 31 | val_loss: 0.43559, val_acc: 0.85040, train_loss: 0.27483, train_acc: 0.90589
[slurm61982223_gr043_gpu0_0] Sync pending: 300 items
Epoch 32 | val_loss: 0.38858, val_acc: 0.86520, train_loss: 0.25889, train_acc: 0.91133
Epoch 33 | val_loss: 0.41509, val_acc: 0.85940, train_loss: 0.24470, train_acc: 0.91600
[slurm61982223_gr043_gpu0_0] Sync pending: 300 items
Epoch 34 | val_loss: 0.37488, val_acc: 0.87340, train_loss: 0.23090, train_acc: 0.92098
Epoch 35 | val_loss: 0.35176, val_acc: 0.88440, train_loss: 0.21045, train_acc: 0.92924
[slurm61982223_gr043_gpu0_0] Sync pending: 304 items
Epoch 36 | val_loss: 0.36803, val_acc: 0.87880, train_loss: 0.19313, train_acc: 0.93413
Epoch 37 | val_loss: 0.35983, val_acc: 0.87660, train_loss: 0.17334, train_acc: 0.94158
[slurm61982223_gr043_gpu0_0] Sync pending: 304 items
Epoch 38 | val_loss: 0.35856, val_acc: 0.88380, train_loss: 0.15927, train_acc: 0.94778
Epoch 39 | val_loss: 0.34003, val_acc: 0.89300, train_loss: 0.14684, train_acc: 0.95076
[slurm61982223_gr043_gpu0_0] Sync pending: 304 items
Epoch 40 | val_loss: 0.34267, val_acc: 0.88920, train_loss: 0.12824, train_acc: 0.95853
Epoch 41 | val_loss: 0.32170, val_acc: 0.90080, train_loss: 0.11113, train_acc: 0.96500
[slurm61982223_gr043_gpu0_0] Sync pending: 304 items
Epoch 42 | val_loss: 0.30800, val_acc: 0.90440, train_loss: 0.10356, train_acc: 0.96793
Epoch 43 | val_loss: 0.31783, val_acc: 0.90060, train_loss: 0.08883, train_acc: 0.97291
[slurm61982223_gr043_gpu0_0] Sync pending: 304 items
Epoch 44 | val_loss: 0.30672, val_acc: 0.90600, train_loss: 0.08089, train_acc: 0.97598
Epoch 45 | val_loss: 0.30608, val_acc: 0.90480, train_loss: 0.07157, train_acc: 0.97953
Epoch 46 | val_loss: 0.31192, val_acc: 0.90460, train_loss: 0.06572, train_acc: 0.98167
[slurm61982223_gr043_gpu0_0] Sync pending: 304 items
Epoch 47 | val_loss: 0.30362, val_acc: 0.90640, train_loss: 0.06172, train_acc: 0.98340
Epoch 48 | val_loss: 0.30466, val_acc: 0.90660, train_loss: 0.05837, train_acc: 0.98480
[slurm61982223_gr043_gpu0_0] Sync pending: 304 items
Epoch 49 | val_loss: 0.30349, val_acc: 0.90660, train_loss: 0.05591, train_acc: 0.98587
[slurm61982223_gr043_gpu0_0] Job ec22153c-4ce9-494d-a89a-38795d6c6aba completed successfully
[slurm61982223_gr043_gpu0_0] Claimed job dfbeaf3a-26fc-454e-9887-920da488d99a (priority=210)
[slurm61982223_gr043_gpu0_0] Executing job dfbeaf3a-26fc-454e-9887-920da488d99a with _target_=dr_exp.trainers.decon_trainer.train_classification
Epoch 0 | val_loss: 2.30283, val_acc: 0.10938
`Trainer.fit` stopped: `max_epochs=50` reached.
GPU available: True (cuda), used: True
TPU available: False, using: 0 TPU cores
HPU available: False, using: 0 HPUs
LOCAL_RANK: 0 - CUDA_VISIBLE_DEVICES: [0]

  | Name      | Type             | Params | Mode 
-------------------------------------------------------
0 | model     | CifarResNet18    | 11.2 M | train
1 | criterion | CrossEntropyLoss | 0      | train
-------------------------------------------------------
11.2 M    Trainable params
0         Non-trainable params
11.2 M    Total params
44.696    Total estimated model params size (MB)
70        Modules in train mode
0         Modules in eval mode
SLURM auto-requeueing enabled. Setting signal handlers.
[slurm61982223_gr043_gpu0_0] Sync pending: 312 items
Epoch 0 | val_loss: 2.31571, val_acc: 0.09420
Epoch 1 | val_loss: 1.22231, val_acc: 0.57300, train_loss: 2.31098, train_acc: 0.10184
[slurm61982223_gr043_gpu0_0] Sync pending: 320 items
Epoch 2 | val_loss: 1.02401, val_acc: 0.64960, train_loss: 1.58746, train_acc: 0.40760
Epoch 3 | val_loss: 0.98276, val_acc: 0.67540, train_loss: 1.11826, train_acc: 0.60391
[slurm61982223_gr043_gpu0_0] Sync pending: 328 items
Epoch 4 | val_loss: 0.82843, val_acc: 0.71240, train_loss: 0.86916, train_acc: 0.69862
Epoch 5 | val_loss: 0.86435, val_acc: 0.72280, train_loss: 0.76230, train_acc: 0.73869
[slurm61982223_gr043_gpu0_0] Sync pending: 332 items
Epoch 6 | val_loss: 0.76872, val_acc: 0.73960, train_loss: 0.69263, train_acc: 0.76249
Epoch 7 | val_loss: 0.83246, val_acc: 0.72780, train_loss: 0.61702, train_acc: 0.78836
[slurm61982223_gr043_gpu0_0] Sync pending: 332 items
Epoch 8 | val_loss: 0.85945, val_acc: 0.72240, train_loss: 0.57824, train_acc: 0.80333
Epoch 9 | val_loss: 0.72944, val_acc: 0.76420, train_loss: 0.54854, train_acc: 0.81467
[slurm61982223_gr043_gpu0_0] Sync pending: 340 items
Epoch 10 | val_loss: 0.60427, val_acc: 0.79500, train_loss: 0.53507, train_acc: 0.81698
Epoch 11 | val_loss: 0.67719, val_acc: 0.76800, train_loss: 0.51742, train_acc: 0.82347
[slurm61982223_gr043_gpu0_0] Sync pending: 344 items
Epoch 12 | val_loss: 0.60575, val_acc: 0.79660, train_loss: 0.50021, train_acc: 0.82842
Epoch 13 | val_loss: 0.60431, val_acc: 0.80400, train_loss: 0.48866, train_acc: 0.83384
Epoch 14 | val_loss: 0.91288, val_acc: 0.71420, train_loss: 0.47741, train_acc: 0.83813
[slurm61982223_gr043_gpu0_0] Sync pending: 344 items
Epoch 15 | val_loss: 0.56597, val_acc: 0.81060, train_loss: 0.45639, train_acc: 0.84607
Epoch 16 | val_loss: 0.67157, val_acc: 0.78220, train_loss: 0.45300, train_acc: 0.84436
[slurm61982223_gr043_gpu0_0] Sync pending: 344 items
Epoch 17 | val_loss: 0.57779, val_acc: 0.81080, train_loss: 0.43828, train_acc: 0.85133
Epoch 18 | val_loss: 0.57430, val_acc: 0.80280, train_loss: 0.41925, train_acc: 0.85642
[slurm61982223_gr043_gpu0_0] Sync pending: 344 items
Epoch 19 | val_loss: 0.46901, val_acc: 0.84460, train_loss: 0.41610, train_acc: 0.85776
Epoch 20 | val_loss: 0.52027, val_acc: 0.82200, train_loss: 0.39815, train_acc: 0.86511
[slurm61982223_gr043_gpu0_0] Sync pending: 356 items
Epoch 21 | val_loss: 0.46963, val_acc: 0.84200, train_loss: 0.39040, train_acc: 0.86653
Epoch 22 | val_loss: 0.51926, val_acc: 0.83060, train_loss: 0.37399, train_acc: 0.87340
[slurm61982223_gr043_gpu0_0] Sync pending: 356 items
Epoch 23 | val_loss: 0.60904, val_acc: 0.80020, train_loss: 0.36113, train_acc: 0.87700
Epoch 24 | val_loss: 0.50337, val_acc: 0.83540, train_loss: 0.34913, train_acc: 0.88093
[slurm61982223_gr043_gpu0_0] Sync pending: 356 items
Epoch 25 | val_loss: 0.41779, val_acc: 0.86080, train_loss: 0.34043, train_acc: 0.88371
Epoch 26 | val_loss: 0.47064, val_acc: 0.84380, train_loss: 0.31727, train_acc: 0.89222
[slurm61982223_gr043_gpu0_0] Sync pending: 356 items
Epoch 27 | val_loss: 0.46393, val_acc: 0.84600, train_loss: 0.30563, train_acc: 0.89567
Epoch 28 | val_loss: 0.41065, val_acc: 0.86740, train_loss: 0.29400, train_acc: 0.90047
[slurm61982223_gr043_gpu0_0] Sync pending: 360 items
Epoch 29 | val_loss: 0.41342, val_acc: 0.86460, train_loss: 0.27611, train_acc: 0.90562
Epoch 30 | val_loss: 0.46057, val_acc: 0.85360, train_loss: 0.25585, train_acc: 0.91302
[slurm61982223_gr043_gpu0_0] Sync pending: 360 items
Epoch 31 | val_loss: 0.43399, val_acc: 0.86020, train_loss: 0.24299, train_acc: 0.91727
Epoch 32 | val_loss: 0.44937, val_acc: 0.85720, train_loss: 0.22951, train_acc: 0.92136
[slurm61982223_gr043_gpu0_0] Sync pending: 360 items
Epoch 33 | val_loss: 0.37130, val_acc: 0.87420, train_loss: 0.20158, train_acc: 0.93198
Epoch 34 | val_loss: 0.36820, val_acc: 0.88780, train_loss: 0.19506, train_acc: 0.93236
[slurm61982223_gr043_gpu0_0] Sync pending: 360 items
Epoch 35 | val_loss: 0.33568, val_acc: 0.89100, train_loss: 0.17498, train_acc: 0.93984
Epoch 36 | val_loss: 0.35067, val_acc: 0.88800, train_loss: 0.15428, train_acc: 0.94773
[slurm61982223_gr043_gpu0_0] Sync pending: 364 items
Epoch 37 | val_loss: 0.35578, val_acc: 0.88860, train_loss: 0.13074, train_acc: 0.95624
Epoch 38 | val_loss: 0.29986, val_acc: 0.90660, train_loss: 0.11825, train_acc: 0.96136
[slurm61982223_gr043_gpu0_0] Sync pending: 364 items
Epoch 39 | val_loss: 0.30818, val_acc: 0.90740, train_loss: 0.09636, train_acc: 0.96709
Epoch 40 | val_loss: 0.28746, val_acc: 0.91480, train_loss: 0.08226, train_acc: 0.97207
[slurm61982223_gr043_gpu0_0] Sync pending: 364 items
Epoch 41 | val_loss: 0.27131, val_acc: 0.92020, train_loss: 0.06434, train_acc: 0.97876
Epoch 42 | val_loss: 0.26343, val_acc: 0.92200, train_loss: 0.05313, train_acc: 0.98207
[slurm61982223_gr043_gpu0_0] Sync pending: 364 items
Epoch 43 | val_loss: 0.25989, val_acc: 0.92620, train_loss: 0.04130, train_acc: 0.98640
Epoch 44 | val_loss: 0.27220, val_acc: 0.92320, train_loss: 0.02946, train_acc: 0.99160
[slurm61982223_gr043_gpu0_0] Sync pending: 364 items
Epoch 45 | val_loss: 0.26702, val_acc: 0.92320, train_loss: 0.02319, train_acc: 0.99340
Epoch 46 | val_loss: 0.26731, val_acc: 0.92660, train_loss: 0.01973, train_acc: 0.99471
[slurm61982223_gr043_gpu0_0] Sync pending: 364 items
Epoch 47 | val_loss: 0.26050, val_acc: 0.92940, train_loss: 0.01777, train_acc: 0.99513
Epoch 48 | val_loss: 0.25750, val_acc: 0.92900, train_loss: 0.01589, train_acc: 0.99593
[slurm61982223_gr043_gpu0_0] Sync pending: 364 items
Epoch 49 | val_loss: 0.25986, val_acc: 0.92680, train_loss: 0.01384, train_acc: 0.99653
[slurm61982223_gr043_gpu0_0] Job dfbeaf3a-26fc-454e-9887-920da488d99a completed successfully
[slurm61982223_gr043_gpu0_0] Claimed job 85554b42-ea3b-42ef-85f1-8bccef5b3b58 (priority=190)
[slurm61982223_gr043_gpu0_0] Executing job 85554b42-ea3b-42ef-85f1-8bccef5b3b58 with _target_=dr_exp.trainers.decon_trainer.train_classification
Epoch 0 | val_loss: 2.33632, val_acc: 0.11719
`Trainer.fit` stopped: `max_epochs=50` reached.
GPU available: True (cuda), used: True
TPU available: False, using: 0 TPU cores
HPU available: False, using: 0 HPUs
LOCAL_RANK: 0 - CUDA_VISIBLE_DEVICES: [0]

  | Name      | Type             | Params | Mode 
-------------------------------------------------------
0 | model     | CifarResNet18    | 11.2 M | train
1 | criterion | CrossEntropyLoss | 0      | train
-------------------------------------------------------
11.2 M    Trainable params
0         Non-trainable params
11.2 M    Total params
44.696    Total estimated model params size (MB)
70        Modules in train mode
0         Modules in eval mode
SLURM auto-requeueing enabled. Setting signal handlers.
Epoch 0 | val_loss: 2.31474, val_acc: 0.10200
[slurm61982223_gr043_gpu0_0] Sync pending: 368 items
Epoch 1 | val_loss: 1.44814, val_acc: 0.49680, train_loss: 2.32088, train_acc: 0.09982
Epoch 2 | val_loss: 1.04463, val_acc: 0.64660, train_loss: 1.62313, train_acc: 0.41156
[slurm61982223_gr043_gpu0_0] Sync pending: 368 items
Epoch 3 | val_loss: 0.88501, val_acc: 0.70000, train_loss: 1.16541, train_acc: 0.59287
Epoch 4 | val_loss: 0.75108, val_acc: 0.74320, train_loss: 0.89613, train_acc: 0.68998
[slurm61982223_gr043_gpu0_0] Sync pending: 372 items
Epoch 5 | val_loss: 0.69652, val_acc: 0.75420, train_loss: 0.76029, train_acc: 0.73856
[slurm61982223_gr043_gpu0_0] Sync pending: 384 items
Epoch 6 | val_loss: 0.66997, val_acc: 0.76860, train_loss: 0.68075, train_acc: 0.76407
Epoch 7 | val_loss: 0.60679, val_acc: 0.79400, train_loss: 0.59743, train_acc: 0.79373
[slurm61982223_gr043_gpu0_0] Sync pending: 388 items
Epoch 8 | val_loss: 0.76991, val_acc: 0.74680, train_loss: 0.54827, train_acc: 0.81089
Epoch 9 | val_loss: 0.73987, val_acc: 0.75700, train_loss: 0.51501, train_acc: 0.82347
[slurm61982223_gr043_gpu0_0] Sync pending: 388 items
Epoch 10 | val_loss: 0.54943, val_acc: 0.81340, train_loss: 0.49027, train_acc: 0.83216
Epoch 11 | val_loss: 0.55059, val_acc: 0.81360, train_loss: 0.46721, train_acc: 0.83973
[slurm61982223_gr043_gpu0_0] Sync pending: 392 items
Epoch 12 | val_loss: 0.62323, val_acc: 0.79240, train_loss: 0.45577, train_acc: 0.84469
Epoch 13 | val_loss: 0.53718, val_acc: 0.82420, train_loss: 0.43694, train_acc: 0.84949
[slurm61982223_gr043_gpu0_0] Sync pending: 392 items
Epoch 14 | val_loss: 0.53507, val_acc: 0.82380, train_loss: 0.43504, train_acc: 0.85169
Epoch 15 | val_loss: 0.50775, val_acc: 0.83440, train_loss: 0.41145, train_acc: 0.85940
[slurm61982223_gr043_gpu0_0] Sync pending: 392 items
Epoch 16 | val_loss: 0.48088, val_acc: 0.83560, train_loss: 0.40079, train_acc: 0.86271
Epoch 17 | val_loss: 0.44143, val_acc: 0.85180, train_loss: 0.38934, train_acc: 0.86671
[slurm61982223_gr043_gpu0_0] Sync pending: 392 items
Epoch 18 | val_loss: 0.59701, val_acc: 0.80560, train_loss: 0.37064, train_acc: 0.87367
Epoch 19 | val_loss: 0.44703, val_acc: 0.84940, train_loss: 0.35928, train_acc: 0.87718
[slurm61982223_gr043_gpu0_0] Sync pending: 400 items
Epoch 20 | val_loss: 0.46576, val_acc: 0.84180, train_loss: 0.34996, train_acc: 0.88056
Epoch 21 | val_loss: 0.41637, val_acc: 0.86120, train_loss: 0.33693, train_acc: 0.88391
[slurm61982223_gr043_gpu0_0] Sync pending: 400 items
Epoch 22 | val_loss: 0.50777, val_acc: 0.83400, train_loss: 0.32609, train_acc: 0.88747
[slurm61982223_gr043_gpu0_0] Sync pending: 404 items
Epoch 23 | val_loss: 0.46187, val_acc: 0.84300, train_loss: 0.31114, train_acc: 0.89464
Epoch 24 | val_loss: 0.48277, val_acc: 0.83820, train_loss: 0.29996, train_acc: 0.89771
[slurm61982223_gr043_gpu0_0] Sync pending: 404 items
Epoch 25 | val_loss: 0.43034, val_acc: 0.85920, train_loss: 0.29234, train_acc: 0.89860
Epoch 26 | val_loss: 0.45219, val_acc: 0.85540, train_loss: 0.27095, train_acc: 0.90740
[slurm61982223_gr043_gpu0_0] Sync pending: 408 items
Epoch 27 | val_loss: 0.39401, val_acc: 0.87640, train_loss: 0.25604, train_acc: 0.91209
Epoch 28 | val_loss: 0.42403, val_acc: 0.86600, train_loss: 0.24947, train_acc: 0.91447
[slurm61982223_gr043_gpu0_0] Sync pending: 412 items
Epoch 29 | val_loss: 0.50970, val_acc: 0.84280, train_loss: 0.23202, train_acc: 0.92069
Epoch 30 | val_loss: 0.35116, val_acc: 0.88460, train_loss: 0.21041, train_acc: 0.92764
[slurm61982223_gr043_gpu0_0] Sync pending: 416 items
Epoch 31 | val_loss: 0.33748, val_acc: 0.88740, train_loss: 0.19442, train_acc: 0.93411
Epoch 32 | val_loss: 0.31787, val_acc: 0.89360, train_loss: 0.18405, train_acc: 0.93673
[slurm61982223_gr043_gpu0_0] Sync pending: 416 items
Epoch 33 | val_loss: 0.37841, val_acc: 0.88260, train_loss: 0.16275, train_acc: 0.94393
Epoch 34 | val_loss: 0.33608, val_acc: 0.89020, train_loss: 0.15014, train_acc: 0.94796
[slurm61982223_gr043_gpu0_0] Sync pending: 416 items
Epoch 35 | val_loss: 0.29825, val_acc: 0.90800, train_loss: 0.13161, train_acc: 0.95560
Epoch 36 | val_loss: 0.29614, val_acc: 0.90340, train_loss: 0.11344, train_acc: 0.96236
[slurm61982223_gr043_gpu0_0] Sync pending: 420 items
Epoch 37 | val_loss: 0.27574, val_acc: 0.91700, train_loss: 0.09951, train_acc: 0.96678
Epoch 38 | val_loss: 0.25202, val_acc: 0.92240, train_loss: 0.08333, train_acc: 0.97122
[slurm61982223_gr043_gpu0_0] Sync pending: 420 items
Epoch 39 | val_loss: 0.29572, val_acc: 0.91420, train_loss: 0.06846, train_acc: 0.97711
[slurm61982223_gr043_gpu0_0] Sync pending: 420 items
Epoch 40 | val_loss: 0.25515, val_acc: 0.92380, train_loss: 0.05439, train_acc: 0.98251
Epoch 41 | val_loss: 0.24740, val_acc: 0.92520, train_loss: 0.04382, train_acc: 0.98596
[slurm61982223_gr043_gpu0_0] Sync pending: 420 items
Epoch 42 | val_loss: 0.23933, val_acc: 0.92640, train_loss: 0.03345, train_acc: 0.99022
Epoch 43 | val_loss: 0.23402, val_acc: 0.93020, train_loss: 0.02787, train_acc: 0.99191
[slurm61982223_gr043_gpu0_0] Sync pending: 420 items
Epoch 44 | val_loss: 0.23285, val_acc: 0.92880, train_loss: 0.02224, train_acc: 0.99420
Epoch 45 | val_loss: 0.23098, val_acc: 0.93100, train_loss: 0.01817, train_acc: 0.99520
[slurm61982223_gr043_gpu0_0] Sync pending: 424 items
Epoch 46 | val_loss: 0.23391, val_acc: 0.92940, train_loss: 0.01567, train_acc: 0.99587
Epoch 47 | val_loss: 0.23032, val_acc: 0.93240, train_loss: 0.01384, train_acc: 0.99649
[slurm61982223_gr043_gpu0_0] Sync pending: 428 items
Epoch 48 | val_loss: 0.22939, val_acc: 0.93140, train_loss: 0.01333, train_acc: 0.99656
Epoch 49 | val_loss: 0.22889, val_acc: 0.93240, train_loss: 0.01191, train_acc: 0.99713
[slurm61982223_gr043_gpu0_0] Job 85554b42-ea3b-42ef-85f1-8bccef5b3b58 completed successfully
[slurm61982223_gr043_gpu0_0] Claimed job 7722e4cf-1324-4d7b-9c32-9257fe6bbf6e (priority=180)
[slurm61982223_gr043_gpu0_0] Executing job 7722e4cf-1324-4d7b-9c32-9257fe6bbf6e with _target_=dr_exp.trainers.decon_trainer.train_classification
Epoch 0 | val_loss: 2.33409, val_acc: 0.11719
`Trainer.fit` stopped: `max_epochs=50` reached.
GPU available: True (cuda), used: True
TPU available: False, using: 0 TPU cores
HPU available: False, using: 0 HPUs
LOCAL_RANK: 0 - CUDA_VISIBLE_DEVICES: [0]

  | Name      | Type             | Params | Mode 
-------------------------------------------------------
0 | model     | CifarResNet18    | 11.2 M | train
1 | criterion | CrossEntropyLoss | 0      | train
-------------------------------------------------------
11.2 M    Trainable params
0         Non-trainable params
11.2 M    Total params
44.696    Total estimated model params size (MB)
70        Modules in train mode
0         Modules in eval mode
SLURM auto-requeueing enabled. Setting signal handlers.
[slurm61982223_gr043_gpu0_0] Sync pending: 432 items
Epoch 0 | val_loss: 2.33467, val_acc: 0.09380
[slurm61982223_gr043_gpu0_0] Sync pending: 432 items
Epoch 1 | val_loss: 1.88897, val_acc: 0.33320, train_loss: 2.32537, train_acc: 0.09782
Epoch 2 | val_loss: 1.73715, val_acc: 0.39840, train_loss: 2.23942, train_acc: 0.15684
[slurm61982223_gr043_gpu0_0] Sync pending: 436 items
Epoch 3 | val_loss: 1.59118, val_acc: 0.46580, train_loss: 2.15109, train_acc: 0.23056
Epoch 4 | val_loss: 1.41012, val_acc: 0.53720, train_loss: 2.11566, train_acc: 0.26293
[slurm61982223_gr043_gpu0_0] Sync pending: 436 items
Epoch 5 | val_loss: 1.31746, val_acc: 0.56220, train_loss: 2.06532, train_acc: 0.28064
[slurm61982223_gr043_gpu0_0] Sync pending: 440 items
Epoch 6 | val_loss: 1.17485, val_acc: 0.62900, train_loss: 2.01621, train_acc: 0.31909
Epoch 7 | val_loss: 1.11604, val_acc: 0.66360, train_loss: 1.97560, train_acc: 0.34000
[slurm61982223_gr043_gpu0_0] Sync pending: 440 items
Epoch 8 | val_loss: 1.03542, val_acc: 0.68280, train_loss: 1.93948, train_acc: 0.36489
Epoch 9 | val_loss: 1.04856, val_acc: 0.68380, train_loss: 1.89392, train_acc: 0.40387
[slurm61982223_gr043_gpu0_0] Sync pending: 444 items
Epoch 10 | val_loss: 1.03598, val_acc: 0.70900, train_loss: 1.88683, train_acc: 0.40747
[slurm61982223_gr043_gpu0_0] Sync pending: 452 items
Epoch 11 | val_loss: 0.95595, val_acc: 0.72400, train_loss: 1.86458, train_acc: 0.41113
Epoch 12 | val_loss: 0.98164, val_acc: 0.75080, train_loss: 1.82860, train_acc: 0.41860
[slurm61982223_gr043_gpu0_0] Sync pending: 456 items
Epoch 13 | val_loss: 0.92941, val_acc: 0.74280, train_loss: 1.83559, train_acc: 0.43387
Epoch 14 | val_loss: 0.91164, val_acc: 0.75880, train_loss: 1.79624, train_acc: 0.47642
[slurm61982223_gr043_gpu0_0] Sync pending: 456 items
Epoch 15 | val_loss: 0.88939, val_acc: 0.77740, train_loss: 1.79094, train_acc: 0.43433
[slurm61982223_gr043_gpu0_0] Sync pending: 456 items
Epoch 16 | val_loss: 0.86790, val_acc: 0.77680, train_loss: 1.79928, train_acc: 0.44993
Epoch 17 | val_loss: 0.81894, val_acc: 0.79820, train_loss: 1.79282, train_acc: 0.45107
[slurm61982223_gr043_gpu0_0] Sync pending: 464 items
Epoch 18 | val_loss: 0.87674, val_acc: 0.76860, train_loss: 1.76689, train_acc: 0.45313
Epoch 19 | val_loss: 0.94049, val_acc: 0.76720, train_loss: 1.76091, train_acc: 0.46091
[slurm61982223_gr043_gpu0_0] Sync pending: 468 items
Epoch 20 | val_loss: 0.83531, val_acc: 0.80440, train_loss: 1.73637, train_acc: 0.46304
[slurm61982223_gr043_gpu0_0] Sync pending: 468 items
Epoch 21 | val_loss: 0.87377, val_acc: 0.78940, train_loss: 1.75888, train_acc: 0.46516
Epoch 22 | val_loss: 0.78930, val_acc: 0.80800, train_loss: 1.73234, train_acc: 0.45780
[slurm61982223_gr043_gpu0_0] Sync pending: 472 items
Epoch 23 | val_loss: 0.73901, val_acc: 0.81440, train_loss: 1.73979, train_acc: 0.49231
Epoch 24 | val_loss: 0.79799, val_acc: 0.82500, train_loss: 1.72749, train_acc: 0.48193
[slurm61982223_gr043_gpu0_0] Sync pending: 472 items
Epoch 25 | val_loss: 0.77943, val_acc: 0.82680, train_loss: 1.72320, train_acc: 0.48684
[slurm61982223_gr043_gpu0_0] Sync pending: 476 items
Epoch 26 | val_loss: 0.82091, val_acc: 0.81260, train_loss: 1.68606, train_acc: 0.51018
Epoch 27 | val_loss: 0.76708, val_acc: 0.82180, train_loss: 1.72934, train_acc: 0.46533
[slurm61982223_gr043_gpu0_0] Sync pending: 476 items
Epoch 28 | val_loss: 0.78173, val_acc: 0.82720, train_loss: 1.70699, train_acc: 0.48562
Epoch 29 | val_loss: 0.77019, val_acc: 0.83480, train_loss: 1.68525, train_acc: 0.48996
[slurm61982223_gr043_gpu0_0] Sync pending: 480 items
Epoch 30 | val_loss: 0.77226, val_acc: 0.84120, train_loss: 1.69784, train_acc: 0.46831
[slurm61982223_gr043_gpu0_0] Sync pending: 480 items
Epoch 31 | val_loss: 0.76951, val_acc: 0.84180, train_loss: 1.69259, train_acc: 0.48698
Epoch 32 | val_loss: 0.75604, val_acc: 0.84240, train_loss: 1.68521, train_acc: 0.47711
[slurm61982223_gr043_gpu0_0] Sync pending: 480 items
Epoch 33 | val_loss: 0.73603, val_acc: 0.83900, train_loss: 1.66790, train_acc: 0.48618
Epoch 34 | val_loss: 0.75131, val_acc: 0.84460, train_loss: 1.67280, train_acc: 0.52113
[slurm61982223_gr043_gpu0_0] Sync pending: 480 items
Epoch 35 | val_loss: 0.76004, val_acc: 0.84980, train_loss: 1.68206, train_acc: 0.49344
[slurm61982223_gr043_gpu0_0] Sync pending: 484 items
Epoch 36 | val_loss: 0.72665, val_acc: 0.85760, train_loss: 1.68325, train_acc: 0.48778
Epoch 37 | val_loss: 0.76904, val_acc: 0.85360, train_loss: 1.66831, train_acc: 0.50564
[slurm61982223_gr043_gpu0_0] Sync pending: 484 items
Epoch 38 | val_loss: 0.74542, val_acc: 0.85520, train_loss: 1.65224, train_acc: 0.52484
Epoch 39 | val_loss: 0.72612, val_acc: 0.85860, train_loss: 1.67505, train_acc: 0.52236
[slurm61982223_gr043_gpu0_0] Sync pending: 484 items
Epoch 40 | val_loss: 0.74583, val_acc: 0.85500, train_loss: 1.67179, train_acc: 0.49318
[slurm61982223_gr043_gpu0_0] Sync pending: 484 items
Epoch 41 | val_loss: 0.73278, val_acc: 0.85980, train_loss: 1.64559, train_acc: 0.54929
Epoch 42 | val_loss: 0.70699, val_acc: 0.86180, train_loss: 1.65274, train_acc: 0.49320
[slurm61982223_gr043_gpu0_0] Sync pending: 488 items
Epoch 43 | val_loss: 0.72500, val_acc: 0.86180, train_loss: 1.64645, train_acc: 0.50700
Epoch 44 | val_loss: 0.70037, val_acc: 0.86460, train_loss: 1.65606, train_acc: 0.53427
[slurm61982223_gr043_gpu0_0] Sync pending: 488 items
Epoch 45 | val_loss: 0.69968, val_acc: 0.86860, train_loss: 1.62270, train_acc: 0.52876
Epoch 46 | val_loss: 0.72941, val_acc: 0.86280, train_loss: 1.64886, train_acc: 0.51764
[slurm61982223_gr043_gpu0_0] Sync pending: 488 items
Epoch 47 | val_loss: 0.71181, val_acc: 0.86440, train_loss: 1.64524, train_acc: 0.55107
[slurm61982223_gr043_gpu0_0] Sync pending: 492 items
Epoch 48 | val_loss: 0.73370, val_acc: 0.86240, train_loss: 1.65003, train_acc: 0.50347
Epoch 49 | val_loss: 0.72345, val_acc: 0.86180, train_loss: 1.64023, train_acc: 0.54476
[slurm61982223_gr043_gpu0_0] Job 7722e4cf-1324-4d7b-9c32-9257fe6bbf6e completed successfully
[slurm61982223_gr043_gpu0_0] Claimed job 98b7c470-4671-415c-9391-55232c74eeb8 (priority=165)
[slurm61982223_gr043_gpu0_0] Executing job 98b7c470-4671-415c-9391-55232c74eeb8 with _target_=dr_exp.trainers.decon_trainer.train_classification
Epoch 0 | val_loss: 2.35491, val_acc: 0.11328
`Trainer.fit` stopped: `max_epochs=50` reached.
GPU available: True (cuda), used: True
TPU available: False, using: 0 TPU cores
HPU available: False, using: 0 HPUs
LOCAL_RANK: 0 - CUDA_VISIBLE_DEVICES: [0]

  | Name      | Type             | Params | Mode 
-------------------------------------------------------
0 | model     | CifarResNet18    | 11.2 M | train
1 | criterion | CrossEntropyLoss | 0      | train
-------------------------------------------------------
11.2 M    Trainable params
0         Non-trainable params
11.2 M    Total params
44.696    Total estimated model params size (MB)
70        Modules in train mode
0         Modules in eval mode
SLURM auto-requeueing enabled. Setting signal handlers.
[slurm61982223_gr043_gpu0_0] Sync pending: 500 items
Epoch 0 | val_loss: 2.32684, val_acc: 0.09720
[slurm61982223_gr043_gpu0_0] Sync pending: 504 items
Epoch 1 | val_loss: 1.46832, val_acc: 0.47000, train_loss: 2.32859, train_acc: 0.09884
Epoch 2 | val_loss: 1.18737, val_acc: 0.59200, train_loss: 1.84845, train_acc: 0.36600
[slurm61982223_gr043_gpu0_0] Sync pending: 508 items
Epoch 3 | val_loss: 0.90552, val_acc: 0.69500, train_loss: 1.52839, train_acc: 0.53604
Epoch 4 | val_loss: 0.87195, val_acc: 0.70740, train_loss: 1.31373, train_acc: 0.64340
[slurm61982223_gr043_gpu0_0] Sync pending: 516 items
Epoch 5 | val_loss: 0.76133, val_acc: 0.75840, train_loss: 1.18937, train_acc: 0.70367
Epoch 6 | val_loss: 0.65215, val_acc: 0.79480, train_loss: 1.09857, train_acc: 0.74304
[slurm61982223_gr043_gpu0_0] Sync pending: 520 items
Epoch 7 | val_loss: 0.63468, val_acc: 0.80440, train_loss: 1.01126, train_acc: 0.78291
Epoch 8 | val_loss: 0.65402, val_acc: 0.79780, train_loss: 0.96315, train_acc: 0.80313
[slurm61982223_gr043_gpu0_0] Sync pending: 524 items
Epoch 9 | val_loss: 0.71561, val_acc: 0.77940, train_loss: 0.92718, train_acc: 0.81602
Epoch 10 | val_loss: 0.57445, val_acc: 0.82620, train_loss: 0.89837, train_acc: 0.82787
[slurm61982223_gr043_gpu0_0] Sync pending: 524 items
Epoch 11 | val_loss: 0.63154, val_acc: 0.80280, train_loss: 0.86828, train_acc: 0.84440
Epoch 12 | val_loss: 0.57709, val_acc: 0.82640, train_loss: 0.84417, train_acc: 0.85327
[slurm61982223_gr043_gpu0_0] Sync pending: 524 items
Epoch 13 | val_loss: 0.52308, val_acc: 0.83800, train_loss: 0.83004, train_acc: 0.85758
Epoch 14 | val_loss: 0.51639, val_acc: 0.84220, train_loss: 0.80791, train_acc: 0.86804
[slurm61982223_gr043_gpu0_0] Sync pending: 528 items
Epoch 15 | val_loss: 0.51215, val_acc: 0.85020, train_loss: 0.79896, train_acc: 0.87076
[slurm61982223_gr043_gpu0_0] Sync pending: 528 items
Epoch 16 | val_loss: 0.46085, val_acc: 0.86580, train_loss: 0.78134, train_acc: 0.87942
Epoch 17 | val_loss: 0.47361, val_acc: 0.85940, train_loss: 0.77014, train_acc: 0.88513
[slurm61982223_gr043_gpu0_0] Sync pending: 532 items
Epoch 18 | val_loss: 0.51225, val_acc: 0.84720, train_loss: 0.75999, train_acc: 0.88729
Epoch 19 | val_loss: 0.48167, val_acc: 0.85940, train_loss: 0.75057, train_acc: 0.89447
[slurm61982223_gr043_gpu0_0] Sync pending: 540 items
Epoch 20 | val_loss: 0.48698, val_acc: 0.85640, train_loss: 0.74402, train_acc: 0.89522
Epoch 21 | val_loss: 0.46135, val_acc: 0.86420, train_loss: 0.72758, train_acc: 0.90227
[slurm61982223_gr043_gpu0_0] Sync pending: 540 items
Epoch 22 | val_loss: 0.43831, val_acc: 0.87400, train_loss: 0.72119, train_acc: 0.90613
Epoch 23 | val_loss: 0.45691, val_acc: 0.86960, train_loss: 0.71170, train_acc: 0.90936
[slurm61982223_gr043_gpu0_0] Sync pending: 544 items
Epoch 24 | val_loss: 0.38877, val_acc: 0.88820, train_loss: 0.70182, train_acc: 0.91393
Epoch 25 | val_loss: 0.42569, val_acc: 0.87340, train_loss: 0.68664, train_acc: 0.92160
[slurm61982223_gr043_gpu0_0] Sync pending: 544 items
Epoch 26 | val_loss: 0.39947, val_acc: 0.89120, train_loss: 0.67960, train_acc: 0.92404
Epoch 27 | val_loss: 0.40820, val_acc: 0.88420, train_loss: 0.66827, train_acc: 0.92884
[slurm61982223_gr043_gpu0_0] Sync pending: 548 items
Epoch 28 | val_loss: 0.41619, val_acc: 0.88280, train_loss: 0.66181, train_acc: 0.93240
Epoch 29 | val_loss: 0.39497, val_acc: 0.89300, train_loss: 0.65489, train_acc: 0.93476
[slurm61982223_gr043_gpu0_0] Sync pending: 548 items
Epoch 30 | val_loss: 0.38063, val_acc: 0.89640, train_loss: 0.64577, train_acc: 0.93858
Epoch 31 | val_loss: 0.35808, val_acc: 0.90360, train_loss: 0.63124, train_acc: 0.94433
[slurm61982223_gr043_gpu0_0] Sync pending: 548 items
Epoch 32 | val_loss: 0.40499, val_acc: 0.88640, train_loss: 0.62052, train_acc: 0.95000
[slurm61982223_gr043_gpu0_0] Sync pending: 548 items
Epoch 33 | val_loss: 0.34271, val_acc: 0.90820, train_loss: 0.60903, train_acc: 0.95560
Epoch 34 | val_loss: 0.34852, val_acc: 0.90900, train_loss: 0.59957, train_acc: 0.96007
[slurm61982223_gr043_gpu0_0] Sync pending: 552 items
Epoch 35 | val_loss: 0.34138, val_acc: 0.90540, train_loss: 0.58662, train_acc: 0.96504
Epoch 36 | val_loss: 0.33243, val_acc: 0.91420, train_loss: 0.57526, train_acc: 0.97071
[slurm61982223_gr043_gpu0_0] Sync pending: 556 items
Epoch 37 | val_loss: 0.31660, val_acc: 0.91960, train_loss: 0.56958, train_acc: 0.97340
Epoch 38 | val_loss: 0.31069, val_acc: 0.92260, train_loss: 0.55853, train_acc: 0.97780
[slurm61982223_gr043_gpu0_0] Sync pending: 556 items
Epoch 39 | val_loss: 0.30632, val_acc: 0.92740, train_loss: 0.54964, train_acc: 0.98171
Epoch 40 | val_loss: 0.29377, val_acc: 0.92980, train_loss: 0.54211, train_acc: 0.98507
[slurm61982223_gr043_gpu0_0] Sync pending: 556 items
Epoch 41 | val_loss: 0.28482, val_acc: 0.93200, train_loss: 0.53623, train_acc: 0.98764
Epoch 42 | val_loss: 0.29303, val_acc: 0.92960, train_loss: 0.53290, train_acc: 0.98922
[slurm61982223_gr043_gpu0_0] Sync pending: 560 items
Epoch 43 | val_loss: 0.28714, val_acc: 0.93320, train_loss: 0.52842, train_acc: 0.99100
Epoch 44 | val_loss: 0.28622, val_acc: 0.93380, train_loss: 0.52446, train_acc: 0.99289
[slurm61982223_gr043_gpu0_0] Sync pending: 560 items
Epoch 45 | val_loss: 0.28124, val_acc: 0.93460, train_loss: 0.52222, train_acc: 0.99296
Epoch 46 | val_loss: 0.28198, val_acc: 0.93540, train_loss: 0.51989, train_acc: 0.99480
[slurm61982223_gr043_gpu0_0] Sync pending: 564 items
Epoch 47 | val_loss: 0.28170, val_acc: 0.93700, train_loss: 0.51963, train_acc: 0.99484
[slurm61982223_gr043_gpu0_0] Sync pending: 564 items
Epoch 48 | val_loss: 0.28034, val_acc: 0.93660, train_loss: 0.51807, train_acc: 0.99538
Epoch 49 | val_loss: 0.28380, val_acc: 0.93520, train_loss: 0.51823, train_acc: 0.99491
[slurm61982223_gr043_gpu0_0] Job 98b7c470-4671-415c-9391-55232c74eeb8 completed successfully
[slurm61982223_gr043_gpu0_0] Claimed job 9ee0ab64-6327-4874-8c0a-2a05e70b5fc2 (priority=135)
[slurm61982223_gr043_gpu0_0] Executing job 9ee0ab64-6327-4874-8c0a-2a05e70b5fc2 with _target_=dr_exp.trainers.decon_trainer.train_classification
Epoch 0 | val_loss: 2.30283, val_acc: 0.10938
`Trainer.fit` stopped: `max_epochs=50` reached.
GPU available: True (cuda), used: True
TPU available: False, using: 0 TPU cores
HPU available: False, using: 0 HPUs
LOCAL_RANK: 0 - CUDA_VISIBLE_DEVICES: [0]

  | Name      | Type             | Params | Mode 
-------------------------------------------------------
0 | model     | CifarAlexNet     | 2.4 M  | train
1 | criterion | CrossEntropyLoss | 0      | train
-------------------------------------------------------
2.4 M     Trainable params
0         Non-trainable params
2.4 M     Total params
9.768     Total estimated model params size (MB)
24        Modules in train mode
0         Modules in eval mode
SLURM auto-requeueing enabled. Setting signal handlers.
[slurm61982223_gr043_gpu0_0] Sync pending: 568 items
Epoch 0 | val_loss: 1.48767, val_acc: 0.44900
Epoch 1 | val_loss: 1.18697, val_acc: 0.59720, train_loss: 1.83631, train_acc: 0.36936
[slurm61982223_gr043_gpu0_0] Sync pending: 576 items
Epoch 2 | val_loss: 1.06128, val_acc: 0.63460, train_loss: 1.38764, train_acc: 0.60000
Epoch 3 | val_loss: 0.75491, val_acc: 0.75720, train_loss: 1.17666, train_acc: 0.70242
[slurm61982223_gr043_gpu0_0] Sync pending: 580 items
Epoch 4 | val_loss: 0.74243, val_acc: 0.75360, train_loss: 1.07839, train_acc: 0.74611
Epoch 5 | val_loss: 0.95789, val_acc: 0.69120, train_loss: 1.01943, train_acc: 0.77184
[slurm61982223_gr043_gpu0_0] Sync pending: 592 items
Epoch 6 | val_loss: 0.66222, val_acc: 0.78720, train_loss: 0.97811, train_acc: 0.79258
Epoch 7 | val_loss: 0.60563, val_acc: 0.81180, train_loss: 0.94576, train_acc: 0.80680
[slurm61982223_gr043_gpu0_0] Sync pending: 596 items
Epoch 8 | val_loss: 0.64030, val_acc: 0.80320, train_loss: 0.91539, train_acc: 0.81931
Epoch 9 | val_loss: 0.74333, val_acc: 0.76380, train_loss: 0.89575, train_acc: 0.82818
[slurm61982223_gr043_gpu0_0] Sync pending: 596 items
Epoch 10 | val_loss: 0.58591, val_acc: 0.81540, train_loss: 0.87658, train_acc: 0.83578
Epoch 11 | val_loss: 0.63287, val_acc: 0.80220, train_loss: 0.85993, train_acc: 0.84331
[slurm61982223_gr043_gpu0_0] Sync pending: 596 items
Epoch 12 | val_loss: 0.53460, val_acc: 0.84460, train_loss: 0.84941, train_acc: 0.84756
Epoch 13 | val_loss: 0.57083, val_acc: 0.82980, train_loss: 0.83628, train_acc: 0.85409
[slurm61982223_gr043_gpu0_0] Sync pending: 596 items
Epoch 14 | val_loss: 0.57313, val_acc: 0.83120, train_loss: 0.82859, train_acc: 0.85667
Epoch 15 | val_loss: 0.69136, val_acc: 0.78060, train_loss: 0.81606, train_acc: 0.86291
[slurm61982223_gr043_gpu0_0] Sync pending: 600 items
Epoch 16 | val_loss: 0.52960, val_acc: 0.83920, train_loss: 0.81549, train_acc: 0.86151
Epoch 17 | val_loss: 0.52555, val_acc: 0.83600, train_loss: 0.80900, train_acc: 0.86660
Epoch 18 | val_loss: 0.68143, val_acc: 0.79180, train_loss: 0.80177, train_acc: 0.86902
[slurm61982223_gr043_gpu0_0] Sync pending: 600 items
Epoch 19 | val_loss: 0.50152, val_acc: 0.85460, train_loss: 0.79850, train_acc: 0.87107
Epoch 20 | val_loss: 0.65871, val_acc: 0.79360, train_loss: 0.79365, train_acc: 0.87240
[slurm61982223_gr043_gpu0_0] Sync pending: 604 items
Epoch 21 | val_loss: 0.54554, val_acc: 0.83780, train_loss: 0.78671, train_acc: 0.87618
Epoch 22 | val_loss: 0.49909, val_acc: 0.85560, train_loss: 0.78215, train_acc: 0.87824
[slurm61982223_gr043_gpu0_0] Sync pending: 612 items
Epoch 23 | val_loss: 0.75029, val_acc: 0.76340, train_loss: 0.78290, train_acc: 0.87762
Epoch 24 | val_loss: 0.65302, val_acc: 0.79960, train_loss: 0.77922, train_acc: 0.87927
[slurm61982223_gr043_gpu0_0] Sync pending: 612 items
Epoch 25 | val_loss: 0.48451, val_acc: 0.85580, train_loss: 0.77862, train_acc: 0.87780
Epoch 26 | val_loss: 0.49232, val_acc: 0.85180, train_loss: 0.76998, train_acc: 0.88360
[slurm61982223_gr043_gpu0_0] Sync pending: 616 items
Epoch 27 | val_loss: 0.58011, val_acc: 0.82700, train_loss: 0.77214, train_acc: 0.88309
Epoch 28 | val_loss: 0.54158, val_acc: 0.83240, train_loss: 0.76642, train_acc: 0.88524
[slurm61982223_gr043_gpu0_0] Sync pending: 616 items
Epoch 29 | val_loss: 0.54130, val_acc: 0.83600, train_loss: 0.76499, train_acc: 0.88536
Epoch 30 | val_loss: 0.33167, val_acc: 0.91140, train_loss: 0.76508, train_acc: 0.88393
[slurm61982223_gr043_gpu0_0] Sync pending: 620 items
Epoch 31 | val_loss: 0.31984, val_acc: 0.91660, train_loss: 0.66146, train_acc: 0.93224
Epoch 32 | val_loss: 0.31615, val_acc: 0.92060, train_loss: 0.62508, train_acc: 0.94871
[slurm61982223_gr043_gpu0_0] Sync pending: 620 items
Epoch 33 | val_loss: 0.31007, val_acc: 0.92020, train_loss: 0.61194, train_acc: 0.95442
Epoch 34 | val_loss: 0.30710, val_acc: 0.92260, train_loss: 0.60328, train_acc: 0.95758
[slurm61982223_gr043_gpu0_0] Sync pending: 624 items
Epoch 35 | val_loss: 0.31081, val_acc: 0.92120, train_loss: 0.59895, train_acc: 0.96016
Epoch 36 | val_loss: 0.30541, val_acc: 0.92200, train_loss: 0.58893, train_acc: 0.96429
[slurm61982223_gr043_gpu0_0] Sync pending: 624 items
Epoch 37 | val_loss: 0.30186, val_acc: 0.92280, train_loss: 0.58333, train_acc: 0.96707
Epoch 38 | val_loss: 0.29881, val_acc: 0.92640, train_loss: 0.58146, train_acc: 0.96738
[slurm61982223_gr043_gpu0_0] Sync pending: 624 items
Epoch 39 | val_loss: 0.30281, val_acc: 0.92680, train_loss: 0.57500, train_acc: 0.97073
Epoch 40 | val_loss: 0.30813, val_acc: 0.92260, train_loss: 0.57357, train_acc: 0.97089
[slurm61982223_gr043_gpu0_0] Sync pending: 628 items
Epoch 41 | val_loss: 0.30416, val_acc: 0.92120, train_loss: 0.56963, train_acc: 0.97298
Epoch 42 | val_loss: 0.31089, val_acc: 0.92280, train_loss: 0.56485, train_acc: 0.97427
[slurm61982223_gr043_gpu0_0] Sync pending: 632 items
Epoch 43 | val_loss: 0.30899, val_acc: 0.92020, train_loss: 0.56231, train_acc: 0.97547
Epoch 44 | val_loss: 0.30739, val_acc: 0.92380, train_loss: 0.56025, train_acc: 0.97576
[slurm61982223_gr043_gpu0_0] Sync pending: 632 items
Epoch 45 | val_loss: 0.32441, val_acc: 0.92060, train_loss: 0.55784, train_acc: 0.97840
Epoch 46 | val_loss: 0.31039, val_acc: 0.92260, train_loss: 0.55525, train_acc: 0.97916
[slurm61982223_gr043_gpu0_0] Sync pending: 636 items
Epoch 47 | val_loss: 0.31568, val_acc: 0.92480, train_loss: 0.55447, train_acc: 0.97916
Epoch 48 | val_loss: 0.31571, val_acc: 0.92340, train_loss: 0.55134, train_acc: 0.98053
[slurm61982223_gr043_gpu0_0] Sync pending: 636 items
Epoch 49 | val_loss: 0.32228, val_acc: 0.91960, train_loss: 0.54999, train_acc: 0.98084
[slurm61982223_gr043_gpu0_0] Job 9ee0ab64-6327-4874-8c0a-2a05e70b5fc2 completed successfully
[slurm61982223_gr043_gpu0_0] Claimed job 3ec37c00-8b46-42ad-8142-dcfcc69b3ed8 (priority=105)
[slurm61982223_gr043_gpu0_0] Executing job 3ec37c00-8b46-42ad-8142-dcfcc69b3ed8 with _target_=dr_exp.trainers.decon_trainer.train_classification
Epoch 0 | val_loss: 2.37863, val_acc: 0.06641
`Trainer.fit` stopped: `max_epochs=50` reached.
