2025-06-12 03:01:53,696 - dr_exp.worker.launcher - INFO - Starting launcher on node gr003
2025-06-12 03:01:53,696 - dr_exp.worker.launcher - INFO - Found 1 GPUs: [0]
2025-06-12 03:01:53,696 - dr_exp.worker.launcher - INFO - Spawning worker slurm61982236_gr003_gpu0_0 on GPU 0
2025-06-12 03:01:53,808 - dr_exp.worker.launcher - INFO - Running maintenance
2025-06-12 03:01:53,828 - dr_exp.worker.launcher - INFO - Workers alive: 1
2025-06-12 03:01:53,846 - dr_exp.worker.launcher - INFO - Jobs queued: 56
2025-06-12 03:01:53,846 - dr_exp.worker.launcher - INFO - Runtime: 0.0 hours
2025-06-12 03:11:54,796 - dr_exp.worker.launcher - INFO - Running maintenance
2025-06-12 03:11:54,813 - dr_exp.worker.launcher - INFO - Workers alive: 1
2025-06-12 03:11:54,830 - dr_exp.worker.launcher - INFO - Jobs queued: 45
2025-06-12 03:11:54,830 - dr_exp.worker.launcher - INFO - Runtime: 0.2 hours
2025-06-12 03:21:55,755 - dr_exp.worker.launcher - INFO - Running maintenance
2025-06-12 03:21:55,772 - dr_exp.worker.launcher - INFO - Workers alive: 1
2025-06-12 03:21:55,788 - dr_exp.worker.launcher - INFO - Jobs queued: 30
2025-06-12 03:21:55,788 - dr_exp.worker.launcher - INFO - Runtime: 0.3 hours
2025-06-12 03:31:56,683 - dr_exp.worker.launcher - INFO - Running maintenance
2025-06-12 03:31:56,699 - dr_exp.worker.launcher - INFO - Workers alive: 1
2025-06-12 03:31:56,715 - dr_exp.worker.launcher - INFO - Jobs queued: 16
2025-06-12 03:31:56,716 - dr_exp.worker.launcher - INFO - Runtime: 0.5 hours
2025-06-12 03:41:57,627 - dr_exp.worker.launcher - INFO - Running maintenance
2025-06-12 03:41:57,646 - dr_exp.worker.launcher - INFO - Workers alive: 1
2025-06-12 03:41:57,664 - dr_exp.worker.launcher - INFO - Jobs queued: 0
2025-06-12 03:41:57,664 - dr_exp.worker.launcher - INFO - Runtime: 0.7 hours
2025-06-12 03:51:58,520 - dr_exp.worker.launcher - INFO - Running maintenance
2025-06-12 03:51:58,537 - dr_exp.worker.launcher - INFO - Workers alive: 1
2025-06-12 03:51:58,553 - dr_exp.worker.launcher - INFO - Jobs queued: 0
2025-06-12 03:51:58,553 - dr_exp.worker.launcher - INFO - Runtime: 0.8 hours
2025-06-12 04:01:59,377 - dr_exp.worker.launcher - INFO - Running maintenance
2025-06-12 04:01:59,394 - dr_exp.worker.launcher - INFO - Workers alive: 1
2025-06-12 04:01:59,409 - dr_exp.worker.launcher - INFO - Jobs queued: 0
2025-06-12 04:01:59,410 - dr_exp.worker.launcher - INFO - Runtime: 1.0 hours
2025-06-12 04:12:00,238 - dr_exp.worker.launcher - INFO - Running maintenance
2025-06-12 04:12:00,255 - dr_exp.worker.launcher - INFO - Workers alive: 1
2025-06-12 04:12:00,271 - dr_exp.worker.launcher - INFO - Jobs queued: 0
2025-06-12 04:12:00,271 - dr_exp.worker.launcher - INFO - Runtime: 1.2 hours
2025-06-12 04:22:01,121 - dr_exp.worker.launcher - INFO - Running maintenance
2025-06-12 04:22:01,137 - dr_exp.worker.launcher - INFO - Workers alive: 1
2025-06-12 04:22:01,154 - dr_exp.worker.launcher - INFO - Jobs queued: 0
2025-06-12 04:22:01,154 - dr_exp.worker.launcher - INFO - Runtime: 1.3 hours
2025-06-12 04:32:01,961 - dr_exp.worker.launcher - INFO - Running maintenance
2025-06-12 04:32:01,978 - dr_exp.worker.launcher - INFO - Workers alive: 1
2025-06-12 04:32:01,994 - dr_exp.worker.launcher - INFO - Jobs queued: 0
2025-06-12 04:32:01,994 - dr_exp.worker.launcher - INFO - Runtime: 1.5 hours
2025-06-12 04:42:02,810 - dr_exp.worker.launcher - INFO - Running maintenance
2025-06-12 04:42:02,827 - dr_exp.worker.launcher - INFO - Workers alive: 1
2025-06-12 04:42:02,843 - dr_exp.worker.launcher - INFO - Jobs queued: 0
2025-06-12 04:42:02,843 - dr_exp.worker.launcher - INFO - Runtime: 1.7 hours
2025-06-12 04:52:03,651 - dr_exp.worker.launcher - INFO - Running maintenance
2025-06-12 04:52:03,668 - dr_exp.worker.launcher - INFO - Workers alive: 1
2025-06-12 04:52:03,684 - dr_exp.worker.launcher - INFO - Jobs queued: 0
2025-06-12 04:52:03,684 - dr_exp.worker.launcher - INFO - Runtime: 1.8 hours
2025-06-12 05:02:04,494 - dr_exp.worker.launcher - INFO - Running maintenance
2025-06-12 05:02:04,510 - dr_exp.worker.launcher - INFO - Workers alive: 1
2025-06-12 05:02:04,526 - dr_exp.worker.launcher - INFO - Jobs queued: 0
2025-06-12 05:02:04,526 - dr_exp.worker.launcher - INFO - Runtime: 2.0 hours
2025-06-12 05:12:05,329 - dr_exp.worker.launcher - INFO - Running maintenance
2025-06-12 05:12:05,345 - dr_exp.worker.launcher - INFO - Workers alive: 1
2025-06-12 05:12:05,361 - dr_exp.worker.launcher - INFO - Jobs queued: 0
2025-06-12 05:12:05,362 - dr_exp.worker.launcher - INFO - Runtime: 2.2 hours
2025-06-12 05:22:06,160 - dr_exp.worker.launcher - INFO - Running maintenance
2025-06-12 05:22:06,176 - dr_exp.worker.launcher - INFO - Workers alive: 1
2025-06-12 05:22:06,192 - dr_exp.worker.launcher - INFO - Jobs queued: 0
2025-06-12 05:22:06,192 - dr_exp.worker.launcher - INFO - Runtime: 2.3 hours
2025-06-12 05:32:06,990 - dr_exp.worker.launcher - INFO - Running maintenance
2025-06-12 05:32:07,006 - dr_exp.worker.launcher - INFO - Workers alive: 1
2025-06-12 05:32:07,022 - dr_exp.worker.launcher - INFO - Jobs queued: 0
2025-06-12 05:32:07,022 - dr_exp.worker.launcher - INFO - Runtime: 2.5 hours
2025-06-12 05:42:07,820 - dr_exp.worker.launcher - INFO - Running maintenance
2025-06-12 05:42:07,836 - dr_exp.worker.launcher - INFO - Workers alive: 1
2025-06-12 05:42:07,852 - dr_exp.worker.launcher - INFO - Jobs queued: 0
2025-06-12 05:42:07,852 - dr_exp.worker.launcher - INFO - Runtime: 2.7 hours
2025-06-12 05:52:08,650 - dr_exp.worker.launcher - INFO - Running maintenance
2025-06-12 05:52:08,666 - dr_exp.worker.launcher - INFO - Workers alive: 1
2025-06-12 05:52:08,682 - dr_exp.worker.launcher - INFO - Jobs queued: 0
2025-06-12 05:52:08,682 - dr_exp.worker.launcher - INFO - Runtime: 2.8 hours
