GPU available: True (cuda), used: True
TPU available: False, using: 0 TPU cores
HPU available: False, using: 0 HPUs
/scratch/ddr8143/repos/dr_exp/.venv/lib/python3.12/site-packages/lightning/pytorch/trainer/connectors/logger_connector/logger_connector.py:76: Starting from v1.9.0, `tensorboardX` has been removed as a dependency of the `lightning.pytorch` package, due to potential conflicts with other packages in the ML ecosystem. For this reason, `logger=True` will use `CSVLogger` as the default logger, unless the `tensorboard` or `tensorboardX` packages are found. Please `pip install lightning[extra]` or one of them to enable TensorBoard support by default
LOCAL_RANK: 0 - CUDA_VISIBLE_DEVICES: [0]

  | Name      | Type             | Params | Mode 
-------------------------------------------------------
0 | model     | CifarResNet18    | 11.2 M | train
1 | criterion | CrossEntropyLoss | 0      | train
-------------------------------------------------------
11.2 M    Trainable params
0         Non-trainable params
11.2 M    Total params
44.696    Total estimated model params size (MB)
70        Modules in train mode
0         Modules in eval mode
SLURM auto-requeueing enabled. Setting signal handlers.
[SyncHandler] Failed to initialize Supabase: Supabase URL and key must be provided or set in environment
[SyncHandler] Sync disabled - files will remain in queue
[slurm61982236_gr003_gpu0_0] Sync disabled - Supabase not available
Sync: enabled (Supabase not available - queue only)
Starting worker slurm61982236_gr003_gpu0_0
Experiment: cluster_t0 at /scratch/ddr8143/logs/dcnn_workers
------------------------------------------------------------
[slurm61982236_gr003_gpu0_0] Worker started
[slurm61982236_gr003_gpu0_0] Sync thread started
[slurm61982236_gr003_gpu0_0] Heartbeat thread started
[slurm61982236_gr003_gpu0_0] Claimed job 8096490e-e3a8-4e00-b3fc-de50a8b0f232 (priority=175)
[slurm61982236_gr003_gpu0_0] Executing job 8096490e-e3a8-4e00-b3fc-de50a8b0f232 with _target_=dr_exp.trainers.decon_trainer.train_classification
Epoch 0 | val_loss: 2.33673, val_acc: 0.08594
/scratch/ddr8143/repos/dr_exp/.venv/lib/python3.12/site-packages/torch/optim/lr_scheduler.py:198: UserWarning: The epoch parameter in `scheduler.step()` was not necessary and is being deprecated where possible. Please use `scheduler.step()` to step the scheduler. During the deprecation, if epoch is different from None, the closed form is used instead of the new chainable form, where available. Please open an issue if you are unable to replicate your use case: https://github.com/pytorch/pytorch/issues/new/choose.
  warnings.warn(EPOCH_DEPRECATION_WARNING, UserWarning)
`Trainer.fit` stopped: `max_epochs=50` reached.
GPU available: True (cuda), used: True
TPU available: False, using: 0 TPU cores
HPU available: False, using: 0 HPUs
LOCAL_RANK: 0 - CUDA_VISIBLE_DEVICES: [0]

  | Name      | Type             | Params | Mode 
-------------------------------------------------------
0 | model     | CifarResNet18    | 11.2 M | train
1 | criterion | CrossEntropyLoss | 0      | train
-------------------------------------------------------
11.2 M    Trainable params
0         Non-trainable params
11.2 M    Total params
44.696    Total estimated model params size (MB)
70        Modules in train mode
0         Modules in eval mode
SLURM auto-requeueing enabled. Setting signal handlers.
Epoch 0 | val_loss: 2.34579, val_acc: 0.10460
[slurm61982236_gr003_gpu0_0] Sync pending: 452 items
Epoch 1 | val_loss: 1.62738, val_acc: 0.44080, train_loss: 2.32950, train_acc: 0.09949
Epoch 2 | val_loss: 1.60530, val_acc: 0.48340, train_loss: 2.15672, train_acc: 0.21051
[slurm61982236_gr003_gpu0_0] Sync pending: 456 items
Epoch 3 | val_loss: 1.58380, val_acc: 0.46560, train_loss: 2.04840, train_acc: 0.26093
Epoch 4 | val_loss: 1.23369, val_acc: 0.61300, train_loss: 1.95854, train_acc: 0.30647
[slurm61982236_gr003_gpu0_0] Sync pending: 456 items
Epoch 5 | val_loss: 1.19134, val_acc: 0.66980, train_loss: 1.86927, train_acc: 0.34844
Epoch 6 | val_loss: 1.35957, val_acc: 0.62820, train_loss: 1.83992, train_acc: 0.38556
[slurm61982236_gr003_gpu0_0] Sync pending: 460 items
Epoch 7 | val_loss: 0.97191, val_acc: 0.75480, train_loss: 1.77559, train_acc: 0.41367
[slurm61982236_gr003_gpu0_0] Sync pending: 464 items
Epoch 8 | val_loss: 1.00797, val_acc: 0.73920, train_loss: 1.74985, train_acc: 0.38593
Epoch 9 | val_loss: 0.94654, val_acc: 0.74840, train_loss: 1.73085, train_acc: 0.40493
[slurm61982236_gr003_gpu0_0] Sync pending: 468 items
Epoch 10 | val_loss: 0.97634, val_acc: 0.75240, train_loss: 1.68646, train_acc: 0.44271
Epoch 11 | val_loss: 0.93131, val_acc: 0.77180, train_loss: 1.67591, train_acc: 0.45671
[slurm61982236_gr003_gpu0_0] Sync pending: 472 items
Epoch 12 | val_loss: 1.07881, val_acc: 0.67680, train_loss: 1.65442, train_acc: 0.43498
Epoch 13 | val_loss: 0.84703, val_acc: 0.80120, train_loss: 1.66634, train_acc: 0.43316
[slurm61982236_gr003_gpu0_0] Sync pending: 472 items
Epoch 14 | val_loss: 0.88681, val_acc: 0.78580, train_loss: 1.63750, train_acc: 0.44967
Epoch 15 | val_loss: 0.91440, val_acc: 0.79000, train_loss: 1.62098, train_acc: 0.46549
[slurm61982236_gr003_gpu0_0] Sync pending: 472 items
Epoch 16 | val_loss: 0.85306, val_acc: 0.81020, train_loss: 1.62383, train_acc: 0.44324
Epoch 17 | val_loss: 0.83936, val_acc: 0.81120, train_loss: 1.59287, train_acc: 0.45613
[slurm61982236_gr003_gpu0_0] Sync pending: 476 items
Epoch 18 | val_loss: 0.74158, val_acc: 0.84280, train_loss: 1.58224, train_acc: 0.46082
Epoch 19 | val_loss: 0.90841, val_acc: 0.79580, train_loss: 1.57670, train_acc: 0.46889
[slurm61982236_gr003_gpu0_0] Sync pending: 476 items
Epoch 20 | val_loss: 0.74927, val_acc: 0.83980, train_loss: 1.60519, train_acc: 0.46440
Epoch 21 | val_loss: 0.74626, val_acc: 0.85420, train_loss: 1.56706, train_acc: 0.47749
[slurm61982236_gr003_gpu0_0] Sync pending: 480 items
Epoch 22 | val_loss: 0.74999, val_acc: 0.84120, train_loss: 1.57813, train_acc: 0.47033
Epoch 23 | val_loss: 0.77911, val_acc: 0.84820, train_loss: 1.57273, train_acc: 0.43031
[slurm61982236_gr003_gpu0_0] Sync pending: 480 items
Epoch 24 | val_loss: 0.74327, val_acc: 0.86280, train_loss: 1.57651, train_acc: 0.50920
Epoch 25 | val_loss: 0.68837, val_acc: 0.86240, train_loss: 1.54771, train_acc: 0.46242
[slurm61982236_gr003_gpu0_0] Sync pending: 480 items
Epoch 26 | val_loss: 0.72862, val_acc: 0.86060, train_loss: 1.54781, train_acc: 0.46251
[slurm61982236_gr003_gpu0_0] Sync pending: 480 items
Epoch 27 | val_loss: 0.64330, val_acc: 0.88360, train_loss: 1.54791, train_acc: 0.45642
Epoch 28 | val_loss: 0.66237, val_acc: 0.87780, train_loss: 1.55834, train_acc: 0.46451
[slurm61982236_gr003_gpu0_0] Sync pending: 484 items
Epoch 29 | val_loss: 0.61778, val_acc: 0.88480, train_loss: 1.53270, train_acc: 0.50527
Epoch 30 | val_loss: 0.69392, val_acc: 0.89100, train_loss: 1.53661, train_acc: 0.48298
[slurm61982236_gr003_gpu0_0] Sync pending: 484 items
Epoch 31 | val_loss: 0.73557, val_acc: 0.85700, train_loss: 1.52670, train_acc: 0.48922
Epoch 32 | val_loss: 0.71116, val_acc: 0.87800, train_loss: 1.50416, train_acc: 0.50193
[slurm61982236_gr003_gpu0_0] Sync pending: 484 items
Epoch 33 | val_loss: 0.68757, val_acc: 0.88560, train_loss: 1.51176, train_acc: 0.52862
Epoch 34 | val_loss: 0.61940, val_acc: 0.89660, train_loss: 1.48582, train_acc: 0.50758
[slurm61982236_gr003_gpu0_0] Sync pending: 488 items
Epoch 35 | val_loss: 0.64673, val_acc: 0.89780, train_loss: 1.48274, train_acc: 0.48676
Epoch 36 | val_loss: 0.59311, val_acc: 0.90180, train_loss: 1.50589, train_acc: 0.50080
[slurm61982236_gr003_gpu0_0] Sync pending: 488 items
Epoch 37 | val_loss: 0.63649, val_acc: 0.90120, train_loss: 1.47534, train_acc: 0.51778
Epoch 38 | val_loss: 0.59282, val_acc: 0.91680, train_loss: 1.46682, train_acc: 0.49424
[slurm61982236_gr003_gpu0_0] Sync pending: 488 items
Epoch 39 | val_loss: 0.66721, val_acc: 0.90780, train_loss: 1.47856, train_acc: 0.51167
Epoch 40 | val_loss: 0.65089, val_acc: 0.91080, train_loss: 1.46642, train_acc: 0.50364
[slurm61982236_gr003_gpu0_0] Sync pending: 492 items
Epoch 41 | val_loss: 0.56594, val_acc: 0.92420, train_loss: 1.44988, train_acc: 0.51669
Epoch 42 | val_loss: 0.58275, val_acc: 0.92340, train_loss: 1.45233, train_acc: 0.49727
[slurm61982236_gr003_gpu0_0] Sync pending: 492 items
Epoch 43 | val_loss: 0.50300, val_acc: 0.92600, train_loss: 1.42744, train_acc: 0.53076
Epoch 44 | val_loss: 0.58571, val_acc: 0.92560, train_loss: 1.42422, train_acc: 0.53249
[slurm61982236_gr003_gpu0_0] Sync pending: 500 items
Epoch 45 | val_loss: 0.57568, val_acc: 0.92760, train_loss: 1.42334, train_acc: 0.48293
Epoch 46 | val_loss: 0.57217, val_acc: 0.92800, train_loss: 1.42746, train_acc: 0.52069
[slurm61982236_gr003_gpu0_0] Sync pending: 504 items
Epoch 47 | val_loss: 0.53468, val_acc: 0.93100, train_loss: 1.41502, train_acc: 0.52822
[slurm61982236_gr003_gpu0_0] Sync pending: 508 items
Epoch 48 | val_loss: 0.51816, val_acc: 0.93120, train_loss: 1.41806, train_acc: 0.48564
Epoch 49 | val_loss: 0.51894, val_acc: 0.93040, train_loss: 1.41061, train_acc: 0.53729
[slurm61982236_gr003_gpu0_0] Job 8096490e-e3a8-4e00-b3fc-de50a8b0f232 completed successfully
[slurm61982236_gr003_gpu0_0] Claimed job 177614f1-194c-4c23-b792-1b2c4d2aedc5 (priority=155)
[slurm61982236_gr003_gpu0_0] Executing job 177614f1-194c-4c23-b792-1b2c4d2aedc5 with _target_=dr_exp.trainers.decon_trainer.train_classification
Epoch 0 | val_loss: 2.33175, val_acc: 0.08984
`Trainer.fit` stopped: `max_epochs=50` reached.
GPU available: True (cuda), used: True
TPU available: False, using: 0 TPU cores
HPU available: False, using: 0 HPUs
LOCAL_RANK: 0 - CUDA_VISIBLE_DEVICES: [0]

  | Name      | Type             | Params | Mode 
-------------------------------------------------------
0 | model     | CifarAlexNet     | 2.4 M  | train
1 | criterion | CrossEntropyLoss | 0      | train
-------------------------------------------------------
2.4 M     Trainable params
0         Non-trainable params
2.4 M     Total params
9.768     Total estimated model params size (MB)
24        Modules in train mode
0         Modules in eval mode
SLURM auto-requeueing enabled. Setting signal handlers.
[slurm61982236_gr003_gpu0_0] Sync pending: 520 items
Epoch 0 | val_loss: 1.37688, val_acc: 0.52160
Epoch 1 | val_loss: 1.02660, val_acc: 0.64860, train_loss: 1.83494, train_acc: 0.37647
[slurm61982236_gr003_gpu0_0] Sync pending: 524 items
Epoch 2 | val_loss: 0.84030, val_acc: 0.71760, train_loss: 1.41696, train_acc: 0.58502
Epoch 3 | val_loss: 0.85345, val_acc: 0.71400, train_loss: 1.21241, train_acc: 0.68538
[slurm61982236_gr003_gpu0_0] Sync pending: 524 items
Epoch 4 | val_loss: 0.76678, val_acc: 0.75280, train_loss: 1.09954, train_acc: 0.73942
Epoch 5 | val_loss: 0.77459, val_acc: 0.74560, train_loss: 1.03289, train_acc: 0.76951
[slurm61982236_gr003_gpu0_0] Sync pending: 524 items
Epoch 6 | val_loss: 0.70118, val_acc: 0.77920, train_loss: 0.98340, train_acc: 0.79202
Epoch 7 | val_loss: 0.72524, val_acc: 0.77400, train_loss: 0.94303, train_acc: 0.80929
[slurm61982236_gr003_gpu0_0] Sync pending: 524 items
Epoch 8 | val_loss: 0.59528, val_acc: 0.81620, train_loss: 0.91398, train_acc: 0.82167
Epoch 9 | val_loss: 0.65829, val_acc: 0.79360, train_loss: 0.88306, train_acc: 0.83498
[slurm61982236_gr003_gpu0_0] Sync pending: 528 items
Epoch 10 | val_loss: 0.56096, val_acc: 0.82600, train_loss: 0.85887, train_acc: 0.84722
[slurm61982236_gr003_gpu0_0] Sync pending: 528 items
Epoch 11 | val_loss: 0.58825, val_acc: 0.82100, train_loss: 0.83731, train_acc: 0.85622
Epoch 12 | val_loss: 0.56261, val_acc: 0.83000, train_loss: 0.82037, train_acc: 0.86347
[slurm61982236_gr003_gpu0_0] Sync pending: 532 items
Epoch 13 | val_loss: 0.47558, val_acc: 0.86420, train_loss: 0.80583, train_acc: 0.86969
Epoch 14 | val_loss: 0.48470, val_acc: 0.85700, train_loss: 0.78858, train_acc: 0.87671
[slurm61982236_gr003_gpu0_0] Sync pending: 540 items
Epoch 15 | val_loss: 0.45100, val_acc: 0.86840, train_loss: 0.77724, train_acc: 0.88236
Epoch 16 | val_loss: 0.48212, val_acc: 0.85780, train_loss: 0.76120, train_acc: 0.88762
[slurm61982236_gr003_gpu0_0] Sync pending: 540 items
Epoch 17 | val_loss: 0.52591, val_acc: 0.84240, train_loss: 0.75330, train_acc: 0.89287
Epoch 18 | val_loss: 0.46860, val_acc: 0.86500, train_loss: 0.74291, train_acc: 0.89611
[slurm61982236_gr003_gpu0_0] Sync pending: 544 items
Epoch 19 | val_loss: 0.43114, val_acc: 0.87820, train_loss: 0.72907, train_acc: 0.90267
Epoch 20 | val_loss: 0.43597, val_acc: 0.87380, train_loss: 0.72078, train_acc: 0.90598
[slurm61982236_gr003_gpu0_0] Sync pending: 544 items
Epoch 21 | val_loss: 0.46980, val_acc: 0.86500, train_loss: 0.71117, train_acc: 0.90933
Epoch 22 | val_loss: 0.40581, val_acc: 0.88360, train_loss: 0.70160, train_acc: 0.91464
[slurm61982236_gr003_gpu0_0] Sync pending: 548 items
Epoch 23 | val_loss: 0.41746, val_acc: 0.88180, train_loss: 0.68836, train_acc: 0.92056
Epoch 24 | val_loss: 0.42943, val_acc: 0.88060, train_loss: 0.68100, train_acc: 0.92380
[slurm61982236_gr003_gpu0_0] Sync pending: 548 items
Epoch 25 | val_loss: 0.37312, val_acc: 0.89920, train_loss: 0.67016, train_acc: 0.92813
Epoch 26 | val_loss: 0.39213, val_acc: 0.89020, train_loss: 0.66074, train_acc: 0.93233
[slurm61982236_gr003_gpu0_0] Sync pending: 548 items
Epoch 27 | val_loss: 0.40044, val_acc: 0.89120, train_loss: 0.65281, train_acc: 0.93613
Epoch 28 | val_loss: 0.38002, val_acc: 0.89580, train_loss: 0.64571, train_acc: 0.93960
[slurm61982236_gr003_gpu0_0] Sync pending: 552 items
Epoch 29 | val_loss: 0.42587, val_acc: 0.88220, train_loss: 0.63354, train_acc: 0.94387
Epoch 30 | val_loss: 0.37646, val_acc: 0.89840, train_loss: 0.62463, train_acc: 0.94951
[slurm61982236_gr003_gpu0_0] Sync pending: 556 items
Epoch 31 | val_loss: 0.35207, val_acc: 0.90520, train_loss: 0.61160, train_acc: 0.95502
[slurm61982236_gr003_gpu0_0] Sync pending: 556 items
Epoch 32 | val_loss: 0.33878, val_acc: 0.91460, train_loss: 0.60262, train_acc: 0.95893
Epoch 33 | val_loss: 0.34575, val_acc: 0.91200, train_loss: 0.59149, train_acc: 0.96327
[slurm61982236_gr003_gpu0_0] Sync pending: 556 items
Epoch 34 | val_loss: 0.34579, val_acc: 0.91200, train_loss: 0.58579, train_acc: 0.96584
Epoch 35 | val_loss: 0.32452, val_acc: 0.91940, train_loss: 0.57368, train_acc: 0.97264
[slurm61982236_gr003_gpu0_0] Sync pending: 560 items
Epoch 36 | val_loss: 0.31719, val_acc: 0.91800, train_loss: 0.56635, train_acc: 0.97522
Epoch 37 | val_loss: 0.31119, val_acc: 0.92400, train_loss: 0.55573, train_acc: 0.97924
[slurm61982236_gr003_gpu0_0] Sync pending: 560 items
Epoch 38 | val_loss: 0.30848, val_acc: 0.92440, train_loss: 0.54840, train_acc: 0.98258
Epoch 39 | val_loss: 0.29734, val_acc: 0.93060, train_loss: 0.54132, train_acc: 0.98527
[slurm61982236_gr003_gpu0_0] Sync pending: 560 items
Epoch 40 | val_loss: 0.30526, val_acc: 0.92640, train_loss: 0.53649, train_acc: 0.98773
Epoch 41 | val_loss: 0.30310, val_acc: 0.92840, train_loss: 0.53259, train_acc: 0.98938
[slurm61982236_gr003_gpu0_0] Sync pending: 564 items
Epoch 42 | val_loss: 0.29106, val_acc: 0.93100, train_loss: 0.52808, train_acc: 0.99144
Epoch 43 | val_loss: 0.28922, val_acc: 0.93280, train_loss: 0.52384, train_acc: 0.99322
[slurm61982236_gr003_gpu0_0] Sync pending: 564 items
Epoch 44 | val_loss: 0.28661, val_acc: 0.93380, train_loss: 0.52251, train_acc: 0.99371
Epoch 45 | val_loss: 0.28734, val_acc: 0.93340, train_loss: 0.51988, train_acc: 0.99447
[slurm61982236_gr003_gpu0_0] Sync pending: 572 items
Epoch 46 | val_loss: 0.28488, val_acc: 0.93480, train_loss: 0.51867, train_acc: 0.99480
Epoch 47 | val_loss: 0.28390, val_acc: 0.93340, train_loss: 0.51745, train_acc: 0.99553
[slurm61982236_gr003_gpu0_0] Sync pending: 576 items
Epoch 48 | val_loss: 0.28442, val_acc: 0.93480, train_loss: 0.51730, train_acc: 0.99573
Epoch 49 | val_loss: 0.28155, val_acc: 0.93480, train_loss: 0.51728, train_acc: 0.99556
[slurm61982236_gr003_gpu0_0] Job 177614f1-194c-4c23-b792-1b2c4d2aedc5 completed successfully
[slurm61982236_gr003_gpu0_0] Claimed job ef16c29c-13ef-4cfb-a376-5790d6a2e767 (priority=125)
[slurm61982236_gr003_gpu0_0] Executing job ef16c29c-13ef-4cfb-a376-5790d6a2e767 with _target_=dr_exp.trainers.decon_trainer.train_classification
[slurm61982236_gr003_gpu0_0] Sync pending: 584 items
Epoch 0 | val_loss: 2.38978, val_acc: 0.09766
`Trainer.fit` stopped: `max_epochs=50` reached.
GPU available: True (cuda), used: True
TPU available: False, using: 0 TPU cores
HPU available: False, using: 0 HPUs
LOCAL_RANK: 0 - CUDA_VISIBLE_DEVICES: [0]

  | Name      | Type             | Params | Mode 
-------------------------------------------------------
0 | model     | CifarAlexNet     | 2.4 M  | train
1 | criterion | CrossEntropyLoss | 0      | train
-------------------------------------------------------
2.4 M     Trainable params
0         Non-trainable params
2.4 M     Total params
9.768     Total estimated model params size (MB)
24        Modules in train mode
0         Modules in eval mode
SLURM auto-requeueing enabled. Setting signal handlers.
Epoch 0 | val_loss: 1.31078, val_acc: 0.53400
[slurm61982236_gr003_gpu0_0] Sync pending: 592 items
Epoch 1 | val_loss: 1.30691, val_acc: 0.53920, train_loss: 1.78315, train_acc: 0.41404
Epoch 2 | val_loss: 1.14174, val_acc: 0.59760, train_loss: 1.50786, train_acc: 0.54687
[slurm61982236_gr003_gpu0_0] Sync pending: 596 items
Epoch 3 | val_loss: 0.98488, val_acc: 0.66480, train_loss: 1.39132, train_acc: 0.60218
Epoch 4 | val_loss: 1.00040, val_acc: 0.66640, train_loss: 1.31491, train_acc: 0.63967
[slurm61982236_gr003_gpu0_0] Sync pending: 596 items
Epoch 5 | val_loss: 0.95209, val_acc: 0.68420, train_loss: 1.26359, train_acc: 0.66151
Epoch 6 | val_loss: 0.91987, val_acc: 0.68340, train_loss: 1.23654, train_acc: 0.67476
[slurm61982236_gr003_gpu0_0] Sync pending: 596 items
Epoch 7 | val_loss: 0.96469, val_acc: 0.67640, train_loss: 1.19769, train_acc: 0.69527
Epoch 8 | val_loss: 0.82618, val_acc: 0.73240, train_loss: 1.17046, train_acc: 0.70536
Epoch 9 | val_loss: 0.84070, val_acc: 0.72560, train_loss: 1.15220, train_acc: 0.71276
[slurm61982236_gr003_gpu0_0] Sync pending: 600 items
Epoch 10 | val_loss: 0.82318, val_acc: 0.73000, train_loss: 1.12265, train_acc: 0.72718
Epoch 11 | val_loss: 0.81605, val_acc: 0.73140, train_loss: 1.11806, train_acc: 0.73091
[slurm61982236_gr003_gpu0_0] Sync pending: 600 items
Epoch 12 | val_loss: 0.76956, val_acc: 0.75640, train_loss: 1.09764, train_acc: 0.73942
Epoch 13 | val_loss: 0.80673, val_acc: 0.74100, train_loss: 1.07687, train_acc: 0.74891
[slurm61982236_gr003_gpu0_0] Sync pending: 604 items
Epoch 14 | val_loss: 0.72652, val_acc: 0.76880, train_loss: 1.07454, train_acc: 0.74920
Epoch 15 | val_loss: 0.75763, val_acc: 0.75540, train_loss: 1.06966, train_acc: 0.75069
[slurm61982236_gr003_gpu0_0] Sync pending: 608 items
Epoch 16 | val_loss: 0.79832, val_acc: 0.74000, train_loss: 1.05660, train_acc: 0.75773
Epoch 17 | val_loss: 0.72819, val_acc: 0.76380, train_loss: 1.05024, train_acc: 0.76036
Epoch 18 | val_loss: 0.74817, val_acc: 0.75640, train_loss: 1.03835, train_acc: 0.76609
[slurm61982236_gr003_gpu0_0] Sync pending: 612 items
Epoch 19 | val_loss: 0.79230, val_acc: 0.74160, train_loss: 1.03942, train_acc: 0.76449
Epoch 20 | val_loss: 0.74587, val_acc: 0.75960, train_loss: 1.02596, train_acc: 0.77342
[slurm61982236_gr003_gpu0_0] Sync pending: 616 items
Epoch 21 | val_loss: 0.72069, val_acc: 0.76620, train_loss: 1.02599, train_acc: 0.77131
Epoch 22 | val_loss: 0.70947, val_acc: 0.76680, train_loss: 1.02074, train_acc: 0.77320
[slurm61982236_gr003_gpu0_0] Sync pending: 616 items
Epoch 23 | val_loss: 0.87431, val_acc: 0.71320, train_loss: 1.01623, train_acc: 0.77524
Epoch 24 | val_loss: 0.74975, val_acc: 0.75420, train_loss: 1.00401, train_acc: 0.78251
[slurm61982236_gr003_gpu0_0] Sync pending: 620 items
Epoch 25 | val_loss: 0.71349, val_acc: 0.76860, train_loss: 0.99699, train_acc: 0.78529
Epoch 26 | val_loss: 0.73225, val_acc: 0.76000, train_loss: 1.00142, train_acc: 0.78371
[slurm61982236_gr003_gpu0_0] Sync pending: 620 items
Epoch 27 | val_loss: 0.68508, val_acc: 0.78000, train_loss: 0.99170, train_acc: 0.78840
Epoch 28 | val_loss: 0.71359, val_acc: 0.77620, train_loss: 0.98910, train_acc: 0.78789
[slurm61982236_gr003_gpu0_0] Sync pending: 624 items
Epoch 29 | val_loss: 0.71269, val_acc: 0.78140, train_loss: 0.99543, train_acc: 0.78707
Epoch 30 | val_loss: 0.58277, val_acc: 0.82260, train_loss: 0.98599, train_acc: 0.78980
[slurm61982236_gr003_gpu0_0] Sync pending: 624 items
Epoch 31 | val_loss: 0.57196, val_acc: 0.81860, train_loss: 0.85917, train_acc: 0.84591
Epoch 32 | val_loss: 0.55738, val_acc: 0.82580, train_loss: 0.82941, train_acc: 0.86044
Epoch 33 | val_loss: 0.55776, val_acc: 0.83020, train_loss: 0.81727, train_acc: 0.86547
[slurm61982236_gr003_gpu0_0] Sync pending: 624 items
Epoch 34 | val_loss: 0.55407, val_acc: 0.82860, train_loss: 0.80357, train_acc: 0.87378
Epoch 35 | val_loss: 0.55501, val_acc: 0.82760, train_loss: 0.79655, train_acc: 0.87691
[slurm61982236_gr003_gpu0_0] Sync pending: 624 items
Epoch 36 | val_loss: 0.54253, val_acc: 0.83420, train_loss: 0.78982, train_acc: 0.87938
Epoch 37 | val_loss: 0.54774, val_acc: 0.83240, train_loss: 0.78491, train_acc: 0.88300
[slurm61982236_gr003_gpu0_0] Sync pending: 628 items
Epoch 38 | val_loss: 0.54171, val_acc: 0.83340, train_loss: 0.77907, train_acc: 0.88440
Epoch 39 | val_loss: 0.53836, val_acc: 0.83800, train_loss: 0.77509, train_acc: 0.88689
[slurm61982236_gr003_gpu0_0] Sync pending: 632 items
Epoch 40 | val_loss: 0.53722, val_acc: 0.83760, train_loss: 0.76922, train_acc: 0.88993
Epoch 41 | val_loss: 0.52978, val_acc: 0.83760, train_loss: 0.76614, train_acc: 0.89049
[slurm61982236_gr003_gpu0_0] Sync pending: 636 items
Epoch 42 | val_loss: 0.53301, val_acc: 0.83580, train_loss: 0.76155, train_acc: 0.89493
Epoch 43 | val_loss: 0.53255, val_acc: 0.83600, train_loss: 0.75887, train_acc: 0.89322
Epoch 44 | val_loss: 0.52474, val_acc: 0.84040, train_loss: 0.75578, train_acc: 0.89602
[slurm61982236_gr003_gpu0_0] Sync pending: 636 items
Epoch 45 | val_loss: 0.52223, val_acc: 0.84200, train_loss: 0.74751, train_acc: 0.90033
Epoch 46 | val_loss: 0.52712, val_acc: 0.84020, train_loss: 0.74555, train_acc: 0.90140
[slurm61982236_gr003_gpu0_0] Sync pending: 640 items
Epoch 47 | val_loss: 0.53816, val_acc: 0.83480, train_loss: 0.74525, train_acc: 0.90193
Epoch 48 | val_loss: 0.52186, val_acc: 0.84360, train_loss: 0.74312, train_acc: 0.90147
[slurm61982236_gr003_gpu0_0] Sync pending: 648 items
Epoch 49 | val_loss: 0.52146, val_acc: 0.84380, train_loss: 0.73414, train_acc: 0.90773
[slurm61982236_gr003_gpu0_0] Job ef16c29c-13ef-4cfb-a376-5790d6a2e767 completed successfully
[slurm61982236_gr003_gpu0_0] Claimed job fc43fbc6-7d11-4557-a587-0a4711e2eaea (priority=95)
[slurm61982236_gr003_gpu0_0] Executing job fc43fbc6-7d11-4557-a587-0a4711e2eaea with _target_=dr_exp.trainers.decon_trainer.train_classification
Epoch 0 | val_loss: 2.33997, val_acc: 0.10547
`Trainer.fit` stopped: `max_epochs=50` reached.
