========================================
DR_EXP SLURM Job Starting
========================================
Job ID: 61982038
Node: gr068
Time: Thu Jun 12 01:43:33 AM EDT 2025
Base path: /scratch/ddr8143/logs/dcnn_workers/
Experiment: cluster_t0
Workers per GPU: 1
Allocated GPUs: 
Allocated Memory: 61440 MB
Log directory: /scratch/ddr8143/logs/dcnn_workers//cluster_t0/logs/slurm_61982038
========================================
CUDA MPS started for GPU sharing
Launching singularity container...
Starting workers with Supabase sync enabled...
SUPABASE_URL: ...
2025-06-12 01:43:45,266 - dr_exp.core.job_db - INFO - JobDB initialized for experiment 'cluster_t0' at /scratch/ddr8143/logs/dcnn_workers/cluster_t0
2025-06-12 01:43:45,266 - dr_exp.worker.launcher - INFO - Starting launcher on node gr068
2025-06-12 01:43:45,267 - dr_exp.worker.launcher - INFO - Found 1 GPUs: [0]
2025-06-12 01:43:45,267 - dr_exp.worker.launcher - INFO - Spawning worker slurm61982038_gr068_gpu0_0 on GPU 0
2025-06-12 01:43:45,353 - dr_exp.worker.launcher - INFO - Running maintenance
2025-06-12 01:43:45,364 - dr_exp.worker.launcher - INFO - Workers alive: 1
2025-06-12 01:43:45,374 - dr_exp.worker.launcher - INFO - Jobs queued: 28
2025-06-12 01:43:45,374 - dr_exp.worker.launcher - INFO - Runtime: 0.0 hours
2025-06-12 01:53:45,952 - dr_exp.worker.launcher - INFO - Running maintenance
2025-06-12 01:53:45,966 - dr_exp.worker.launcher - INFO - Workers alive: 1
2025-06-12 01:53:45,979 - dr_exp.worker.launcher - INFO - Jobs queued: 84
2025-06-12 01:53:45,980 - dr_exp.worker.launcher - INFO - Runtime: 0.2 hours
2025-06-12 02:03:46,630 - dr_exp.worker.launcher - INFO - Running maintenance
2025-06-12 02:03:46,646 - dr_exp.worker.launcher - INFO - Workers alive: 1
2025-06-12 02:03:46,663 - dr_exp.worker.launcher - INFO - Jobs queued: 99
2025-06-12 02:03:46,663 - dr_exp.worker.launcher - INFO - Runtime: 0.3 hours
2025-06-12 02:13:47,464 - dr_exp.worker.launcher - INFO - Running maintenance
2025-06-12 02:13:47,481 - dr_exp.worker.launcher - INFO - Workers alive: 1
2025-06-12 02:13:47,498 - dr_exp.worker.launcher - INFO - Jobs queued: 111
2025-06-12 02:13:47,498 - dr_exp.worker.launcher - INFO - Runtime: 0.5 hours
2025-06-12 02:23:48,287 - dr_exp.worker.launcher - INFO - Running maintenance
2025-06-12 02:23:48,305 - dr_exp.worker.launcher - INFO - Workers alive: 1
2025-06-12 02:23:48,323 - dr_exp.worker.launcher - INFO - Jobs queued: 99
2025-06-12 02:23:48,323 - dr_exp.worker.launcher - INFO - Runtime: 0.7 hours
2025-06-12 02:33:49,149 - dr_exp.worker.launcher - INFO - Running maintenance
2025-06-12 02:33:49,167 - dr_exp.worker.launcher - INFO - Workers alive: 1
2025-06-12 02:33:49,185 - dr_exp.worker.launcher - INFO - Jobs queued: 89
2025-06-12 02:33:49,185 - dr_exp.worker.launcher - INFO - Runtime: 0.8 hours
2025-06-12 02:43:50,020 - dr_exp.worker.launcher - INFO - Running maintenance
2025-06-12 02:43:50,038 - dr_exp.worker.launcher - INFO - Workers alive: 1
2025-06-12 02:43:50,056 - dr_exp.worker.launcher - INFO - Jobs queued: 78
2025-06-12 02:43:50,056 - dr_exp.worker.launcher - INFO - Runtime: 1.0 hours
2025-06-12 02:53:50,898 - dr_exp.worker.launcher - INFO - Running maintenance
2025-06-12 02:53:50,916 - dr_exp.worker.launcher - INFO - Workers alive: 1
2025-06-12 02:53:50,934 - dr_exp.worker.launcher - INFO - Jobs queued: 64
2025-06-12 02:53:50,934 - dr_exp.worker.launcher - INFO - Runtime: 1.2 hours
2025-06-12 03:03:51,765 - dr_exp.worker.launcher - INFO - Running maintenance
2025-06-12 03:03:51,783 - dr_exp.worker.launcher - INFO - Workers alive: 1
2025-06-12 03:03:51,801 - dr_exp.worker.launcher - INFO - Jobs queued: 53
2025-06-12 03:03:51,801 - dr_exp.worker.launcher - INFO - Runtime: 1.3 hours
2025-06-12 03:13:52,613 - dr_exp.worker.launcher - INFO - Running maintenance
2025-06-12 03:13:52,631 - dr_exp.worker.launcher - INFO - Workers alive: 1
2025-06-12 03:13:52,648 - dr_exp.worker.launcher - INFO - Jobs queued: 42
2025-06-12 03:13:52,648 - dr_exp.worker.launcher - INFO - Runtime: 1.5 hours
2025-06-12 03:23:53,449 - dr_exp.worker.launcher - INFO - Running maintenance
2025-06-12 03:23:53,465 - dr_exp.worker.launcher - INFO - Workers alive: 1
2025-06-12 03:23:53,481 - dr_exp.worker.launcher - INFO - Jobs queued: 28
2025-06-12 03:23:53,481 - dr_exp.worker.launcher - INFO - Runtime: 1.7 hours
2025-06-12 03:33:54,269 - dr_exp.worker.launcher - INFO - Running maintenance
2025-06-12 03:33:54,286 - dr_exp.worker.launcher - INFO - Workers alive: 1
2025-06-12 03:33:54,302 - dr_exp.worker.launcher - INFO - Jobs queued: 13
2025-06-12 03:33:54,302 - dr_exp.worker.launcher - INFO - Runtime: 1.8 hours
2025-06-12 03:43:55,092 - dr_exp.worker.launcher - INFO - Running maintenance
2025-06-12 03:43:55,109 - dr_exp.worker.launcher - INFO - Workers alive: 1
2025-06-12 03:43:55,125 - dr_exp.worker.launcher - INFO - Jobs queued: 0
2025-06-12 03:43:55,125 - dr_exp.worker.launcher - INFO - Runtime: 2.0 hours
2025-06-12 03:53:55,781 - dr_exp.worker.launcher - INFO - Running maintenance
2025-06-12 03:53:55,798 - dr_exp.worker.launcher - INFO - Workers alive: 1
2025-06-12 03:53:55,813 - dr_exp.worker.launcher - INFO - Jobs queued: 0
2025-06-12 03:53:55,813 - dr_exp.worker.launcher - INFO - Runtime: 2.2 hours
2025-06-12 04:03:56,461 - dr_exp.worker.launcher - INFO - Running maintenance
2025-06-12 04:03:56,478 - dr_exp.worker.launcher - INFO - Workers alive: 1
2025-06-12 04:03:56,493 - dr_exp.worker.launcher - INFO - Jobs queued: 0
2025-06-12 04:03:56,493 - dr_exp.worker.launcher - INFO - Runtime: 2.3 hours
2025-06-12 04:13:57,148 - dr_exp.worker.launcher - INFO - Running maintenance
2025-06-12 04:13:57,165 - dr_exp.worker.launcher - INFO - Workers alive: 1
2025-06-12 04:13:57,180 - dr_exp.worker.launcher - INFO - Jobs queued: 0
2025-06-12 04:13:57,180 - dr_exp.worker.launcher - INFO - Runtime: 2.5 hours
2025-06-12 04:23:57,834 - dr_exp.worker.launcher - INFO - Running maintenance
2025-06-12 04:23:57,850 - dr_exp.worker.launcher - INFO - Workers alive: 1
2025-06-12 04:23:57,865 - dr_exp.worker.launcher - INFO - Jobs queued: 0
2025-06-12 04:23:57,865 - dr_exp.worker.launcher - INFO - Runtime: 2.7 hours
2025-06-12 04:33:58,520 - dr_exp.worker.launcher - INFO - Running maintenance
2025-06-12 04:33:58,536 - dr_exp.worker.launcher - INFO - Workers alive: 1
2025-06-12 04:33:58,551 - dr_exp.worker.launcher - INFO - Jobs queued: 0
2025-06-12 04:33:58,551 - dr_exp.worker.launcher - INFO - Runtime: 2.8 hours
2025-06-12 04:43:59,204 - dr_exp.worker.launcher - INFO - Running maintenance
2025-06-12 04:43:59,220 - dr_exp.worker.launcher - INFO - Workers alive: 1
2025-06-12 04:43:59,235 - dr_exp.worker.launcher - INFO - Jobs queued: 0
2025-06-12 04:43:59,235 - dr_exp.worker.launcher - INFO - Runtime: 3.0 hours
2025-06-12 04:53:59,904 - dr_exp.worker.launcher - INFO - Running maintenance
2025-06-12 04:53:59,920 - dr_exp.worker.launcher - INFO - Workers alive: 1
2025-06-12 04:53:59,935 - dr_exp.worker.launcher - INFO - Jobs queued: 0
2025-06-12 04:53:59,935 - dr_exp.worker.launcher - INFO - Runtime: 3.2 hours
2025-06-12 05:04:00,592 - dr_exp.worker.launcher - INFO - Running maintenance
2025-06-12 05:04:00,608 - dr_exp.worker.launcher - INFO - Workers alive: 1
2025-06-12 05:04:00,623 - dr_exp.worker.launcher - INFO - Jobs queued: 0
2025-06-12 05:04:00,623 - dr_exp.worker.launcher - INFO - Runtime: 3.3 hours
2025-06-12 05:14:01,281 - dr_exp.worker.launcher - INFO - Running maintenance
2025-06-12 05:14:01,297 - dr_exp.worker.launcher - INFO - Workers alive: 1
2025-06-12 05:14:01,312 - dr_exp.worker.launcher - INFO - Jobs queued: 0
2025-06-12 05:14:01,312 - dr_exp.worker.launcher - INFO - Runtime: 3.5 hours
2025-06-12 05:24:01,969 - dr_exp.worker.launcher - INFO - Running maintenance
2025-06-12 05:24:01,985 - dr_exp.worker.launcher - INFO - Workers alive: 1
2025-06-12 05:24:02,001 - dr_exp.worker.launcher - INFO - Jobs queued: 0
2025-06-12 05:24:02,001 - dr_exp.worker.launcher - INFO - Runtime: 3.7 hours
2025-06-12 05:34:02,655 - dr_exp.worker.launcher - INFO - Running maintenance
2025-06-12 05:34:02,671 - dr_exp.worker.launcher - INFO - Workers alive: 1
2025-06-12 05:34:02,686 - dr_exp.worker.launcher - INFO - Jobs queued: 0
2025-06-12 05:34:02,687 - dr_exp.worker.launcher - INFO - Runtime: 3.8 hours
2025-06-12 05:44:03,342 - dr_exp.worker.launcher - INFO - Running maintenance
2025-06-12 05:44:03,375 - dr_exp.worker.launcher - INFO - Workers alive: 1
2025-06-12 05:44:03,390 - dr_exp.worker.launcher - INFO - Jobs queued: 0
2025-06-12 05:44:03,390 - dr_exp.worker.launcher - INFO - Runtime: 4.0 hours
2025-06-12 05:54:04,062 - dr_exp.worker.launcher - INFO - Running maintenance
2025-06-12 05:54:04,078 - dr_exp.worker.launcher - INFO - Workers alive: 1
2025-06-12 05:54:04,093 - dr_exp.worker.launcher - INFO - Jobs queued: 0
2025-06-12 05:54:04,093 - dr_exp.worker.launcher - INFO - Runtime: 4.2 hours
Cleaning up...
