========================================
DR_EXP SLURM Job Starting
========================================
Job ID: 61982156
Node: gr030
Time: Thu Jun 12 01:53:21 AM EDT 2025
Base path: /scratch/ddr8143/logs/dcnn_workers/
Experiment: cluster_t0
Workers per GPU: 1
Allocated GPUs: 
Allocated Memory: 61440 MB
Log directory: /scratch/ddr8143/logs/dcnn_workers//cluster_t0/logs/slurm_61982156
========================================
CUDA MPS started for GPU sharing
Launching singularity container...
Starting workers with Supabase sync enabled...
SUPABASE_URL: ...
2025-06-12 01:53:32,116 - dr_exp.core.job_db - INFO - JobDB initialized for experiment 'cluster_t0' at /scratch/ddr8143/logs/dcnn_workers/cluster_t0
2025-06-12 01:53:32,117 - dr_exp.worker.launcher - INFO - Starting launcher on node gr030
2025-06-12 01:53:32,117 - dr_exp.worker.launcher - INFO - Found 1 GPUs: [0]
2025-06-12 01:53:32,117 - dr_exp.worker.launcher - INFO - Spawning worker slurm61982156_gr030_gpu0_0 on GPU 0
2025-06-12 01:53:32,249 - dr_exp.worker.launcher - INFO - Running maintenance
2025-06-12 01:53:32,263 - dr_exp.worker.launcher - INFO - Workers alive: 1
2025-06-12 01:53:32,276 - dr_exp.worker.launcher - INFO - Jobs queued: 87
2025-06-12 01:53:32,276 - dr_exp.worker.launcher - INFO - Runtime: 0.0 hours
2025-06-12 02:03:32,906 - dr_exp.worker.launcher - INFO - Running maintenance
2025-06-12 02:03:32,921 - dr_exp.worker.launcher - INFO - Workers alive: 1
2025-06-12 02:03:32,936 - dr_exp.worker.launcher - INFO - Jobs queued: 98
2025-06-12 02:03:32,936 - dr_exp.worker.launcher - INFO - Runtime: 0.2 hours
2025-06-12 02:13:33,685 - dr_exp.worker.launcher - INFO - Running maintenance
2025-06-12 02:13:33,701 - dr_exp.worker.launcher - INFO - Workers alive: 1
2025-06-12 02:13:33,718 - dr_exp.worker.launcher - INFO - Jobs queued: 111
2025-06-12 02:13:33,718 - dr_exp.worker.launcher - INFO - Runtime: 0.3 hours
2025-06-12 02:23:34,483 - dr_exp.worker.launcher - INFO - Running maintenance
2025-06-12 02:23:34,500 - dr_exp.worker.launcher - INFO - Workers alive: 1
2025-06-12 02:23:34,517 - dr_exp.worker.launcher - INFO - Jobs queued: 99
2025-06-12 02:23:34,517 - dr_exp.worker.launcher - INFO - Runtime: 0.5 hours
2025-06-12 02:33:35,306 - dr_exp.worker.launcher - INFO - Running maintenance
2025-06-12 02:33:35,325 - dr_exp.worker.launcher - INFO - Workers alive: 1
2025-06-12 02:33:35,343 - dr_exp.worker.launcher - INFO - Jobs queued: 91
2025-06-12 02:33:35,343 - dr_exp.worker.launcher - INFO - Runtime: 0.7 hours
2025-06-12 02:43:36,126 - dr_exp.worker.launcher - INFO - Running maintenance
2025-06-12 02:43:36,143 - dr_exp.worker.launcher - INFO - Workers alive: 1
2025-06-12 02:43:36,160 - dr_exp.worker.launcher - INFO - Jobs queued: 78
2025-06-12 02:43:36,160 - dr_exp.worker.launcher - INFO - Runtime: 0.8 hours
2025-06-12 02:53:36,944 - dr_exp.worker.launcher - INFO - Running maintenance
2025-06-12 02:53:36,961 - dr_exp.worker.launcher - INFO - Workers alive: 1
2025-06-12 02:53:36,977 - dr_exp.worker.launcher - INFO - Jobs queued: 64
2025-06-12 02:53:36,977 - dr_exp.worker.launcher - INFO - Runtime: 1.0 hours
2025-06-12 03:03:37,776 - dr_exp.worker.launcher - INFO - Running maintenance
2025-06-12 03:03:37,794 - dr_exp.worker.launcher - INFO - Workers alive: 1
2025-06-12 03:03:37,810 - dr_exp.worker.launcher - INFO - Jobs queued: 53
2025-06-12 03:03:37,810 - dr_exp.worker.launcher - INFO - Runtime: 1.2 hours
2025-06-12 03:13:38,608 - dr_exp.worker.launcher - INFO - Running maintenance
2025-06-12 03:13:38,624 - dr_exp.worker.launcher - INFO - Workers alive: 1
2025-06-12 03:13:38,640 - dr_exp.worker.launcher - INFO - Jobs queued: 44
2025-06-12 03:13:38,640 - dr_exp.worker.launcher - INFO - Runtime: 1.3 hours
2025-06-12 03:23:39,446 - dr_exp.worker.launcher - INFO - Running maintenance
2025-06-12 03:23:39,463 - dr_exp.worker.launcher - INFO - Workers alive: 1
2025-06-12 03:23:39,479 - dr_exp.worker.launcher - INFO - Jobs queued: 28
2025-06-12 03:23:39,479 - dr_exp.worker.launcher - INFO - Runtime: 1.5 hours
2025-06-12 03:33:40,251 - dr_exp.worker.launcher - INFO - Running maintenance
2025-06-12 03:33:40,267 - dr_exp.worker.launcher - INFO - Workers alive: 1
2025-06-12 03:33:40,283 - dr_exp.worker.launcher - INFO - Jobs queued: 13
2025-06-12 03:33:40,283 - dr_exp.worker.launcher - INFO - Runtime: 1.7 hours
2025-06-12 03:43:41,043 - dr_exp.worker.launcher - INFO - Running maintenance
2025-06-12 03:43:41,059 - dr_exp.worker.launcher - INFO - Workers alive: 1
2025-06-12 03:43:41,074 - dr_exp.worker.launcher - INFO - Jobs queued: 0
2025-06-12 03:43:41,074 - dr_exp.worker.launcher - INFO - Runtime: 1.8 hours
2025-06-12 03:53:41,734 - dr_exp.worker.launcher - INFO - Running maintenance
2025-06-12 03:53:41,750 - dr_exp.worker.launcher - INFO - Workers alive: 1
2025-06-12 03:53:41,765 - dr_exp.worker.launcher - INFO - Jobs queued: 0
2025-06-12 03:53:41,765 - dr_exp.worker.launcher - INFO - Runtime: 2.0 hours
2025-06-12 04:03:42,421 - dr_exp.worker.launcher - INFO - Running maintenance
2025-06-12 04:03:42,436 - dr_exp.worker.launcher - INFO - Workers alive: 1
2025-06-12 04:03:42,451 - dr_exp.worker.launcher - INFO - Jobs queued: 0
2025-06-12 04:03:42,451 - dr_exp.worker.launcher - INFO - Runtime: 2.2 hours
2025-06-12 04:13:43,107 - dr_exp.worker.launcher - INFO - Running maintenance
2025-06-12 04:13:43,123 - dr_exp.worker.launcher - INFO - Workers alive: 1
2025-06-12 04:13:43,138 - dr_exp.worker.launcher - INFO - Jobs queued: 0
2025-06-12 04:13:43,138 - dr_exp.worker.launcher - INFO - Runtime: 2.3 hours
2025-06-12 04:23:43,807 - dr_exp.worker.launcher - INFO - Running maintenance
2025-06-12 04:23:43,823 - dr_exp.worker.launcher - INFO - Workers alive: 1
2025-06-12 04:23:43,838 - dr_exp.worker.launcher - INFO - Jobs queued: 0
2025-06-12 04:23:43,838 - dr_exp.worker.launcher - INFO - Runtime: 2.5 hours
2025-06-12 04:33:44,495 - dr_exp.worker.launcher - INFO - Running maintenance
2025-06-12 04:33:44,511 - dr_exp.worker.launcher - INFO - Workers alive: 1
2025-06-12 04:33:44,526 - dr_exp.worker.launcher - INFO - Jobs queued: 0
2025-06-12 04:33:44,526 - dr_exp.worker.launcher - INFO - Runtime: 2.7 hours
2025-06-12 04:43:45,182 - dr_exp.worker.launcher - INFO - Running maintenance
2025-06-12 04:43:45,198 - dr_exp.worker.launcher - INFO - Workers alive: 1
2025-06-12 04:43:45,213 - dr_exp.worker.launcher - INFO - Jobs queued: 0
2025-06-12 04:43:45,213 - dr_exp.worker.launcher - INFO - Runtime: 2.8 hours
2025-06-12 04:53:45,888 - dr_exp.worker.launcher - INFO - Running maintenance
2025-06-12 04:53:45,904 - dr_exp.worker.launcher - INFO - Workers alive: 1
2025-06-12 04:53:45,919 - dr_exp.worker.launcher - INFO - Jobs queued: 0
2025-06-12 04:53:45,919 - dr_exp.worker.launcher - INFO - Runtime: 3.0 hours
2025-06-12 05:03:46,574 - dr_exp.worker.launcher - INFO - Running maintenance
2025-06-12 05:03:46,590 - dr_exp.worker.launcher - INFO - Workers alive: 1
2025-06-12 05:03:46,605 - dr_exp.worker.launcher - INFO - Jobs queued: 0
2025-06-12 05:03:46,605 - dr_exp.worker.launcher - INFO - Runtime: 3.2 hours
2025-06-12 05:13:47,263 - dr_exp.worker.launcher - INFO - Running maintenance
2025-06-12 05:13:47,279 - dr_exp.worker.launcher - INFO - Workers alive: 1
2025-06-12 05:13:47,294 - dr_exp.worker.launcher - INFO - Jobs queued: 0
2025-06-12 05:13:47,294 - dr_exp.worker.launcher - INFO - Runtime: 3.3 hours
2025-06-12 05:23:47,973 - dr_exp.worker.launcher - INFO - Running maintenance
2025-06-12 05:23:47,989 - dr_exp.worker.launcher - INFO - Workers alive: 1
2025-06-12 05:23:48,005 - dr_exp.worker.launcher - INFO - Jobs queued: 0
2025-06-12 05:23:48,005 - dr_exp.worker.launcher - INFO - Runtime: 3.5 hours
2025-06-12 05:33:48,707 - dr_exp.worker.launcher - INFO - Running maintenance
2025-06-12 05:33:48,724 - dr_exp.worker.launcher - INFO - Workers alive: 1
2025-06-12 05:33:48,740 - dr_exp.worker.launcher - INFO - Jobs queued: 0
2025-06-12 05:33:48,740 - dr_exp.worker.launcher - INFO - Runtime: 3.7 hours
2025-06-12 05:43:49,402 - dr_exp.worker.launcher - INFO - Running maintenance
2025-06-12 05:43:49,418 - dr_exp.worker.launcher - INFO - Workers alive: 1
2025-06-12 05:43:49,433 - dr_exp.worker.launcher - INFO - Jobs queued: 0
2025-06-12 05:43:49,433 - dr_exp.worker.launcher - INFO - Runtime: 3.8 hours
2025-06-12 05:53:50,091 - dr_exp.worker.launcher - INFO - Running maintenance
2025-06-12 05:53:50,107 - dr_exp.worker.launcher - INFO - Workers alive: 1
2025-06-12 05:53:50,123 - dr_exp.worker.launcher - INFO - Jobs queued: 0
2025-06-12 05:53:50,123 - dr_exp.worker.launcher - INFO - Runtime: 4.0 hours
Cleaning up...
