========================================
DR_EXP SLURM Job Starting
========================================
Job ID: 61982227
Node: gr038
Time: Thu Jun 12 02:07:11 AM EDT 2025
Base path: /scratch/ddr8143/logs/dcnn_workers/
Experiment: cluster_t0
Workers per GPU: 1
Allocated GPUs: 
Allocated Memory: 61440 MB
Log directory: /scratch/ddr8143/logs/dcnn_workers//cluster_t0/logs/slurm_61982227
========================================
CUDA MPS started for GPU sharing
Launching singularity container...
Starting workers with Supabase sync enabled...
SUPABASE_URL: ...
2025-06-12 02:07:17,820 - dr_exp.core.job_db - INFO - JobDB initialized for experiment 'cluster_t0' at /scratch/ddr8143/logs/dcnn_workers/cluster_t0
2025-06-12 02:07:17,820 - dr_exp.worker.launcher - INFO - Starting launcher on node gr038
2025-06-12 02:07:17,821 - dr_exp.worker.launcher - INFO - Found 1 GPUs: [0]
2025-06-12 02:07:17,821 - dr_exp.worker.launcher - INFO - Spawning worker slurm61982227_gr038_gpu0_0 on GPU 0
2025-06-12 02:07:17,973 - dr_exp.worker.launcher - INFO - Running maintenance
2025-06-12 02:07:17,990 - dr_exp.worker.launcher - INFO - Workers alive: 1
2025-06-12 02:07:18,011 - dr_exp.worker.launcher - INFO - Jobs queued: 115
2025-06-12 02:07:18,011 - dr_exp.worker.launcher - INFO - Runtime: 0.0 hours
2025-06-12 02:17:18,787 - dr_exp.worker.launcher - INFO - Running maintenance
2025-06-12 02:17:18,806 - dr_exp.worker.launcher - INFO - Workers alive: 1
2025-06-12 02:17:18,826 - dr_exp.worker.launcher - INFO - Jobs queued: 109
2025-06-12 02:17:18,826 - dr_exp.worker.launcher - INFO - Runtime: 0.2 hours
2025-06-12 02:27:19,631 - dr_exp.worker.launcher - INFO - Running maintenance
2025-06-12 02:27:19,649 - dr_exp.worker.launcher - INFO - Workers alive: 1
2025-06-12 02:27:19,667 - dr_exp.worker.launcher - INFO - Jobs queued: 95
2025-06-12 02:27:19,667 - dr_exp.worker.launcher - INFO - Runtime: 0.3 hours
2025-06-12 02:37:20,441 - dr_exp.worker.launcher - INFO - Running maintenance
2025-06-12 02:37:20,458 - dr_exp.worker.launcher - INFO - Workers alive: 1
2025-06-12 02:37:20,476 - dr_exp.worker.launcher - INFO - Jobs queued: 84
2025-06-12 02:37:20,476 - dr_exp.worker.launcher - INFO - Runtime: 0.5 hours
2025-06-12 02:47:21,274 - dr_exp.worker.launcher - INFO - Running maintenance
2025-06-12 02:47:21,294 - dr_exp.worker.launcher - INFO - Workers alive: 1
2025-06-12 02:47:21,312 - dr_exp.worker.launcher - INFO - Jobs queued: 73
2025-06-12 02:47:21,313 - dr_exp.worker.launcher - INFO - Runtime: 0.7 hours
2025-06-12 02:57:22,128 - dr_exp.worker.launcher - INFO - Running maintenance
2025-06-12 02:57:22,145 - dr_exp.worker.launcher - INFO - Workers alive: 1
2025-06-12 02:57:22,162 - dr_exp.worker.launcher - INFO - Jobs queued: 63
2025-06-12 02:57:22,162 - dr_exp.worker.launcher - INFO - Runtime: 0.8 hours
2025-06-12 03:07:22,959 - dr_exp.worker.launcher - INFO - Running maintenance
2025-06-12 03:07:22,976 - dr_exp.worker.launcher - INFO - Workers alive: 1
2025-06-12 03:07:22,992 - dr_exp.worker.launcher - INFO - Jobs queued: 48
2025-06-12 03:07:22,992 - dr_exp.worker.launcher - INFO - Runtime: 1.0 hours
2025-06-12 03:17:23,775 - dr_exp.worker.launcher - INFO - Running maintenance
2025-06-12 03:17:23,793 - dr_exp.worker.launcher - INFO - Workers alive: 1
2025-06-12 03:17:23,810 - dr_exp.worker.launcher - INFO - Jobs queued: 36
2025-06-12 03:17:23,810 - dr_exp.worker.launcher - INFO - Runtime: 1.2 hours
2025-06-12 03:27:24,632 - dr_exp.worker.launcher - INFO - Running maintenance
2025-06-12 03:27:24,648 - dr_exp.worker.launcher - INFO - Workers alive: 1
2025-06-12 03:27:24,665 - dr_exp.worker.launcher - INFO - Jobs queued: 24
2025-06-12 03:27:24,665 - dr_exp.worker.launcher - INFO - Runtime: 1.3 hours
2025-06-12 03:37:25,440 - dr_exp.worker.launcher - INFO - Running maintenance
2025-06-12 03:37:25,456 - dr_exp.worker.launcher - INFO - Workers alive: 1
2025-06-12 03:37:25,473 - dr_exp.worker.launcher - INFO - Jobs queued: 10
2025-06-12 03:37:25,473 - dr_exp.worker.launcher - INFO - Runtime: 1.5 hours
2025-06-12 03:47:26,237 - dr_exp.worker.launcher - INFO - Running maintenance
2025-06-12 03:47:26,255 - dr_exp.worker.launcher - INFO - Workers alive: 1
2025-06-12 03:47:26,272 - dr_exp.worker.launcher - INFO - Jobs queued: 0
2025-06-12 03:47:26,272 - dr_exp.worker.launcher - INFO - Runtime: 1.7 hours
2025-06-12 03:57:26,992 - dr_exp.worker.launcher - INFO - Running maintenance
2025-06-12 03:57:27,010 - dr_exp.worker.launcher - INFO - Workers alive: 1
2025-06-12 03:57:27,026 - dr_exp.worker.launcher - INFO - Jobs queued: 0
2025-06-12 03:57:27,026 - dr_exp.worker.launcher - INFO - Runtime: 1.8 hours
2025-06-12 04:07:27,747 - dr_exp.worker.launcher - INFO - Running maintenance
2025-06-12 04:07:27,764 - dr_exp.worker.launcher - INFO - Workers alive: 1
2025-06-12 04:07:27,781 - dr_exp.worker.launcher - INFO - Jobs queued: 0
2025-06-12 04:07:27,781 - dr_exp.worker.launcher - INFO - Runtime: 2.0 hours
2025-06-12 04:17:28,498 - dr_exp.worker.launcher - INFO - Running maintenance
2025-06-12 04:17:28,516 - dr_exp.worker.launcher - INFO - Workers alive: 1
2025-06-12 04:17:28,532 - dr_exp.worker.launcher - INFO - Jobs queued: 0
2025-06-12 04:17:28,532 - dr_exp.worker.launcher - INFO - Runtime: 2.2 hours
2025-06-12 04:27:29,263 - dr_exp.worker.launcher - INFO - Running maintenance
2025-06-12 04:27:29,280 - dr_exp.worker.launcher - INFO - Workers alive: 1
2025-06-12 04:27:29,295 - dr_exp.worker.launcher - INFO - Jobs queued: 0
2025-06-12 04:27:29,295 - dr_exp.worker.launcher - INFO - Runtime: 2.3 hours
2025-06-12 04:37:29,985 - dr_exp.worker.launcher - INFO - Running maintenance
2025-06-12 04:37:30,002 - dr_exp.worker.launcher - INFO - Workers alive: 1
2025-06-12 04:37:30,018 - dr_exp.worker.launcher - INFO - Jobs queued: 0
2025-06-12 04:37:30,018 - dr_exp.worker.launcher - INFO - Runtime: 2.5 hours
2025-06-12 04:47:30,701 - dr_exp.worker.launcher - INFO - Running maintenance
2025-06-12 04:47:31,314 - dr_exp.worker.launcher - INFO - Workers alive: 1
2025-06-12 04:47:31,331 - dr_exp.worker.launcher - INFO - Jobs queued: 0
2025-06-12 04:47:31,331 - dr_exp.worker.launcher - INFO - Runtime: 2.7 hours
2025-06-12 04:57:32,038 - dr_exp.worker.launcher - INFO - Running maintenance
2025-06-12 04:57:32,055 - dr_exp.worker.launcher - INFO - Workers alive: 1
2025-06-12 04:57:32,071 - dr_exp.worker.launcher - INFO - Jobs queued: 0
2025-06-12 04:57:32,071 - dr_exp.worker.launcher - INFO - Runtime: 2.8 hours
2025-06-12 05:07:32,753 - dr_exp.worker.launcher - INFO - Running maintenance
2025-06-12 05:07:32,771 - dr_exp.worker.launcher - INFO - Workers alive: 1
2025-06-12 05:07:32,787 - dr_exp.worker.launcher - INFO - Jobs queued: 0
2025-06-12 05:07:32,787 - dr_exp.worker.launcher - INFO - Runtime: 3.0 hours
2025-06-12 05:17:33,473 - dr_exp.worker.launcher - INFO - Running maintenance
2025-06-12 05:17:33,490 - dr_exp.worker.launcher - INFO - Workers alive: 1
2025-06-12 05:17:33,506 - dr_exp.worker.launcher - INFO - Jobs queued: 0
2025-06-12 05:17:33,506 - dr_exp.worker.launcher - INFO - Runtime: 3.2 hours
2025-06-12 05:27:34,196 - dr_exp.worker.launcher - INFO - Running maintenance
2025-06-12 05:27:34,213 - dr_exp.worker.launcher - INFO - Workers alive: 1
2025-06-12 05:27:34,229 - dr_exp.worker.launcher - INFO - Jobs queued: 0
2025-06-12 05:27:34,229 - dr_exp.worker.launcher - INFO - Runtime: 3.3 hours
2025-06-12 05:37:34,930 - dr_exp.worker.launcher - INFO - Running maintenance
2025-06-12 05:37:34,947 - dr_exp.worker.launcher - INFO - Workers alive: 1
2025-06-12 05:37:34,963 - dr_exp.worker.launcher - INFO - Jobs queued: 0
2025-06-12 05:37:34,963 - dr_exp.worker.launcher - INFO - Runtime: 3.5 hours
2025-06-12 05:47:35,646 - dr_exp.worker.launcher - INFO - Running maintenance
2025-06-12 05:47:35,663 - dr_exp.worker.launcher - INFO - Workers alive: 1
2025-06-12 05:47:35,679 - dr_exp.worker.launcher - INFO - Jobs queued: 0
2025-06-12 05:47:35,679 - dr_exp.worker.launcher - INFO - Runtime: 3.7 hours
2025-06-12 05:57:36,364 - dr_exp.worker.launcher - INFO - Running maintenance
2025-06-12 05:57:36,381 - dr_exp.worker.launcher - INFO - Workers alive: 1
2025-06-12 05:57:36,397 - dr_exp.worker.launcher - INFO - Jobs queued: 0
2025-06-12 05:57:36,397 - dr_exp.worker.launcher - INFO - Runtime: 3.8 hours
Cleaning up...
