========================================
DR_EXP SLURM Job Starting
========================================
Job ID: 61982225
Node: gr029
Time: Thu Jun 12 02:07:11 AM EDT 2025
Base path: /scratch/ddr8143/logs/dcnn_workers/
Experiment: cluster_t0
Workers per GPU: 1
Allocated GPUs: 
Allocated Memory: 61440 MB
Log directory: /scratch/ddr8143/logs/dcnn_workers//cluster_t0/logs/slurm_61982225
========================================
CUDA MPS started for GPU sharing
Launching singularity container...
Starting workers with Supabase sync enabled...
SUPABASE_URL: ...
2025-06-12 02:07:17,820 - dr_exp.core.job_db - INFO - JobDB initialized for experiment 'cluster_t0' at /scratch/ddr8143/logs/dcnn_workers/cluster_t0
2025-06-12 02:07:17,820 - dr_exp.worker.launcher - INFO - Starting launcher on node gr029
2025-06-12 02:07:17,820 - dr_exp.worker.launcher - INFO - Found 1 GPUs: [0]
2025-06-12 02:07:17,821 - dr_exp.worker.launcher - INFO - Spawning worker slurm61982225_gr029_gpu0_0 on GPU 0
2025-06-12 02:07:17,977 - dr_exp.worker.launcher - INFO - Running maintenance
2025-06-12 02:07:17,994 - dr_exp.worker.launcher - INFO - Workers alive: 1
2025-06-12 02:07:18,011 - dr_exp.worker.launcher - INFO - Jobs queued: 115
2025-06-12 02:07:18,011 - dr_exp.worker.launcher - INFO - Runtime: 0.0 hours
2025-06-12 02:17:18,784 - dr_exp.worker.launcher - INFO - Running maintenance
2025-06-12 02:17:18,800 - dr_exp.worker.launcher - INFO - Workers alive: 1
2025-06-12 02:17:18,817 - dr_exp.worker.launcher - INFO - Jobs queued: 109
2025-06-12 02:17:18,817 - dr_exp.worker.launcher - INFO - Runtime: 0.2 hours
2025-06-12 02:27:19,596 - dr_exp.worker.launcher - INFO - Running maintenance
2025-06-12 02:27:19,614 - dr_exp.worker.launcher - INFO - Workers alive: 1
2025-06-12 02:27:19,632 - dr_exp.worker.launcher - INFO - Jobs queued: 95
2025-06-12 02:27:19,632 - dr_exp.worker.launcher - INFO - Runtime: 0.3 hours
2025-06-12 02:37:20,448 - dr_exp.worker.launcher - INFO - Running maintenance
2025-06-12 02:37:20,466 - dr_exp.worker.launcher - INFO - Workers alive: 1
2025-06-12 02:37:20,484 - dr_exp.worker.launcher - INFO - Jobs queued: 84
2025-06-12 02:37:20,484 - dr_exp.worker.launcher - INFO - Runtime: 0.5 hours
2025-06-12 02:47:21,266 - dr_exp.worker.launcher - INFO - Running maintenance
2025-06-12 02:47:21,283 - dr_exp.worker.launcher - INFO - Workers alive: 1
2025-06-12 02:47:21,300 - dr_exp.worker.launcher - INFO - Jobs queued: 73
2025-06-12 02:47:21,300 - dr_exp.worker.launcher - INFO - Runtime: 0.7 hours
2025-06-12 02:57:22,105 - dr_exp.worker.launcher - INFO - Running maintenance
2025-06-12 02:57:22,123 - dr_exp.worker.launcher - INFO - Workers alive: 1
2025-06-12 02:57:22,140 - dr_exp.worker.launcher - INFO - Jobs queued: 63
2025-06-12 02:57:22,140 - dr_exp.worker.launcher - INFO - Runtime: 0.8 hours
2025-06-12 03:07:22,953 - dr_exp.worker.launcher - INFO - Running maintenance
2025-06-12 03:07:22,973 - dr_exp.worker.launcher - INFO - Workers alive: 1
2025-06-12 03:07:22,990 - dr_exp.worker.launcher - INFO - Jobs queued: 48
2025-06-12 03:07:22,990 - dr_exp.worker.launcher - INFO - Runtime: 1.0 hours
2025-06-12 03:17:23,795 - dr_exp.worker.launcher - INFO - Running maintenance
2025-06-12 03:17:23,813 - dr_exp.worker.launcher - INFO - Workers alive: 1
2025-06-12 03:17:23,830 - dr_exp.worker.launcher - INFO - Jobs queued: 36
2025-06-12 03:17:23,830 - dr_exp.worker.launcher - INFO - Runtime: 1.2 hours
2025-06-12 03:27:24,642 - dr_exp.worker.launcher - INFO - Running maintenance
2025-06-12 03:27:24,659 - dr_exp.worker.launcher - INFO - Workers alive: 1
2025-06-12 03:27:24,676 - dr_exp.worker.launcher - INFO - Jobs queued: 24
2025-06-12 03:27:24,676 - dr_exp.worker.launcher - INFO - Runtime: 1.3 hours
2025-06-12 03:37:25,444 - dr_exp.worker.launcher - INFO - Running maintenance
2025-06-12 03:37:25,461 - dr_exp.worker.launcher - INFO - Workers alive: 1
2025-06-12 03:37:25,478 - dr_exp.worker.launcher - INFO - Jobs queued: 10
2025-06-12 03:37:25,478 - dr_exp.worker.launcher - INFO - Runtime: 1.5 hours
2025-06-12 03:47:26,207 - dr_exp.worker.launcher - INFO - Running maintenance
2025-06-12 03:47:26,224 - dr_exp.worker.launcher - INFO - Workers alive: 1
2025-06-12 03:47:26,239 - dr_exp.worker.launcher - INFO - Jobs queued: 0
2025-06-12 03:47:26,239 - dr_exp.worker.launcher - INFO - Runtime: 1.7 hours
2025-06-12 03:57:26,992 - dr_exp.worker.launcher - INFO - Running maintenance
2025-06-12 03:57:27,011 - dr_exp.worker.launcher - INFO - Workers alive: 1
2025-06-12 03:57:27,028 - dr_exp.worker.launcher - INFO - Jobs queued: 0
2025-06-12 03:57:27,028 - dr_exp.worker.launcher - INFO - Runtime: 1.8 hours
2025-06-12 04:07:27,762 - dr_exp.worker.launcher - INFO - Running maintenance
2025-06-12 04:07:27,779 - dr_exp.worker.launcher - INFO - Workers alive: 1
2025-06-12 04:07:27,796 - dr_exp.worker.launcher - INFO - Jobs queued: 0
2025-06-12 04:07:27,796 - dr_exp.worker.launcher - INFO - Runtime: 2.0 hours
2025-06-12 04:17:28,531 - dr_exp.worker.launcher - INFO - Running maintenance
2025-06-12 04:17:28,548 - dr_exp.worker.launcher - INFO - Workers alive: 1
2025-06-12 04:17:28,565 - dr_exp.worker.launcher - INFO - Jobs queued: 0
2025-06-12 04:17:28,565 - dr_exp.worker.launcher - INFO - Runtime: 2.2 hours
2025-06-12 04:27:29,333 - dr_exp.worker.launcher - INFO - Running maintenance
2025-06-12 04:27:29,350 - dr_exp.worker.launcher - INFO - Workers alive: 1
2025-06-12 04:27:29,367 - dr_exp.worker.launcher - INFO - Jobs queued: 0
2025-06-12 04:27:29,367 - dr_exp.worker.launcher - INFO - Runtime: 2.3 hours
2025-06-12 04:37:30,060 - dr_exp.worker.launcher - INFO - Running maintenance
2025-06-12 04:37:30,076 - dr_exp.worker.launcher - INFO - Workers alive: 1
2025-06-12 04:37:30,092 - dr_exp.worker.launcher - INFO - Jobs queued: 0
2025-06-12 04:37:30,092 - dr_exp.worker.launcher - INFO - Runtime: 2.5 hours
2025-06-12 04:47:30,792 - dr_exp.worker.launcher - INFO - Running maintenance
2025-06-12 04:47:30,809 - dr_exp.worker.launcher - INFO - Workers alive: 1
2025-06-12 04:47:30,824 - dr_exp.worker.launcher - INFO - Jobs queued: 0
2025-06-12 04:47:30,824 - dr_exp.worker.launcher - INFO - Runtime: 2.7 hours
2025-06-12 04:57:31,540 - dr_exp.worker.launcher - INFO - Running maintenance
2025-06-12 04:57:31,557 - dr_exp.worker.launcher - INFO - Workers alive: 1
2025-06-12 04:57:31,574 - dr_exp.worker.launcher - INFO - Jobs queued: 0
2025-06-12 04:57:31,574 - dr_exp.worker.launcher - INFO - Runtime: 2.8 hours
2025-06-12 05:07:32,347 - dr_exp.worker.launcher - INFO - Running maintenance
2025-06-12 05:07:32,367 - dr_exp.worker.launcher - INFO - Workers alive: 1
2025-06-12 05:07:32,385 - dr_exp.worker.launcher - INFO - Jobs queued: 0
2025-06-12 05:07:32,385 - dr_exp.worker.launcher - INFO - Runtime: 3.0 hours
2025-06-12 05:17:33,138 - dr_exp.worker.launcher - INFO - Running maintenance
2025-06-12 05:17:33,155 - dr_exp.worker.launcher - INFO - Workers alive: 1
2025-06-12 05:17:33,174 - dr_exp.worker.launcher - INFO - Jobs queued: 0
2025-06-12 05:17:33,174 - dr_exp.worker.launcher - INFO - Runtime: 3.2 hours
2025-06-12 05:27:33,899 - dr_exp.worker.launcher - INFO - Running maintenance
2025-06-12 05:27:33,916 - dr_exp.worker.launcher - INFO - Workers alive: 1
2025-06-12 05:27:33,932 - dr_exp.worker.launcher - INFO - Jobs queued: 0
2025-06-12 05:27:33,932 - dr_exp.worker.launcher - INFO - Runtime: 3.3 hours
2025-06-12 05:37:34,660 - dr_exp.worker.launcher - INFO - Running maintenance
2025-06-12 05:37:34,677 - dr_exp.worker.launcher - INFO - Workers alive: 1
2025-06-12 05:37:34,693 - dr_exp.worker.launcher - INFO - Jobs queued: 0
2025-06-12 05:37:34,693 - dr_exp.worker.launcher - INFO - Runtime: 3.5 hours
2025-06-12 05:47:35,415 - dr_exp.worker.launcher - INFO - Running maintenance
2025-06-12 05:47:35,434 - dr_exp.worker.launcher - INFO - Workers alive: 1
2025-06-12 05:47:35,452 - dr_exp.worker.launcher - INFO - Jobs queued: 0
2025-06-12 05:47:35,452 - dr_exp.worker.launcher - INFO - Runtime: 3.7 hours
2025-06-12 05:57:36,125 - dr_exp.worker.launcher - INFO - Running maintenance
2025-06-12 05:57:36,142 - dr_exp.worker.launcher - INFO - Workers alive: 1
2025-06-12 05:57:36,157 - dr_exp.worker.launcher - INFO - Jobs queued: 0
2025-06-12 05:57:36,157 - dr_exp.worker.launcher - INFO - Runtime: 3.8 hours
Cleaning up...
