========================================
DR_EXP SLURM Job Starting
========================================
Job ID: 61982229
Node: gr040
Time: Thu Jun 12 02:07:08 AM EDT 2025
Base path: /scratch/ddr8143/logs/dcnn_workers/
Experiment: cluster_t0
Workers per GPU: 1
Allocated GPUs: 
Allocated Memory: 61440 MB
Log directory: /scratch/ddr8143/logs/dcnn_workers//cluster_t0/logs/slurm_61982229
========================================
CUDA MPS started for GPU sharing
Launching singularity container...
Starting workers with Supabase sync enabled...
SUPABASE_URL: ...
2025-06-12 02:07:17,820 - dr_exp.core.job_db - INFO - JobDB initialized for experiment 'cluster_t0' at /scratch/ddr8143/logs/dcnn_workers/cluster_t0
2025-06-12 02:07:17,821 - dr_exp.worker.launcher - INFO - Starting launcher on node gr040
2025-06-12 02:07:17,821 - dr_exp.worker.launcher - INFO - Found 1 GPUs: [0]
2025-06-12 02:07:17,821 - dr_exp.worker.launcher - INFO - Spawning worker slurm61982229_gr040_gpu0_0 on GPU 0
2025-06-12 02:07:17,986 - dr_exp.worker.launcher - INFO - Running maintenance
2025-06-12 02:07:18,012 - dr_exp.worker.launcher - INFO - Workers alive: 1
2025-06-12 02:07:18,030 - dr_exp.worker.launcher - INFO - Jobs queued: 115
2025-06-12 02:07:18,030 - dr_exp.worker.launcher - INFO - Runtime: 0.0 hours
2025-06-12 02:17:18,843 - dr_exp.worker.launcher - INFO - Running maintenance
2025-06-12 02:17:18,860 - dr_exp.worker.launcher - INFO - Workers alive: 1
2025-06-12 02:17:18,877 - dr_exp.worker.launcher - INFO - Jobs queued: 109
2025-06-12 02:17:18,877 - dr_exp.worker.launcher - INFO - Runtime: 0.2 hours
2025-06-12 02:27:19,698 - dr_exp.worker.launcher - INFO - Running maintenance
2025-06-12 02:27:19,728 - dr_exp.worker.launcher - INFO - Workers alive: 1
2025-06-12 02:27:19,747 - dr_exp.worker.launcher - INFO - Jobs queued: 95
2025-06-12 02:27:19,747 - dr_exp.worker.launcher - INFO - Runtime: 0.3 hours
2025-06-12 02:37:20,581 - dr_exp.worker.launcher - INFO - Running maintenance
2025-06-12 02:37:20,600 - dr_exp.worker.launcher - INFO - Workers alive: 1
2025-06-12 02:37:20,618 - dr_exp.worker.launcher - INFO - Jobs queued: 84
2025-06-12 02:37:20,618 - dr_exp.worker.launcher - INFO - Runtime: 0.5 hours
2025-06-12 02:47:21,454 - dr_exp.worker.launcher - INFO - Running maintenance
2025-06-12 02:47:21,490 - dr_exp.worker.launcher - INFO - Workers alive: 1
2025-06-12 02:47:21,508 - dr_exp.worker.launcher - INFO - Jobs queued: 73
2025-06-12 02:47:21,508 - dr_exp.worker.launcher - INFO - Runtime: 0.7 hours
2025-06-12 02:57:22,326 - dr_exp.worker.launcher - INFO - Running maintenance
2025-06-12 02:57:22,344 - dr_exp.worker.launcher - INFO - Workers alive: 1
2025-06-12 02:57:22,361 - dr_exp.worker.launcher - INFO - Jobs queued: 63
2025-06-12 02:57:22,361 - dr_exp.worker.launcher - INFO - Runtime: 0.8 hours
2025-06-12 03:07:23,180 - dr_exp.worker.launcher - INFO - Running maintenance
2025-06-12 03:07:23,199 - dr_exp.worker.launcher - INFO - Workers alive: 1
2025-06-12 03:07:23,216 - dr_exp.worker.launcher - INFO - Jobs queued: 48
2025-06-12 03:07:23,216 - dr_exp.worker.launcher - INFO - Runtime: 1.0 hours
2025-06-12 03:17:24,035 - dr_exp.worker.launcher - INFO - Running maintenance
2025-06-12 03:17:24,067 - dr_exp.worker.launcher - INFO - Workers alive: 1
2025-06-12 03:17:24,084 - dr_exp.worker.launcher - INFO - Jobs queued: 36
2025-06-12 03:17:24,084 - dr_exp.worker.launcher - INFO - Runtime: 1.2 hours
2025-06-12 03:27:24,911 - dr_exp.worker.launcher - INFO - Running maintenance
2025-06-12 03:27:24,956 - dr_exp.worker.launcher - INFO - Workers alive: 1
2025-06-12 03:27:24,972 - dr_exp.worker.launcher - INFO - Jobs queued: 24
2025-06-12 03:27:24,972 - dr_exp.worker.launcher - INFO - Runtime: 1.3 hours
2025-06-12 03:37:25,757 - dr_exp.worker.launcher - INFO - Running maintenance
2025-06-12 03:37:25,787 - dr_exp.worker.launcher - INFO - Workers alive: 1
2025-06-12 03:37:25,803 - dr_exp.worker.launcher - INFO - Jobs queued: 10
2025-06-12 03:37:25,803 - dr_exp.worker.launcher - INFO - Runtime: 1.5 hours
2025-06-12 03:47:26,543 - dr_exp.worker.launcher - INFO - Running maintenance
2025-06-12 03:47:26,561 - dr_exp.worker.launcher - INFO - Workers alive: 1
2025-06-12 03:47:26,577 - dr_exp.worker.launcher - INFO - Jobs queued: 0
2025-06-12 03:47:26,577 - dr_exp.worker.launcher - INFO - Runtime: 1.7 hours
2025-06-12 03:57:27,258 - dr_exp.worker.launcher - INFO - Running maintenance
2025-06-12 03:57:27,275 - dr_exp.worker.launcher - INFO - Workers alive: 1
2025-06-12 03:57:27,290 - dr_exp.worker.launcher - INFO - Jobs queued: 0
2025-06-12 03:57:27,290 - dr_exp.worker.launcher - INFO - Runtime: 1.8 hours
2025-06-12 04:07:27,969 - dr_exp.worker.launcher - INFO - Running maintenance
2025-06-12 04:07:27,994 - dr_exp.worker.launcher - INFO - Workers alive: 1
2025-06-12 04:07:28,009 - dr_exp.worker.launcher - INFO - Jobs queued: 0
2025-06-12 04:07:28,010 - dr_exp.worker.launcher - INFO - Runtime: 2.0 hours
2025-06-12 04:17:28,682 - dr_exp.worker.launcher - INFO - Running maintenance
2025-06-12 04:17:28,712 - dr_exp.worker.launcher - INFO - Workers alive: 1
2025-06-12 04:17:28,727 - dr_exp.worker.launcher - INFO - Jobs queued: 0
2025-06-12 04:17:28,727 - dr_exp.worker.launcher - INFO - Runtime: 2.2 hours
2025-06-12 04:27:29,415 - dr_exp.worker.launcher - INFO - Running maintenance
2025-06-12 04:27:29,447 - dr_exp.worker.launcher - INFO - Workers alive: 1
2025-06-12 04:27:29,462 - dr_exp.worker.launcher - INFO - Jobs queued: 0
2025-06-12 04:27:29,462 - dr_exp.worker.launcher - INFO - Runtime: 2.3 hours
2025-06-12 04:37:30,171 - dr_exp.worker.launcher - INFO - Running maintenance
2025-06-12 04:37:30,197 - dr_exp.worker.launcher - INFO - Workers alive: 1
2025-06-12 04:37:30,213 - dr_exp.worker.launcher - INFO - Jobs queued: 0
2025-06-12 04:37:30,213 - dr_exp.worker.launcher - INFO - Runtime: 2.5 hours
2025-06-12 04:47:30,897 - dr_exp.worker.launcher - INFO - Running maintenance
2025-06-12 04:47:30,933 - dr_exp.worker.launcher - INFO - Workers alive: 1
2025-06-12 04:47:30,950 - dr_exp.worker.launcher - INFO - Jobs queued: 0
2025-06-12 04:47:30,950 - dr_exp.worker.launcher - INFO - Runtime: 2.7 hours
2025-06-12 04:57:31,661 - dr_exp.worker.launcher - INFO - Running maintenance
2025-06-12 04:57:31,716 - dr_exp.worker.launcher - INFO - Workers alive: 1
2025-06-12 04:57:31,732 - dr_exp.worker.launcher - INFO - Jobs queued: 0
2025-06-12 04:57:31,732 - dr_exp.worker.launcher - INFO - Runtime: 2.8 hours
2025-06-12 05:07:32,415 - dr_exp.worker.launcher - INFO - Running maintenance
2025-06-12 05:07:32,443 - dr_exp.worker.launcher - INFO - Workers alive: 1
2025-06-12 05:07:32,459 - dr_exp.worker.launcher - INFO - Jobs queued: 0
2025-06-12 05:07:32,459 - dr_exp.worker.launcher - INFO - Runtime: 3.0 hours
2025-06-12 05:17:33,142 - dr_exp.worker.launcher - INFO - Running maintenance
2025-06-12 05:17:33,218 - dr_exp.worker.launcher - INFO - Workers alive: 1
2025-06-12 05:17:33,234 - dr_exp.worker.launcher - INFO - Jobs queued: 0
2025-06-12 05:17:33,234 - dr_exp.worker.launcher - INFO - Runtime: 3.2 hours
2025-06-12 05:27:33,917 - dr_exp.worker.launcher - INFO - Running maintenance
2025-06-12 05:27:33,978 - dr_exp.worker.launcher - INFO - Workers alive: 1
2025-06-12 05:27:33,993 - dr_exp.worker.launcher - INFO - Jobs queued: 0
2025-06-12 05:27:33,993 - dr_exp.worker.launcher - INFO - Runtime: 3.3 hours
2025-06-12 05:37:34,694 - dr_exp.worker.launcher - INFO - Running maintenance
2025-06-12 05:37:34,804 - dr_exp.worker.launcher - INFO - Workers alive: 1
2025-06-12 05:37:34,819 - dr_exp.worker.launcher - INFO - Jobs queued: 0
2025-06-12 05:37:34,819 - dr_exp.worker.launcher - INFO - Runtime: 3.5 hours
2025-06-12 05:47:35,496 - dr_exp.worker.launcher - INFO - Running maintenance
2025-06-12 05:47:35,512 - dr_exp.worker.launcher - INFO - Workers alive: 1
2025-06-12 05:47:35,528 - dr_exp.worker.launcher - INFO - Jobs queued: 0
2025-06-12 05:47:35,528 - dr_exp.worker.launcher - INFO - Runtime: 3.7 hours
2025-06-12 05:57:36,205 - dr_exp.worker.launcher - INFO - Running maintenance
2025-06-12 05:57:36,222 - dr_exp.worker.launcher - INFO - Workers alive: 1
2025-06-12 05:57:36,239 - dr_exp.worker.launcher - INFO - Jobs queued: 0
2025-06-12 05:57:36,239 - dr_exp.worker.launcher - INFO - Runtime: 3.8 hours
Cleaning up...
