========================================
DR_EXP SLURM Job Starting
========================================
Job ID: 61982230
Node: gr041
Time: Thu Jun 12 02:07:11 AM EDT 2025
Base path: /scratch/ddr8143/logs/dcnn_workers/
Experiment: cluster_t0
Workers per GPU: 1
Allocated GPUs: 
Allocated Memory: 61440 MB
Log directory: /scratch/ddr8143/logs/dcnn_workers//cluster_t0/logs/slurm_61982230
========================================
CUDA MPS started for GPU sharing
Launching singularity container...
Starting workers with Supabase sync enabled...
SUPABASE_URL: ...
2025-06-12 02:07:17,820 - dr_exp.core.job_db - INFO - JobDB initialized for experiment 'cluster_t0' at /scratch/ddr8143/logs/dcnn_workers/cluster_t0
2025-06-12 02:07:17,821 - dr_exp.worker.launcher - INFO - Starting launcher on node gr041
2025-06-12 02:07:17,821 - dr_exp.worker.launcher - INFO - Found 1 GPUs: [0]
2025-06-12 02:07:17,821 - dr_exp.worker.launcher - INFO - Spawning worker slurm61982230_gr041_gpu0_0 on GPU 0
2025-06-12 02:07:17,975 - dr_exp.worker.launcher - INFO - Running maintenance
2025-06-12 02:07:17,991 - dr_exp.worker.launcher - INFO - Workers alive: 1
2025-06-12 02:07:18,010 - dr_exp.worker.launcher - INFO - Jobs queued: 115
2025-06-12 02:07:18,010 - dr_exp.worker.launcher - INFO - Runtime: 0.0 hours
2025-06-12 02:17:18,901 - dr_exp.worker.launcher - INFO - Running maintenance
2025-06-12 02:17:18,919 - dr_exp.worker.launcher - INFO - Workers alive: 1
2025-06-12 02:17:18,938 - dr_exp.worker.launcher - INFO - Jobs queued: 109
2025-06-12 02:17:18,938 - dr_exp.worker.launcher - INFO - Runtime: 0.2 hours
2025-06-12 02:27:19,759 - dr_exp.worker.launcher - INFO - Running maintenance
2025-06-12 02:27:19,778 - dr_exp.worker.launcher - INFO - Workers alive: 1
2025-06-12 02:27:19,796 - dr_exp.worker.launcher - INFO - Jobs queued: 95
2025-06-12 02:27:19,796 - dr_exp.worker.launcher - INFO - Runtime: 0.3 hours
2025-06-12 02:37:20,622 - dr_exp.worker.launcher - INFO - Running maintenance
2025-06-12 02:37:20,641 - dr_exp.worker.launcher - INFO - Workers alive: 1
2025-06-12 02:37:20,659 - dr_exp.worker.launcher - INFO - Jobs queued: 84
2025-06-12 02:37:20,659 - dr_exp.worker.launcher - INFO - Runtime: 0.5 hours
2025-06-12 02:47:21,484 - dr_exp.worker.launcher - INFO - Running maintenance
2025-06-12 02:47:21,503 - dr_exp.worker.launcher - INFO - Workers alive: 1
2025-06-12 02:47:21,520 - dr_exp.worker.launcher - INFO - Jobs queued: 73
2025-06-12 02:47:21,520 - dr_exp.worker.launcher - INFO - Runtime: 0.7 hours
2025-06-12 02:57:22,332 - dr_exp.worker.launcher - INFO - Running maintenance
2025-06-12 02:57:22,351 - dr_exp.worker.launcher - INFO - Workers alive: 1
2025-06-12 02:57:22,368 - dr_exp.worker.launcher - INFO - Jobs queued: 63
2025-06-12 02:57:22,368 - dr_exp.worker.launcher - INFO - Runtime: 0.8 hours
2025-06-12 03:07:23,192 - dr_exp.worker.launcher - INFO - Running maintenance
2025-06-12 03:07:23,212 - dr_exp.worker.launcher - INFO - Workers alive: 1
2025-06-12 03:07:23,230 - dr_exp.worker.launcher - INFO - Jobs queued: 48
2025-06-12 03:07:23,230 - dr_exp.worker.launcher - INFO - Runtime: 1.0 hours
2025-06-12 03:17:24,043 - dr_exp.worker.launcher - INFO - Running maintenance
2025-06-12 03:17:24,061 - dr_exp.worker.launcher - INFO - Workers alive: 1
2025-06-12 03:17:24,077 - dr_exp.worker.launcher - INFO - Jobs queued: 36
2025-06-12 03:17:24,078 - dr_exp.worker.launcher - INFO - Runtime: 1.2 hours
2025-06-12 03:27:24,936 - dr_exp.worker.launcher - INFO - Running maintenance
2025-06-12 03:27:24,955 - dr_exp.worker.launcher - INFO - Workers alive: 1
2025-06-12 03:27:24,973 - dr_exp.worker.launcher - INFO - Jobs queued: 24
2025-06-12 03:27:24,973 - dr_exp.worker.launcher - INFO - Runtime: 1.3 hours
2025-06-12 03:37:25,760 - dr_exp.worker.launcher - INFO - Running maintenance
2025-06-12 03:37:25,779 - dr_exp.worker.launcher - INFO - Workers alive: 1
2025-06-12 03:37:25,801 - dr_exp.worker.launcher - INFO - Jobs queued: 10
2025-06-12 03:37:25,801 - dr_exp.worker.launcher - INFO - Runtime: 1.5 hours
2025-06-12 03:47:26,560 - dr_exp.worker.launcher - INFO - Running maintenance
2025-06-12 03:47:26,579 - dr_exp.worker.launcher - INFO - Workers alive: 1
2025-06-12 03:47:26,595 - dr_exp.worker.launcher - INFO - Jobs queued: 0
2025-06-12 03:47:26,595 - dr_exp.worker.launcher - INFO - Runtime: 1.7 hours
2025-06-12 03:57:27,284 - dr_exp.worker.launcher - INFO - Running maintenance
2025-06-12 03:57:27,303 - dr_exp.worker.launcher - INFO - Workers alive: 1
2025-06-12 03:57:27,319 - dr_exp.worker.launcher - INFO - Jobs queued: 0
2025-06-12 03:57:27,320 - dr_exp.worker.launcher - INFO - Runtime: 1.8 hours
2025-06-12 04:07:28,011 - dr_exp.worker.launcher - INFO - Running maintenance
2025-06-12 04:07:28,030 - dr_exp.worker.launcher - INFO - Workers alive: 1
2025-06-12 04:07:28,046 - dr_exp.worker.launcher - INFO - Jobs queued: 0
2025-06-12 04:07:28,046 - dr_exp.worker.launcher - INFO - Runtime: 2.0 hours
2025-06-12 04:17:28,730 - dr_exp.worker.launcher - INFO - Running maintenance
2025-06-12 04:17:28,748 - dr_exp.worker.launcher - INFO - Workers alive: 1
2025-06-12 04:17:28,764 - dr_exp.worker.launcher - INFO - Jobs queued: 0
2025-06-12 04:17:28,764 - dr_exp.worker.launcher - INFO - Runtime: 2.2 hours
2025-06-12 04:27:29,440 - dr_exp.worker.launcher - INFO - Running maintenance
2025-06-12 04:27:29,458 - dr_exp.worker.launcher - INFO - Workers alive: 1
2025-06-12 04:27:29,473 - dr_exp.worker.launcher - INFO - Jobs queued: 0
2025-06-12 04:27:29,473 - dr_exp.worker.launcher - INFO - Runtime: 2.3 hours
2025-06-12 04:37:30,130 - dr_exp.worker.launcher - INFO - Running maintenance
2025-06-12 04:37:30,148 - dr_exp.worker.launcher - INFO - Workers alive: 1
2025-06-12 04:37:30,163 - dr_exp.worker.launcher - INFO - Jobs queued: 0
2025-06-12 04:37:30,163 - dr_exp.worker.launcher - INFO - Runtime: 2.5 hours
2025-06-12 04:47:30,827 - dr_exp.worker.launcher - INFO - Running maintenance
2025-06-12 04:47:30,845 - dr_exp.worker.launcher - INFO - Workers alive: 1
2025-06-12 04:47:30,860 - dr_exp.worker.launcher - INFO - Jobs queued: 0
2025-06-12 04:47:30,860 - dr_exp.worker.launcher - INFO - Runtime: 2.7 hours
2025-06-12 04:57:31,533 - dr_exp.worker.launcher - INFO - Running maintenance
2025-06-12 04:57:31,551 - dr_exp.worker.launcher - INFO - Workers alive: 1
2025-06-12 04:57:31,566 - dr_exp.worker.launcher - INFO - Jobs queued: 0
2025-06-12 04:57:31,566 - dr_exp.worker.launcher - INFO - Runtime: 2.8 hours
2025-06-12 05:07:32,226 - dr_exp.worker.launcher - INFO - Running maintenance
2025-06-12 05:07:32,244 - dr_exp.worker.launcher - INFO - Workers alive: 1
2025-06-12 05:07:32,260 - dr_exp.worker.launcher - INFO - Jobs queued: 0
2025-06-12 05:07:32,260 - dr_exp.worker.launcher - INFO - Runtime: 3.0 hours
2025-06-12 05:17:32,925 - dr_exp.worker.launcher - INFO - Running maintenance
2025-06-12 05:17:32,943 - dr_exp.worker.launcher - INFO - Workers alive: 1
2025-06-12 05:17:32,958 - dr_exp.worker.launcher - INFO - Jobs queued: 0
2025-06-12 05:17:32,958 - dr_exp.worker.launcher - INFO - Runtime: 3.2 hours
2025-06-12 05:27:33,619 - dr_exp.worker.launcher - INFO - Running maintenance
2025-06-12 05:27:33,637 - dr_exp.worker.launcher - INFO - Workers alive: 1
2025-06-12 05:27:33,653 - dr_exp.worker.launcher - INFO - Jobs queued: 0
2025-06-12 05:27:33,653 - dr_exp.worker.launcher - INFO - Runtime: 3.3 hours
2025-06-12 05:37:34,328 - dr_exp.worker.launcher - INFO - Running maintenance
2025-06-12 05:37:34,347 - dr_exp.worker.launcher - INFO - Workers alive: 1
2025-06-12 05:37:34,363 - dr_exp.worker.launcher - INFO - Jobs queued: 0
2025-06-12 05:37:34,363 - dr_exp.worker.launcher - INFO - Runtime: 3.5 hours
2025-06-12 05:47:35,023 - dr_exp.worker.launcher - INFO - Running maintenance
2025-06-12 05:47:35,041 - dr_exp.worker.launcher - INFO - Workers alive: 1
2025-06-12 05:47:35,056 - dr_exp.worker.launcher - INFO - Jobs queued: 0
2025-06-12 05:47:35,057 - dr_exp.worker.launcher - INFO - Runtime: 3.7 hours
2025-06-12 05:57:35,718 - dr_exp.worker.launcher - INFO - Running maintenance
2025-06-12 05:57:35,736 - dr_exp.worker.launcher - INFO - Workers alive: 1
2025-06-12 05:57:35,751 - dr_exp.worker.launcher - INFO - Jobs queued: 0
2025-06-12 05:57:35,751 - dr_exp.worker.launcher - INFO - Runtime: 3.8 hours
Cleaning up...
