========================================
DR_EXP SLURM Job Starting
========================================
Job ID: 61982232
Node: gr059
Time: Thu Jun 12 02:43:05 AM EDT 2025
Base path: /scratch/ddr8143/logs/dcnn_workers/
Experiment: cluster_t0
Workers per GPU: 1
Allocated GPUs: 
Allocated Memory: 61440 MB
Log directory: /scratch/ddr8143/logs/dcnn_workers//cluster_t0/logs/slurm_61982232
========================================
CUDA MPS started for GPU sharing
Launching singularity container...
Starting workers with Supabase sync enabled...
SUPABASE_URL: ...
2025-06-12 02:43:17,467 - dr_exp.core.job_db - INFO - JobDB initialized for experiment 'cluster_t0' at /scratch/ddr8143/logs/dcnn_workers/cluster_t0
2025-06-12 02:43:17,467 - dr_exp.worker.launcher - INFO - Starting launcher on node gr059
2025-06-12 02:43:17,468 - dr_exp.worker.launcher - INFO - Found 1 GPUs: [0]
2025-06-12 02:43:17,468 - dr_exp.worker.launcher - INFO - Spawning worker slurm61982232_gr059_gpu0_0 on GPU 0
2025-06-12 02:43:17,625 - dr_exp.worker.launcher - INFO - Running maintenance
2025-06-12 02:43:17,642 - dr_exp.worker.launcher - INFO - Workers alive: 1
2025-06-12 02:43:17,659 - dr_exp.worker.launcher - INFO - Jobs queued: 79
2025-06-12 02:43:17,659 - dr_exp.worker.launcher - INFO - Runtime: 0.0 hours
2025-06-12 02:53:18,451 - dr_exp.worker.launcher - INFO - Running maintenance
2025-06-12 02:53:18,468 - dr_exp.worker.launcher - INFO - Workers alive: 1
2025-06-12 02:53:18,484 - dr_exp.worker.launcher - INFO - Jobs queued: 65
2025-06-12 02:53:18,484 - dr_exp.worker.launcher - INFO - Runtime: 0.2 hours
2025-06-12 03:03:19,308 - dr_exp.worker.launcher - INFO - Running maintenance
2025-06-12 03:03:19,326 - dr_exp.worker.launcher - INFO - Workers alive: 1
2025-06-12 03:03:19,344 - dr_exp.worker.launcher - INFO - Jobs queued: 53
2025-06-12 03:03:19,344 - dr_exp.worker.launcher - INFO - Runtime: 0.3 hours
2025-06-12 03:13:20,167 - dr_exp.worker.launcher - INFO - Running maintenance
2025-06-12 03:13:20,183 - dr_exp.worker.launcher - INFO - Workers alive: 1
2025-06-12 03:13:20,199 - dr_exp.worker.launcher - INFO - Jobs queued: 44
2025-06-12 03:13:20,199 - dr_exp.worker.launcher - INFO - Runtime: 0.5 hours
2025-06-12 03:23:20,979 - dr_exp.worker.launcher - INFO - Running maintenance
2025-06-12 03:23:20,996 - dr_exp.worker.launcher - INFO - Workers alive: 1
2025-06-12 03:23:21,012 - dr_exp.worker.launcher - INFO - Jobs queued: 29
2025-06-12 03:23:21,012 - dr_exp.worker.launcher - INFO - Runtime: 0.7 hours
2025-06-12 03:33:21,764 - dr_exp.worker.launcher - INFO - Running maintenance
2025-06-12 03:33:21,780 - dr_exp.worker.launcher - INFO - Workers alive: 1
2025-06-12 03:33:21,795 - dr_exp.worker.launcher - INFO - Jobs queued: 14
2025-06-12 03:33:21,795 - dr_exp.worker.launcher - INFO - Runtime: 0.8 hours
2025-06-12 03:43:22,546 - dr_exp.worker.launcher - INFO - Running maintenance
2025-06-12 03:43:22,562 - dr_exp.worker.launcher - INFO - Workers alive: 1
2025-06-12 03:43:22,577 - dr_exp.worker.launcher - INFO - Jobs queued: 0
2025-06-12 03:43:22,577 - dr_exp.worker.launcher - INFO - Runtime: 1.0 hours
2025-06-12 03:53:23,268 - dr_exp.worker.launcher - INFO - Running maintenance
2025-06-12 03:53:23,284 - dr_exp.worker.launcher - INFO - Workers alive: 1
2025-06-12 03:53:23,299 - dr_exp.worker.launcher - INFO - Jobs queued: 0
2025-06-12 03:53:23,299 - dr_exp.worker.launcher - INFO - Runtime: 1.2 hours
2025-06-12 04:03:23,951 - dr_exp.worker.launcher - INFO - Running maintenance
2025-06-12 04:03:23,967 - dr_exp.worker.launcher - INFO - Workers alive: 1
2025-06-12 04:03:23,982 - dr_exp.worker.launcher - INFO - Jobs queued: 0
2025-06-12 04:03:23,982 - dr_exp.worker.launcher - INFO - Runtime: 1.3 hours
2025-06-12 04:13:24,635 - dr_exp.worker.launcher - INFO - Running maintenance
2025-06-12 04:13:24,650 - dr_exp.worker.launcher - INFO - Workers alive: 1
2025-06-12 04:13:24,665 - dr_exp.worker.launcher - INFO - Jobs queued: 0
2025-06-12 04:13:24,665 - dr_exp.worker.launcher - INFO - Runtime: 1.5 hours
2025-06-12 04:23:25,318 - dr_exp.worker.launcher - INFO - Running maintenance
2025-06-12 04:23:25,334 - dr_exp.worker.launcher - INFO - Workers alive: 1
2025-06-12 04:23:25,349 - dr_exp.worker.launcher - INFO - Jobs queued: 0
2025-06-12 04:23:25,349 - dr_exp.worker.launcher - INFO - Runtime: 1.7 hours
2025-06-12 04:33:26,017 - dr_exp.worker.launcher - INFO - Running maintenance
2025-06-12 04:33:26,033 - dr_exp.worker.launcher - INFO - Workers alive: 1
2025-06-12 04:33:26,048 - dr_exp.worker.launcher - INFO - Jobs queued: 0
2025-06-12 04:33:26,048 - dr_exp.worker.launcher - INFO - Runtime: 1.8 hours
2025-06-12 04:43:26,708 - dr_exp.worker.launcher - INFO - Running maintenance
2025-06-12 04:43:26,724 - dr_exp.worker.launcher - INFO - Workers alive: 1
2025-06-12 04:43:26,739 - dr_exp.worker.launcher - INFO - Jobs queued: 0
2025-06-12 04:43:26,739 - dr_exp.worker.launcher - INFO - Runtime: 2.0 hours
2025-06-12 04:53:27,395 - dr_exp.worker.launcher - INFO - Running maintenance
2025-06-12 04:53:27,411 - dr_exp.worker.launcher - INFO - Workers alive: 1
2025-06-12 04:53:27,426 - dr_exp.worker.launcher - INFO - Jobs queued: 0
2025-06-12 04:53:27,426 - dr_exp.worker.launcher - INFO - Runtime: 2.2 hours
2025-06-12 05:03:28,097 - dr_exp.worker.launcher - INFO - Running maintenance
2025-06-12 05:03:28,113 - dr_exp.worker.launcher - INFO - Workers alive: 1
2025-06-12 05:03:28,128 - dr_exp.worker.launcher - INFO - Jobs queued: 0
2025-06-12 05:03:28,128 - dr_exp.worker.launcher - INFO - Runtime: 2.3 hours
2025-06-12 05:13:28,784 - dr_exp.worker.launcher - INFO - Running maintenance
2025-06-12 05:13:28,799 - dr_exp.worker.launcher - INFO - Workers alive: 1
2025-06-12 05:13:28,815 - dr_exp.worker.launcher - INFO - Jobs queued: 0
2025-06-12 05:13:28,815 - dr_exp.worker.launcher - INFO - Runtime: 2.5 hours
2025-06-12 05:23:29,467 - dr_exp.worker.launcher - INFO - Running maintenance
2025-06-12 05:23:29,483 - dr_exp.worker.launcher - INFO - Workers alive: 1
2025-06-12 05:23:29,498 - dr_exp.worker.launcher - INFO - Jobs queued: 0
2025-06-12 05:23:29,498 - dr_exp.worker.launcher - INFO - Runtime: 2.7 hours
2025-06-12 05:33:30,158 - dr_exp.worker.launcher - INFO - Running maintenance
2025-06-12 05:33:30,173 - dr_exp.worker.launcher - INFO - Workers alive: 1
2025-06-12 05:33:30,188 - dr_exp.worker.launcher - INFO - Jobs queued: 0
2025-06-12 05:33:30,188 - dr_exp.worker.launcher - INFO - Runtime: 2.8 hours
2025-06-12 05:43:30,845 - dr_exp.worker.launcher - INFO - Running maintenance
2025-06-12 05:43:30,861 - dr_exp.worker.launcher - INFO - Workers alive: 1
2025-06-12 05:43:30,876 - dr_exp.worker.launcher - INFO - Jobs queued: 0
2025-06-12 05:43:30,876 - dr_exp.worker.launcher - INFO - Runtime: 3.0 hours
2025-06-12 05:53:31,536 - dr_exp.worker.launcher - INFO - Running maintenance
2025-06-12 05:53:31,552 - dr_exp.worker.launcher - INFO - Workers alive: 1
2025-06-12 05:53:31,567 - dr_exp.worker.launcher - INFO - Jobs queued: 0
2025-06-12 05:53:31,567 - dr_exp.worker.launcher - INFO - Runtime: 3.2 hours
Cleaning up...
