========================================
DR_EXP SLURM Job Starting
========================================
Job ID: 61982223
Node: gr043
Time: Thu Jun 12 02:07:08 AM EDT 2025
Base path: /scratch/ddr8143/logs/dcnn_workers/
Experiment: cluster_t0
Workers per GPU: 1
Allocated GPUs: 
Allocated Memory: 61440 MB
Log directory: /scratch/ddr8143/logs/dcnn_workers//cluster_t0/logs/slurm_61982223
========================================
CUDA MPS started for GPU sharing
Launching singularity container...
Starting workers with Supabase sync enabled...
SUPABASE_URL: ...
2025-06-12 02:07:11,189 - dr_exp.core.job_db - INFO - JobDB initialized for experiment 'cluster_t0' at /scratch/ddr8143/logs/dcnn_workers/cluster_t0
2025-06-12 02:07:11,190 - dr_exp.worker.launcher - INFO - Starting launcher on node gr043
2025-06-12 02:07:11,190 - dr_exp.worker.launcher - INFO - Found 1 GPUs: [0]
2025-06-12 02:07:11,190 - dr_exp.worker.launcher - INFO - Spawning worker slurm61982223_gr043_gpu0_0 on GPU 0
2025-06-12 02:07:11,296 - dr_exp.worker.launcher - INFO - Running maintenance
2025-06-12 02:07:11,316 - dr_exp.worker.launcher - INFO - Workers alive: 1
2025-06-12 02:07:11,334 - dr_exp.worker.launcher - INFO - Jobs queued: 116
2025-06-12 02:07:11,334 - dr_exp.worker.launcher - INFO - Runtime: 0.0 hours
2025-06-12 02:17:12,167 - dr_exp.worker.launcher - INFO - Running maintenance
2025-06-12 02:17:12,186 - dr_exp.worker.launcher - INFO - Workers alive: 1
2025-06-12 02:17:12,205 - dr_exp.worker.launcher - INFO - Jobs queued: 109
2025-06-12 02:17:12,205 - dr_exp.worker.launcher - INFO - Runtime: 0.2 hours
2025-06-12 02:27:13,038 - dr_exp.worker.launcher - INFO - Running maintenance
2025-06-12 02:27:13,057 - dr_exp.worker.launcher - INFO - Workers alive: 1
2025-06-12 02:27:13,076 - dr_exp.worker.launcher - INFO - Jobs queued: 95
2025-06-12 02:27:13,076 - dr_exp.worker.launcher - INFO - Runtime: 0.3 hours
2025-06-12 02:37:13,910 - dr_exp.worker.launcher - INFO - Running maintenance
2025-06-12 02:37:13,929 - dr_exp.worker.launcher - INFO - Workers alive: 1
2025-06-12 02:37:13,948 - dr_exp.worker.launcher - INFO - Jobs queued: 84
2025-06-12 02:37:13,948 - dr_exp.worker.launcher - INFO - Runtime: 0.5 hours
2025-06-12 02:47:14,779 - dr_exp.worker.launcher - INFO - Running maintenance
2025-06-12 02:47:14,797 - dr_exp.worker.launcher - INFO - Workers alive: 1
2025-06-12 02:47:14,816 - dr_exp.worker.launcher - INFO - Jobs queued: 73
2025-06-12 02:47:14,816 - dr_exp.worker.launcher - INFO - Runtime: 0.7 hours
2025-06-12 02:57:15,638 - dr_exp.worker.launcher - INFO - Running maintenance
2025-06-12 02:57:15,657 - dr_exp.worker.launcher - INFO - Workers alive: 1
2025-06-12 02:57:15,675 - dr_exp.worker.launcher - INFO - Jobs queued: 63
2025-06-12 02:57:15,676 - dr_exp.worker.launcher - INFO - Runtime: 0.8 hours
2025-06-12 03:07:16,518 - dr_exp.worker.launcher - INFO - Running maintenance
2025-06-12 03:07:16,536 - dr_exp.worker.launcher - INFO - Workers alive: 1
2025-06-12 03:07:16,554 - dr_exp.worker.launcher - INFO - Jobs queued: 48
2025-06-12 03:07:16,554 - dr_exp.worker.launcher - INFO - Runtime: 1.0 hours
2025-06-12 03:17:17,389 - dr_exp.worker.launcher - INFO - Running maintenance
2025-06-12 03:17:17,407 - dr_exp.worker.launcher - INFO - Workers alive: 1
2025-06-12 03:17:17,425 - dr_exp.worker.launcher - INFO - Jobs queued: 36
2025-06-12 03:17:17,425 - dr_exp.worker.launcher - INFO - Runtime: 1.2 hours
2025-06-12 03:27:18,270 - dr_exp.worker.launcher - INFO - Running maintenance
2025-06-12 03:27:18,289 - dr_exp.worker.launcher - INFO - Workers alive: 1
2025-06-12 03:27:18,307 - dr_exp.worker.launcher - INFO - Jobs queued: 24
2025-06-12 03:27:18,307 - dr_exp.worker.launcher - INFO - Runtime: 1.3 hours
2025-06-12 03:37:19,201 - dr_exp.worker.launcher - INFO - Running maintenance
2025-06-12 03:37:19,220 - dr_exp.worker.launcher - INFO - Workers alive: 1
2025-06-12 03:37:19,237 - dr_exp.worker.launcher - INFO - Jobs queued: 10
2025-06-12 03:37:19,237 - dr_exp.worker.launcher - INFO - Runtime: 1.5 hours
2025-06-12 03:47:20,055 - dr_exp.worker.launcher - INFO - Running maintenance
2025-06-12 03:47:20,073 - dr_exp.worker.launcher - INFO - Workers alive: 1
2025-06-12 03:47:20,090 - dr_exp.worker.launcher - INFO - Jobs queued: 0
2025-06-12 03:47:20,090 - dr_exp.worker.launcher - INFO - Runtime: 1.7 hours
2025-06-12 03:57:20,819 - dr_exp.worker.launcher - INFO - Running maintenance
2025-06-12 03:57:20,837 - dr_exp.worker.launcher - INFO - Workers alive: 1
2025-06-12 03:57:20,854 - dr_exp.worker.launcher - INFO - Jobs queued: 0
2025-06-12 03:57:20,854 - dr_exp.worker.launcher - INFO - Runtime: 1.8 hours
2025-06-12 04:07:21,569 - dr_exp.worker.launcher - INFO - Running maintenance
2025-06-12 04:07:21,586 - dr_exp.worker.launcher - INFO - Workers alive: 1
2025-06-12 04:07:21,602 - dr_exp.worker.launcher - INFO - Jobs queued: 0
2025-06-12 04:07:21,602 - dr_exp.worker.launcher - INFO - Runtime: 2.0 hours
2025-06-12 04:17:22,296 - dr_exp.worker.launcher - INFO - Running maintenance
2025-06-12 04:17:22,313 - dr_exp.worker.launcher - INFO - Workers alive: 1
2025-06-12 04:17:22,329 - dr_exp.worker.launcher - INFO - Jobs queued: 0
2025-06-12 04:17:22,329 - dr_exp.worker.launcher - INFO - Runtime: 2.2 hours
2025-06-12 04:27:23,025 - dr_exp.worker.launcher - INFO - Running maintenance
2025-06-12 04:27:23,042 - dr_exp.worker.launcher - INFO - Workers alive: 1
2025-06-12 04:27:23,057 - dr_exp.worker.launcher - INFO - Jobs queued: 0
2025-06-12 04:27:23,057 - dr_exp.worker.launcher - INFO - Runtime: 2.3 hours
2025-06-12 04:37:23,765 - dr_exp.worker.launcher - INFO - Running maintenance
2025-06-12 04:37:23,782 - dr_exp.worker.launcher - INFO - Workers alive: 1
2025-06-12 04:37:23,797 - dr_exp.worker.launcher - INFO - Jobs queued: 0
2025-06-12 04:37:23,797 - dr_exp.worker.launcher - INFO - Runtime: 2.5 hours
2025-06-12 04:47:24,488 - dr_exp.worker.launcher - INFO - Running maintenance
2025-06-12 04:47:24,504 - dr_exp.worker.launcher - INFO - Workers alive: 1
2025-06-12 04:47:24,519 - dr_exp.worker.launcher - INFO - Jobs queued: 0
2025-06-12 04:47:24,519 - dr_exp.worker.launcher - INFO - Runtime: 2.7 hours
2025-06-12 04:57:25,213 - dr_exp.worker.launcher - INFO - Running maintenance
2025-06-12 04:57:25,230 - dr_exp.worker.launcher - INFO - Workers alive: 1
2025-06-12 04:57:25,246 - dr_exp.worker.launcher - INFO - Jobs queued: 0
2025-06-12 04:57:25,246 - dr_exp.worker.launcher - INFO - Runtime: 2.8 hours
2025-06-12 05:07:25,939 - dr_exp.worker.launcher - INFO - Running maintenance
2025-06-12 05:07:25,955 - dr_exp.worker.launcher - INFO - Workers alive: 1
2025-06-12 05:07:25,971 - dr_exp.worker.launcher - INFO - Jobs queued: 0
2025-06-12 05:07:25,972 - dr_exp.worker.launcher - INFO - Runtime: 3.0 hours
2025-06-12 05:17:26,658 - dr_exp.worker.launcher - INFO - Running maintenance
2025-06-12 05:17:26,675 - dr_exp.worker.launcher - INFO - Workers alive: 1
2025-06-12 05:17:26,691 - dr_exp.worker.launcher - INFO - Jobs queued: 0
2025-06-12 05:17:26,691 - dr_exp.worker.launcher - INFO - Runtime: 3.2 hours
2025-06-12 05:27:27,379 - dr_exp.worker.launcher - INFO - Running maintenance
2025-06-12 05:27:27,396 - dr_exp.worker.launcher - INFO - Workers alive: 1
2025-06-12 05:27:27,412 - dr_exp.worker.launcher - INFO - Jobs queued: 0
2025-06-12 05:27:27,412 - dr_exp.worker.launcher - INFO - Runtime: 3.3 hours
2025-06-12 05:37:28,115 - dr_exp.worker.launcher - INFO - Running maintenance
2025-06-12 05:37:28,133 - dr_exp.worker.launcher - INFO - Workers alive: 1
2025-06-12 05:37:28,149 - dr_exp.worker.launcher - INFO - Jobs queued: 0
2025-06-12 05:37:28,149 - dr_exp.worker.launcher - INFO - Runtime: 3.5 hours
2025-06-12 05:47:28,845 - dr_exp.worker.launcher - INFO - Running maintenance
2025-06-12 05:47:28,862 - dr_exp.worker.launcher - INFO - Workers alive: 1
2025-06-12 05:47:28,879 - dr_exp.worker.launcher - INFO - Jobs queued: 0
2025-06-12 05:47:28,879 - dr_exp.worker.launcher - INFO - Runtime: 3.7 hours
2025-06-12 05:57:29,567 - dr_exp.worker.launcher - INFO - Running maintenance
2025-06-12 05:57:29,583 - dr_exp.worker.launcher - INFO - Workers alive: 1
2025-06-12 05:57:29,599 - dr_exp.worker.launcher - INFO - Jobs queued: 0
2025-06-12 05:57:29,599 - dr_exp.worker.launcher - INFO - Runtime: 3.8 hours
Cleaning up...
