========================================
DR_EXP SLURM Job Starting
========================================
Job ID: 61982231
Node: gr001
Time: Thu Jun 12 02:25:34 AM EDT 2025
Base path: /scratch/ddr8143/logs/dcnn_workers/
Experiment: cluster_t0
Workers per GPU: 1
Allocated GPUs: 
Allocated Memory: 61440 MB
Log directory: /scratch/ddr8143/logs/dcnn_workers//cluster_t0/logs/slurm_61982231
========================================
CUDA MPS started for GPU sharing
Launching singularity container...
Starting workers with Supabase sync enabled...
SUPABASE_URL: ...
2025-06-12 02:25:49,592 - dr_exp.core.job_db - INFO - JobDB initialized for experiment 'cluster_t0' at /scratch/ddr8143/logs/dcnn_workers/cluster_t0
2025-06-12 02:25:49,593 - dr_exp.worker.launcher - INFO - Starting launcher on node gr001
2025-06-12 02:25:49,594 - dr_exp.worker.launcher - INFO - Found 1 GPUs: [0]
2025-06-12 02:25:49,594 - dr_exp.worker.launcher - INFO - Spawning worker slurm61982231_gr001_gpu0_0 on GPU 0
2025-06-12 02:25:49,772 - dr_exp.worker.launcher - INFO - Running maintenance
2025-06-12 02:25:49,793 - dr_exp.worker.launcher - INFO - Workers alive: 1
2025-06-12 02:25:49,812 - dr_exp.worker.launcher - INFO - Jobs queued: 97
2025-06-12 02:25:49,812 - dr_exp.worker.launcher - INFO - Runtime: 0.0 hours
2025-06-12 02:35:50,835 - dr_exp.worker.launcher - INFO - Running maintenance
2025-06-12 02:35:50,863 - dr_exp.worker.launcher - INFO - Workers alive: 1
2025-06-12 02:35:50,881 - dr_exp.worker.launcher - INFO - Jobs queued: 84
2025-06-12 02:35:50,881 - dr_exp.worker.launcher - INFO - Runtime: 0.2 hours
2025-06-12 02:45:51,903 - dr_exp.worker.launcher - INFO - Running maintenance
2025-06-12 02:45:51,925 - dr_exp.worker.launcher - INFO - Workers alive: 1
2025-06-12 02:45:51,944 - dr_exp.worker.launcher - INFO - Jobs queued: 77
2025-06-12 02:45:51,944 - dr_exp.worker.launcher - INFO - Runtime: 0.3 hours
2025-06-12 02:55:52,956 - dr_exp.worker.launcher - INFO - Running maintenance
2025-06-12 02:55:52,986 - dr_exp.worker.launcher - INFO - Workers alive: 1
2025-06-12 02:55:53,006 - dr_exp.worker.launcher - INFO - Jobs queued: 63
2025-06-12 02:55:53,006 - dr_exp.worker.launcher - INFO - Runtime: 0.5 hours
2025-06-12 03:05:53,986 - dr_exp.worker.launcher - INFO - Running maintenance
2025-06-12 03:05:54,014 - dr_exp.worker.launcher - INFO - Workers alive: 1
2025-06-12 03:05:54,031 - dr_exp.worker.launcher - INFO - Jobs queued: 49
2025-06-12 03:05:54,032 - dr_exp.worker.launcher - INFO - Runtime: 0.7 hours
2025-06-12 03:15:55,032 - dr_exp.worker.launcher - INFO - Running maintenance
2025-06-12 03:15:55,059 - dr_exp.worker.launcher - INFO - Workers alive: 1
2025-06-12 03:15:55,077 - dr_exp.worker.launcher - INFO - Jobs queued: 36
2025-06-12 03:15:55,077 - dr_exp.worker.launcher - INFO - Runtime: 0.8 hours
2025-06-12 03:25:56,164 - dr_exp.worker.launcher - INFO - Running maintenance
2025-06-12 03:25:56,196 - dr_exp.worker.launcher - INFO - Workers alive: 1
2025-06-12 03:25:56,216 - dr_exp.worker.launcher - INFO - Jobs queued: 27
2025-06-12 03:25:56,216 - dr_exp.worker.launcher - INFO - Runtime: 1.0 hours
2025-06-12 03:35:57,183 - dr_exp.worker.launcher - INFO - Running maintenance
2025-06-12 03:35:57,201 - dr_exp.worker.launcher - INFO - Workers alive: 1
2025-06-12 03:35:57,218 - dr_exp.worker.launcher - INFO - Jobs queued: 11
2025-06-12 03:35:57,218 - dr_exp.worker.launcher - INFO - Runtime: 1.2 hours
2025-06-12 03:45:58,173 - dr_exp.worker.launcher - INFO - Running maintenance
2025-06-12 03:45:58,190 - dr_exp.worker.launcher - INFO - Workers alive: 1
2025-06-12 03:45:58,207 - dr_exp.worker.launcher - INFO - Jobs queued: 0
2025-06-12 03:45:58,207 - dr_exp.worker.launcher - INFO - Runtime: 1.3 hours
2025-06-12 03:55:59,031 - dr_exp.worker.launcher - INFO - Running maintenance
2025-06-12 03:55:59,048 - dr_exp.worker.launcher - INFO - Workers alive: 1
2025-06-12 03:55:59,064 - dr_exp.worker.launcher - INFO - Jobs queued: 0
2025-06-12 03:55:59,064 - dr_exp.worker.launcher - INFO - Runtime: 1.5 hours
2025-06-12 04:05:59,890 - dr_exp.worker.launcher - INFO - Running maintenance
2025-06-12 04:05:59,907 - dr_exp.worker.launcher - INFO - Workers alive: 1
2025-06-12 04:05:59,924 - dr_exp.worker.launcher - INFO - Jobs queued: 0
2025-06-12 04:05:59,924 - dr_exp.worker.launcher - INFO - Runtime: 1.7 hours
2025-06-12 04:16:00,784 - dr_exp.worker.launcher - INFO - Running maintenance
2025-06-12 04:16:00,802 - dr_exp.worker.launcher - INFO - Workers alive: 1
2025-06-12 04:16:00,818 - dr_exp.worker.launcher - INFO - Jobs queued: 0
2025-06-12 04:16:00,818 - dr_exp.worker.launcher - INFO - Runtime: 1.8 hours
2025-06-12 04:26:01,642 - dr_exp.worker.launcher - INFO - Running maintenance
2025-06-12 04:26:01,668 - dr_exp.worker.launcher - INFO - Workers alive: 1
2025-06-12 04:26:01,685 - dr_exp.worker.launcher - INFO - Jobs queued: 0
2025-06-12 04:26:01,685 - dr_exp.worker.launcher - INFO - Runtime: 2.0 hours
2025-06-12 04:36:02,500 - dr_exp.worker.launcher - INFO - Running maintenance
2025-06-12 04:36:02,517 - dr_exp.worker.launcher - INFO - Workers alive: 1
2025-06-12 04:36:02,533 - dr_exp.worker.launcher - INFO - Jobs queued: 0
2025-06-12 04:36:02,533 - dr_exp.worker.launcher - INFO - Runtime: 2.2 hours
2025-06-12 04:46:03,347 - dr_exp.worker.launcher - INFO - Running maintenance
2025-06-12 04:46:03,371 - dr_exp.worker.launcher - INFO - Workers alive: 1
2025-06-12 04:46:03,387 - dr_exp.worker.launcher - INFO - Jobs queued: 0
2025-06-12 04:46:03,387 - dr_exp.worker.launcher - INFO - Runtime: 2.3 hours
2025-06-12 04:56:04,205 - dr_exp.worker.launcher - INFO - Running maintenance
2025-06-12 04:56:04,222 - dr_exp.worker.launcher - INFO - Workers alive: 1
2025-06-12 04:56:04,237 - dr_exp.worker.launcher - INFO - Jobs queued: 0
2025-06-12 04:56:04,237 - dr_exp.worker.launcher - INFO - Runtime: 2.5 hours
2025-06-12 05:06:05,026 - dr_exp.worker.launcher - INFO - Running maintenance
2025-06-12 05:06:05,043 - dr_exp.worker.launcher - INFO - Workers alive: 1
2025-06-12 05:06:05,058 - dr_exp.worker.launcher - INFO - Jobs queued: 0
2025-06-12 05:06:05,058 - dr_exp.worker.launcher - INFO - Runtime: 2.7 hours
2025-06-12 05:16:05,860 - dr_exp.worker.launcher - INFO - Running maintenance
2025-06-12 05:16:05,889 - dr_exp.worker.launcher - INFO - Workers alive: 1
2025-06-12 05:16:05,905 - dr_exp.worker.launcher - INFO - Jobs queued: 0
2025-06-12 05:16:05,905 - dr_exp.worker.launcher - INFO - Runtime: 2.8 hours
2025-06-12 05:26:06,696 - dr_exp.worker.launcher - INFO - Running maintenance
2025-06-12 05:26:06,713 - dr_exp.worker.launcher - INFO - Workers alive: 1
2025-06-12 05:26:06,728 - dr_exp.worker.launcher - INFO - Jobs queued: 0
2025-06-12 05:26:06,728 - dr_exp.worker.launcher - INFO - Runtime: 3.0 hours
2025-06-12 05:36:07,521 - dr_exp.worker.launcher - INFO - Running maintenance
2025-06-12 05:36:07,571 - dr_exp.worker.launcher - INFO - Workers alive: 1
2025-06-12 05:36:07,589 - dr_exp.worker.launcher - INFO - Jobs queued: 0
2025-06-12 05:36:07,590 - dr_exp.worker.launcher - INFO - Runtime: 3.2 hours
2025-06-12 05:46:08,388 - dr_exp.worker.launcher - INFO - Running maintenance
2025-06-12 05:46:08,418 - dr_exp.worker.launcher - INFO - Workers alive: 1
2025-06-12 05:46:08,434 - dr_exp.worker.launcher - INFO - Jobs queued: 0
2025-06-12 05:46:08,434 - dr_exp.worker.launcher - INFO - Runtime: 3.3 hours
2025-06-12 05:56:09,246 - dr_exp.worker.launcher - INFO - Running maintenance
2025-06-12 05:56:09,281 - dr_exp.worker.launcher - INFO - Workers alive: 1
2025-06-12 05:56:09,296 - dr_exp.worker.launcher - INFO - Jobs queued: 0
2025-06-12 05:56:09,296 - dr_exp.worker.launcher - INFO - Runtime: 3.5 hours
Cleaning up...
